Trace collector started on http://127.0.0.1:33271
Building helper commands...
Building xteve-status...
Building xteve-inactive...
Building streamer_binary...
Starting streamer...
Waiting for server to be ready...
Generating 1048476 bytes of valid MPEG-TS test data for 7 streams...
Starting streaming server on port 8080...
Server is ready.
Starting xteve server...
Waiting for server to be ready...
Server is ready.
Running tests...
Running status test...
Status test passed (server running).
Adding M3U playlist from http://localhost:8080/test.m3u...
Running WebDAV series test...
Found M3U hash: MNBEA4J26IP21E08TUAE
Listing series directory: http://localhost:34400/dav/MNBEA4J26IP21E08TUAE/On%20Demand/Test%20Series/Series/Test%20Series/Season%201/
Found file URL: /dav/MNBEA4J26IP21E08TUAE/On%20Demand/Test%20Series/Series/Test%20Series/Season%201/Test%20Series%20S01E01%20-%20Episode%201.mp4
Downloading file from http://localhost:34400/dav/MNBEA4J26IP21E08TUAE/On%20Demand/Test%20Series/Series/Test%20Series/Season%201/Test%20Series%20S01E01%20-%20Episode%201.mp4
WebDAV series test passed.
Running Redirect Stream Test...
Streaming redirect stream from http://localhost:34400/stream/d106a6f973fe4842764af46ab9fc1a77
Redirect stream test passed.
Running WebDAV No Metadata Test...
Testing file with no metadata: http://localhost:34400/dav/MNBEA4J26IP21E08TUAE/On%20Demand/Test/Individual/Test%20NoMeta%20Stream%207.mp4
PROPFIND Response: <?xml version="1.0" encoding="UTF-8"?><D:multistatus xmlns:D="DAV:"><D:response><D:href>/dav/MNBEA4J26IP21E08TUAE/On%20Demand/Test/Individual/Test%20NoMeta%20Stream%207.mp4</D:href><D:propstat><D:prop><D:displayname>Test NoMeta Stream 7.mp4</D:displayname><D:getcontentlength>-1</D:getcontentlength><D:getlastmodified>Sun, 04 Jan 2026 14:09:08 GMT</D:getlastmodified><D:getcontenttype>video/mp4</D:getcontenttype><D:supportedlock><D:lockentry xmlns:D="DAV:"><D:lockscope><D:exclusive/></D:lockscope><D:locktype><D:write/></D:locktype></D:lockentry></D:supportedlock><D:getetag>"18878c66194f99bb-1"</D:getetag><D:resourcetype></D:resourcetype></D:prop><D:status>HTTP/1.1 200 OK</D:status></D:propstat></D:response></D:multistatus>
Downloading file (sequential read)...
Stopping xteve server...
Stopping streamer...
Running status test...
Status test passed (server not running).
Running inactive test...
Inactive test passed (server not running).
Test failure detected.
------ xTeVe Logs (Last 100 lines) ------
Setting up OpenTelemetry with exporter: otlp-http
For help run: bin/xteve -h

[0m2026/01/04 14:09:07 [xTeVe] Version:                3.1 Build: 0
[0m[0m2026/01/04 14:09:07 [xTeVe] Database Version:       2.3.0
[0m[0m2026/01/04 14:09:07 [xTeVe] System Folder:          .xteve/
[0m[0m2026/01/04 14:09:07 [xTeVe] Load Settings:          .xteve/settings.json
[0m[0m2026/01/04 14:09:07 [xTeVe] System IP Addresses:    IPv4: 3 | IPv6: 2
[0m[0m2026/01/04 14:09:07 [xTeVe] Hostname:               devbox
[0m[0m2026/01/04 14:09:07 [xTeVe] Temporary Folder:       /tmp/xteve/2026-01-2BHR-21GPNR/
[0m[0m2026/01/04 14:09:07 [xTeVe] SSDP / DLNA:            true
[0m[0m2026/01/04 14:09:07 [xTeVe] UUID:                   2026-01-2BHR-21GPNR
[0m[0m2026/01/04 14:09:07 [xTeVe] Tuner (Plex / Emby):    1
[0m[0m2026/01/04 14:09:07 [xTeVe] EPG Source:             PMS
[0m[0m2026/01/04 14:09:07 [xTeVe] Plex Channel Limit:     480
[0m[0m2026/01/04 14:09:07 [xTeVe] All streams:            0
[0m[0m2026/01/04 14:09:07 [xTeVe] Active streams:         0
[0m[0m2026/01/04 14:09:07 [xTeVe] Filter:                 0
[0m[0m2026/01/04 14:09:07 [xTeVe] Web server:             Starting
[0m[0m2026/01/04 14:09:07 [xTeVe] DVR IP:                 192.168.0.2:34400
[0m[32m2026/01/04 14:09:07 [xTeVe] Web Interface:          http://192.168.0.2:34400/web/ | xTeVe is also available via the other 4 IP's.
[0m2026/01/04 14:09:08 API Status: Found 0 active tuners.
2026/01/04 14:09:08 Received command: saveFilesM3U
[0m2026/01/04 14:09:08 [xTeVe] Download:               http://localhost:8080/test.m3u
[0m[0m2026/01/04 14:09:08 [xTeVe] Check File:             http://localhost:8080/test.m3u
[0m[0m2026/01/04 14:09:08 [xTeVe] Save File:              http://localhost:8080/test.m3u [ID: MNBEA4J26IP21E08TUAE]
[0m[0m2026/01/04 14:09:08 [xTeVe] All streams:            7
[0m[0m2026/01/04 14:09:08 [xTeVe] Active streams:         7
[0m[0m2026/01/04 14:09:08 [xTeVe] Filter:                 0
[0m{"Resource":[{"Key":"service.name","Value":{"Type":"STRING","Value":"unknown_service:xteve"}},{"Key":"telemetry.sdk.language","Value":{"Type":"STRING","Value":"go"}},{"Key":"telemetry.sdk.name","Value":{"Type":"STRING","Value":"opentelemetry"}},{"Key":"telemetry.sdk.version","Value":{"Type":"STRING","Value":"1.39.0"}}],"ScopeMetrics":[{"Scope":{"Name":"go.opentelemetry.io/contrib/instrumentation/net/http/otelhttp","Version":"0.64.0","SchemaURL":"","Attributes":null},"Metrics":[{"Name":"http.client.request.body.size","Description":"Size of HTTP client request bodies.","Unit":"By","Data":{"DataPoints":[{"Attributes":[{"Key":"http.request.method","Value":{"Type":"STRING","Value":"GET"}},{"Key":"http.response.status_code","Value":{"Type":"INT64","Value":200}},{"Key":"network.protocol.name","Value":{"Type":"STRING","Value":"http"}},{"Key":"network.protocol.version","Value":{"Type":"STRING","Value":"1.1"}},{"Key":"server.address","Value":{"Type":"STRING","Value":"localhost"}},{"Key":"server.port","Value":{"Type":"INT64","Value":8080}},{"Key":"url.scheme","Value":{"Type":"STRING","Value":"http"}}],"StartTime":"2026-01-04T14:09:07.899635976Z","Time":"2026-01-04T14:09:10.900101602Z","Count":1,"Bounds":[0,5,10,25,50,75,100,250,500,750,1000,2500,5000,7500,10000],"BucketCounts":[1,0,0,0,0,0,0,0,0,0,0,0,0,0,0,0],"Min":0,"Max":0,"Sum":0,"Exemplars":[{"FilteredAttributes":null,"Time":"2026-01-04T14:09:08.9100328Z","Value":0,"SpanID":"/tKeyvTCBO4=","TraceID":"h3GiYmXMgRxcpjL2e3aegQ=="}]}],"Temporality":"CumulativeTemporality"}},{"Name":"http.client.request.duration","Description":"Duration of HTTP client requests.","Unit":"s","Data":{"DataPoints":[{"Attributes":[{"Key":"http.request.method","Value":{"Type":"STRING","Value":"GET"}},{"Key":"http.response.status_code","Value":{"Type":"INT64","Value":200}},{"Key":"network.protocol.name","Value":{"Type":"STRING","Value":"http"}},{"Key":"network.protocol.version","Value":{"Type":"STRING","Value":"1.1"}},{"Key":"server.address","Value":{"Type":"STRING","Value":"localhost"}},{"Key":"server.port","Value":{"Type":"INT64","Value":8080}},{"Key":"url.scheme","Value":{"Type":"STRING","Value":"http"}}],"StartTime":"2026-01-04T14:09:07.899659799Z","Time":"2026-01-04T14:09:10.90031286Z","Count":1,"Bounds":[0.005,0.01,0.025,0.05,0.075,0.1,0.25,0.5,0.75,1,2.5,5,7.5,10],"BucketCounts":[1,0,0,0,0,0,0,0,0,0,0,0,0,0,0],"Min":0.001408896,"Max":0.001408896,"Sum":0.001408896,"Exemplars":[{"FilteredAttributes":null,"Time":"2026-01-04T14:09:08.910037657Z","Value":0.001408896,"SpanID":"/tKeyvTCBO4=","TraceID":"h3GiYmXMgRxcpjL2e3aegQ=="}]}],"Temporality":"CumulativeTemporality"}},{"Name":"http.server.request.body.size","Description":"Size of HTTP server request bodies.","Unit":"By","Data":{"DataPoints":[{"Attributes":[{"Key":"http.request.method","Value":{"Type":"STRING","Value":"GET"}},{"Key":"http.response.status_code","Value":{"Type":"INT64","Value":200}},{"Key":"http.route","Value":{"Type":"STRING","Value":"/web/"}},{"Key":"network.protocol.name","Value":{"Type":"STRING","Value":"http"}},{"Key":"network.protocol.version","Value":{"Type":"STRING","Value":"1.1"}},{"Key":"server.address","Value":{"Type":"STRING","Value":"localhost"}},{"Key":"server.port","Value":{"Type":"INT64","Value":34400}},{"Key":"url.scheme","Value":{"Type":"STRING","Value":"http"}}],"StartTime":"2026-01-04T14:09:07.90433315Z","Time":"2026-01-04T14:09:10.900320358Z","Count":1,"Bounds":[0,5,10,25,50,75,100,250,500,750,1000,2500,5000,7500,10000],"BucketCounts":[1,0,0,0,0,0,0,0,0,0,0,0,0,0,0,0],"Min":0,"Max":0,"Sum":0,"Exemplars":[{"FilteredAttributes":null,"Time":"2026-01-04T14:09:08.892975434Z","Value":0,"SpanID":"5z9pZ9js62s=","TraceID":"NyaU+K+wr4GIKMU9XurTYQ=="}]},{"Attributes":[{"Key":"http.request.method","Value":{"Type":"STRING","Value":"POST"}},{"Key":"http.response.status_code","Value":{"Type":"INT64","Value":200}},{"Key":"http.route","Value":{"Type":"STRING","Value":"/api/"}},{"Key":"network.protocol.name","Value":{"Type":"STRING","Value":"http"}},{"Key":"network.protocol.version","Value":{"Type":"STRING","Value":"1.1"}},{"Key":"server.address","Value":{"Type":"STRING","Value":"localhost"}},{"Key":"server.port","Value":{"Type":"INT64","Value":34400}},{"Key":"url.scheme","Value":{"Type":"STRING","Value":"http"}}],"StartTime":"2026-01-04T14:09:07.90433315Z","Time":"2026-01-04T14:09:10.900320358Z","Count":1,"Bounds":[0,5,10,25,50,75,100,250,500,750,1000,2500,5000,7500,10000],"BucketCounts":[0,0,0,0,0,1,0,0,0,0,0,0,0,0,0,0],"Min":55,"Max":55,"Sum":55,"Exemplars":[{"FilteredAttributes":null,"Time":"2026-01-04T14:09:08.905026203Z","Value":55,"SpanID":"42/d7lSxk14=","TraceID":"ADi3JObXmZnw84c/RX8JJw=="}]}],"Temporality":"CumulativeTemporality"}},{"Name":"http.server.response.body.size","Description":"Size of HTTP server response bodies.","Unit":"By","Data":{"DataPoints":[{"Attributes":[{"Key":"http.request.method","Value":{"Type":"STRING","Value":"GET"}},{"Key":"http.response.status_code","Value":{"Type":"INT64","Value":200}},{"Key":"http.route","Value":{"Type":"STRING","Value":"/web/"}},{"Key":"network.protocol.name","Value":{"Type":"STRING","Value":"http"}},{"Key":"network.protocol.version","Value":{"Type":"STRING","Value":"1.1"}},{"Key":"server.address","Value":{"Type":"STRING","Value":"localhost"}},{"Key":"server.port","Value":{"Type":"INT64","Value":34400}},{"Key":"url.scheme","Value":{"Type":"STRING","Value":"http"}}],"StartTime":"2026-01-04T14:09:07.904775911Z","Time":"2026-01-04T14:09:10.90033723Z","Count":1,"Bounds":[0,5,10,25,50,75,100,250,500,750,1000,2500,5000,7500,10000],"BucketCounts":[0,0,0,0,0,0,0,0,0,0,0,1,0,0,0,0],"Min":1920,"Max":1920,"Sum":1920,"Exemplars":[{"FilteredAttributes":null,"Time":"2026-01-04T14:09:08.892982309Z","Value":1920,"SpanID":"5z9pZ9js62s=","TraceID":"NyaU+K+wr4GIKMU9XurTYQ=="}]},{"Attributes":[{"Key":"http.request.method","Value":{"Type":"STRING","Value":"POST"}},{"Key":"http.response.status_code","Value":{"Type":"INT64","Value":200}},{"Key":"http.route","Value":{"Type":"STRING","Value":"/api/"}},{"Key":"network.protocol.name","Value":{"Type":"STRING","Value":"http"}},{"Key":"network.protocol.version","Value":{"Type":"STRING","Value":"1.1"}},{"Key":"server.address","Value":{"Type":"STRING","Value":"localhost"}},{"Key":"server.port","Value":{"Type":"INT64","Value":34400}},{"Key":"url.scheme","Value":{"Type":"STRING","Value":"http"}}],"StartTime":"2026-01-04T14:09:07.904775911Z","Time":"2026-01-04T14:09:10.90033723Z","Count":1,"Bounds":[0,5,10,25,50,75,100,250,500,750,1000,2500,5000,7500,10000],"BucketCounts":[0,0,0,0,0,0,0,0,1,0,0,0,0,0,0,0],"Min":374,"Max":374,"Sum":374,"Exemplars":[{"FilteredAttributes":null,"Time":"2026-01-04T14:09:08.905040386Z","Value":374,"SpanID":"42/d7lSxk14=","TraceID":"ADi3JObXmZnw84c/RX8JJw=="}]}],"Temporality":"CumulativeTemporality"}},{"Name":"http.server.request.duration","Description":"Duration of HTTP server requests.","Unit":"s","Data":{"DataPoints":[{"Attributes":[{"Key":"http.request.method","Value":{"Type":"STRING","Value":"GET"}},{"Key":"http.response.status_code","Value":{"Type":"INT64","Value":200}},{"Key":"http.route","Value":{"Type":"STRING","Value":"/web/"}},{"Key":"network.protocol.name","Value":{"Type":"STRING","Value":"http"}},{"Key":"network.protocol.version","Value":{"Type":"STRING","Value":"1.1"}},{"Key":"server.address","Value":{"Type":"STRING","Value":"localhost"}},{"Key":"server.port","Value":{"Type":"INT64","Value":34400}},{"Key":"url.scheme","Value":{"Type":"STRING","Value":"http"}}],"StartTime":"2026-01-04T14:09:07.904789511Z","Time":"2026-01-04T14:09:10.900355054Z","Count":1,"Bounds":[0.005,0.01,0.025,0.05,0.075,0.1,0.25,0.5,0.75,1,2.5,5,7.5,10],"BucketCounts":[1,0,0,0,0,0,0,0,0,0,0,0,0,0,0],"Min":0.0011951050000000001,"Max":0.0011951050000000001,"Sum":0.0011951050000000001,"Exemplars":[{"FilteredAttributes":null,"Time":"2026-01-04T14:09:08.892988687Z","Value":0.0011951050000000001,"SpanID":"5z9pZ9js62s=","TraceID":"NyaU+K+wr4GIKMU9XurTYQ=="}]},{"Attributes":[{"Key":"http.request.method","Value":{"Type":"STRING","Value":"POST"}},{"Key":"http.response.status_code","Value":{"Type":"INT64","Value":200}},{"Key":"http.route","Value":{"Type":"STRING","Value":"/api/"}},{"Key":"network.protocol.name","Value":{"Type":"STRING","Value":"http"}},{"Key":"network.protocol.version","Value":{"Type":"STRING","Value":"1.1"}},{"Key":"server.address","Value":{"Type":"STRING","Value":"localhost"}},{"Key":"server.port","Value":{"Type":"INT64","Value":34400}},{"Key":"url.scheme","Value":{"Type":"STRING","Value":"http"}}],"StartTime":"2026-01-04T14:09:07.904789511Z","Time":"2026-01-04T14:09:10.900355054Z","Count":1,"Bounds":[0.005,0.01,0.025,0.05,0.075,0.1,0.25,0.5,0.75,1,2.5,5,7.5,10],"BucketCounts":[1,0,0,0,0,0,0,0,0,0,0,0,0,0,0],"Min":0.000334069,"Max":0.000334069,"Sum":0.000334069,"Exemplars":[{"FilteredAttributes":null,"Time":"2026-01-04T14:09:08.905049516Z","Value":0.000334069,"SpanID":"42/d7lSxk14=","TraceID":"ADi3JObXmZnw84c/RX8JJw=="}]}],"Temporality":"CumulativeTemporality"}}]}]}
{"Resource":[{"Key":"service.name","Value":{"Type":"STRING","Value":"unknown_service:xteve"}},{"Key":"telemetry.sdk.language","Value":{"Type":"STRING","Value":"go"}},{"Key":"telemetry.sdk.name","Value":{"Type":"STRING","Value":"opentelemetry"}},{"Key":"telemetry.sdk.version","Value":{"Type":"STRING","Value":"1.39.0"}}],"ScopeMetrics":[{"Scope":{"Name":"go.opentelemetry.io/contrib/instrumentation/net/http/otelhttp","Version":"0.64.0","SchemaURL":"","Attributes":null},"Metrics":[{"Name":"http.client.request.body.size","Description":"Size of HTTP client request bodies.","Unit":"By","Data":{"DataPoints":[{"Attributes":[{"Key":"http.request.method","Value":{"Type":"STRING","Value":"GET"}},{"Key":"http.response.status_code","Value":{"Type":"INT64","Value":200}},{"Key":"network.protocol.name","Value":{"Type":"STRING","Value":"http"}},{"Key":"network.protocol.version","Value":{"Type":"STRING","Value":"1.1"}},{"Key":"server.address","Value":{"Type":"STRING","Value":"localhost"}},{"Key":"server.port","Value":{"Type":"INT64","Value":8080}},{"Key":"url.scheme","Value":{"Type":"STRING","Value":"http"}}],"StartTime":"2026-01-04T14:09:07.899635976Z","Time":"2026-01-04T14:09:13.900520693Z","Count":1,"Bounds":[0,5,10,25,50,75,100,250,500,750,1000,2500,5000,7500,10000],"BucketCounts":[1,0,0,0,0,0,0,0,0,0,0,0,0,0,0,0],"Min":0,"Max":0,"Sum":0,"Exemplars":[{"FilteredAttributes":null,"Time":"2026-01-04T14:09:08.9100328Z","Value":0,"SpanID":"/tKeyvTCBO4=","TraceID":"h3GiYmXMgRxcpjL2e3aegQ=="}]}],"Temporality":"CumulativeTemporality"}},{"Name":"http.client.request.duration","Description":"Duration of HTTP client requests.","Unit":"s","Data":{"DataPoints":[{"Attributes":[{"Key":"http.request.method","Value":{"Type":"STRING","Value":"GET"}},{"Key":"http.response.status_code","Value":{"Type":"INT64","Value":200}},{"Key":"network.protocol.name","Value":{"Type":"STRING","Value":"http"}},{"Key":"network.protocol.version","Value":{"Type":"STRING","Value":"1.1"}},{"Key":"server.address","Value":{"Type":"STRING","Value":"localhost"}},{"Key":"server.port","Value":{"Type":"INT64","Value":8080}},{"Key":"url.scheme","Value":{"Type":"STRING","Value":"http"}}],"StartTime":"2026-01-04T14:09:07.899659799Z","Time":"2026-01-04T14:09:13.900529754Z","Count":1,"Bounds":[0.005,0.01,0.025,0.05,0.075,0.1,0.25,0.5,0.75,1,2.5,5,7.5,10],"BucketCounts":[1,0,0,0,0,0,0,0,0,0,0,0,0,0,0],"Min":0.001408896,"Max":0.001408896,"Sum":0.001408896,"Exemplars":[{"FilteredAttributes":null,"Time":"2026-01-04T14:09:08.910037657Z","Value":0.001408896,"SpanID":"/tKeyvTCBO4=","TraceID":"h3GiYmXMgRxcpjL2e3aegQ=="}]}],"Temporality":"CumulativeTemporality"}},{"Name":"http.server.request.body.size","Description":"Size of HTTP server request bodies.","Unit":"By","Data":{"DataPoints":[{"Attributes":[{"Key":"http.request.method","Value":{"Type":"STRING","Value":"GET"}},{"Key":"http.response.status_code","Value":{"Type":"INT64","Value":200}},{"Key":"http.route","Value":{"Type":"STRING","Value":"/web/"}},{"Key":"network.protocol.name","Value":{"Type":"STRING","Value":"http"}},{"Key":"network.protocol.version","Value":{"Type":"STRING","Value":"1.1"}},{"Key":"server.address","Value":{"Type":"STRING","Value":"localhost"}},{"Key":"server.port","Value":{"Type":"INT64","Value":34400}},{"Key":"url.scheme","Value":{"Type":"STRING","Value":"http"}}],"StartTime":"2026-01-04T14:09:07.90433315Z","Time":"2026-01-04T14:09:13.900533073Z","Count":1,"Bounds":[0,5,10,25,50,75,100,250,500,750,1000,2500,5000,7500,10000],"BucketCounts":[1,0,0,0,0,0,0,0,0,0,0,0,0,0,0,0],"Min":0,"Max":0,"Sum":0,"Exemplars":[{"FilteredAttributes":null,"Time":"2026-01-04T14:09:08.892975434Z","Value":0,"SpanID":"5z9pZ9js62s=","TraceID":"NyaU+K+wr4GIKMU9XurTYQ=="}]},{"Attributes":[{"Key":"http.request.method","Value":{"Type":"STRING","Value":"POST"}},{"Key":"http.response.status_code","Value":{"Type":"INT64","Value":200}},{"Key":"http.route","Value":{"Type":"STRING","Value":"/api/"}},{"Key":"network.protocol.name","Value":{"Type":"STRING","Value":"http"}},{"Key":"network.protocol.version","Value":{"Type":"STRING","Value":"1.1"}},{"Key":"server.address","Value":{"Type":"STRING","Value":"localhost"}},{"Key":"server.port","Value":{"Type":"INT64","Value":34400}},{"Key":"url.scheme","Value":{"Type":"STRING","Value":"http"}}],"StartTime":"2026-01-04T14:09:07.90433315Z","Time":"2026-01-04T14:09:13.900533073Z","Count":1,"Bounds":[0,5,10,25,50,75,100,250,500,750,1000,2500,5000,7500,10000],"BucketCounts":[0,0,0,0,0,1,0,0,0,0,0,0,0,0,0,0],"Min":55,"Max":55,"Sum":55,"Exemplars":[{"FilteredAttributes":null,"Time":"2026-01-04T14:09:08.905026203Z","Value":55,"SpanID":"42/d7lSxk14=","TraceID":"ADi3JObXmZnw84c/RX8JJw=="}]}],"Temporality":"CumulativeTemporality"}},{"Name":"http.server.response.body.size","Description":"Size of HTTP server response bodies.","Unit":"By","Data":{"DataPoints":[{"Attributes":[{"Key":"http.request.method","Value":{"Type":"STRING","Value":"GET"}},{"Key":"http.response.status_code","Value":{"Type":"INT64","Value":200}},{"Key":"http.route","Value":{"Type":"STRING","Value":"/web/"}},{"Key":"network.protocol.name","Value":{"Type":"STRING","Value":"http"}},{"Key":"network.protocol.version","Value":{"Type":"STRING","Value":"1.1"}},{"Key":"server.address","Value":{"Type":"STRING","Value":"localhost"}},{"Key":"server.port","Value":{"Type":"INT64","Value":34400}},{"Key":"url.scheme","Value":{"Type":"STRING","Value":"http"}}],"StartTime":"2026-01-04T14:09:07.904775911Z","Time":"2026-01-04T14:09:13.900537111Z","Count":1,"Bounds":[0,5,10,25,50,75,100,250,500,750,1000,2500,5000,7500,10000],"BucketCounts":[0,0,0,0,0,0,0,0,0,0,0,1,0,0,0,0],"Min":1920,"Max":1920,"Sum":1920,"Exemplars":[{"FilteredAttributes":null,"Time":"2026-01-04T14:09:08.892982309Z","Value":1920,"SpanID":"5z9pZ9js62s=","TraceID":"NyaU+K+wr4GIKMU9XurTYQ=="}]},{"Attributes":[{"Key":"http.request.method","Value":{"Type":"STRING","Value":"POST"}},{"Key":"http.response.status_code","Value":{"Type":"INT64","Value":200}},{"Key":"http.route","Value":{"Type":"STRING","Value":"/api/"}},{"Key":"network.protocol.name","Value":{"Type":"STRING","Value":"http"}},{"Key":"network.protocol.version","Value":{"Type":"STRING","Value":"1.1"}},{"Key":"server.address","Value":{"Type":"STRING","Value":"localhost"}},{"Key":"server.port","Value":{"Type":"INT64","Value":34400}},{"Key":"url.scheme","Value":{"Type":"STRING","Value":"http"}}],"StartTime":"2026-01-04T14:09:07.904775911Z","Time":"2026-01-04T14:09:13.900537111Z","Count":1,"Bounds":[0,5,10,25,50,75,100,250,500,750,1000,2500,5000,7500,10000],"BucketCounts":[0,0,0,0,0,0,0,0,1,0,0,0,0,0,0,0],"Min":374,"Max":374,"Sum":374,"Exemplars":[{"FilteredAttributes":null,"Time":"2026-01-04T14:09:08.905040386Z","Value":374,"SpanID":"42/d7lSxk14=","TraceID":"ADi3JObXmZnw84c/RX8JJw=="}]}],"Temporality":"CumulativeTemporality"}},{"Name":"http.server.request.duration","Description":"Duration of HTTP server requests.","Unit":"s","Data":{"DataPoints":[{"Attributes":[{"Key":"http.request.method","Value":{"Type":"STRING","Value":"GET"}},{"Key":"http.response.status_code","Value":{"Type":"INT64","Value":200}},{"Key":"http.route","Value":{"Type":"STRING","Value":"/web/"}},{"Key":"network.protocol.name","Value":{"Type":"STRING","Value":"http"}},{"Key":"network.protocol.version","Value":{"Type":"STRING","Value":"1.1"}},{"Key":"server.address","Value":{"Type":"STRING","Value":"localhost"}},{"Key":"server.port","Value":{"Type":"INT64","Value":34400}},{"Key":"url.scheme","Value":{"Type":"STRING","Value":"http"}}],"StartTime":"2026-01-04T14:09:07.904789511Z","Time":"2026-01-04T14:09:13.90055512Z","Count":1,"Bounds":[0.005,0.01,0.025,0.05,0.075,0.1,0.25,0.5,0.75,1,2.5,5,7.5,10],"BucketCounts":[1,0,0,0,0,0,0,0,0,0,0,0,0,0,0],"Min":0.0011951050000000001,"Max":0.0011951050000000001,"Sum":0.0011951050000000001,"Exemplars":[{"FilteredAttributes":null,"Time":"2026-01-04T14:09:08.892988687Z","Value":0.0011951050000000001,"SpanID":"5z9pZ9js62s=","TraceID":"NyaU+K+wr4GIKMU9XurTYQ=="}]},{"Attributes":[{"Key":"http.request.method","Value":{"Type":"STRING","Value":"POST"}},{"Key":"http.response.status_code","Value":{"Type":"INT64","Value":200}},{"Key":"http.route","Value":{"Type":"STRING","Value":"/api/"}},{"Key":"network.protocol.name","Value":{"Type":"STRING","Value":"http"}},{"Key":"network.protocol.version","Value":{"Type":"STRING","Value":"1.1"}},{"Key":"server.address","Value":{"Type":"STRING","Value":"localhost"}},{"Key":"server.port","Value":{"Type":"INT64","Value":34400}},{"Key":"url.scheme","Value":{"Type":"STRING","Value":"http"}}],"StartTime":"2026-01-04T14:09:07.904789511Z","Time":"2026-01-04T14:09:13.90055512Z","Count":1,"Bounds":[0.005,0.01,0.025,0.05,0.075,0.1,0.25,0.5,0.75,1,2.5,5,7.5,10],"BucketCounts":[1,0,0,0,0,0,0,0,0,0,0,0,0,0,0],"Min":0.000334069,"Max":0.000334069,"Sum":0.000334069,"Exemplars":[{"FilteredAttributes":null,"Time":"2026-01-04T14:09:08.905049516Z","Value":0.000334069,"SpanID":"42/d7lSxk14=","TraceID":"ADi3JObXmZnw84c/RX8JJw=="}]}],"Temporality":"CumulativeTemporality"}}]}]}
2026/01/04 14:09:13 Received command: updateFileM3U
{"Resource":[{"Key":"service.name","Value":{"Type":"STRING","Value":"unknown_service:xteve"}},{"Key":"telemetry.sdk.language","Value":{"Type":"STRING","Value":"go"}},{"Key":"telemetry.sdk.name","Value":{"Type":"STRING","Value":"opentelemetry"}},{"Key":"telemetry.sdk.version","Value":{"Type":"STRING","Value":"1.39.0"}}],"ScopeMetrics":[{"Scope":{"Name":"go.opentelemetry.io/contrib/instrumentation/net/http/otelhttp","Version":"0.64.0","SchemaURL":"","Attributes":null},"Metrics":[{"Name":"http.client.request.body.size","Description":"Size of HTTP client request bodies.","Unit":"By","Data":{"DataPoints":[{"Attributes":[{"Key":"http.request.method","Value":{"Type":"STRING","Value":"GET"}},{"Key":"http.response.status_code","Value":{"Type":"INT64","Value":200}},{"Key":"network.protocol.name","Value":{"Type":"STRING","Value":"http"}},{"Key":"network.protocol.version","Value":{"Type":"STRING","Value":"1.1"}},{"Key":"server.address","Value":{"Type":"STRING","Value":"localhost"}},{"Key":"server.port","Value":{"Type":"INT64","Value":8080}},{"Key":"url.scheme","Value":{"Type":"STRING","Value":"http"}}],"StartTime":"2026-01-04T14:09:07.899635976Z","Time":"2026-01-04T14:09:16.900599702Z","Count":1,"Bounds":[0,5,10,25,50,75,100,250,500,750,1000,2500,5000,7500,10000],"BucketCounts":[1,0,0,0,0,0,0,0,0,0,0,0,0,0,0,0],"Min":0,"Max":0,"Sum":0,"Exemplars":[{"FilteredAttributes":null,"Time":"2026-01-04T14:09:08.9100328Z","Value":0,"SpanID":"/tKeyvTCBO4=","TraceID":"h3GiYmXMgRxcpjL2e3aegQ=="}]}],"Temporality":"CumulativeTemporality"}},{"Name":"http.client.request.duration","Description":"Duration of HTTP client requests.","Unit":"s","Data":{"DataPoints":[{"Attributes":[{"Key":"http.request.method","Value":{"Type":"STRING","Value":"GET"}},{"Key":"http.response.status_code","Value":{"Type":"INT64","Value":200}},{"Key":"network.protocol.name","Value":{"Type":"STRING","Value":"http"}},{"Key":"network.protocol.version","Value":{"Type":"STRING","Value":"1.1"}},{"Key":"server.address","Value":{"Type":"STRING","Value":"localhost"}},{"Key":"server.port","Value":{"Type":"INT64","Value":8080}},{"Key":"url.scheme","Value":{"Type":"STRING","Value":"http"}}],"StartTime":"2026-01-04T14:09:07.899659799Z","Time":"2026-01-04T14:09:16.900623261Z","Count":1,"Bounds":[0.005,0.01,0.025,0.05,0.075,0.1,0.25,0.5,0.75,1,2.5,5,7.5,10],"BucketCounts":[1,0,0,0,0,0,0,0,0,0,0,0,0,0,0],"Min":0.001408896,"Max":0.001408896,"Sum":0.001408896,"Exemplars":[{"FilteredAttributes":null,"Time":"2026-01-04T14:09:08.910037657Z","Value":0.001408896,"SpanID":"/tKeyvTCBO4=","TraceID":"h3GiYmXMgRxcpjL2e3aegQ=="}]}],"Temporality":"CumulativeTemporality"}},{"Name":"http.server.request.body.size","Description":"Size of HTTP server request bodies.","Unit":"By","Data":{"DataPoints":[{"Attributes":[{"Key":"http.request.method","Value":{"Type":"STRING","Value":"GET"}},{"Key":"http.response.status_code","Value":{"Type":"INT64","Value":200}},{"Key":"http.route","Value":{"Type":"STRING","Value":"/web/"}},{"Key":"network.protocol.name","Value":{"Type":"STRING","Value":"http"}},{"Key":"network.protocol.version","Value":{"Type":"STRING","Value":"1.1"}},{"Key":"server.address","Value":{"Type":"STRING","Value":"localhost"}},{"Key":"server.port","Value":{"Type":"INT64","Value":34400}},{"Key":"url.scheme","Value":{"Type":"STRING","Value":"http"}}],"StartTime":"2026-01-04T14:09:07.90433315Z","Time":"2026-01-04T14:09:16.900628562Z","Count":1,"Bounds":[0,5,10,25,50,75,100,250,500,750,1000,2500,5000,7500,10000],"BucketCounts":[1,0,0,0,0,0,0,0,0,0,0,0,0,0,0,0],"Min":0,"Max":0,"Sum":0,"Exemplars":[{"FilteredAttributes":null,"Time":"2026-01-04T14:09:08.892975434Z","Value":0,"SpanID":"5z9pZ9js62s=","TraceID":"NyaU+K+wr4GIKMU9XurTYQ=="}]},{"Attributes":[{"Key":"http.request.method","Value":{"Type":"STRING","Value":"POST"}},{"Key":"http.response.status_code","Value":{"Type":"INT64","Value":200}},{"Key":"http.route","Value":{"Type":"STRING","Value":"/api/"}},{"Key":"network.protocol.name","Value":{"Type":"STRING","Value":"http"}},{"Key":"network.protocol.version","Value":{"Type":"STRING","Value":"1.1"}},{"Key":"server.address","Value":{"Type":"STRING","Value":"localhost"}},{"Key":"server.port","Value":{"Type":"INT64","Value":34400}},{"Key":"url.scheme","Value":{"Type":"STRING","Value":"http"}}],"StartTime":"2026-01-04T14:09:07.90433315Z","Time":"2026-01-04T14:09:16.900628562Z","Count":1,"Bounds":[0,5,10,25,50,75,100,250,500,750,1000,2500,5000,7500,10000],"BucketCounts":[0,0,0,0,0,1,0,0,0,0,0,0,0,0,0,0],"Min":55,"Max":55,"Sum":55,"Exemplars":[{"FilteredAttributes":null,"Time":"2026-01-04T14:09:08.905026203Z","Value":55,"SpanID":"42/d7lSxk14=","TraceID":"ADi3JObXmZnw84c/RX8JJw=="}]}],"Temporality":"CumulativeTemporality"}},{"Name":"http.server.response.body.size","Description":"Size of HTTP server response bodies.","Unit":"By","Data":{"DataPoints":[{"Attributes":[{"Key":"http.request.method","Value":{"Type":"STRING","Value":"GET"}},{"Key":"http.response.status_code","Value":{"Type":"INT64","Value":200}},{"Key":"http.route","Value":{"Type":"STRING","Value":"/web/"}},{"Key":"network.protocol.name","Value":{"Type":"STRING","Value":"http"}},{"Key":"network.protocol.version","Value":{"Type":"STRING","Value":"1.1"}},{"Key":"server.address","Value":{"Type":"STRING","Value":"localhost"}},{"Key":"server.port","Value":{"Type":"INT64","Value":34400}},{"Key":"url.scheme","Value":{"Type":"STRING","Value":"http"}}],"StartTime":"2026-01-04T14:09:07.904775911Z","Time":"2026-01-04T14:09:16.900650347Z","Count":1,"Bounds":[0,5,10,25,50,75,100,250,500,750,1000,2500,5000,7500,10000],"BucketCounts":[0,0,0,0,0,0,0,0,0,0,0,1,0,0,0,0],"Min":1920,"Max":1920,"Sum":1920,"Exemplars":[{"FilteredAttributes":null,"Time":"2026-01-04T14:09:08.892982309Z","Value":1920,"SpanID":"5z9pZ9js62s=","TraceID":"NyaU+K+wr4GIKMU9XurTYQ=="}]},{"Attributes":[{"Key":"http.request.method","Value":{"Type":"STRING","Value":"POST"}},{"Key":"http.response.status_code","Value":{"Type":"INT64","Value":200}},{"Key":"http.route","Value":{"Type":"STRING","Value":"/api/"}},{"Key":"network.protocol.name","Value":{"Type":"STRING","Value":"http"}},{"Key":"network.protocol.version","Value":{"Type":"STRING","Value":"1.1"}},{"Key":"server.address","Value":{"Type":"STRING","Value":"localhost"}},{"Key":"server.port","Value":{"Type":"INT64","Value":34400}},{"Key":"url.scheme","Value":{"Type":"STRING","Value":"http"}}],"StartTime":"2026-01-04T14:09:07.904775911Z","Time":"2026-01-04T14:09:16.900650347Z","Count":1,"Bounds":[0,5,10,25,50,75,100,250,500,750,1000,2500,5000,7500,10000],"BucketCounts":[0,0,0,0,0,0,0,0,1,0,0,0,0,0,0,0],"Min":374,"Max":374,"Sum":374,"Exemplars":[{"FilteredAttributes":null,"Time":"2026-01-04T14:09:08.905040386Z","Value":374,"SpanID":"42/d7lSxk14=","TraceID":"ADi3JObXmZnw84c/RX8JJw=="}]}],"Temporality":"CumulativeTemporality"}},{"Name":"http.server.request.duration","Description":"Duration of HTTP server requests.","Unit":"s","Data":{"DataPoints":[{"Attributes":[{"Key":"http.request.method","Value":{"Type":"STRING","Value":"GET"}},{"Key":"http.response.status_code","Value":{"Type":"INT64","Value":200}},{"Key":"http.route","Value":{"Type":"STRING","Value":"/web/"}},{"Key":"network.protocol.name","Value":{"Type":"STRING","Value":"http"}},{"Key":"network.protocol.version","Value":{"Type":"STRING","Value":"1.1"}},{"Key":"server.address","Value":{"Type":"STRING","Value":"localhost"}},{"Key":"server.port","Value":{"Type":"INT64","Value":34400}},{"Key":"url.scheme","Value":{"Type":"STRING","Value":"http"}}],"StartTime":"2026-01-04T14:09:07.904789511Z","Time":"2026-01-04T14:09:16.90065391Z","Count":1,"Bounds":[0.005,0.01,0.025,0.05,0.075,0.1,0.25,0.5,0.75,1,2.5,5,7.5,10],"BucketCounts":[1,0,0,0,0,0,0,0,0,0,0,0,0,0,0],"Min":0.0011951050000000001,"Max":0.0011951050000000001,"Sum":0.0011951050000000001,"Exemplars":[{"FilteredAttributes":null,"Time":"2026-01-04T14:09:08.892988687Z","Value":0.0011951050000000001,"SpanID":"5z9pZ9js62s=","TraceID":"NyaU+K+wr4GIKMU9XurTYQ=="}]},{"Attributes":[{"Key":"http.request.method","Value":{"Type":"STRING","Value":"POST"}},{"Key":"http.response.status_code","Value":{"Type":"INT64","Value":200}},{"Key":"http.route","Value":{"Type":"STRING","Value":"/api/"}},{"Key":"network.protocol.name","Value":{"Type":"STRING","Value":"http"}},{"Key":"network.protocol.version","Value":{"Type":"STRING","Value":"1.1"}},{"Key":"server.address","Value":{"Type":"STRING","Value":"localhost"}},{"Key":"server.port","Value":{"Type":"INT64","Value":34400}},{"Key":"url.scheme","Value":{"Type":"STRING","Value":"http"}}],"StartTime":"2026-01-04T14:09:07.904789511Z","Time":"2026-01-04T14:09:16.90065391Z","Count":1,"Bounds":[0.005,0.01,0.025,0.05,0.075,0.1,0.25,0.5,0.75,1,2.5,5,7.5,10],"BucketCounts":[1,0,0,0,0,0,0,0,0,0,0,0,0,0,0],"Min":0.000334069,"Max":0.000334069,"Sum":0.000334069,"Exemplars":[{"FilteredAttributes":null,"Time":"2026-01-04T14:09:08.905049516Z","Value":0.000334069,"SpanID":"42/d7lSxk14=","TraceID":"ADi3JObXmZnw84c/RX8JJw=="}]}],"Temporality":"CumulativeTemporality"}}]}]}
{"Resource":[{"Key":"service.name","Value":{"Type":"STRING","Value":"unknown_service:xteve"}},{"Key":"telemetry.sdk.language","Value":{"Type":"STRING","Value":"go"}},{"Key":"telemetry.sdk.name","Value":{"Type":"STRING","Value":"opentelemetry"}},{"Key":"telemetry.sdk.version","Value":{"Type":"STRING","Value":"1.39.0"}}],"ScopeMetrics":[{"Scope":{"Name":"go.opentelemetry.io/contrib/instrumentation/net/http/otelhttp","Version":"0.64.0","SchemaURL":"","Attributes":null},"Metrics":[{"Name":"http.client.request.body.size","Description":"Size of HTTP client request bodies.","Unit":"By","Data":{"DataPoints":[{"Attributes":[{"Key":"http.request.method","Value":{"Type":"STRING","Value":"GET"}},{"Key":"http.response.status_code","Value":{"Type":"INT64","Value":200}},{"Key":"network.protocol.name","Value":{"Type":"STRING","Value":"http"}},{"Key":"network.protocol.version","Value":{"Type":"STRING","Value":"1.1"}},{"Key":"server.address","Value":{"Type":"STRING","Value":"localhost"}},{"Key":"server.port","Value":{"Type":"INT64","Value":8080}},{"Key":"url.scheme","Value":{"Type":"STRING","Value":"http"}}],"StartTime":"2026-01-04T14:09:07.899635976Z","Time":"2026-01-04T14:09:19.900351769Z","Count":2,"Bounds":[0,5,10,25,50,75,100,250,500,750,1000,2500,5000,7500,10000],"BucketCounts":[2,0,0,0,0,0,0,0,0,0,0,0,0,0,0,0],"Min":0,"Max":0,"Sum":0,"Exemplars":[{"FilteredAttributes":null,"Time":"2026-01-04T14:09:18.93096892Z","Value":0,"SpanID":"DllFdrqAaZo=","TraceID":"b3yjwrYV8JkqrCT8iPzE/w=="}]},{"Attributes":[{"Key":"http.request.method","Value":{"Type":"STRING","Value":"HEAD"}},{"Key":"http.response.status_code","Value":{"Type":"INT64","Value":200}},{"Key":"http.route","Value":{"Type":"STRING","Value":"/dav/"}},{"Key":"network.protocol.name","Value":{"Type":"STRING","Value":"http"}},{"Key":"network.protocol.version","Value":{"Type":"STRING","Value":"1.1"}},{"Key":"server.address","Value":{"Type":"STRING","Value":"localhost"}},{"Key":"server.port","Value":{"Type":"INT64","Value":8080}},{"Key":"url.scheme","Value":{"Type":"STRING","Value":"http"}}],"StartTime":"2026-01-04T14:09:07.899635976Z","Time":"2026-01-04T14:09:19.900351769Z","Count":1,"Bounds":[0,5,10,25,50,75,100,250,500,750,1000,2500,5000,7500,10000],"BucketCounts":[1,0,0,0,0,0,0,0,0,0,0,0,0,0,0,0],"Min":0,"Max":0,"Sum":0,"Exemplars":[{"FilteredAttributes":null,"Time":"2026-01-04T14:09:18.927283125Z","Value":0,"SpanID":"K778QxQgGMo=","TraceID":"arBLhW5+GY4GBoL8UKM5Fw=="}]}],"Temporality":"CumulativeTemporality"}},{"Name":"http.client.request.duration","Description":"Duration of HTTP client requests.","Unit":"s","Data":{"DataPoints":[{"Attributes":[{"Key":"http.request.method","Value":{"Type":"STRING","Value":"GET"}},{"Key":"http.response.status_code","Value":{"Type":"INT64","Value":200}},{"Key":"network.protocol.name","Value":{"Type":"STRING","Value":"http"}},{"Key":"network.protocol.version","Value":{"Type":"STRING","Value":"1.1"}},{"Key":"server.address","Value":{"Type":"STRING","Value":"localhost"}},{"Key":"server.port","Value":{"Type":"INT64","Value":8080}},{"Key":"url.scheme","Value":{"Type":"STRING","Value":"http"}}],"StartTime":"2026-01-04T14:09:07.899659799Z","Time":"2026-01-04T14:09:19.900405076Z","Count":2,"Bounds":[0.005,0.01,0.025,0.05,0.075,0.1,0.25,0.5,0.75,1,2.5,5,7.5,10],"BucketCounts":[2,0,0,0,0,0,0,0,0,0,0,0,0,0,0],"Min":0.000919176,"Max":0.001408896,"Sum":0.002328072,"Exemplars":[{"FilteredAttributes":null,"Time":"2026-01-04T14:09:18.930970826Z","Value":0.000919176,"SpanID":"DllFdrqAaZo=","TraceID":"b3yjwrYV8JkqrCT8iPzE/w=="}]},{"Attributes":[{"Key":"http.request.method","Value":{"Type":"STRING","Value":"HEAD"}},{"Key":"http.response.status_code","Value":{"Type":"INT64","Value":200}},{"Key":"http.route","Value":{"Type":"STRING","Value":"/dav/"}},{"Key":"network.protocol.name","Value":{"Type":"STRING","Value":"http"}},{"Key":"network.protocol.version","Value":{"Type":"STRING","Value":"1.1"}},{"Key":"server.address","Value":{"Type":"STRING","Value":"localhost"}},{"Key":"server.port","Value":{"Type":"INT64","Value":8080}},{"Key":"url.scheme","Value":{"Type":"STRING","Value":"http"}}],"StartTime":"2026-01-04T14:09:07.899659799Z","Time":"2026-01-04T14:09:19.900405076Z","Count":1,"Bounds":[0.005,0.01,0.025,0.05,0.075,0.1,0.25,0.5,0.75,1,2.5,5,7.5,10],"BucketCounts":[1,0,0,0,0,0,0,0,0,0,0,0,0,0,0],"Min":0.0005315189999999999,"Max":0.0005315189999999999,"Sum":0.0005315189999999999,"Exemplars":[{"FilteredAttributes":null,"Time":"2026-01-04T14:09:18.92729187Z","Value":0.0005315189999999999,"SpanID":"K778QxQgGMo=","TraceID":"arBLhW5+GY4GBoL8UKM5Fw=="}]}],"Temporality":"CumulativeTemporality"}},{"Name":"http.server.request.body.size","Description":"Size of HTTP server request bodies.","Unit":"By","Data":{"DataPoints":[{"Attributes":[{"Key":"http.request.method","Value":{"Type":"STRING","Value":"POST"}},{"Key":"http.response.status_code","Value":{"Type":"INT64","Value":200}},{"Key":"http.route","Value":{"Type":"STRING","Value":"/api/"}},{"Key":"network.protocol.name","Value":{"Type":"STRING","Value":"http"}},{"Key":"network.protocol.version","Value":{"Type":"STRING","Value":"1.1"}},{"Key":"server.address","Value":{"Type":"STRING","Value":"localhost"}},{"Key":"server.port","Value":{"Type":"INT64","Value":34400}},{"Key":"url.scheme","Value":{"Type":"STRING","Value":"http"}}],"StartTime":"2026-01-04T14:09:07.90433315Z","Time":"2026-01-04T14:09:19.900441044Z","Count":1,"Bounds":[0,5,10,25,50,75,100,250,500,750,1000,2500,5000,7500,10000],"BucketCounts":[0,0,0,0,0,1,0,0,0,0,0,0,0,0,0,0],"Min":55,"Max":55,"Sum":55,"Exemplars":[{"FilteredAttributes":null,"Time":"2026-01-04T14:09:08.905026203Z","Value":55,"SpanID":"42/d7lSxk14=","TraceID":"ADi3JObXmZnw84c/RX8JJw=="}]},{"Attributes":[{"Key":"http.request.method","Value":{"Type":"STRING","Value":"GET"}},{"Key":"http.response.status_code","Value":{"Type":"INT64","Value":405}},{"Key":"http.route","Value":{"Type":"STRING","Value":"/dav/"}},{"Key":"network.protocol.name","Value":{"Type":"STRING","Value":"http"}},{"Key":"network.protocol.version","Value":{"Type":"STRING","Value":"1.1"}},{"Key":"server.address","Value":{"Type":"STRING","Value":"localhost"}},{"Key":"server.port","Value":{"Type":"INT64","Value":34400}},{"Key":"url.scheme","Value":{"Type":"STRING","Value":"http"}}],"StartTime":"2026-01-04T14:09:07.90433315Z","Time":"2026-01-04T14:09:19.900441044Z","Count":1,"Bounds":[0,5,10,25,50,75,100,250,500,750,1000,2500,5000,7500,10000],"BucketCounts":[1,0,0,0,0,0,0,0,0,0,0,0,0,0,0,0],"Min":0,"Max":0,"Sum":0,"Exemplars":[{"FilteredAttributes":null,"Time":"2026-01-04T14:09:18.925536525Z","Value":0,"SpanID":"D/LIXZKzZ6Q=","TraceID":"ierH7+gq17SCQeMfb4DpoQ=="}]},{"Attributes":[{"Key":"http.request.method","Value":{"Type":"STRING","Value":"_OTHER"}},{"Key":"http.response.status_code","Value":{"Type":"INT64","Value":207}},{"Key":"http.route","Value":{"Type":"STRING","Value":"/dav/"}},{"Key":"network.protocol.name","Value":{"Type":"STRING","Value":"http"}},{"Key":"network.protocol.version","Value":{"Type":"STRING","Value":"1.1"}},{"Key":"server.address","Value":{"Type":"STRING","Value":"localhost"}},{"Key":"server.port","Value":{"Type":"INT64","Value":34400}},{"Key":"url.scheme","Value":{"Type":"STRING","Value":"http"}}],"StartTime":"2026-01-04T14:09:07.90433315Z","Time":"2026-01-04T14:09:19.900441044Z","Count":1,"Bounds":[0,5,10,25,50,75,100,250,500,750,1000,2500,5000,7500,10000],"BucketCounts":[1,0,0,0,0,0,0,0,0,0,0,0,0,0,0,0],"Min":0,"Max":0,"Sum":0,"Exemplars":[{"FilteredAttributes":null,"Time":"2026-01-04T14:09:18.928194172Z","Value":0,"SpanID":"wZnmok+krJE=","TraceID":"arBLhW5+GY4GBoL8UKM5Fw=="}]},{"Attributes":[{"Key":"http.request.method","Value":{"Type":"STRING","Value":"GET"}},{"Key":"http.response.status_code","Value":{"Type":"INT64","Value":200}},{"Key":"http.route","Value":{"Type":"STRING","Value":"/web/"}},{"Key":"network.protocol.name","Value":{"Type":"STRING","Value":"http"}},{"Key":"network.protocol.version","Value":{"Type":"STRING","Value":"1.1"}},{"Key":"server.address","Value":{"Type":"STRING","Value":"localhost"}},{"Key":"server.port","Value":{"Type":"INT64","Value":34400}},{"Key":"url.scheme","Value":{"Type":"STRING","Value":"http"}}],"StartTime":"2026-01-04T14:09:07.90433315Z","Time":"2026-01-04T14:09:19.900441044Z","Count":1,"Bounds":[0,5,10,25,50,75,100,250,500,750,1000,2500,5000,7500,10000],"BucketCounts":[1,0,0,0,0,0,0,0,0,0,0,0,0,0,0,0],"Min":0,"Max":0,"Sum":0,"Exemplars":[{"FilteredAttributes":null,"Time":"2026-01-04T14:09:08.892975434Z","Value":0,"SpanID":"5z9pZ9js62s=","TraceID":"NyaU+K+wr4GIKMU9XurTYQ=="}]}],"Temporality":"CumulativeTemporality"}},{"Name":"http.server.response.body.size","Description":"Size of HTTP server response bodies.","Unit":"By","Data":{"DataPoints":[{"Attributes":[{"Key":"http.request.method","Value":{"Type":"STRING","Value":"GET"}},{"Key":"http.response.status_code","Value":{"Type":"INT64","Value":200}},{"Key":"http.route","Value":{"Type":"STRING","Value":"/web/"}},{"Key":"network.protocol.name","Value":{"Type":"STRING","Value":"http"}},{"Key":"network.protocol.version","Value":{"Type":"STRING","Value":"1.1"}},{"Key":"server.address","Value":{"Type":"STRING","Value":"localhost"}},{"Key":"server.port","Value":{"Type":"INT64","Value":34400}},{"Key":"url.scheme","Value":{"Type":"STRING","Value":"http"}}],"StartTime":"2026-01-04T14:09:07.904775911Z","Time":"2026-01-04T14:09:19.900508862Z","Count":1,"Bounds":[0,5,10,25,50,75,100,250,500,750,1000,2500,5000,7500,10000],"BucketCounts":[0,0,0,0,0,0,0,0,0,0,0,1,0,0,0,0],"Min":1920,"Max":1920,"Sum":1920,"Exemplars":[{"FilteredAttributes":null,"Time":"2026-01-04T14:09:08.892982309Z","Value":1920,"SpanID":"5z9pZ9js62s=","TraceID":"NyaU+K+wr4GIKMU9XurTYQ=="}]},{"Attributes":[{"Key":"http.request.method","Value":{"Type":"STRING","Value":"POST"}},{"Key":"http.response.status_code","Value":{"Type":"INT64","Value":200}},{"Key":"http.route","Value":{"Type":"STRING","Value":"/api/"}},{"Key":"network.protocol.name","Value":{"Type":"STRING","Value":"http"}},{"Key":"network.protocol.version","Value":{"Type":"STRING","Value":"1.1"}},{"Key":"server.address","Value":{"Type":"STRING","Value":"localhost"}},{"Key":"server.port","Value":{"Type":"INT64","Value":34400}},{"Key":"url.scheme","Value":{"Type":"STRING","Value":"http"}}],"StartTime":"2026-01-04T14:09:07.904775911Z","Time":"2026-01-04T14:09:19.900508862Z","Count":1,"Bounds":[0,5,10,25,50,75,100,250,500,750,1000,2500,5000,7500,10000],"BucketCounts":[0,0,0,0,0,0,0,0,1,0,0,0,0,0,0,0],"Min":374,"Max":374,"Sum":374,"Exemplars":[{"FilteredAttributes":null,"Time":"2026-01-04T14:09:08.905040386Z","Value":374,"SpanID":"42/d7lSxk14=","TraceID":"ADi3JObXmZnw84c/RX8JJw=="}]},{"Attributes":[{"Key":"http.request.method","Value":{"Type":"STRING","Value":"GET"}},{"Key":"http.response.status_code","Value":{"Type":"INT64","Value":405}},{"Key":"http.route","Value":{"Type":"STRING","Value":"/dav/"}},{"Key":"network.protocol.name","Value":{"Type":"STRING","Value":"http"}},{"Key":"network.protocol.version","Value":{"Type":"STRING","Value":"1.1"}},{"Key":"server.address","Value":{"Type":"STRING","Value":"localhost"}},{"Key":"server.port","Value":{"Type":"INT64","Value":34400}},{"Key":"url.scheme","Value":{"Type":"STRING","Value":"http"}}],"StartTime":"2026-01-04T14:09:07.904775911Z","Time":"2026-01-04T14:09:19.900508862Z","Count":1,"Bounds":[0,5,10,25,50,75,100,250,500,750,1000,2500,5000,7500,10000],"BucketCounts":[0,0,0,1,0,0,0,0,0,0,0,0,0,0,0,0],"Min":18,"Max":18,"Sum":18,"Exemplars":[{"FilteredAttributes":null,"Time":"2026-01-04T14:09:18.925539424Z","Value":18,"SpanID":"D/LIXZKzZ6Q=","TraceID":"ierH7+gq17SCQeMfb4DpoQ=="}]},{"Attributes":[{"Key":"http.request.method","Value":{"Type":"STRING","Value":"_OTHER"}},{"Key":"http.response.status_code","Value":{"Type":"INT64","Value":207}},{"Key":"http.route","Value":{"Type":"STRING","Value":"/dav/"}},{"Key":"network.protocol.name","Value":{"Type":"STRING","Value":"http"}},{"Key":"network.protocol.version","Value":{"Type":"STRING","Value":"1.1"}},{"Key":"server.address","Value":{"Type":"STRING","Value":"localhost"}},{"Key":"server.port","Value":{"Type":"INT64","Value":34400}},{"Key":"url.scheme","Value":{"Type":"STRING","Value":"http"}}],"StartTime":"2026-01-04T14:09:07.904775911Z","Time":"2026-01-04T14:09:19.900508862Z","Count":1,"Bounds":[0,5,10,25,50,75,100,250,500,750,1000,2500,5000,7500,10000],"BucketCounts":[0,0,0,0,0,0,0,0,0,0,0,1,0,0,0,0],"Min":1318,"Max":1318,"Sum":1318,"Exemplars":[{"FilteredAttributes":null,"Time":"2026-01-04T14:09:18.928202096Z","Value":1318,"SpanID":"wZnmok+krJE=","TraceID":"arBLhW5+GY4GBoL8UKM5Fw=="}]}],"Temporality":"CumulativeTemporality"}},{"Name":"http.server.request.duration","Description":"Duration of HTTP server requests.","Unit":"s","Data":{"DataPoints":[{"Attributes":[{"Key":"http.request.method","Value":{"Type":"STRING","Value":"GET"}},{"Key":"http.response.status_code","Value":{"Type":"INT64","Value":200}},{"Key":"http.route","Value":{"Type":"STRING","Value":"/web/"}},{"Key":"network.protocol.name","Value":{"Type":"STRING","Value":"http"}},{"Key":"network.protocol.version","Value":{"Type":"STRING","Value":"1.1"}},{"Key":"server.address","Value":{"Type":"STRING","Value":"localhost"}},{"Key":"server.port","Value":{"Type":"INT64","Value":34400}},{"Key":"url.scheme","Value":{"Type":"STRING","Value":"http"}}],"StartTime":"2026-01-04T14:09:07.904789511Z","Time":"2026-01-04T14:09:19.900531523Z","Count":1,"Bounds":[0.005,0.01,0.025,0.05,0.075,0.1,0.25,0.5,0.75,1,2.5,5,7.5,10],"BucketCounts":[1,0,0,0,0,0,0,0,0,0,0,0,0,0,0],"Min":0.0011951050000000001,"Max":0.0011951050000000001,"Sum":0.0011951050000000001,"Exemplars":[{"FilteredAttributes":null,"Time":"2026-01-04T14:09:08.892988687Z","Value":0.0011951050000000001,"SpanID":"5z9pZ9js62s=","TraceID":"NyaU+K+wr4GIKMU9XurTYQ=="}]},{"Attributes":[{"Key":"http.request.method","Value":{"Type":"STRING","Value":"POST"}},{"Key":"http.response.status_code","Value":{"Type":"INT64","Value":200}},{"Key":"http.route","Value":{"Type":"STRING","Value":"/api/"}},{"Key":"network.protocol.name","Value":{"Type":"STRING","Value":"http"}},{"Key":"network.protocol.version","Value":{"Type":"STRING","Value":"1.1"}},{"Key":"server.address","Value":{"Type":"STRING","Value":"localhost"}},{"Key":"server.port","Value":{"Type":"INT64","Value":34400}},{"Key":"url.scheme","Value":{"Type":"STRING","Value":"http"}}],"StartTime":"2026-01-04T14:09:07.904789511Z","Time":"2026-01-04T14:09:19.900531523Z","Count":1,"Bounds":[0.005,0.01,0.025,0.05,0.075,0.1,0.25,0.5,0.75,1,2.5,5,7.5,10],"BucketCounts":[1,0,0,0,0,0,0,0,0,0,0,0,0,0,0],"Min":0.000334069,"Max":0.000334069,"Sum":0.000334069,"Exemplars":[{"FilteredAttributes":null,"Time":"2026-01-04T14:09:08.905049516Z","Value":0.000334069,"SpanID":"42/d7lSxk14=","TraceID":"ADi3JObXmZnw84c/RX8JJw=="}]},{"Attributes":[{"Key":"http.request.method","Value":{"Type":"STRING","Value":"GET"}},{"Key":"http.response.status_code","Value":{"Type":"INT64","Value":405}},{"Key":"http.route","Value":{"Type":"STRING","Value":"/dav/"}},{"Key":"network.protocol.name","Value":{"Type":"STRING","Value":"http"}},{"Key":"network.protocol.version","Value":{"Type":"STRING","Value":"1.1"}},{"Key":"server.address","Value":{"Type":"STRING","Value":"localhost"}},{"Key":"server.port","Value":{"Type":"INT64","Value":34400}},{"Key":"url.scheme","Value":{"Type":"STRING","Value":"http"}}],"StartTime":"2026-01-04T14:09:07.904789511Z","Time":"2026-01-04T14:09:19.900531523Z","Count":1,"Bounds":[0.005,0.01,0.025,0.05,0.075,0.1,0.25,0.5,0.75,1,2.5,5,7.5,10],"BucketCounts":[1,0,0,0,0,0,0,0,0,0,0,0,0,0,0],"Min":0.000106475,"Max":0.000106475,"Sum":0.000106475,"Exemplars":[{"FilteredAttributes":null,"Time":"2026-01-04T14:09:18.925544115Z","Value":0.000106475,"SpanID":"D/LIXZKzZ6Q=","TraceID":"ierH7+gq17SCQeMfb4DpoQ=="}]},{"Attributes":[{"Key":"http.request.method","Value":{"Type":"STRING","Value":"_OTHER"}},{"Key":"http.response.status_code","Value":{"Type":"INT64","Value":207}},{"Key":"http.route","Value":{"Type":"STRING","Value":"/dav/"}},{"Key":"network.protocol.name","Value":{"Type":"STRING","Value":"http"}},{"Key":"network.protocol.version","Value":{"Type":"STRING","Value":"1.1"}},{"Key":"server.address","Value":{"Type":"STRING","Value":"localhost"}},{"Key":"server.port","Value":{"Type":"INT64","Value":34400}},{"Key":"url.scheme","Value":{"Type":"STRING","Value":"http"}}],"StartTime":"2026-01-04T14:09:07.904789511Z","Time":"2026-01-04T14:09:19.900531523Z","Count":1,"Bounds":[0.005,0.01,0.025,0.05,0.075,0.1,0.25,0.5,0.75,1,2.5,5,7.5,10],"BucketCounts":[1,0,0,0,0,0,0,0,0,0,0,0,0,0,0],"Min":0.001967756,"Max":0.001967756,"Sum":0.001967756,"Exemplars":[{"FilteredAttributes":null,"Time":"2026-01-04T14:09:18.928205743Z","Value":0.001967756,"SpanID":"wZnmok+krJE=","TraceID":"arBLhW5+GY4GBoL8UKM5Fw=="}]}],"Temporality":"CumulativeTemporality"}}]}]}
{"Resource":[{"Key":"service.name","Value":{"Type":"STRING","Value":"unknown_service:xteve"}},{"Key":"telemetry.sdk.language","Value":{"Type":"STRING","Value":"go"}},{"Key":"telemetry.sdk.name","Value":{"Type":"STRING","Value":"opentelemetry"}},{"Key":"telemetry.sdk.version","Value":{"Type":"STRING","Value":"1.39.0"}}],"ScopeMetrics":[{"Scope":{"Name":"go.opentelemetry.io/contrib/instrumentation/net/http/otelhttp","Version":"0.64.0","SchemaURL":"","Attributes":null},"Metrics":[{"Name":"http.client.request.body.size","Description":"Size of HTTP client request bodies.","Unit":"By","Data":{"DataPoints":[{"Attributes":[{"Key":"http.request.method","Value":{"Type":"STRING","Value":"GET"}},{"Key":"http.response.status_code","Value":{"Type":"INT64","Value":200}},{"Key":"network.protocol.name","Value":{"Type":"STRING","Value":"http"}},{"Key":"network.protocol.version","Value":{"Type":"STRING","Value":"1.1"}},{"Key":"server.address","Value":{"Type":"STRING","Value":"localhost"}},{"Key":"server.port","Value":{"Type":"INT64","Value":8080}},{"Key":"url.scheme","Value":{"Type":"STRING","Value":"http"}}],"StartTime":"2026-01-04T14:09:07.899635976Z","Time":"2026-01-04T14:09:22.900409045Z","Count":2,"Bounds":[0,5,10,25,50,75,100,250,500,750,1000,2500,5000,7500,10000],"BucketCounts":[2,0,0,0,0,0,0,0,0,0,0,0,0,0,0,0],"Min":0,"Max":0,"Sum":0,"Exemplars":[{"FilteredAttributes":null,"Time":"2026-01-04T14:09:18.93096892Z","Value":0,"SpanID":"DllFdrqAaZo=","TraceID":"b3yjwrYV8JkqrCT8iPzE/w=="}]},{"Attributes":[{"Key":"http.request.method","Value":{"Type":"STRING","Value":"HEAD"}},{"Key":"http.response.status_code","Value":{"Type":"INT64","Value":200}},{"Key":"http.route","Value":{"Type":"STRING","Value":"/dav/"}},{"Key":"network.protocol.name","Value":{"Type":"STRING","Value":"http"}},{"Key":"network.protocol.version","Value":{"Type":"STRING","Value":"1.1"}},{"Key":"server.address","Value":{"Type":"STRING","Value":"localhost"}},{"Key":"server.port","Value":{"Type":"INT64","Value":8080}},{"Key":"url.scheme","Value":{"Type":"STRING","Value":"http"}}],"StartTime":"2026-01-04T14:09:07.899635976Z","Time":"2026-01-04T14:09:22.900409045Z","Count":1,"Bounds":[0,5,10,25,50,75,100,250,500,750,1000,2500,5000,7500,10000],"BucketCounts":[1,0,0,0,0,0,0,0,0,0,0,0,0,0,0,0],"Min":0,"Max":0,"Sum":0,"Exemplars":[{"FilteredAttributes":null,"Time":"2026-01-04T14:09:18.927283125Z","Value":0,"SpanID":"K778QxQgGMo=","TraceID":"arBLhW5+GY4GBoL8UKM5Fw=="}]}],"Temporality":"CumulativeTemporality"}},{"Name":"http.client.request.duration","Description":"Duration of HTTP client requests.","Unit":"s","Data":{"DataPoints":[{"Attributes":[{"Key":"http.request.method","Value":{"Type":"STRING","Value":"GET"}},{"Key":"http.response.status_code","Value":{"Type":"INT64","Value":200}},{"Key":"network.protocol.name","Value":{"Type":"STRING","Value":"http"}},{"Key":"network.protocol.version","Value":{"Type":"STRING","Value":"1.1"}},{"Key":"server.address","Value":{"Type":"STRING","Value":"localhost"}},{"Key":"server.port","Value":{"Type":"INT64","Value":8080}},{"Key":"url.scheme","Value":{"Type":"STRING","Value":"http"}}],"StartTime":"2026-01-04T14:09:07.899659799Z","Time":"2026-01-04T14:09:22.900433209Z","Count":2,"Bounds":[0.005,0.01,0.025,0.05,0.075,0.1,0.25,0.5,0.75,1,2.5,5,7.5,10],"BucketCounts":[2,0,0,0,0,0,0,0,0,0,0,0,0,0,0],"Min":0.000919176,"Max":0.001408896,"Sum":0.002328072,"Exemplars":[{"FilteredAttributes":null,"Time":"2026-01-04T14:09:18.930970826Z","Value":0.000919176,"SpanID":"DllFdrqAaZo=","TraceID":"b3yjwrYV8JkqrCT8iPzE/w=="}]},{"Attributes":[{"Key":"http.request.method","Value":{"Type":"STRING","Value":"HEAD"}},{"Key":"http.response.status_code","Value":{"Type":"INT64","Value":200}},{"Key":"http.route","Value":{"Type":"STRING","Value":"/dav/"}},{"Key":"network.protocol.name","Value":{"Type":"STRING","Value":"http"}},{"Key":"network.protocol.version","Value":{"Type":"STRING","Value":"1.1"}},{"Key":"server.address","Value":{"Type":"STRING","Value":"localhost"}},{"Key":"server.port","Value":{"Type":"INT64","Value":8080}},{"Key":"url.scheme","Value":{"Type":"STRING","Value":"http"}}],"StartTime":"2026-01-04T14:09:07.899659799Z","Time":"2026-01-04T14:09:22.900433209Z","Count":1,"Bounds":[0.005,0.01,0.025,0.05,0.075,0.1,0.25,0.5,0.75,1,2.5,5,7.5,10],"BucketCounts":[1,0,0,0,0,0,0,0,0,0,0,0,0,0,0],"Min":0.0005315189999999999,"Max":0.0005315189999999999,"Sum":0.0005315189999999999,"Exemplars":[{"FilteredAttributes":null,"Time":"2026-01-04T14:09:18.92729187Z","Value":0.0005315189999999999,"SpanID":"K778QxQgGMo=","TraceID":"arBLhW5+GY4GBoL8UKM5Fw=="}]}],"Temporality":"CumulativeTemporality"}},{"Name":"http.server.request.body.size","Description":"Size of HTTP server request bodies.","Unit":"By","Data":{"DataPoints":[{"Attributes":[{"Key":"http.request.method","Value":{"Type":"STRING","Value":"GET"}},{"Key":"http.response.status_code","Value":{"Type":"INT64","Value":200}},{"Key":"http.route","Value":{"Type":"STRING","Value":"/web/"}},{"Key":"network.protocol.name","Value":{"Type":"STRING","Value":"http"}},{"Key":"network.protocol.version","Value":{"Type":"STRING","Value":"1.1"}},{"Key":"server.address","Value":{"Type":"STRING","Value":"localhost"}},{"Key":"server.port","Value":{"Type":"INT64","Value":34400}},{"Key":"url.scheme","Value":{"Type":"STRING","Value":"http"}}],"StartTime":"2026-01-04T14:09:07.90433315Z","Time":"2026-01-04T14:09:22.900438382Z","Count":1,"Bounds":[0,5,10,25,50,75,100,250,500,750,1000,2500,5000,7500,10000],"BucketCounts":[1,0,0,0,0,0,0,0,0,0,0,0,0,0,0,0],"Min":0,"Max":0,"Sum":0,"Exemplars":[{"FilteredAttributes":null,"Time":"2026-01-04T14:09:08.892975434Z","Value":0,"SpanID":"5z9pZ9js62s=","TraceID":"NyaU+K+wr4GIKMU9XurTYQ=="}]},{"Attributes":[{"Key":"http.request.method","Value":{"Type":"STRING","Value":"POST"}},{"Key":"http.response.status_code","Value":{"Type":"INT64","Value":200}},{"Key":"http.route","Value":{"Type":"STRING","Value":"/api/"}},{"Key":"network.protocol.name","Value":{"Type":"STRING","Value":"http"}},{"Key":"network.protocol.version","Value":{"Type":"STRING","Value":"1.1"}},{"Key":"server.address","Value":{"Type":"STRING","Value":"localhost"}},{"Key":"server.port","Value":{"Type":"INT64","Value":34400}},{"Key":"url.scheme","Value":{"Type":"STRING","Value":"http"}}],"StartTime":"2026-01-04T14:09:07.90433315Z","Time":"2026-01-04T14:09:22.900438382Z","Count":1,"Bounds":[0,5,10,25,50,75,100,250,500,750,1000,2500,5000,7500,10000],"BucketCounts":[0,0,0,0,0,1,0,0,0,0,0,0,0,0,0,0],"Min":55,"Max":55,"Sum":55,"Exemplars":[{"FilteredAttributes":null,"Time":"2026-01-04T14:09:08.905026203Z","Value":55,"SpanID":"42/d7lSxk14=","TraceID":"ADi3JObXmZnw84c/RX8JJw=="}]},{"Attributes":[{"Key":"http.request.method","Value":{"Type":"STRING","Value":"GET"}},{"Key":"http.response.status_code","Value":{"Type":"INT64","Value":405}},{"Key":"http.route","Value":{"Type":"STRING","Value":"/dav/"}},{"Key":"network.protocol.name","Value":{"Type":"STRING","Value":"http"}},{"Key":"network.protocol.version","Value":{"Type":"STRING","Value":"1.1"}},{"Key":"server.address","Value":{"Type":"STRING","Value":"localhost"}},{"Key":"server.port","Value":{"Type":"INT64","Value":34400}},{"Key":"url.scheme","Value":{"Type":"STRING","Value":"http"}}],"StartTime":"2026-01-04T14:09:07.90433315Z","Time":"2026-01-04T14:09:22.900438382Z","Count":1,"Bounds":[0,5,10,25,50,75,100,250,500,750,1000,2500,5000,7500,10000],"BucketCounts":[1,0,0,0,0,0,0,0,0,0,0,0,0,0,0,0],"Min":0,"Max":0,"Sum":0,"Exemplars":[{"FilteredAttributes":null,"Time":"2026-01-04T14:09:18.925536525Z","Value":0,"SpanID":"D/LIXZKzZ6Q=","TraceID":"ierH7+gq17SCQeMfb4DpoQ=="}]},{"Attributes":[{"Key":"http.request.method","Value":{"Type":"STRING","Value":"_OTHER"}},{"Key":"http.response.status_code","Value":{"Type":"INT64","Value":207}},{"Key":"http.route","Value":{"Type":"STRING","Value":"/dav/"}},{"Key":"network.protocol.name","Value":{"Type":"STRING","Value":"http"}},{"Key":"network.protocol.version","Value":{"Type":"STRING","Value":"1.1"}},{"Key":"server.address","Value":{"Type":"STRING","Value":"localhost"}},{"Key":"server.port","Value":{"Type":"INT64","Value":34400}},{"Key":"url.scheme","Value":{"Type":"STRING","Value":"http"}}],"StartTime":"2026-01-04T14:09:07.90433315Z","Time":"2026-01-04T14:09:22.900438382Z","Count":1,"Bounds":[0,5,10,25,50,75,100,250,500,750,1000,2500,5000,7500,10000],"BucketCounts":[1,0,0,0,0,0,0,0,0,0,0,0,0,0,0,0],"Min":0,"Max":0,"Sum":0,"Exemplars":[{"FilteredAttributes":null,"Time":"2026-01-04T14:09:18.928194172Z","Value":0,"SpanID":"wZnmok+krJE=","TraceID":"arBLhW5+GY4GBoL8UKM5Fw=="}]}],"Temporality":"CumulativeTemporality"}},{"Name":"http.server.response.body.size","Description":"Size of HTTP server response bodies.","Unit":"By","Data":{"DataPoints":[{"Attributes":[{"Key":"http.request.method","Value":{"Type":"STRING","Value":"GET"}},{"Key":"http.response.status_code","Value":{"Type":"INT64","Value":200}},{"Key":"http.route","Value":{"Type":"STRING","Value":"/web/"}},{"Key":"network.protocol.name","Value":{"Type":"STRING","Value":"http"}},{"Key":"network.protocol.version","Value":{"Type":"STRING","Value":"1.1"}},{"Key":"server.address","Value":{"Type":"STRING","Value":"localhost"}},{"Key":"server.port","Value":{"Type":"INT64","Value":34400}},{"Key":"url.scheme","Value":{"Type":"STRING","Value":"http"}}],"StartTime":"2026-01-04T14:09:07.904775911Z","Time":"2026-01-04T14:09:22.9004891Z","Count":1,"Bounds":[0,5,10,25,50,75,100,250,500,750,1000,2500,5000,7500,10000],"BucketCounts":[0,0,0,0,0,0,0,0,0,0,0,1,0,0,0,0],"Min":1920,"Max":1920,"Sum":1920,"Exemplars":[{"FilteredAttributes":null,"Time":"2026-01-04T14:09:08.892982309Z","Value":1920,"SpanID":"5z9pZ9js62s=","TraceID":"NyaU+K+wr4GIKMU9XurTYQ=="}]},{"Attributes":[{"Key":"http.request.method","Value":{"Type":"STRING","Value":"POST"}},{"Key":"http.response.status_code","Value":{"Type":"INT64","Value":200}},{"Key":"http.route","Value":{"Type":"STRING","Value":"/api/"}},{"Key":"network.protocol.name","Value":{"Type":"STRING","Value":"http"}},{"Key":"network.protocol.version","Value":{"Type":"STRING","Value":"1.1"}},{"Key":"server.address","Value":{"Type":"STRING","Value":"localhost"}},{"Key":"server.port","Value":{"Type":"INT64","Value":34400}},{"Key":"url.scheme","Value":{"Type":"STRING","Value":"http"}}],"StartTime":"2026-01-04T14:09:07.904775911Z","Time":"2026-01-04T14:09:22.9004891Z","Count":1,"Bounds":[0,5,10,25,50,75,100,250,500,750,1000,2500,5000,7500,10000],"BucketCounts":[0,0,0,0,0,0,0,0,1,0,0,0,0,0,0,0],"Min":374,"Max":374,"Sum":374,"Exemplars":[{"FilteredAttributes":null,"Time":"2026-01-04T14:09:08.905040386Z","Value":374,"SpanID":"42/d7lSxk14=","TraceID":"ADi3JObXmZnw84c/RX8JJw=="}]},{"Attributes":[{"Key":"http.request.method","Value":{"Type":"STRING","Value":"GET"}},{"Key":"http.response.status_code","Value":{"Type":"INT64","Value":405}},{"Key":"http.route","Value":{"Type":"STRING","Value":"/dav/"}},{"Key":"network.protocol.name","Value":{"Type":"STRING","Value":"http"}},{"Key":"network.protocol.version","Value":{"Type":"STRING","Value":"1.1"}},{"Key":"server.address","Value":{"Type":"STRING","Value":"localhost"}},{"Key":"server.port","Value":{"Type":"INT64","Value":34400}},{"Key":"url.scheme","Value":{"Type":"STRING","Value":"http"}}],"StartTime":"2026-01-04T14:09:07.904775911Z","Time":"2026-01-04T14:09:22.9004891Z","Count":1,"Bounds":[0,5,10,25,50,75,100,250,500,750,1000,2500,5000,7500,10000],"BucketCounts":[0,0,0,1,0,0,0,0,0,0,0,0,0,0,0,0],"Min":18,"Max":18,"Sum":18,"Exemplars":[{"FilteredAttributes":null,"Time":"2026-01-04T14:09:18.925539424Z","Value":18,"SpanID":"D/LIXZKzZ6Q=","TraceID":"ierH7+gq17SCQeMfb4DpoQ=="}]},{"Attributes":[{"Key":"http.request.method","Value":{"Type":"STRING","Value":"_OTHER"}},{"Key":"http.response.status_code","Value":{"Type":"INT64","Value":207}},{"Key":"http.route","Value":{"Type":"STRING","Value":"/dav/"}},{"Key":"network.protocol.name","Value":{"Type":"STRING","Value":"http"}},{"Key":"network.protocol.version","Value":{"Type":"STRING","Value":"1.1"}},{"Key":"server.address","Value":{"Type":"STRING","Value":"localhost"}},{"Key":"server.port","Value":{"Type":"INT64","Value":34400}},{"Key":"url.scheme","Value":{"Type":"STRING","Value":"http"}}],"StartTime":"2026-01-04T14:09:07.904775911Z","Time":"2026-01-04T14:09:22.9004891Z","Count":1,"Bounds":[0,5,10,25,50,75,100,250,500,750,1000,2500,5000,7500,10000],"BucketCounts":[0,0,0,0,0,0,0,0,0,0,0,1,0,0,0,0],"Min":1318,"Max":1318,"Sum":1318,"Exemplars":[{"FilteredAttributes":null,"Time":"2026-01-04T14:09:18.928202096Z","Value":1318,"SpanID":"wZnmok+krJE=","TraceID":"arBLhW5+GY4GBoL8UKM5Fw=="}]}],"Temporality":"CumulativeTemporality"}},{"Name":"http.server.request.duration","Description":"Duration of HTTP server requests.","Unit":"s","Data":{"DataPoints":[{"Attributes":[{"Key":"http.request.method","Value":{"Type":"STRING","Value":"GET"}},{"Key":"http.response.status_code","Value":{"Type":"INT64","Value":200}},{"Key":"http.route","Value":{"Type":"STRING","Value":"/web/"}},{"Key":"network.protocol.name","Value":{"Type":"STRING","Value":"http"}},{"Key":"network.protocol.version","Value":{"Type":"STRING","Value":"1.1"}},{"Key":"server.address","Value":{"Type":"STRING","Value":"localhost"}},{"Key":"server.port","Value":{"Type":"INT64","Value":34400}},{"Key":"url.scheme","Value":{"Type":"STRING","Value":"http"}}],"StartTime":"2026-01-04T14:09:07.904789511Z","Time":"2026-01-04T14:09:22.900496345Z","Count":1,"Bounds":[0.005,0.01,0.025,0.05,0.075,0.1,0.25,0.5,0.75,1,2.5,5,7.5,10],"BucketCounts":[1,0,0,0,0,0,0,0,0,0,0,0,0,0,0],"Min":0.0011951050000000001,"Max":0.0011951050000000001,"Sum":0.0011951050000000001,"Exemplars":[{"FilteredAttributes":null,"Time":"2026-01-04T14:09:08.892988687Z","Value":0.0011951050000000001,"SpanID":"5z9pZ9js62s=","TraceID":"NyaU+K+wr4GIKMU9XurTYQ=="}]},{"Attributes":[{"Key":"http.request.method","Value":{"Type":"STRING","Value":"POST"}},{"Key":"http.response.status_code","Value":{"Type":"INT64","Value":200}},{"Key":"http.route","Value":{"Type":"STRING","Value":"/api/"}},{"Key":"network.protocol.name","Value":{"Type":"STRING","Value":"http"}},{"Key":"network.protocol.version","Value":{"Type":"STRING","Value":"1.1"}},{"Key":"server.address","Value":{"Type":"STRING","Value":"localhost"}},{"Key":"server.port","Value":{"Type":"INT64","Value":34400}},{"Key":"url.scheme","Value":{"Type":"STRING","Value":"http"}}],"StartTime":"2026-01-04T14:09:07.904789511Z","Time":"2026-01-04T14:09:22.900496345Z","Count":1,"Bounds":[0.005,0.01,0.025,0.05,0.075,0.1,0.25,0.5,0.75,1,2.5,5,7.5,10],"BucketCounts":[1,0,0,0,0,0,0,0,0,0,0,0,0,0,0],"Min":0.000334069,"Max":0.000334069,"Sum":0.000334069,"Exemplars":[{"FilteredAttributes":null,"Time":"2026-01-04T14:09:08.905049516Z","Value":0.000334069,"SpanID":"42/d7lSxk14=","TraceID":"ADi3JObXmZnw84c/RX8JJw=="}]},{"Attributes":[{"Key":"http.request.method","Value":{"Type":"STRING","Value":"GET"}},{"Key":"http.response.status_code","Value":{"Type":"INT64","Value":405}},{"Key":"http.route","Value":{"Type":"STRING","Value":"/dav/"}},{"Key":"network.protocol.name","Value":{"Type":"STRING","Value":"http"}},{"Key":"network.protocol.version","Value":{"Type":"STRING","Value":"1.1"}},{"Key":"server.address","Value":{"Type":"STRING","Value":"localhost"}},{"Key":"server.port","Value":{"Type":"INT64","Value":34400}},{"Key":"url.scheme","Value":{"Type":"STRING","Value":"http"}}],"StartTime":"2026-01-04T14:09:07.904789511Z","Time":"2026-01-04T14:09:22.900496345Z","Count":1,"Bounds":[0.005,0.01,0.025,0.05,0.075,0.1,0.25,0.5,0.75,1,2.5,5,7.5,10],"BucketCounts":[1,0,0,0,0,0,0,0,0,0,0,0,0,0,0],"Min":0.000106475,"Max":0.000106475,"Sum":0.000106475,"Exemplars":[{"FilteredAttributes":null,"Time":"2026-01-04T14:09:18.925544115Z","Value":0.000106475,"SpanID":"D/LIXZKzZ6Q=","TraceID":"ierH7+gq17SCQeMfb4DpoQ=="}]},{"Attributes":[{"Key":"http.request.method","Value":{"Type":"STRING","Value":"_OTHER"}},{"Key":"http.response.status_code","Value":{"Type":"INT64","Value":207}},{"Key":"http.route","Value":{"Type":"STRING","Value":"/dav/"}},{"Key":"network.protocol.name","Value":{"Type":"STRING","Value":"http"}},{"Key":"network.protocol.version","Value":{"Type":"STRING","Value":"1.1"}},{"Key":"server.address","Value":{"Type":"STRING","Value":"localhost"}},{"Key":"server.port","Value":{"Type":"INT64","Value":34400}},{"Key":"url.scheme","Value":{"Type":"STRING","Value":"http"}}],"StartTime":"2026-01-04T14:09:07.904789511Z","Time":"2026-01-04T14:09:22.900496345Z","Count":1,"Bounds":[0.005,0.01,0.025,0.05,0.075,0.1,0.25,0.5,0.75,1,2.5,5,7.5,10],"BucketCounts":[1,0,0,0,0,0,0,0,0,0,0,0,0,0,0],"Min":0.001967756,"Max":0.001967756,"Sum":0.001967756,"Exemplars":[{"FilteredAttributes":null,"Time":"2026-01-04T14:09:18.928205743Z","Value":0.001967756,"SpanID":"wZnmok+krJE=","TraceID":"arBLhW5+GY4GBoL8UKM5Fw=="}]}],"Temporality":"CumulativeTemporality"}}]}]}
{"Resource":[{"Key":"service.name","Value":{"Type":"STRING","Value":"unknown_service:xteve"}},{"Key":"telemetry.sdk.language","Value":{"Type":"STRING","Value":"go"}},{"Key":"telemetry.sdk.name","Value":{"Type":"STRING","Value":"opentelemetry"}},{"Key":"telemetry.sdk.version","Value":{"Type":"STRING","Value":"1.39.0"}}],"ScopeMetrics":[{"Scope":{"Name":"go.opentelemetry.io/contrib/instrumentation/net/http/otelhttp","Version":"0.64.0","SchemaURL":"","Attributes":null},"Metrics":[{"Name":"http.client.request.body.size","Description":"Size of HTTP client request bodies.","Unit":"By","Data":{"DataPoints":[{"Attributes":[{"Key":"http.request.method","Value":{"Type":"STRING","Value":"HEAD"}},{"Key":"http.response.status_code","Value":{"Type":"INT64","Value":200}},{"Key":"http.route","Value":{"Type":"STRING","Value":"/dav/"}},{"Key":"network.protocol.name","Value":{"Type":"STRING","Value":"http"}},{"Key":"network.protocol.version","Value":{"Type":"STRING","Value":"1.1"}},{"Key":"server.address","Value":{"Type":"STRING","Value":"localhost"}},{"Key":"server.port","Value":{"Type":"INT64","Value":8080}},{"Key":"url.scheme","Value":{"Type":"STRING","Value":"http"}}],"StartTime":"2026-01-04T14:09:07.899635976Z","Time":"2026-01-04T14:09:25.900211832Z","Count":1,"Bounds":[0,5,10,25,50,75,100,250,500,750,1000,2500,5000,7500,10000],"BucketCounts":[1,0,0,0,0,0,0,0,0,0,0,0,0,0,0,0],"Min":0,"Max":0,"Sum":0,"Exemplars":[{"FilteredAttributes":null,"Time":"2026-01-04T14:09:18.927283125Z","Value":0,"SpanID":"K778QxQgGMo=","TraceID":"arBLhW5+GY4GBoL8UKM5Fw=="}]},{"Attributes":[{"Key":"http.request.method","Value":{"Type":"STRING","Value":"GET"}},{"Key":"http.response.status_code","Value":{"Type":"INT64","Value":200}},{"Key":"network.protocol.name","Value":{"Type":"STRING","Value":"http"}},{"Key":"network.protocol.version","Value":{"Type":"STRING","Value":"1.1"}},{"Key":"server.address","Value":{"Type":"STRING","Value":"localhost"}},{"Key":"server.port","Value":{"Type":"INT64","Value":8080}},{"Key":"url.scheme","Value":{"Type":"STRING","Value":"http"}}],"StartTime":"2026-01-04T14:09:07.899635976Z","Time":"2026-01-04T14:09:25.900211832Z","Count":2,"Bounds":[0,5,10,25,50,75,100,250,500,750,1000,2500,5000,7500,10000],"BucketCounts":[2,0,0,0,0,0,0,0,0,0,0,0,0,0,0,0],"Min":0,"Max":0,"Sum":0,"Exemplars":[{"FilteredAttributes":null,"Time":"2026-01-04T14:09:18.93096892Z","Value":0,"SpanID":"DllFdrqAaZo=","TraceID":"b3yjwrYV8JkqrCT8iPzE/w=="}]}],"Temporality":"CumulativeTemporality"}},{"Name":"http.client.request.duration","Description":"Duration of HTTP client requests.","Unit":"s","Data":{"DataPoints":[{"Attributes":[{"Key":"http.request.method","Value":{"Type":"STRING","Value":"GET"}},{"Key":"http.response.status_code","Value":{"Type":"INT64","Value":200}},{"Key":"network.protocol.name","Value":{"Type":"STRING","Value":"http"}},{"Key":"network.protocol.version","Value":{"Type":"STRING","Value":"1.1"}},{"Key":"server.address","Value":{"Type":"STRING","Value":"localhost"}},{"Key":"server.port","Value":{"Type":"INT64","Value":8080}},{"Key":"url.scheme","Value":{"Type":"STRING","Value":"http"}}],"StartTime":"2026-01-04T14:09:07.899659799Z","Time":"2026-01-04T14:09:25.900239778Z","Count":2,"Bounds":[0.005,0.01,0.025,0.05,0.075,0.1,0.25,0.5,0.75,1,2.5,5,7.5,10],"BucketCounts":[2,0,0,0,0,0,0,0,0,0,0,0,0,0,0],"Min":0.000919176,"Max":0.001408896,"Sum":0.002328072,"Exemplars":[{"FilteredAttributes":null,"Time":"2026-01-04T14:09:18.930970826Z","Value":0.000919176,"SpanID":"DllFdrqAaZo=","TraceID":"b3yjwrYV8JkqrCT8iPzE/w=="}]},{"Attributes":[{"Key":"http.request.method","Value":{"Type":"STRING","Value":"HEAD"}},{"Key":"http.response.status_code","Value":{"Type":"INT64","Value":200}},{"Key":"http.route","Value":{"Type":"STRING","Value":"/dav/"}},{"Key":"network.protocol.name","Value":{"Type":"STRING","Value":"http"}},{"Key":"network.protocol.version","Value":{"Type":"STRING","Value":"1.1"}},{"Key":"server.address","Value":{"Type":"STRING","Value":"localhost"}},{"Key":"server.port","Value":{"Type":"INT64","Value":8080}},{"Key":"url.scheme","Value":{"Type":"STRING","Value":"http"}}],"StartTime":"2026-01-04T14:09:07.899659799Z","Time":"2026-01-04T14:09:25.900239778Z","Count":1,"Bounds":[0.005,0.01,0.025,0.05,0.075,0.1,0.25,0.5,0.75,1,2.5,5,7.5,10],"BucketCounts":[1,0,0,0,0,0,0,0,0,0,0,0,0,0,0],"Min":0.0005315189999999999,"Max":0.0005315189999999999,"Sum":0.0005315189999999999,"Exemplars":[{"FilteredAttributes":null,"Time":"2026-01-04T14:09:18.92729187Z","Value":0.0005315189999999999,"SpanID":"K778QxQgGMo=","TraceID":"arBLhW5+GY4GBoL8UKM5Fw=="}]}],"Temporality":"CumulativeTemporality"}},{"Name":"http.server.request.body.size","Description":"Size of HTTP server request bodies.","Unit":"By","Data":{"DataPoints":[{"Attributes":[{"Key":"http.request.method","Value":{"Type":"STRING","Value":"GET"}},{"Key":"http.response.status_code","Value":{"Type":"INT64","Value":200}},{"Key":"http.route","Value":{"Type":"STRING","Value":"/web/"}},{"Key":"network.protocol.name","Value":{"Type":"STRING","Value":"http"}},{"Key":"network.protocol.version","Value":{"Type":"STRING","Value":"1.1"}},{"Key":"server.address","Value":{"Type":"STRING","Value":"localhost"}},{"Key":"server.port","Value":{"Type":"INT64","Value":34400}},{"Key":"url.scheme","Value":{"Type":"STRING","Value":"http"}}],"StartTime":"2026-01-04T14:09:07.90433315Z","Time":"2026-01-04T14:09:25.900244705Z","Count":1,"Bounds":[0,5,10,25,50,75,100,250,500,750,1000,2500,5000,7500,10000],"BucketCounts":[1,0,0,0,0,0,0,0,0,0,0,0,0,0,0,0],"Min":0,"Max":0,"Sum":0,"Exemplars":[{"FilteredAttributes":null,"Time":"2026-01-04T14:09:08.892975434Z","Value":0,"SpanID":"5z9pZ9js62s=","TraceID":"NyaU+K+wr4GIKMU9XurTYQ=="}]},{"Attributes":[{"Key":"http.request.method","Value":{"Type":"STRING","Value":"POST"}},{"Key":"http.response.status_code","Value":{"Type":"INT64","Value":200}},{"Key":"http.route","Value":{"Type":"STRING","Value":"/api/"}},{"Key":"network.protocol.name","Value":{"Type":"STRING","Value":"http"}},{"Key":"network.protocol.version","Value":{"Type":"STRING","Value":"1.1"}},{"Key":"server.address","Value":{"Type":"STRING","Value":"localhost"}},{"Key":"server.port","Value":{"Type":"INT64","Value":34400}},{"Key":"url.scheme","Value":{"Type":"STRING","Value":"http"}}],"StartTime":"2026-01-04T14:09:07.90433315Z","Time":"2026-01-04T14:09:25.900244705Z","Count":1,"Bounds":[0,5,10,25,50,75,100,250,500,750,1000,2500,5000,7500,10000],"BucketCounts":[0,0,0,0,0,1,0,0,0,0,0,0,0,0,0,0],"Min":55,"Max":55,"Sum":55,"Exemplars":[{"FilteredAttributes":null,"Time":"2026-01-04T14:09:08.905026203Z","Value":55,"SpanID":"42/d7lSxk14=","TraceID":"ADi3JObXmZnw84c/RX8JJw=="}]},{"Attributes":[{"Key":"http.request.method","Value":{"Type":"STRING","Value":"GET"}},{"Key":"http.response.status_code","Value":{"Type":"INT64","Value":405}},{"Key":"http.route","Value":{"Type":"STRING","Value":"/dav/"}},{"Key":"network.protocol.name","Value":{"Type":"STRING","Value":"http"}},{"Key":"network.protocol.version","Value":{"Type":"STRING","Value":"1.1"}},{"Key":"server.address","Value":{"Type":"STRING","Value":"localhost"}},{"Key":"server.port","Value":{"Type":"INT64","Value":34400}},{"Key":"url.scheme","Value":{"Type":"STRING","Value":"http"}}],"StartTime":"2026-01-04T14:09:07.90433315Z","Time":"2026-01-04T14:09:25.900244705Z","Count":1,"Bounds":[0,5,10,25,50,75,100,250,500,750,1000,2500,5000,7500,10000],"BucketCounts":[1,0,0,0,0,0,0,0,0,0,0,0,0,0,0,0],"Min":0,"Max":0,"Sum":0,"Exemplars":[{"FilteredAttributes":null,"Time":"2026-01-04T14:09:18.925536525Z","Value":0,"SpanID":"D/LIXZKzZ6Q=","TraceID":"ierH7+gq17SCQeMfb4DpoQ=="}]},{"Attributes":[{"Key":"http.request.method","Value":{"Type":"STRING","Value":"_OTHER"}},{"Key":"http.response.status_code","Value":{"Type":"INT64","Value":207}},{"Key":"http.route","Value":{"Type":"STRING","Value":"/dav/"}},{"Key":"network.protocol.name","Value":{"Type":"STRING","Value":"http"}},{"Key":"network.protocol.version","Value":{"Type":"STRING","Value":"1.1"}},{"Key":"server.address","Value":{"Type":"STRING","Value":"localhost"}},{"Key":"server.port","Value":{"Type":"INT64","Value":34400}},{"Key":"url.scheme","Value":{"Type":"STRING","Value":"http"}}],"StartTime":"2026-01-04T14:09:07.90433315Z","Time":"2026-01-04T14:09:25.900244705Z","Count":1,"Bounds":[0,5,10,25,50,75,100,250,500,750,1000,2500,5000,7500,10000],"BucketCounts":[1,0,0,0,0,0,0,0,0,0,0,0,0,0,0,0],"Min":0,"Max":0,"Sum":0,"Exemplars":[{"FilteredAttributes":null,"Time":"2026-01-04T14:09:18.928194172Z","Value":0,"SpanID":"wZnmok+krJE=","TraceID":"arBLhW5+GY4GBoL8UKM5Fw=="}]}],"Temporality":"CumulativeTemporality"}},{"Name":"http.server.response.body.size","Description":"Size of HTTP server response bodies.","Unit":"By","Data":{"DataPoints":[{"Attributes":[{"Key":"http.request.method","Value":{"Type":"STRING","Value":"GET"}},{"Key":"http.response.status_code","Value":{"Type":"INT64","Value":405}},{"Key":"http.route","Value":{"Type":"STRING","Value":"/dav/"}},{"Key":"network.protocol.name","Value":{"Type":"STRING","Value":"http"}},{"Key":"network.protocol.version","Value":{"Type":"STRING","Value":"1.1"}},{"Key":"server.address","Value":{"Type":"STRING","Value":"localhost"}},{"Key":"server.port","Value":{"Type":"INT64","Value":34400}},{"Key":"url.scheme","Value":{"Type":"STRING","Value":"http"}}],"StartTime":"2026-01-04T14:09:07.904775911Z","Time":"2026-01-04T14:09:25.900251461Z","Count":1,"Bounds":[0,5,10,25,50,75,100,250,500,750,1000,2500,5000,7500,10000],"BucketCounts":[0,0,0,1,0,0,0,0,0,0,0,0,0,0,0,0],"Min":18,"Max":18,"Sum":18,"Exemplars":[{"FilteredAttributes":null,"Time":"2026-01-04T14:09:18.925539424Z","Value":18,"SpanID":"D/LIXZKzZ6Q=","TraceID":"ierH7+gq17SCQeMfb4DpoQ=="}]},{"Attributes":[{"Key":"http.request.method","Value":{"Type":"STRING","Value":"_OTHER"}},{"Key":"http.response.status_code","Value":{"Type":"INT64","Value":207}},{"Key":"http.route","Value":{"Type":"STRING","Value":"/dav/"}},{"Key":"network.protocol.name","Value":{"Type":"STRING","Value":"http"}},{"Key":"network.protocol.version","Value":{"Type":"STRING","Value":"1.1"}},{"Key":"server.address","Value":{"Type":"STRING","Value":"localhost"}},{"Key":"server.port","Value":{"Type":"INT64","Value":34400}},{"Key":"url.scheme","Value":{"Type":"STRING","Value":"http"}}],"StartTime":"2026-01-04T14:09:07.904775911Z","Time":"2026-01-04T14:09:25.900251461Z","Count":1,"Bounds":[0,5,10,25,50,75,100,250,500,750,1000,2500,5000,7500,10000],"BucketCounts":[0,0,0,0,0,0,0,0,0,0,0,1,0,0,0,0],"Min":1318,"Max":1318,"Sum":1318,"Exemplars":[{"FilteredAttributes":null,"Time":"2026-01-04T14:09:18.928202096Z","Value":1318,"SpanID":"wZnmok+krJE=","TraceID":"arBLhW5+GY4GBoL8UKM5Fw=="}]},{"Attributes":[{"Key":"http.request.method","Value":{"Type":"STRING","Value":"GET"}},{"Key":"http.response.status_code","Value":{"Type":"INT64","Value":200}},{"Key":"http.route","Value":{"Type":"STRING","Value":"/web/"}},{"Key":"network.protocol.name","Value":{"Type":"STRING","Value":"http"}},{"Key":"network.protocol.version","Value":{"Type":"STRING","Value":"1.1"}},{"Key":"server.address","Value":{"Type":"STRING","Value":"localhost"}},{"Key":"server.port","Value":{"Type":"INT64","Value":34400}},{"Key":"url.scheme","Value":{"Type":"STRING","Value":"http"}}],"StartTime":"2026-01-04T14:09:07.904775911Z","Time":"2026-01-04T14:09:25.900251461Z","Count":1,"Bounds":[0,5,10,25,50,75,100,250,500,750,1000,2500,5000,7500,10000],"BucketCounts":[0,0,0,0,0,0,0,0,0,0,0,1,0,0,0,0],"Min":1920,"Max":1920,"Sum":1920,"Exemplars":[{"FilteredAttributes":null,"Time":"2026-01-04T14:09:08.892982309Z","Value":1920,"SpanID":"5z9pZ9js62s=","TraceID":"NyaU+K+wr4GIKMU9XurTYQ=="}]},{"Attributes":[{"Key":"http.request.method","Value":{"Type":"STRING","Value":"POST"}},{"Key":"http.response.status_code","Value":{"Type":"INT64","Value":200}},{"Key":"http.route","Value":{"Type":"STRING","Value":"/api/"}},{"Key":"network.protocol.name","Value":{"Type":"STRING","Value":"http"}},{"Key":"network.protocol.version","Value":{"Type":"STRING","Value":"1.1"}},{"Key":"server.address","Value":{"Type":"STRING","Value":"localhost"}},{"Key":"server.port","Value":{"Type":"INT64","Value":34400}},{"Key":"url.scheme","Value":{"Type":"STRING","Value":"http"}}],"StartTime":"2026-01-04T14:09:07.904775911Z","Time":"2026-01-04T14:09:25.900251461Z","Count":1,"Bounds":[0,5,10,25,50,75,100,250,500,750,1000,2500,5000,7500,10000],"BucketCounts":[0,0,0,0,0,0,0,0,1,0,0,0,0,0,0,0],"Min":374,"Max":374,"Sum":374,"Exemplars":[{"FilteredAttributes":null,"Time":"2026-01-04T14:09:08.905040386Z","Value":374,"SpanID":"42/d7lSxk14=","TraceID":"ADi3JObXmZnw84c/RX8JJw=="}]}],"Temporality":"CumulativeTemporality"}},{"Name":"http.server.request.duration","Description":"Duration of HTTP server requests.","Unit":"s","Data":{"DataPoints":[{"Attributes":[{"Key":"http.request.method","Value":{"Type":"STRING","Value":"GET"}},{"Key":"http.response.status_code","Value":{"Type":"INT64","Value":200}},{"Key":"http.route","Value":{"Type":"STRING","Value":"/web/"}},{"Key":"network.protocol.name","Value":{"Type":"STRING","Value":"http"}},{"Key":"network.protocol.version","Value":{"Type":"STRING","Value":"1.1"}},{"Key":"server.address","Value":{"Type":"STRING","Value":"localhost"}},{"Key":"server.port","Value":{"Type":"INT64","Value":34400}},{"Key":"url.scheme","Value":{"Type":"STRING","Value":"http"}}],"StartTime":"2026-01-04T14:09:07.904789511Z","Time":"2026-01-04T14:09:25.900256775Z","Count":1,"Bounds":[0.005,0.01,0.025,0.05,0.075,0.1,0.25,0.5,0.75,1,2.5,5,7.5,10],"BucketCounts":[1,0,0,0,0,0,0,0,0,0,0,0,0,0,0],"Min":0.0011951050000000001,"Max":0.0011951050000000001,"Sum":0.0011951050000000001,"Exemplars":[{"FilteredAttributes":null,"Time":"2026-01-04T14:09:08.892988687Z","Value":0.0011951050000000001,"SpanID":"5z9pZ9js62s=","TraceID":"NyaU+K+wr4GIKMU9XurTYQ=="}]},{"Attributes":[{"Key":"http.request.method","Value":{"Type":"STRING","Value":"POST"}},{"Key":"http.response.status_code","Value":{"Type":"INT64","Value":200}},{"Key":"http.route","Value":{"Type":"STRING","Value":"/api/"}},{"Key":"network.protocol.name","Value":{"Type":"STRING","Value":"http"}},{"Key":"network.protocol.version","Value":{"Type":"STRING","Value":"1.1"}},{"Key":"server.address","Value":{"Type":"STRING","Value":"localhost"}},{"Key":"server.port","Value":{"Type":"INT64","Value":34400}},{"Key":"url.scheme","Value":{"Type":"STRING","Value":"http"}}],"StartTime":"2026-01-04T14:09:07.904789511Z","Time":"2026-01-04T14:09:25.900256775Z","Count":1,"Bounds":[0.005,0.01,0.025,0.05,0.075,0.1,0.25,0.5,0.75,1,2.5,5,7.5,10],"BucketCounts":[1,0,0,0,0,0,0,0,0,0,0,0,0,0,0],"Min":0.000334069,"Max":0.000334069,"Sum":0.000334069,"Exemplars":[{"FilteredAttributes":null,"Time":"2026-01-04T14:09:08.905049516Z","Value":0.000334069,"SpanID":"42/d7lSxk14=","TraceID":"ADi3JObXmZnw84c/RX8JJw=="}]},{"Attributes":[{"Key":"http.request.method","Value":{"Type":"STRING","Value":"GET"}},{"Key":"http.response.status_code","Value":{"Type":"INT64","Value":405}},{"Key":"http.route","Value":{"Type":"STRING","Value":"/dav/"}},{"Key":"network.protocol.name","Value":{"Type":"STRING","Value":"http"}},{"Key":"network.protocol.version","Value":{"Type":"STRING","Value":"1.1"}},{"Key":"server.address","Value":{"Type":"STRING","Value":"localhost"}},{"Key":"server.port","Value":{"Type":"INT64","Value":34400}},{"Key":"url.scheme","Value":{"Type":"STRING","Value":"http"}}],"StartTime":"2026-01-04T14:09:07.904789511Z","Time":"2026-01-04T14:09:25.900256775Z","Count":1,"Bounds":[0.005,0.01,0.025,0.05,0.075,0.1,0.25,0.5,0.75,1,2.5,5,7.5,10],"BucketCounts":[1,0,0,0,0,0,0,0,0,0,0,0,0,0,0],"Min":0.000106475,"Max":0.000106475,"Sum":0.000106475,"Exemplars":[{"FilteredAttributes":null,"Time":"2026-01-04T14:09:18.925544115Z","Value":0.000106475,"SpanID":"D/LIXZKzZ6Q=","TraceID":"ierH7+gq17SCQeMfb4DpoQ=="}]},{"Attributes":[{"Key":"http.request.method","Value":{"Type":"STRING","Value":"_OTHER"}},{"Key":"http.response.status_code","Value":{"Type":"INT64","Value":207}},{"Key":"http.route","Value":{"Type":"STRING","Value":"/dav/"}},{"Key":"network.protocol.name","Value":{"Type":"STRING","Value":"http"}},{"Key":"network.protocol.version","Value":{"Type":"STRING","Value":"1.1"}},{"Key":"server.address","Value":{"Type":"STRING","Value":"localhost"}},{"Key":"server.port","Value":{"Type":"INT64","Value":34400}},{"Key":"url.scheme","Value":{"Type":"STRING","Value":"http"}}],"StartTime":"2026-01-04T14:09:07.904789511Z","Time":"2026-01-04T14:09:25.900256775Z","Count":1,"Bounds":[0.005,0.01,0.025,0.05,0.075,0.1,0.25,0.5,0.75,1,2.5,5,7.5,10],"BucketCounts":[1,0,0,0,0,0,0,0,0,0,0,0,0,0,0],"Min":0.001967756,"Max":0.001967756,"Sum":0.001967756,"Exemplars":[{"FilteredAttributes":null,"Time":"2026-01-04T14:09:18.928205743Z","Value":0.001967756,"SpanID":"wZnmok+krJE=","TraceID":"arBLhW5+GY4GBoL8UKM5Fw=="}]}],"Temporality":"CumulativeTemporality"}}]}]}
{"Resource":[{"Key":"service.name","Value":{"Type":"STRING","Value":"unknown_service:xteve"}},{"Key":"telemetry.sdk.language","Value":{"Type":"STRING","Value":"go"}},{"Key":"telemetry.sdk.name","Value":{"Type":"STRING","Value":"opentelemetry"}},{"Key":"telemetry.sdk.version","Value":{"Type":"STRING","Value":"1.39.0"}}],"ScopeMetrics":[{"Scope":{"Name":"go.opentelemetry.io/contrib/instrumentation/net/http/otelhttp","Version":"0.64.0","SchemaURL":"","Attributes":null},"Metrics":[{"Name":"http.client.request.body.size","Description":"Size of HTTP client request bodies.","Unit":"By","Data":{"DataPoints":[{"Attributes":[{"Key":"http.request.method","Value":{"Type":"STRING","Value":"GET"}},{"Key":"http.response.status_code","Value":{"Type":"INT64","Value":200}},{"Key":"network.protocol.name","Value":{"Type":"STRING","Value":"http"}},{"Key":"network.protocol.version","Value":{"Type":"STRING","Value":"1.1"}},{"Key":"server.address","Value":{"Type":"STRING","Value":"localhost"}},{"Key":"server.port","Value":{"Type":"INT64","Value":8080}},{"Key":"url.scheme","Value":{"Type":"STRING","Value":"http"}}],"StartTime":"2026-01-04T14:09:07.899635976Z","Time":"2026-01-04T14:09:28.900896136Z","Count":2,"Bounds":[0,5,10,25,50,75,100,250,500,750,1000,2500,5000,7500,10000],"BucketCounts":[2,0,0,0,0,0,0,0,0,0,0,0,0,0,0,0],"Min":0,"Max":0,"Sum":0,"Exemplars":[{"FilteredAttributes":null,"Time":"2026-01-04T14:09:18.93096892Z","Value":0,"SpanID":"DllFdrqAaZo=","TraceID":"b3yjwrYV8JkqrCT8iPzE/w=="}]},{"Attributes":[{"Key":"http.request.method","Value":{"Type":"STRING","Value":"HEAD"}},{"Key":"http.response.status_code","Value":{"Type":"INT64","Value":200}},{"Key":"http.route","Value":{"Type":"STRING","Value":"/dav/"}},{"Key":"network.protocol.name","Value":{"Type":"STRING","Value":"http"}},{"Key":"network.protocol.version","Value":{"Type":"STRING","Value":"1.1"}},{"Key":"server.address","Value":{"Type":"STRING","Value":"localhost"}},{"Key":"server.port","Value":{"Type":"INT64","Value":8080}},{"Key":"url.scheme","Value":{"Type":"STRING","Value":"http"}}],"StartTime":"2026-01-04T14:09:07.899635976Z","Time":"2026-01-04T14:09:28.900896136Z","Count":1,"Bounds":[0,5,10,25,50,75,100,250,500,750,1000,2500,5000,7500,10000],"BucketCounts":[1,0,0,0,0,0,0,0,0,0,0,0,0,0,0,0],"Min":0,"Max":0,"Sum":0,"Exemplars":[{"FilteredAttributes":null,"Time":"2026-01-04T14:09:18.927283125Z","Value":0,"SpanID":"K778QxQgGMo=","TraceID":"arBLhW5+GY4GBoL8UKM5Fw=="}]}],"Temporality":"CumulativeTemporality"}},{"Name":"http.client.request.duration","Description":"Duration of HTTP client requests.","Unit":"s","Data":{"DataPoints":[{"Attributes":[{"Key":"http.request.method","Value":{"Type":"STRING","Value":"GET"}},{"Key":"http.response.status_code","Value":{"Type":"INT64","Value":200}},{"Key":"network.protocol.name","Value":{"Type":"STRING","Value":"http"}},{"Key":"network.protocol.version","Value":{"Type":"STRING","Value":"1.1"}},{"Key":"server.address","Value":{"Type":"STRING","Value":"localhost"}},{"Key":"server.port","Value":{"Type":"INT64","Value":8080}},{"Key":"url.scheme","Value":{"Type":"STRING","Value":"http"}}],"StartTime":"2026-01-04T14:09:07.899659799Z","Time":"2026-01-04T14:09:28.900909077Z","Count":2,"Bounds":[0.005,0.01,0.025,0.05,0.075,0.1,0.25,0.5,0.75,1,2.5,5,7.5,10],"BucketCounts":[2,0,0,0,0,0,0,0,0,0,0,0,0,0,0],"Min":0.000919176,"Max":0.001408896,"Sum":0.002328072,"Exemplars":[{"FilteredAttributes":null,"Time":"2026-01-04T14:09:18.930970826Z","Value":0.000919176,"SpanID":"DllFdrqAaZo=","TraceID":"b3yjwrYV8JkqrCT8iPzE/w=="}]},{"Attributes":[{"Key":"http.request.method","Value":{"Type":"STRING","Value":"HEAD"}},{"Key":"http.response.status_code","Value":{"Type":"INT64","Value":200}},{"Key":"http.route","Value":{"Type":"STRING","Value":"/dav/"}},{"Key":"network.protocol.name","Value":{"Type":"STRING","Value":"http"}},{"Key":"network.protocol.version","Value":{"Type":"STRING","Value":"1.1"}},{"Key":"server.address","Value":{"Type":"STRING","Value":"localhost"}},{"Key":"server.port","Value":{"Type":"INT64","Value":8080}},{"Key":"url.scheme","Value":{"Type":"STRING","Value":"http"}}],"StartTime":"2026-01-04T14:09:07.899659799Z","Time":"2026-01-04T14:09:28.900909077Z","Count":1,"Bounds":[0.005,0.01,0.025,0.05,0.075,0.1,0.25,0.5,0.75,1,2.5,5,7.5,10],"BucketCounts":[1,0,0,0,0,0,0,0,0,0,0,0,0,0,0],"Min":0.0005315189999999999,"Max":0.0005315189999999999,"Sum":0.0005315189999999999,"Exemplars":[{"FilteredAttributes":null,"Time":"2026-01-04T14:09:18.92729187Z","Value":0.0005315189999999999,"SpanID":"K778QxQgGMo=","TraceID":"arBLhW5+GY4GBoL8UKM5Fw=="}]}],"Temporality":"CumulativeTemporality"}},{"Name":"http.server.request.body.size","Description":"Size of HTTP server request bodies.","Unit":"By","Data":{"DataPoints":[{"Attributes":[{"Key":"http.request.method","Value":{"Type":"STRING","Value":"POST"}},{"Key":"http.response.status_code","Value":{"Type":"INT64","Value":200}},{"Key":"http.route","Value":{"Type":"STRING","Value":"/api/"}},{"Key":"network.protocol.name","Value":{"Type":"STRING","Value":"http"}},{"Key":"network.protocol.version","Value":{"Type":"STRING","Value":"1.1"}},{"Key":"server.address","Value":{"Type":"STRING","Value":"localhost"}},{"Key":"server.port","Value":{"Type":"INT64","Value":34400}},{"Key":"url.scheme","Value":{"Type":"STRING","Value":"http"}}],"StartTime":"2026-01-04T14:09:07.90433315Z","Time":"2026-01-04T14:09:28.900914701Z","Count":1,"Bounds":[0,5,10,25,50,75,100,250,500,750,1000,2500,5000,7500,10000],"BucketCounts":[0,0,0,0,0,1,0,0,0,0,0,0,0,0,0,0],"Min":55,"Max":55,"Sum":55,"Exemplars":[{"FilteredAttributes":null,"Time":"2026-01-04T14:09:08.905026203Z","Value":55,"SpanID":"42/d7lSxk14=","TraceID":"ADi3JObXmZnw84c/RX8JJw=="}]},{"Attributes":[{"Key":"http.request.method","Value":{"Type":"STRING","Value":"GET"}},{"Key":"http.response.status_code","Value":{"Type":"INT64","Value":405}},{"Key":"http.route","Value":{"Type":"STRING","Value":"/dav/"}},{"Key":"network.protocol.name","Value":{"Type":"STRING","Value":"http"}},{"Key":"network.protocol.version","Value":{"Type":"STRING","Value":"1.1"}},{"Key":"server.address","Value":{"Type":"STRING","Value":"localhost"}},{"Key":"server.port","Value":{"Type":"INT64","Value":34400}},{"Key":"url.scheme","Value":{"Type":"STRING","Value":"http"}}],"StartTime":"2026-01-04T14:09:07.90433315Z","Time":"2026-01-04T14:09:28.900914701Z","Count":1,"Bounds":[0,5,10,25,50,75,100,250,500,750,1000,2500,5000,7500,10000],"BucketCounts":[1,0,0,0,0,0,0,0,0,0,0,0,0,0,0,0],"Min":0,"Max":0,"Sum":0,"Exemplars":[{"FilteredAttributes":null,"Time":"2026-01-04T14:09:18.925536525Z","Value":0,"SpanID":"D/LIXZKzZ6Q=","TraceID":"ierH7+gq17SCQeMfb4DpoQ=="}]},{"Attributes":[{"Key":"http.request.method","Value":{"Type":"STRING","Value":"_OTHER"}},{"Key":"http.response.status_code","Value":{"Type":"INT64","Value":207}},{"Key":"http.route","Value":{"Type":"STRING","Value":"/dav/"}},{"Key":"network.protocol.name","Value":{"Type":"STRING","Value":"http"}},{"Key":"network.protocol.version","Value":{"Type":"STRING","Value":"1.1"}},{"Key":"server.address","Value":{"Type":"STRING","Value":"localhost"}},{"Key":"server.port","Value":{"Type":"INT64","Value":34400}},{"Key":"url.scheme","Value":{"Type":"STRING","Value":"http"}}],"StartTime":"2026-01-04T14:09:07.90433315Z","Time":"2026-01-04T14:09:28.900914701Z","Count":1,"Bounds":[0,5,10,25,50,75,100,250,500,750,1000,2500,5000,7500,10000],"BucketCounts":[1,0,0,0,0,0,0,0,0,0,0,0,0,0,0,0],"Min":0,"Max":0,"Sum":0,"Exemplars":[{"FilteredAttributes":null,"Time":"2026-01-04T14:09:18.928194172Z","Value":0,"SpanID":"wZnmok+krJE=","TraceID":"arBLhW5+GY4GBoL8UKM5Fw=="}]},{"Attributes":[{"Key":"http.request.method","Value":{"Type":"STRING","Value":"GET"}},{"Key":"http.response.status_code","Value":{"Type":"INT64","Value":200}},{"Key":"http.route","Value":{"Type":"STRING","Value":"/web/"}},{"Key":"network.protocol.name","Value":{"Type":"STRING","Value":"http"}},{"Key":"network.protocol.version","Value":{"Type":"STRING","Value":"1.1"}},{"Key":"server.address","Value":{"Type":"STRING","Value":"localhost"}},{"Key":"server.port","Value":{"Type":"INT64","Value":34400}},{"Key":"url.scheme","Value":{"Type":"STRING","Value":"http"}}],"StartTime":"2026-01-04T14:09:07.90433315Z","Time":"2026-01-04T14:09:28.900914701Z","Count":1,"Bounds":[0,5,10,25,50,75,100,250,500,750,1000,2500,5000,7500,10000],"BucketCounts":[1,0,0,0,0,0,0,0,0,0,0,0,0,0,0,0],"Min":0,"Max":0,"Sum":0,"Exemplars":[{"FilteredAttributes":null,"Time":"2026-01-04T14:09:08.892975434Z","Value":0,"SpanID":"5z9pZ9js62s=","TraceID":"NyaU+K+wr4GIKMU9XurTYQ=="}]}],"Temporality":"CumulativeTemporality"}},{"Name":"http.server.response.body.size","Description":"Size of HTTP server response bodies.","Unit":"By","Data":{"DataPoints":[{"Attributes":[{"Key":"http.request.method","Value":{"Type":"STRING","Value":"GET"}},{"Key":"http.response.status_code","Value":{"Type":"INT64","Value":200}},{"Key":"http.route","Value":{"Type":"STRING","Value":"/web/"}},{"Key":"network.protocol.name","Value":{"Type":"STRING","Value":"http"}},{"Key":"network.protocol.version","Value":{"Type":"STRING","Value":"1.1"}},{"Key":"server.address","Value":{"Type":"STRING","Value":"localhost"}},{"Key":"server.port","Value":{"Type":"INT64","Value":34400}},{"Key":"url.scheme","Value":{"Type":"STRING","Value":"http"}}],"StartTime":"2026-01-04T14:09:07.904775911Z","Time":"2026-01-04T14:09:28.9009208Z","Count":1,"Bounds":[0,5,10,25,50,75,100,250,500,750,1000,2500,5000,7500,10000],"BucketCounts":[0,0,0,0,0,0,0,0,0,0,0,1,0,0,0,0],"Min":1920,"Max":1920,"Sum":1920,"Exemplars":[{"FilteredAttributes":null,"Time":"2026-01-04T14:09:08.892982309Z","Value":1920,"SpanID":"5z9pZ9js62s=","TraceID":"NyaU+K+wr4GIKMU9XurTYQ=="}]},{"Attributes":[{"Key":"http.request.method","Value":{"Type":"STRING","Value":"POST"}},{"Key":"http.response.status_code","Value":{"Type":"INT64","Value":200}},{"Key":"http.route","Value":{"Type":"STRING","Value":"/api/"}},{"Key":"network.protocol.name","Value":{"Type":"STRING","Value":"http"}},{"Key":"network.protocol.version","Value":{"Type":"STRING","Value":"1.1"}},{"Key":"server.address","Value":{"Type":"STRING","Value":"localhost"}},{"Key":"server.port","Value":{"Type":"INT64","Value":34400}},{"Key":"url.scheme","Value":{"Type":"STRING","Value":"http"}}],"StartTime":"2026-01-04T14:09:07.904775911Z","Time":"2026-01-04T14:09:28.9009208Z","Count":1,"Bounds":[0,5,10,25,50,75,100,250,500,750,1000,2500,5000,7500,10000],"BucketCounts":[0,0,0,0,0,0,0,0,1,0,0,0,0,0,0,0],"Min":374,"Max":374,"Sum":374,"Exemplars":[{"FilteredAttributes":null,"Time":"2026-01-04T14:09:08.905040386Z","Value":374,"SpanID":"42/d7lSxk14=","TraceID":"ADi3JObXmZnw84c/RX8JJw=="}]},{"Attributes":[{"Key":"http.request.method","Value":{"Type":"STRING","Value":"GET"}},{"Key":"http.response.status_code","Value":{"Type":"INT64","Value":405}},{"Key":"http.route","Value":{"Type":"STRING","Value":"/dav/"}},{"Key":"network.protocol.name","Value":{"Type":"STRING","Value":"http"}},{"Key":"network.protocol.version","Value":{"Type":"STRING","Value":"1.1"}},{"Key":"server.address","Value":{"Type":"STRING","Value":"localhost"}},{"Key":"server.port","Value":{"Type":"INT64","Value":34400}},{"Key":"url.scheme","Value":{"Type":"STRING","Value":"http"}}],"StartTime":"2026-01-04T14:09:07.904775911Z","Time":"2026-01-04T14:09:28.9009208Z","Count":1,"Bounds":[0,5,10,25,50,75,100,250,500,750,1000,2500,5000,7500,10000],"BucketCounts":[0,0,0,1,0,0,0,0,0,0,0,0,0,0,0,0],"Min":18,"Max":18,"Sum":18,"Exemplars":[{"FilteredAttributes":null,"Time":"2026-01-04T14:09:18.925539424Z","Value":18,"SpanID":"D/LIXZKzZ6Q=","TraceID":"ierH7+gq17SCQeMfb4DpoQ=="}]},{"Attributes":[{"Key":"http.request.method","Value":{"Type":"STRING","Value":"_OTHER"}},{"Key":"http.response.status_code","Value":{"Type":"INT64","Value":207}},{"Key":"http.route","Value":{"Type":"STRING","Value":"/dav/"}},{"Key":"network.protocol.name","Value":{"Type":"STRING","Value":"http"}},{"Key":"network.protocol.version","Value":{"Type":"STRING","Value":"1.1"}},{"Key":"server.address","Value":{"Type":"STRING","Value":"localhost"}},{"Key":"server.port","Value":{"Type":"INT64","Value":34400}},{"Key":"url.scheme","Value":{"Type":"STRING","Value":"http"}}],"StartTime":"2026-01-04T14:09:07.904775911Z","Time":"2026-01-04T14:09:28.9009208Z","Count":1,"Bounds":[0,5,10,25,50,75,100,250,500,750,1000,2500,5000,7500,10000],"BucketCounts":[0,0,0,0,0,0,0,0,0,0,0,1,0,0,0,0],"Min":1318,"Max":1318,"Sum":1318,"Exemplars":[{"FilteredAttributes":null,"Time":"2026-01-04T14:09:18.928202096Z","Value":1318,"SpanID":"wZnmok+krJE=","TraceID":"arBLhW5+GY4GBoL8UKM5Fw=="}]}],"Temporality":"CumulativeTemporality"}},{"Name":"http.server.request.duration","Description":"Duration of HTTP server requests.","Unit":"s","Data":{"DataPoints":[{"Attributes":[{"Key":"http.request.method","Value":{"Type":"STRING","Value":"_OTHER"}},{"Key":"http.response.status_code","Value":{"Type":"INT64","Value":207}},{"Key":"http.route","Value":{"Type":"STRING","Value":"/dav/"}},{"Key":"network.protocol.name","Value":{"Type":"STRING","Value":"http"}},{"Key":"network.protocol.version","Value":{"Type":"STRING","Value":"1.1"}},{"Key":"server.address","Value":{"Type":"STRING","Value":"localhost"}},{"Key":"server.port","Value":{"Type":"INT64","Value":34400}},{"Key":"url.scheme","Value":{"Type":"STRING","Value":"http"}}],"StartTime":"2026-01-04T14:09:07.904789511Z","Time":"2026-01-04T14:09:28.900925709Z","Count":1,"Bounds":[0.005,0.01,0.025,0.05,0.075,0.1,0.25,0.5,0.75,1,2.5,5,7.5,10],"BucketCounts":[1,0,0,0,0,0,0,0,0,0,0,0,0,0,0],"Min":0.001967756,"Max":0.001967756,"Sum":0.001967756,"Exemplars":[{"FilteredAttributes":null,"Time":"2026-01-04T14:09:18.928205743Z","Value":0.001967756,"SpanID":"wZnmok+krJE=","TraceID":"arBLhW5+GY4GBoL8UKM5Fw=="}]},{"Attributes":[{"Key":"http.request.method","Value":{"Type":"STRING","Value":"GET"}},{"Key":"http.response.status_code","Value":{"Type":"INT64","Value":200}},{"Key":"http.route","Value":{"Type":"STRING","Value":"/web/"}},{"Key":"network.protocol.name","Value":{"Type":"STRING","Value":"http"}},{"Key":"network.protocol.version","Value":{"Type":"STRING","Value":"1.1"}},{"Key":"server.address","Value":{"Type":"STRING","Value":"localhost"}},{"Key":"server.port","Value":{"Type":"INT64","Value":34400}},{"Key":"url.scheme","Value":{"Type":"STRING","Value":"http"}}],"StartTime":"2026-01-04T14:09:07.904789511Z","Time":"2026-01-04T14:09:28.900925709Z","Count":1,"Bounds":[0.005,0.01,0.025,0.05,0.075,0.1,0.25,0.5,0.75,1,2.5,5,7.5,10],"BucketCounts":[1,0,0,0,0,0,0,0,0,0,0,0,0,0,0],"Min":0.0011951050000000001,"Max":0.0011951050000000001,"Sum":0.0011951050000000001,"Exemplars":[{"FilteredAttributes":null,"Time":"2026-01-04T14:09:08.892988687Z","Value":0.0011951050000000001,"SpanID":"5z9pZ9js62s=","TraceID":"NyaU+K+wr4GIKMU9XurTYQ=="}]},{"Attributes":[{"Key":"http.request.method","Value":{"Type":"STRING","Value":"POST"}},{"Key":"http.response.status_code","Value":{"Type":"INT64","Value":200}},{"Key":"http.route","Value":{"Type":"STRING","Value":"/api/"}},{"Key":"network.protocol.name","Value":{"Type":"STRING","Value":"http"}},{"Key":"network.protocol.version","Value":{"Type":"STRING","Value":"1.1"}},{"Key":"server.address","Value":{"Type":"STRING","Value":"localhost"}},{"Key":"server.port","Value":{"Type":"INT64","Value":34400}},{"Key":"url.scheme","Value":{"Type":"STRING","Value":"http"}}],"StartTime":"2026-01-04T14:09:07.904789511Z","Time":"2026-01-04T14:09:28.900925709Z","Count":1,"Bounds":[0.005,0.01,0.025,0.05,0.075,0.1,0.25,0.5,0.75,1,2.5,5,7.5,10],"BucketCounts":[1,0,0,0,0,0,0,0,0,0,0,0,0,0,0],"Min":0.000334069,"Max":0.000334069,"Sum":0.000334069,"Exemplars":[{"FilteredAttributes":null,"Time":"2026-01-04T14:09:08.905049516Z","Value":0.000334069,"SpanID":"42/d7lSxk14=","TraceID":"ADi3JObXmZnw84c/RX8JJw=="}]},{"Attributes":[{"Key":"http.request.method","Value":{"Type":"STRING","Value":"GET"}},{"Key":"http.response.status_code","Value":{"Type":"INT64","Value":405}},{"Key":"http.route","Value":{"Type":"STRING","Value":"/dav/"}},{"Key":"network.protocol.name","Value":{"Type":"STRING","Value":"http"}},{"Key":"network.protocol.version","Value":{"Type":"STRING","Value":"1.1"}},{"Key":"server.address","Value":{"Type":"STRING","Value":"localhost"}},{"Key":"server.port","Value":{"Type":"INT64","Value":34400}},{"Key":"url.scheme","Value":{"Type":"STRING","Value":"http"}}],"StartTime":"2026-01-04T14:09:07.904789511Z","Time":"2026-01-04T14:09:28.900925709Z","Count":1,"Bounds":[0.005,0.01,0.025,0.05,0.075,0.1,0.25,0.5,0.75,1,2.5,5,7.5,10],"BucketCounts":[1,0,0,0,0,0,0,0,0,0,0,0,0,0,0],"Min":0.000106475,"Max":0.000106475,"Sum":0.000106475,"Exemplars":[{"FilteredAttributes":null,"Time":"2026-01-04T14:09:18.925544115Z","Value":0.000106475,"SpanID":"D/LIXZKzZ6Q=","TraceID":"ierH7+gq17SCQeMfb4DpoQ=="}]}],"Temporality":"CumulativeTemporality"}}]}]}
{"Resource":[{"Key":"service.name","Value":{"Type":"STRING","Value":"unknown_service:xteve"}},{"Key":"telemetry.sdk.language","Value":{"Type":"STRING","Value":"go"}},{"Key":"telemetry.sdk.name","Value":{"Type":"STRING","Value":"opentelemetry"}},{"Key":"telemetry.sdk.version","Value":{"Type":"STRING","Value":"1.39.0"}}],"ScopeMetrics":[{"Scope":{"Name":"go.opentelemetry.io/contrib/instrumentation/net/http/otelhttp","Version":"0.64.0","SchemaURL":"","Attributes":null},"Metrics":[{"Name":"http.client.request.body.size","Description":"Size of HTTP client request bodies.","Unit":"By","Data":{"DataPoints":[{"Attributes":[{"Key":"http.request.method","Value":{"Type":"STRING","Value":"GET"}},{"Key":"http.response.status_code","Value":{"Type":"INT64","Value":200}},{"Key":"network.protocol.name","Value":{"Type":"STRING","Value":"http"}},{"Key":"network.protocol.version","Value":{"Type":"STRING","Value":"1.1"}},{"Key":"server.address","Value":{"Type":"STRING","Value":"localhost"}},{"Key":"server.port","Value":{"Type":"INT64","Value":8080}},{"Key":"url.scheme","Value":{"Type":"STRING","Value":"http"}}],"StartTime":"2026-01-04T14:09:07.899635976Z","Time":"2026-01-04T14:09:31.899807164Z","Count":2,"Bounds":[0,5,10,25,50,75,100,250,500,750,1000,2500,5000,7500,10000],"BucketCounts":[2,0,0,0,0,0,0,0,0,0,0,0,0,0,0,0],"Min":0,"Max":0,"Sum":0,"Exemplars":[{"FilteredAttributes":null,"Time":"2026-01-04T14:09:18.93096892Z","Value":0,"SpanID":"DllFdrqAaZo=","TraceID":"b3yjwrYV8JkqrCT8iPzE/w=="}]},{"Attributes":[{"Key":"http.request.method","Value":{"Type":"STRING","Value":"HEAD"}},{"Key":"http.response.status_code","Value":{"Type":"INT64","Value":200}},{"Key":"http.route","Value":{"Type":"STRING","Value":"/dav/"}},{"Key":"network.protocol.name","Value":{"Type":"STRING","Value":"http"}},{"Key":"network.protocol.version","Value":{"Type":"STRING","Value":"1.1"}},{"Key":"server.address","Value":{"Type":"STRING","Value":"localhost"}},{"Key":"server.port","Value":{"Type":"INT64","Value":8080}},{"Key":"url.scheme","Value":{"Type":"STRING","Value":"http"}}],"StartTime":"2026-01-04T14:09:07.899635976Z","Time":"2026-01-04T14:09:31.899807164Z","Count":1,"Bounds":[0,5,10,25,50,75,100,250,500,750,1000,2500,5000,7500,10000],"BucketCounts":[1,0,0,0,0,0,0,0,0,0,0,0,0,0,0,0],"Min":0,"Max":0,"Sum":0,"Exemplars":[{"FilteredAttributes":null,"Time":"2026-01-04T14:09:18.927283125Z","Value":0,"SpanID":"K778QxQgGMo=","TraceID":"arBLhW5+GY4GBoL8UKM5Fw=="}]},{"Attributes":[{"Key":"http.request.method","Value":{"Type":"STRING","Value":"GET"}},{"Key":"http.response.status_code","Value":{"Type":"INT64","Value":200}},{"Key":"http.route","Value":{"Type":"STRING","Value":"/dav/"}},{"Key":"network.protocol.name","Value":{"Type":"STRING","Value":"http"}},{"Key":"network.protocol.version","Value":{"Type":"STRING","Value":"1.1"}},{"Key":"server.address","Value":{"Type":"STRING","Value":"localhost"}},{"Key":"server.port","Value":{"Type":"INT64","Value":8080}},{"Key":"url.scheme","Value":{"Type":"STRING","Value":"http"}}],"StartTime":"2026-01-04T14:09:07.899635976Z","Time":"2026-01-04T14:09:31.899807164Z","Count":1,"Bounds":[0,5,10,25,50,75,100,250,500,750,1000,2500,5000,7500,10000],"BucketCounts":[1,0,0,0,0,0,0,0,0,0,0,0,0,0,0,0],"Min":0,"Max":0,"Sum":0,"Exemplars":[{"FilteredAttributes":null,"Time":"2026-01-04T14:09:29.604815292Z","Value":0,"SpanID":"l3p4kNL+Emo=","TraceID":"QWSHcynte1OAA0eyiVnMTw=="}]}],"Temporality":"CumulativeTemporality"}},{"Name":"http.client.request.duration","Description":"Duration of HTTP client requests.","Unit":"s","Data":{"DataPoints":[{"Attributes":[{"Key":"http.request.method","Value":{"Type":"STRING","Value":"GET"}},{"Key":"http.response.status_code","Value":{"Type":"INT64","Value":200}},{"Key":"network.protocol.name","Value":{"Type":"STRING","Value":"http"}},{"Key":"network.protocol.version","Value":{"Type":"STRING","Value":"1.1"}},{"Key":"server.address","Value":{"Type":"STRING","Value":"localhost"}},{"Key":"server.port","Value":{"Type":"INT64","Value":8080}},{"Key":"url.scheme","Value":{"Type":"STRING","Value":"http"}}],"StartTime":"2026-01-04T14:09:07.899659799Z","Time":"2026-01-04T14:09:31.899826917Z","Count":2,"Bounds":[0.005,0.01,0.025,0.05,0.075,0.1,0.25,0.5,0.75,1,2.5,5,7.5,10],"BucketCounts":[2,0,0,0,0,0,0,0,0,0,0,0,0,0,0],"Min":0.000919176,"Max":0.001408896,"Sum":0.002328072,"Exemplars":[{"FilteredAttributes":null,"Time":"2026-01-04T14:09:18.930970826Z","Value":0.000919176,"SpanID":"DllFdrqAaZo=","TraceID":"b3yjwrYV8JkqrCT8iPzE/w=="}]},{"Attributes":[{"Key":"http.request.method","Value":{"Type":"STRING","Value":"HEAD"}},{"Key":"http.response.status_code","Value":{"Type":"INT64","Value":200}},{"Key":"http.route","Value":{"Type":"STRING","Value":"/dav/"}},{"Key":"network.protocol.name","Value":{"Type":"STRING","Value":"http"}},{"Key":"network.protocol.version","Value":{"Type":"STRING","Value":"1.1"}},{"Key":"server.address","Value":{"Type":"STRING","Value":"localhost"}},{"Key":"server.port","Value":{"Type":"INT64","Value":8080}},{"Key":"url.scheme","Value":{"Type":"STRING","Value":"http"}}],"StartTime":"2026-01-04T14:09:07.899659799Z","Time":"2026-01-04T14:09:31.899826917Z","Count":1,"Bounds":[0.005,0.01,0.025,0.05,0.075,0.1,0.25,0.5,0.75,1,2.5,5,7.5,10],"BucketCounts":[1,0,0,0,0,0,0,0,0,0,0,0,0,0,0],"Min":0.0005315189999999999,"Max":0.0005315189999999999,"Sum":0.0005315189999999999,"Exemplars":[{"FilteredAttributes":null,"Time":"2026-01-04T14:09:18.92729187Z","Value":0.0005315189999999999,"SpanID":"K778QxQgGMo=","TraceID":"arBLhW5+GY4GBoL8UKM5Fw=="}]},{"Attributes":[{"Key":"http.request.method","Value":{"Type":"STRING","Value":"GET"}},{"Key":"http.response.status_code","Value":{"Type":"INT64","Value":200}},{"Key":"http.route","Value":{"Type":"STRING","Value":"/dav/"}},{"Key":"network.protocol.name","Value":{"Type":"STRING","Value":"http"}},{"Key":"network.protocol.version","Value":{"Type":"STRING","Value":"1.1"}},{"Key":"server.address","Value":{"Type":"STRING","Value":"localhost"}},{"Key":"server.port","Value":{"Type":"INT64","Value":8080}},{"Key":"url.scheme","Value":{"Type":"STRING","Value":"http"}}],"StartTime":"2026-01-04T14:09:07.899659799Z","Time":"2026-01-04T14:09:31.899826917Z","Count":1,"Bounds":[0.005,0.01,0.025,0.05,0.075,0.1,0.25,0.5,0.75,1,2.5,5,7.5,10],"BucketCounts":[0,0,0,0,0,0,0,0,0,0,0,0,0,0,1],"Min":10.675493445,"Max":10.675493445,"Sum":10.675493445,"Exemplars":[{"FilteredAttributes":null,"Time":"2026-01-04T14:09:29.604820947Z","Value":10.675493445,"SpanID":"l3p4kNL+Emo=","TraceID":"QWSHcynte1OAA0eyiVnMTw=="}]}],"Temporality":"CumulativeTemporality"}},{"Name":"http.server.request.body.size","Description":"Size of HTTP server request bodies.","Unit":"By","Data":{"DataPoints":[{"Attributes":[{"Key":"http.request.method","Value":{"Type":"STRING","Value":"_OTHER"}},{"Key":"http.response.status_code","Value":{"Type":"INT64","Value":207}},{"Key":"http.route","Value":{"Type":"STRING","Value":"/dav/"}},{"Key":"network.protocol.name","Value":{"Type":"STRING","Value":"http"}},{"Key":"network.protocol.version","Value":{"Type":"STRING","Value":"1.1"}},{"Key":"server.address","Value":{"Type":"STRING","Value":"localhost"}},{"Key":"server.port","Value":{"Type":"INT64","Value":34400}},{"Key":"url.scheme","Value":{"Type":"STRING","Value":"http"}}],"StartTime":"2026-01-04T14:09:07.90433315Z","Time":"2026-01-04T14:09:31.899837267Z","Count":1,"Bounds":[0,5,10,25,50,75,100,250,500,750,1000,2500,5000,7500,10000],"BucketCounts":[1,0,0,0,0,0,0,0,0,0,0,0,0,0,0,0],"Min":0,"Max":0,"Sum":0,"Exemplars":[{"FilteredAttributes":null,"Time":"2026-01-04T14:09:18.928194172Z","Value":0,"SpanID":"wZnmok+krJE=","TraceID":"arBLhW5+GY4GBoL8UKM5Fw=="}]},{"Attributes":[{"Key":"http.request.method","Value":{"Type":"STRING","Value":"GET"}},{"Key":"http.response.status_code","Value":{"Type":"INT64","Value":200}},{"Key":"http.route","Value":{"Type":"STRING","Value":"/web/"}},{"Key":"network.protocol.name","Value":{"Type":"STRING","Value":"http"}},{"Key":"network.protocol.version","Value":{"Type":"STRING","Value":"1.1"}},{"Key":"server.address","Value":{"Type":"STRING","Value":"localhost"}},{"Key":"server.port","Value":{"Type":"INT64","Value":34400}},{"Key":"url.scheme","Value":{"Type":"STRING","Value":"http"}}],"StartTime":"2026-01-04T14:09:07.90433315Z","Time":"2026-01-04T14:09:31.899837267Z","Count":1,"Bounds":[0,5,10,25,50,75,100,250,500,750,1000,2500,5000,7500,10000],"BucketCounts":[1,0,0,0,0,0,0,0,0,0,0,0,0,0,0,0],"Min":0,"Max":0,"Sum":0,"Exemplars":[{"FilteredAttributes":null,"Time":"2026-01-04T14:09:08.892975434Z","Value":0,"SpanID":"5z9pZ9js62s=","TraceID":"NyaU+K+wr4GIKMU9XurTYQ=="}]},{"Attributes":[{"Key":"http.request.method","Value":{"Type":"STRING","Value":"POST"}},{"Key":"http.response.status_code","Value":{"Type":"INT64","Value":200}},{"Key":"http.route","Value":{"Type":"STRING","Value":"/api/"}},{"Key":"network.protocol.name","Value":{"Type":"STRING","Value":"http"}},{"Key":"network.protocol.version","Value":{"Type":"STRING","Value":"1.1"}},{"Key":"server.address","Value":{"Type":"STRING","Value":"localhost"}},{"Key":"server.port","Value":{"Type":"INT64","Value":34400}},{"Key":"url.scheme","Value":{"Type":"STRING","Value":"http"}}],"StartTime":"2026-01-04T14:09:07.90433315Z","Time":"2026-01-04T14:09:31.899837267Z","Count":1,"Bounds":[0,5,10,25,50,75,100,250,500,750,1000,2500,5000,7500,10000],"BucketCounts":[0,0,0,0,0,1,0,0,0,0,0,0,0,0,0,0],"Min":55,"Max":55,"Sum":55,"Exemplars":[{"FilteredAttributes":null,"Time":"2026-01-04T14:09:08.905026203Z","Value":55,"SpanID":"42/d7lSxk14=","TraceID":"ADi3JObXmZnw84c/RX8JJw=="}]},{"Attributes":[{"Key":"http.request.method","Value":{"Type":"STRING","Value":"GET"}},{"Key":"http.response.status_code","Value":{"Type":"INT64","Value":405}},{"Key":"http.route","Value":{"Type":"STRING","Value":"/dav/"}},{"Key":"network.protocol.name","Value":{"Type":"STRING","Value":"http"}},{"Key":"network.protocol.version","Value":{"Type":"STRING","Value":"1.1"}},{"Key":"server.address","Value":{"Type":"STRING","Value":"localhost"}},{"Key":"server.port","Value":{"Type":"INT64","Value":34400}},{"Key":"url.scheme","Value":{"Type":"STRING","Value":"http"}}],"StartTime":"2026-01-04T14:09:07.90433315Z","Time":"2026-01-04T14:09:31.899837267Z","Count":1,"Bounds":[0,5,10,25,50,75,100,250,500,750,1000,2500,5000,7500,10000],"BucketCounts":[1,0,0,0,0,0,0,0,0,0,0,0,0,0,0,0],"Min":0,"Max":0,"Sum":0,"Exemplars":[{"FilteredAttributes":null,"Time":"2026-01-04T14:09:18.925536525Z","Value":0,"SpanID":"D/LIXZKzZ6Q=","TraceID":"ierH7+gq17SCQeMfb4DpoQ=="}]}],"Temporality":"CumulativeTemporality"}},{"Name":"http.server.response.body.size","Description":"Size of HTTP server response bodies.","Unit":"By","Data":{"DataPoints":[{"Attributes":[{"Key":"http.request.method","Value":{"Type":"STRING","Value":"GET"}},{"Key":"http.response.status_code","Value":{"Type":"INT64","Value":200}},{"Key":"http.route","Value":{"Type":"STRING","Value":"/web/"}},{"Key":"network.protocol.name","Value":{"Type":"STRING","Value":"http"}},{"Key":"network.protocol.version","Value":{"Type":"STRING","Value":"1.1"}},{"Key":"server.address","Value":{"Type":"STRING","Value":"localhost"}},{"Key":"server.port","Value":{"Type":"INT64","Value":34400}},{"Key":"url.scheme","Value":{"Type":"STRING","Value":"http"}}],"StartTime":"2026-01-04T14:09:07.904775911Z","Time":"2026-01-04T14:09:31.899847498Z","Count":1,"Bounds":[0,5,10,25,50,75,100,250,500,750,1000,2500,5000,7500,10000],"BucketCounts":[0,0,0,0,0,0,0,0,0,0,0,1,0,0,0,0],"Min":1920,"Max":1920,"Sum":1920,"Exemplars":[{"FilteredAttributes":null,"Time":"2026-01-04T14:09:08.892982309Z","Value":1920,"SpanID":"5z9pZ9js62s=","TraceID":"NyaU+K+wr4GIKMU9XurTYQ=="}]},{"Attributes":[{"Key":"http.request.method","Value":{"Type":"STRING","Value":"POST"}},{"Key":"http.response.status_code","Value":{"Type":"INT64","Value":200}},{"Key":"http.route","Value":{"Type":"STRING","Value":"/api/"}},{"Key":"network.protocol.name","Value":{"Type":"STRING","Value":"http"}},{"Key":"network.protocol.version","Value":{"Type":"STRING","Value":"1.1"}},{"Key":"server.address","Value":{"Type":"STRING","Value":"localhost"}},{"Key":"server.port","Value":{"Type":"INT64","Value":34400}},{"Key":"url.scheme","Value":{"Type":"STRING","Value":"http"}}],"StartTime":"2026-01-04T14:09:07.904775911Z","Time":"2026-01-04T14:09:31.899847498Z","Count":1,"Bounds":[0,5,10,25,50,75,100,250,500,750,1000,2500,5000,7500,10000],"BucketCounts":[0,0,0,0,0,0,0,0,1,0,0,0,0,0,0,0],"Min":374,"Max":374,"Sum":374,"Exemplars":[{"FilteredAttributes":null,"Time":"2026-01-04T14:09:08.905040386Z","Value":374,"SpanID":"42/d7lSxk14=","TraceID":"ADi3JObXmZnw84c/RX8JJw=="}]},{"Attributes":[{"Key":"http.request.method","Value":{"Type":"STRING","Value":"GET"}},{"Key":"http.response.status_code","Value":{"Type":"INT64","Value":405}},{"Key":"http.route","Value":{"Type":"STRING","Value":"/dav/"}},{"Key":"network.protocol.name","Value":{"Type":"STRING","Value":"http"}},{"Key":"network.protocol.version","Value":{"Type":"STRING","Value":"1.1"}},{"Key":"server.address","Value":{"Type":"STRING","Value":"localhost"}},{"Key":"server.port","Value":{"Type":"INT64","Value":34400}},{"Key":"url.scheme","Value":{"Type":"STRING","Value":"http"}}],"StartTime":"2026-01-04T14:09:07.904775911Z","Time":"2026-01-04T14:09:31.899847498Z","Count":1,"Bounds":[0,5,10,25,50,75,100,250,500,750,1000,2500,5000,7500,10000],"BucketCounts":[0,0,0,1,0,0,0,0,0,0,0,0,0,0,0,0],"Min":18,"Max":18,"Sum":18,"Exemplars":[{"FilteredAttributes":null,"Time":"2026-01-04T14:09:18.925539424Z","Value":18,"SpanID":"D/LIXZKzZ6Q=","TraceID":"ierH7+gq17SCQeMfb4DpoQ=="}]},{"Attributes":[{"Key":"http.request.method","Value":{"Type":"STRING","Value":"_OTHER"}},{"Key":"http.response.status_code","Value":{"Type":"INT64","Value":207}},{"Key":"http.route","Value":{"Type":"STRING","Value":"/dav/"}},{"Key":"network.protocol.name","Value":{"Type":"STRING","Value":"http"}},{"Key":"network.protocol.version","Value":{"Type":"STRING","Value":"1.1"}},{"Key":"server.address","Value":{"Type":"STRING","Value":"localhost"}},{"Key":"server.port","Value":{"Type":"INT64","Value":34400}},{"Key":"url.scheme","Value":{"Type":"STRING","Value":"http"}}],"StartTime":"2026-01-04T14:09:07.904775911Z","Time":"2026-01-04T14:09:31.899847498Z","Count":1,"Bounds":[0,5,10,25,50,75,100,250,500,750,1000,2500,5000,7500,10000],"BucketCounts":[0,0,0,0,0,0,0,0,0,0,0,1,0,0,0,0],"Min":1318,"Max":1318,"Sum":1318,"Exemplars":[{"FilteredAttributes":null,"Time":"2026-01-04T14:09:18.928202096Z","Value":1318,"SpanID":"wZnmok+krJE=","TraceID":"arBLhW5+GY4GBoL8UKM5Fw=="}]}],"Temporality":"CumulativeTemporality"}},{"Name":"http.server.request.duration","Description":"Duration of HTTP server requests.","Unit":"s","Data":{"DataPoints":[{"Attributes":[{"Key":"http.request.method","Value":{"Type":"STRING","Value":"GET"}},{"Key":"http.response.status_code","Value":{"Type":"INT64","Value":200}},{"Key":"http.route","Value":{"Type":"STRING","Value":"/web/"}},{"Key":"network.protocol.name","Value":{"Type":"STRING","Value":"http"}},{"Key":"network.protocol.version","Value":{"Type":"STRING","Value":"1.1"}},{"Key":"server.address","Value":{"Type":"STRING","Value":"localhost"}},{"Key":"server.port","Value":{"Type":"INT64","Value":34400}},{"Key":"url.scheme","Value":{"Type":"STRING","Value":"http"}}],"StartTime":"2026-01-04T14:09:07.904789511Z","Time":"2026-01-04T14:09:31.899852752Z","Count":1,"Bounds":[0.005,0.01,0.025,0.05,0.075,0.1,0.25,0.5,0.75,1,2.5,5,7.5,10],"BucketCounts":[1,0,0,0,0,0,0,0,0,0,0,0,0,0,0],"Min":0.0011951050000000001,"Max":0.0011951050000000001,"Sum":0.0011951050000000001,"Exemplars":[{"FilteredAttributes":null,"Time":"2026-01-04T14:09:08.892988687Z","Value":0.0011951050000000001,"SpanID":"5z9pZ9js62s=","TraceID":"NyaU+K+wr4GIKMU9XurTYQ=="}]},{"Attributes":[{"Key":"http.request.method","Value":{"Type":"STRING","Value":"POST"}},{"Key":"http.response.status_code","Value":{"Type":"INT64","Value":200}},{"Key":"http.route","Value":{"Type":"STRING","Value":"/api/"}},{"Key":"network.protocol.name","Value":{"Type":"STRING","Value":"http"}},{"Key":"network.protocol.version","Value":{"Type":"STRING","Value":"1.1"}},{"Key":"server.address","Value":{"Type":"STRING","Value":"localhost"}},{"Key":"server.port","Value":{"Type":"INT64","Value":34400}},{"Key":"url.scheme","Value":{"Type":"STRING","Value":"http"}}],"StartTime":"2026-01-04T14:09:07.904789511Z","Time":"2026-01-04T14:09:31.899852752Z","Count":1,"Bounds":[0.005,0.01,0.025,0.05,0.075,0.1,0.25,0.5,0.75,1,2.5,5,7.5,10],"BucketCounts":[1,0,0,0,0,0,0,0,0,0,0,0,0,0,0],"Min":0.000334069,"Max":0.000334069,"Sum":0.000334069,"Exemplars":[{"FilteredAttributes":null,"Time":"2026-01-04T14:09:08.905049516Z","Value":0.000334069,"SpanID":"42/d7lSxk14=","TraceID":"ADi3JObXmZnw84c/RX8JJw=="}]},{"Attributes":[{"Key":"http.request.method","Value":{"Type":"STRING","Value":"GET"}},{"Key":"http.response.status_code","Value":{"Type":"INT64","Value":405}},{"Key":"http.route","Value":{"Type":"STRING","Value":"/dav/"}},{"Key":"network.protocol.name","Value":{"Type":"STRING","Value":"http"}},{"Key":"network.protocol.version","Value":{"Type":"STRING","Value":"1.1"}},{"Key":"server.address","Value":{"Type":"STRING","Value":"localhost"}},{"Key":"server.port","Value":{"Type":"INT64","Value":34400}},{"Key":"url.scheme","Value":{"Type":"STRING","Value":"http"}}],"StartTime":"2026-01-04T14:09:07.904789511Z","Time":"2026-01-04T14:09:31.899852752Z","Count":1,"Bounds":[0.005,0.01,0.025,0.05,0.075,0.1,0.25,0.5,0.75,1,2.5,5,7.5,10],"BucketCounts":[1,0,0,0,0,0,0,0,0,0,0,0,0,0,0],"Min":0.000106475,"Max":0.000106475,"Sum":0.000106475,"Exemplars":[{"FilteredAttributes":null,"Time":"2026-01-04T14:09:18.925544115Z","Value":0.000106475,"SpanID":"D/LIXZKzZ6Q=","TraceID":"ierH7+gq17SCQeMfb4DpoQ=="}]},{"Attributes":[{"Key":"http.request.method","Value":{"Type":"STRING","Value":"_OTHER"}},{"Key":"http.response.status_code","Value":{"Type":"INT64","Value":207}},{"Key":"http.route","Value":{"Type":"STRING","Value":"/dav/"}},{"Key":"network.protocol.name","Value":{"Type":"STRING","Value":"http"}},{"Key":"network.protocol.version","Value":{"Type":"STRING","Value":"1.1"}},{"Key":"server.address","Value":{"Type":"STRING","Value":"localhost"}},{"Key":"server.port","Value":{"Type":"INT64","Value":34400}},{"Key":"url.scheme","Value":{"Type":"STRING","Value":"http"}}],"StartTime":"2026-01-04T14:09:07.904789511Z","Time":"2026-01-04T14:09:31.899852752Z","Count":1,"Bounds":[0.005,0.01,0.025,0.05,0.075,0.1,0.25,0.5,0.75,1,2.5,5,7.5,10],"BucketCounts":[1,0,0,0,0,0,0,0,0,0,0,0,0,0,0],"Min":0.001967756,"Max":0.001967756,"Sum":0.001967756,"Exemplars":[{"FilteredAttributes":null,"Time":"2026-01-04T14:09:18.928205743Z","Value":0.001967756,"SpanID":"wZnmok+krJE=","TraceID":"arBLhW5+GY4GBoL8UKM5Fw=="}]}],"Temporality":"CumulativeTemporality"}}]}]}
{"Resource":[{"Key":"service.name","Value":{"Type":"STRING","Value":"unknown_service:xteve"}},{"Key":"telemetry.sdk.language","Value":{"Type":"STRING","Value":"go"}},{"Key":"telemetry.sdk.name","Value":{"Type":"STRING","Value":"opentelemetry"}},{"Key":"telemetry.sdk.version","Value":{"Type":"STRING","Value":"1.39.0"}}],"ScopeMetrics":[{"Scope":{"Name":"go.opentelemetry.io/contrib/instrumentation/net/http/otelhttp","Version":"0.64.0","SchemaURL":"","Attributes":null},"Metrics":[{"Name":"http.client.request.body.size","Description":"Size of HTTP client request bodies.","Unit":"By","Data":{"DataPoints":[{"Attributes":[{"Key":"http.request.method","Value":{"Type":"STRING","Value":"GET"}},{"Key":"http.response.status_code","Value":{"Type":"INT64","Value":200}},{"Key":"http.route","Value":{"Type":"STRING","Value":"/dav/"}},{"Key":"network.protocol.name","Value":{"Type":"STRING","Value":"http"}},{"Key":"network.protocol.version","Value":{"Type":"STRING","Value":"1.1"}},{"Key":"server.address","Value":{"Type":"STRING","Value":"localhost"}},{"Key":"server.port","Value":{"Type":"INT64","Value":8080}},{"Key":"url.scheme","Value":{"Type":"STRING","Value":"http"}}],"StartTime":"2026-01-04T14:09:07.899635976Z","Time":"2026-01-04T14:09:34.900302216Z","Count":1,"Bounds":[0,5,10,25,50,75,100,250,500,750,1000,2500,5000,7500,10000],"BucketCounts":[1,0,0,0,0,0,0,0,0,0,0,0,0,0,0,0],"Min":0,"Max":0,"Sum":0,"Exemplars":[{"FilteredAttributes":null,"Time":"2026-01-04T14:09:29.604815292Z","Value":0,"SpanID":"l3p4kNL+Emo=","TraceID":"QWSHcynte1OAA0eyiVnMTw=="}]},{"Attributes":[{"Key":"http.request.method","Value":{"Type":"STRING","Value":"GET"}},{"Key":"http.response.status_code","Value":{"Type":"INT64","Value":200}},{"Key":"network.protocol.name","Value":{"Type":"STRING","Value":"http"}},{"Key":"network.protocol.version","Value":{"Type":"STRING","Value":"1.1"}},{"Key":"server.address","Value":{"Type":"STRING","Value":"localhost"}},{"Key":"server.port","Value":{"Type":"INT64","Value":8080}},{"Key":"url.scheme","Value":{"Type":"STRING","Value":"http"}}],"StartTime":"2026-01-04T14:09:07.899635976Z","Time":"2026-01-04T14:09:34.900302216Z","Count":2,"Bounds":[0,5,10,25,50,75,100,250,500,750,1000,2500,5000,7500,10000],"BucketCounts":[2,0,0,0,0,0,0,0,0,0,0,0,0,0,0,0],"Min":0,"Max":0,"Sum":0,"Exemplars":[{"FilteredAttributes":null,"Time":"2026-01-04T14:09:18.93096892Z","Value":0,"SpanID":"DllFdrqAaZo=","TraceID":"b3yjwrYV8JkqrCT8iPzE/w=="}]},{"Attributes":[{"Key":"http.request.method","Value":{"Type":"STRING","Value":"HEAD"}},{"Key":"http.response.status_code","Value":{"Type":"INT64","Value":200}},{"Key":"http.route","Value":{"Type":"STRING","Value":"/dav/"}},{"Key":"network.protocol.name","Value":{"Type":"STRING","Value":"http"}},{"Key":"network.protocol.version","Value":{"Type":"STRING","Value":"1.1"}},{"Key":"server.address","Value":{"Type":"STRING","Value":"localhost"}},{"Key":"server.port","Value":{"Type":"INT64","Value":8080}},{"Key":"url.scheme","Value":{"Type":"STRING","Value":"http"}}],"StartTime":"2026-01-04T14:09:07.899635976Z","Time":"2026-01-04T14:09:34.900302216Z","Count":1,"Bounds":[0,5,10,25,50,75,100,250,500,750,1000,2500,5000,7500,10000],"BucketCounts":[1,0,0,0,0,0,0,0,0,0,0,0,0,0,0,0],"Min":0,"Max":0,"Sum":0,"Exemplars":[{"FilteredAttributes":null,"Time":"2026-01-04T14:09:18.927283125Z","Value":0,"SpanID":"K778QxQgGMo=","TraceID":"arBLhW5+GY4GBoL8UKM5Fw=="}]}],"Temporality":"CumulativeTemporality"}},{"Name":"http.client.request.duration","Description":"Duration of HTTP client requests.","Unit":"s","Data":{"DataPoints":[{"Attributes":[{"Key":"http.request.method","Value":{"Type":"STRING","Value":"GET"}},{"Key":"http.response.status_code","Value":{"Type":"INT64","Value":200}},{"Key":"network.protocol.name","Value":{"Type":"STRING","Value":"http"}},{"Key":"network.protocol.version","Value":{"Type":"STRING","Value":"1.1"}},{"Key":"server.address","Value":{"Type":"STRING","Value":"localhost"}},{"Key":"server.port","Value":{"Type":"INT64","Value":8080}},{"Key":"url.scheme","Value":{"Type":"STRING","Value":"http"}}],"StartTime":"2026-01-04T14:09:07.899659799Z","Time":"2026-01-04T14:09:34.900430335Z","Count":2,"Bounds":[0.005,0.01,0.025,0.05,0.075,0.1,0.25,0.5,0.75,1,2.5,5,7.5,10],"BucketCounts":[2,0,0,0,0,0,0,0,0,0,0,0,0,0,0],"Min":0.000919176,"Max":0.001408896,"Sum":0.002328072,"Exemplars":[{"FilteredAttributes":null,"Time":"2026-01-04T14:09:18.930970826Z","Value":0.000919176,"SpanID":"DllFdrqAaZo=","TraceID":"b3yjwrYV8JkqrCT8iPzE/w=="}]},{"Attributes":[{"Key":"http.request.method","Value":{"Type":"STRING","Value":"HEAD"}},{"Key":"http.response.status_code","Value":{"Type":"INT64","Value":200}},{"Key":"http.route","Value":{"Type":"STRING","Value":"/dav/"}},{"Key":"network.protocol.name","Value":{"Type":"STRING","Value":"http"}},{"Key":"network.protocol.version","Value":{"Type":"STRING","Value":"1.1"}},{"Key":"server.address","Value":{"Type":"STRING","Value":"localhost"}},{"Key":"server.port","Value":{"Type":"INT64","Value":8080}},{"Key":"url.scheme","Value":{"Type":"STRING","Value":"http"}}],"StartTime":"2026-01-04T14:09:07.899659799Z","Time":"2026-01-04T14:09:34.900430335Z","Count":1,"Bounds":[0.005,0.01,0.025,0.05,0.075,0.1,0.25,0.5,0.75,1,2.5,5,7.5,10],"BucketCounts":[1,0,0,0,0,0,0,0,0,0,0,0,0,0,0],"Min":0.0005315189999999999,"Max":0.0005315189999999999,"Sum":0.0005315189999999999,"Exemplars":[{"FilteredAttributes":null,"Time":"2026-01-04T14:09:18.92729187Z","Value":0.0005315189999999999,"SpanID":"K778QxQgGMo=","TraceID":"arBLhW5+GY4GBoL8UKM5Fw=="}]},{"Attributes":[{"Key":"http.request.method","Value":{"Type":"STRING","Value":"GET"}},{"Key":"http.response.status_code","Value":{"Type":"INT64","Value":200}},{"Key":"http.route","Value":{"Type":"STRING","Value":"/dav/"}},{"Key":"network.protocol.name","Value":{"Type":"STRING","Value":"http"}},{"Key":"network.protocol.version","Value":{"Type":"STRING","Value":"1.1"}},{"Key":"server.address","Value":{"Type":"STRING","Value":"localhost"}},{"Key":"server.port","Value":{"Type":"INT64","Value":8080}},{"Key":"url.scheme","Value":{"Type":"STRING","Value":"http"}}],"StartTime":"2026-01-04T14:09:07.899659799Z","Time":"2026-01-04T14:09:34.900430335Z","Count":1,"Bounds":[0.005,0.01,0.025,0.05,0.075,0.1,0.25,0.5,0.75,1,2.5,5,7.5,10],"BucketCounts":[0,0,0,0,0,0,0,0,0,0,0,0,0,0,1],"Min":10.675493445,"Max":10.675493445,"Sum":10.675493445,"Exemplars":[{"FilteredAttributes":null,"Time":"2026-01-04T14:09:29.604820947Z","Value":10.675493445,"SpanID":"l3p4kNL+Emo=","TraceID":"QWSHcynte1OAA0eyiVnMTw=="}]}],"Temporality":"CumulativeTemporality"}},{"Name":"http.server.request.body.size","Description":"Size of HTTP server request bodies.","Unit":"By","Data":{"DataPoints":[{"Attributes":[{"Key":"http.request.method","Value":{"Type":"STRING","Value":"GET"}},{"Key":"http.response.status_code","Value":{"Type":"INT64","Value":200}},{"Key":"http.route","Value":{"Type":"STRING","Value":"/web/"}},{"Key":"network.protocol.name","Value":{"Type":"STRING","Value":"http"}},{"Key":"network.protocol.version","Value":{"Type":"STRING","Value":"1.1"}},{"Key":"server.address","Value":{"Type":"STRING","Value":"localhost"}},{"Key":"server.port","Value":{"Type":"INT64","Value":34400}},{"Key":"url.scheme","Value":{"Type":"STRING","Value":"http"}}],"StartTime":"2026-01-04T14:09:07.90433315Z","Time":"2026-01-04T14:09:34.900438856Z","Count":1,"Bounds":[0,5,10,25,50,75,100,250,500,750,1000,2500,5000,7500,10000],"BucketCounts":[1,0,0,0,0,0,0,0,0,0,0,0,0,0,0,0],"Min":0,"Max":0,"Sum":0,"Exemplars":[{"FilteredAttributes":null,"Time":"2026-01-04T14:09:08.892975434Z","Value":0,"SpanID":"5z9pZ9js62s=","TraceID":"NyaU+K+wr4GIKMU9XurTYQ=="}]},{"Attributes":[{"Key":"http.request.method","Value":{"Type":"STRING","Value":"POST"}},{"Key":"http.response.status_code","Value":{"Type":"INT64","Value":200}},{"Key":"http.route","Value":{"Type":"STRING","Value":"/api/"}},{"Key":"network.protocol.name","Value":{"Type":"STRING","Value":"http"}},{"Key":"network.protocol.version","Value":{"Type":"STRING","Value":"1.1"}},{"Key":"server.address","Value":{"Type":"STRING","Value":"localhost"}},{"Key":"server.port","Value":{"Type":"INT64","Value":34400}},{"Key":"url.scheme","Value":{"Type":"STRING","Value":"http"}}],"StartTime":"2026-01-04T14:09:07.90433315Z","Time":"2026-01-04T14:09:34.900438856Z","Count":1,"Bounds":[0,5,10,25,50,75,100,250,500,750,1000,2500,5000,7500,10000],"BucketCounts":[0,0,0,0,0,1,0,0,0,0,0,0,0,0,0,0],"Min":55,"Max":55,"Sum":55,"Exemplars":[{"FilteredAttributes":null,"Time":"2026-01-04T14:09:08.905026203Z","Value":55,"SpanID":"42/d7lSxk14=","TraceID":"ADi3JObXmZnw84c/RX8JJw=="}]},{"Attributes":[{"Key":"http.request.method","Value":{"Type":"STRING","Value":"GET"}},{"Key":"http.response.status_code","Value":{"Type":"INT64","Value":405}},{"Key":"http.route","Value":{"Type":"STRING","Value":"/dav/"}},{"Key":"network.protocol.name","Value":{"Type":"STRING","Value":"http"}},{"Key":"network.protocol.version","Value":{"Type":"STRING","Value":"1.1"}},{"Key":"server.address","Value":{"Type":"STRING","Value":"localhost"}},{"Key":"server.port","Value":{"Type":"INT64","Value":34400}},{"Key":"url.scheme","Value":{"Type":"STRING","Value":"http"}}],"StartTime":"2026-01-04T14:09:07.90433315Z","Time":"2026-01-04T14:09:34.900438856Z","Count":1,"Bounds":[0,5,10,25,50,75,100,250,500,750,1000,2500,5000,7500,10000],"BucketCounts":[1,0,0,0,0,0,0,0,0,0,0,0,0,0,0,0],"Min":0,"Max":0,"Sum":0,"Exemplars":[{"FilteredAttributes":null,"Time":"2026-01-04T14:09:18.925536525Z","Value":0,"SpanID":"D/LIXZKzZ6Q=","TraceID":"ierH7+gq17SCQeMfb4DpoQ=="}]},{"Attributes":[{"Key":"http.request.method","Value":{"Type":"STRING","Value":"_OTHER"}},{"Key":"http.response.status_code","Value":{"Type":"INT64","Value":207}},{"Key":"http.route","Value":{"Type":"STRING","Value":"/dav/"}},{"Key":"network.protocol.name","Value":{"Type":"STRING","Value":"http"}},{"Key":"network.protocol.version","Value":{"Type":"STRING","Value":"1.1"}},{"Key":"server.address","Value":{"Type":"STRING","Value":"localhost"}},{"Key":"server.port","Value":{"Type":"INT64","Value":34400}},{"Key":"url.scheme","Value":{"Type":"STRING","Value":"http"}}],"StartTime":"2026-01-04T14:09:07.90433315Z","Time":"2026-01-04T14:09:34.900438856Z","Count":1,"Bounds":[0,5,10,25,50,75,100,250,500,750,1000,2500,5000,7500,10000],"BucketCounts":[1,0,0,0,0,0,0,0,0,0,0,0,0,0,0,0],"Min":0,"Max":0,"Sum":0,"Exemplars":[{"FilteredAttributes":null,"Time":"2026-01-04T14:09:18.928194172Z","Value":0,"SpanID":"wZnmok+krJE=","TraceID":"arBLhW5+GY4GBoL8UKM5Fw=="}]}],"Temporality":"CumulativeTemporality"}},{"Name":"http.server.response.body.size","Description":"Size of HTTP server response bodies.","Unit":"By","Data":{"DataPoints":[{"Attributes":[{"Key":"http.request.method","Value":{"Type":"STRING","Value":"POST"}},{"Key":"http.response.status_code","Value":{"Type":"INT64","Value":200}},{"Key":"http.route","Value":{"Type":"STRING","Value":"/api/"}},{"Key":"network.protocol.name","Value":{"Type":"STRING","Value":"http"}},{"Key":"network.protocol.version","Value":{"Type":"STRING","Value":"1.1"}},{"Key":"server.address","Value":{"Type":"STRING","Value":"localhost"}},{"Key":"server.port","Value":{"Type":"INT64","Value":34400}},{"Key":"url.scheme","Value":{"Type":"STRING","Value":"http"}}],"StartTime":"2026-01-04T14:09:07.904775911Z","Time":"2026-01-04T14:09:34.900448881Z","Count":1,"Bounds":[0,5,10,25,50,75,100,250,500,750,1000,2500,5000,7500,10000],"BucketCounts":[0,0,0,0,0,0,0,0,1,0,0,0,0,0,0,0],"Min":374,"Max":374,"Sum":374,"Exemplars":[{"FilteredAttributes":null,"Time":"2026-01-04T14:09:08.905040386Z","Value":374,"SpanID":"42/d7lSxk14=","TraceID":"ADi3JObXmZnw84c/RX8JJw=="}]},{"Attributes":[{"Key":"http.request.method","Value":{"Type":"STRING","Value":"GET"}},{"Key":"http.response.status_code","Value":{"Type":"INT64","Value":405}},{"Key":"http.route","Value":{"Type":"STRING","Value":"/dav/"}},{"Key":"network.protocol.name","Value":{"Type":"STRING","Value":"http"}},{"Key":"network.protocol.version","Value":{"Type":"STRING","Value":"1.1"}},{"Key":"server.address","Value":{"Type":"STRING","Value":"localhost"}},{"Key":"server.port","Value":{"Type":"INT64","Value":34400}},{"Key":"url.scheme","Value":{"Type":"STRING","Value":"http"}}],"StartTime":"2026-01-04T14:09:07.904775911Z","Time":"2026-01-04T14:09:34.900448881Z","Count":1,"Bounds":[0,5,10,25,50,75,100,250,500,750,1000,2500,5000,7500,10000],"BucketCounts":[0,0,0,1,0,0,0,0,0,0,0,0,0,0,0,0],"Min":18,"Max":18,"Sum":18,"Exemplars":[{"FilteredAttributes":null,"Time":"2026-01-04T14:09:18.925539424Z","Value":18,"SpanID":"D/LIXZKzZ6Q=","TraceID":"ierH7+gq17SCQeMfb4DpoQ=="}]},{"Attributes":[{"Key":"http.request.method","Value":{"Type":"STRING","Value":"_OTHER"}},{"Key":"http.response.status_code","Value":{"Type":"INT64","Value":207}},{"Key":"http.route","Value":{"Type":"STRING","Value":"/dav/"}},{"Key":"network.protocol.name","Value":{"Type":"STRING","Value":"http"}},{"Key":"network.protocol.version","Value":{"Type":"STRING","Value":"1.1"}},{"Key":"server.address","Value":{"Type":"STRING","Value":"localhost"}},{"Key":"server.port","Value":{"Type":"INT64","Value":34400}},{"Key":"url.scheme","Value":{"Type":"STRING","Value":"http"}}],"StartTime":"2026-01-04T14:09:07.904775911Z","Time":"2026-01-04T14:09:34.900448881Z","Count":1,"Bounds":[0,5,10,25,50,75,100,250,500,750,1000,2500,5000,7500,10000],"BucketCounts":[0,0,0,0,0,0,0,0,0,0,0,1,0,0,0,0],"Min":1318,"Max":1318,"Sum":1318,"Exemplars":[{"FilteredAttributes":null,"Time":"2026-01-04T14:09:18.928202096Z","Value":1318,"SpanID":"wZnmok+krJE=","TraceID":"arBLhW5+GY4GBoL8UKM5Fw=="}]},{"Attributes":[{"Key":"http.request.method","Value":{"Type":"STRING","Value":"GET"}},{"Key":"http.response.status_code","Value":{"Type":"INT64","Value":200}},{"Key":"http.route","Value":{"Type":"STRING","Value":"/web/"}},{"Key":"network.protocol.name","Value":{"Type":"STRING","Value":"http"}},{"Key":"network.protocol.version","Value":{"Type":"STRING","Value":"1.1"}},{"Key":"server.address","Value":{"Type":"STRING","Value":"localhost"}},{"Key":"server.port","Value":{"Type":"INT64","Value":34400}},{"Key":"url.scheme","Value":{"Type":"STRING","Value":"http"}}],"StartTime":"2026-01-04T14:09:07.904775911Z","Time":"2026-01-04T14:09:34.900448881Z","Count":1,"Bounds":[0,5,10,25,50,75,100,250,500,750,1000,2500,5000,7500,10000],"BucketCounts":[0,0,0,0,0,0,0,0,0,0,0,1,0,0,0,0],"Min":1920,"Max":1920,"Sum":1920,"Exemplars":[{"FilteredAttributes":null,"Time":"2026-01-04T14:09:08.892982309Z","Value":1920,"SpanID":"5z9pZ9js62s=","TraceID":"NyaU+K+wr4GIKMU9XurTYQ=="}]}],"Temporality":"CumulativeTemporality"}},{"Name":"http.server.request.duration","Description":"Duration of HTTP server requests.","Unit":"s","Data":{"DataPoints":[{"Attributes":[{"Key":"http.request.method","Value":{"Type":"STRING","Value":"GET"}},{"Key":"http.response.status_code","Value":{"Type":"INT64","Value":200}},{"Key":"http.route","Value":{"Type":"STRING","Value":"/web/"}},{"Key":"network.protocol.name","Value":{"Type":"STRING","Value":"http"}},{"Key":"network.protocol.version","Value":{"Type":"STRING","Value":"1.1"}},{"Key":"server.address","Value":{"Type":"STRING","Value":"localhost"}},{"Key":"server.port","Value":{"Type":"INT64","Value":34400}},{"Key":"url.scheme","Value":{"Type":"STRING","Value":"http"}}],"StartTime":"2026-01-04T14:09:07.904789511Z","Time":"2026-01-04T14:09:34.90045506Z","Count":1,"Bounds":[0.005,0.01,0.025,0.05,0.075,0.1,0.25,0.5,0.75,1,2.5,5,7.5,10],"BucketCounts":[1,0,0,0,0,0,0,0,0,0,0,0,0,0,0],"Min":0.0011951050000000001,"Max":0.0011951050000000001,"Sum":0.0011951050000000001,"Exemplars":[{"FilteredAttributes":null,"Time":"2026-01-04T14:09:08.892988687Z","Value":0.0011951050000000001,"SpanID":"5z9pZ9js62s=","TraceID":"NyaU+K+wr4GIKMU9XurTYQ=="}]},{"Attributes":[{"Key":"http.request.method","Value":{"Type":"STRING","Value":"POST"}},{"Key":"http.response.status_code","Value":{"Type":"INT64","Value":200}},{"Key":"http.route","Value":{"Type":"STRING","Value":"/api/"}},{"Key":"network.protocol.name","Value":{"Type":"STRING","Value":"http"}},{"Key":"network.protocol.version","Value":{"Type":"STRING","Value":"1.1"}},{"Key":"server.address","Value":{"Type":"STRING","Value":"localhost"}},{"Key":"server.port","Value":{"Type":"INT64","Value":34400}},{"Key":"url.scheme","Value":{"Type":"STRING","Value":"http"}}],"StartTime":"2026-01-04T14:09:07.904789511Z","Time":"2026-01-04T14:09:34.90045506Z","Count":1,"Bounds":[0.005,0.01,0.025,0.05,0.075,0.1,0.25,0.5,0.75,1,2.5,5,7.5,10],"BucketCounts":[1,0,0,0,0,0,0,0,0,0,0,0,0,0,0],"Min":0.000334069,"Max":0.000334069,"Sum":0.000334069,"Exemplars":[{"FilteredAttributes":null,"Time":"2026-01-04T14:09:08.905049516Z","Value":0.000334069,"SpanID":"42/d7lSxk14=","TraceID":"ADi3JObXmZnw84c/RX8JJw=="}]},{"Attributes":[{"Key":"http.request.method","Value":{"Type":"STRING","Value":"GET"}},{"Key":"http.response.status_code","Value":{"Type":"INT64","Value":405}},{"Key":"http.route","Value":{"Type":"STRING","Value":"/dav/"}},{"Key":"network.protocol.name","Value":{"Type":"STRING","Value":"http"}},{"Key":"network.protocol.version","Value":{"Type":"STRING","Value":"1.1"}},{"Key":"server.address","Value":{"Type":"STRING","Value":"localhost"}},{"Key":"server.port","Value":{"Type":"INT64","Value":34400}},{"Key":"url.scheme","Value":{"Type":"STRING","Value":"http"}}],"StartTime":"2026-01-04T14:09:07.904789511Z","Time":"2026-01-04T14:09:34.90045506Z","Count":1,"Bounds":[0.005,0.01,0.025,0.05,0.075,0.1,0.25,0.5,0.75,1,2.5,5,7.5,10],"BucketCounts":[1,0,0,0,0,0,0,0,0,0,0,0,0,0,0],"Min":0.000106475,"Max":0.000106475,"Sum":0.000106475,"Exemplars":[{"FilteredAttributes":null,"Time":"2026-01-04T14:09:18.925544115Z","Value":0.000106475,"SpanID":"D/LIXZKzZ6Q=","TraceID":"ierH7+gq17SCQeMfb4DpoQ=="}]},{"Attributes":[{"Key":"http.request.method","Value":{"Type":"STRING","Value":"_OTHER"}},{"Key":"http.response.status_code","Value":{"Type":"INT64","Value":207}},{"Key":"http.route","Value":{"Type":"STRING","Value":"/dav/"}},{"Key":"network.protocol.name","Value":{"Type":"STRING","Value":"http"}},{"Key":"network.protocol.version","Value":{"Type":"STRING","Value":"1.1"}},{"Key":"server.address","Value":{"Type":"STRING","Value":"localhost"}},{"Key":"server.port","Value":{"Type":"INT64","Value":34400}},{"Key":"url.scheme","Value":{"Type":"STRING","Value":"http"}}],"StartTime":"2026-01-04T14:09:07.904789511Z","Time":"2026-01-04T14:09:34.90045506Z","Count":1,"Bounds":[0.005,0.01,0.025,0.05,0.075,0.1,0.25,0.5,0.75,1,2.5,5,7.5,10],"BucketCounts":[1,0,0,0,0,0,0,0,0,0,0,0,0,0,0],"Min":0.001967756,"Max":0.001967756,"Sum":0.001967756,"Exemplars":[{"FilteredAttributes":null,"Time":"2026-01-04T14:09:18.928205743Z","Value":0.001967756,"SpanID":"wZnmok+krJE=","TraceID":"arBLhW5+GY4GBoL8UKM5Fw=="}]}],"Temporality":"CumulativeTemporality"}}]}]}
{"Resource":[{"Key":"service.name","Value":{"Type":"STRING","Value":"unknown_service:xteve"}},{"Key":"telemetry.sdk.language","Value":{"Type":"STRING","Value":"go"}},{"Key":"telemetry.sdk.name","Value":{"Type":"STRING","Value":"opentelemetry"}},{"Key":"telemetry.sdk.version","Value":{"Type":"STRING","Value":"1.39.0"}}],"ScopeMetrics":[{"Scope":{"Name":"go.opentelemetry.io/contrib/instrumentation/net/http/otelhttp","Version":"0.64.0","SchemaURL":"","Attributes":null},"Metrics":[{"Name":"http.client.request.body.size","Description":"Size of HTTP client request bodies.","Unit":"By","Data":{"DataPoints":[{"Attributes":[{"Key":"http.request.method","Value":{"Type":"STRING","Value":"GET"}},{"Key":"http.response.status_code","Value":{"Type":"INT64","Value":200}},{"Key":"network.protocol.name","Value":{"Type":"STRING","Value":"http"}},{"Key":"network.protocol.version","Value":{"Type":"STRING","Value":"1.1"}},{"Key":"server.address","Value":{"Type":"STRING","Value":"localhost"}},{"Key":"server.port","Value":{"Type":"INT64","Value":8080}},{"Key":"url.scheme","Value":{"Type":"STRING","Value":"http"}}],"StartTime":"2026-01-04T14:09:07.899635976Z","Time":"2026-01-04T14:09:37.900428709Z","Count":2,"Bounds":[0,5,10,25,50,75,100,250,500,750,1000,2500,5000,7500,10000],"BucketCounts":[2,0,0,0,0,0,0,0,0,0,0,0,0,0,0,0],"Min":0,"Max":0,"Sum":0,"Exemplars":[{"FilteredAttributes":null,"Time":"2026-01-04T14:09:18.93096892Z","Value":0,"SpanID":"DllFdrqAaZo=","TraceID":"b3yjwrYV8JkqrCT8iPzE/w=="}]},{"Attributes":[{"Key":"http.request.method","Value":{"Type":"STRING","Value":"HEAD"}},{"Key":"http.response.status_code","Value":{"Type":"INT64","Value":200}},{"Key":"http.route","Value":{"Type":"STRING","Value":"/dav/"}},{"Key":"network.protocol.name","Value":{"Type":"STRING","Value":"http"}},{"Key":"network.protocol.version","Value":{"Type":"STRING","Value":"1.1"}},{"Key":"server.address","Value":{"Type":"STRING","Value":"localhost"}},{"Key":"server.port","Value":{"Type":"INT64","Value":8080}},{"Key":"url.scheme","Value":{"Type":"STRING","Value":"http"}}],"StartTime":"2026-01-04T14:09:07.899635976Z","Time":"2026-01-04T14:09:37.900428709Z","Count":1,"Bounds":[0,5,10,25,50,75,100,250,500,750,1000,2500,5000,7500,10000],"BucketCounts":[1,0,0,0,0,0,0,0,0,0,0,0,0,0,0,0],"Min":0,"Max":0,"Sum":0,"Exemplars":[{"FilteredAttributes":null,"Time":"2026-01-04T14:09:18.927283125Z","Value":0,"SpanID":"K778QxQgGMo=","TraceID":"arBLhW5+GY4GBoL8UKM5Fw=="}]},{"Attributes":[{"Key":"http.request.method","Value":{"Type":"STRING","Value":"GET"}},{"Key":"http.response.status_code","Value":{"Type":"INT64","Value":200}},{"Key":"http.route","Value":{"Type":"STRING","Value":"/dav/"}},{"Key":"network.protocol.name","Value":{"Type":"STRING","Value":"http"}},{"Key":"network.protocol.version","Value":{"Type":"STRING","Value":"1.1"}},{"Key":"server.address","Value":{"Type":"STRING","Value":"localhost"}},{"Key":"server.port","Value":{"Type":"INT64","Value":8080}},{"Key":"url.scheme","Value":{"Type":"STRING","Value":"http"}}],"StartTime":"2026-01-04T14:09:07.899635976Z","Time":"2026-01-04T14:09:37.900428709Z","Count":1,"Bounds":[0,5,10,25,50,75,100,250,500,750,1000,2500,5000,7500,10000],"BucketCounts":[1,0,0,0,0,0,0,0,0,0,0,0,0,0,0,0],"Min":0,"Max":0,"Sum":0,"Exemplars":[{"FilteredAttributes":null,"Time":"2026-01-04T14:09:29.604815292Z","Value":0,"SpanID":"l3p4kNL+Emo=","TraceID":"QWSHcynte1OAA0eyiVnMTw=="}]}],"Temporality":"CumulativeTemporality"}},{"Name":"http.client.request.duration","Description":"Duration of HTTP client requests.","Unit":"s","Data":{"DataPoints":[{"Attributes":[{"Key":"http.request.method","Value":{"Type":"STRING","Value":"GET"}},{"Key":"http.response.status_code","Value":{"Type":"INT64","Value":200}},{"Key":"http.route","Value":{"Type":"STRING","Value":"/dav/"}},{"Key":"network.protocol.name","Value":{"Type":"STRING","Value":"http"}},{"Key":"network.protocol.version","Value":{"Type":"STRING","Value":"1.1"}},{"Key":"server.address","Value":{"Type":"STRING","Value":"localhost"}},{"Key":"server.port","Value":{"Type":"INT64","Value":8080}},{"Key":"url.scheme","Value":{"Type":"STRING","Value":"http"}}],"StartTime":"2026-01-04T14:09:07.899659799Z","Time":"2026-01-04T14:09:37.900440793Z","Count":1,"Bounds":[0.005,0.01,0.025,0.05,0.075,0.1,0.25,0.5,0.75,1,2.5,5,7.5,10],"BucketCounts":[0,0,0,0,0,0,0,0,0,0,0,0,0,0,1],"Min":10.675493445,"Max":10.675493445,"Sum":10.675493445,"Exemplars":[{"FilteredAttributes":null,"Time":"2026-01-04T14:09:29.604820947Z","Value":10.675493445,"SpanID":"l3p4kNL+Emo=","TraceID":"QWSHcynte1OAA0eyiVnMTw=="}]},{"Attributes":[{"Key":"http.request.method","Value":{"Type":"STRING","Value":"GET"}},{"Key":"http.response.status_code","Value":{"Type":"INT64","Value":200}},{"Key":"network.protocol.name","Value":{"Type":"STRING","Value":"http"}},{"Key":"network.protocol.version","Value":{"Type":"STRING","Value":"1.1"}},{"Key":"server.address","Value":{"Type":"STRING","Value":"localhost"}},{"Key":"server.port","Value":{"Type":"INT64","Value":8080}},{"Key":"url.scheme","Value":{"Type":"STRING","Value":"http"}}],"StartTime":"2026-01-04T14:09:07.899659799Z","Time":"2026-01-04T14:09:37.900440793Z","Count":2,"Bounds":[0.005,0.01,0.025,0.05,0.075,0.1,0.25,0.5,0.75,1,2.5,5,7.5,10],"BucketCounts":[2,0,0,0,0,0,0,0,0,0,0,0,0,0,0],"Min":0.000919176,"Max":0.001408896,"Sum":0.002328072,"Exemplars":[{"FilteredAttributes":null,"Time":"2026-01-04T14:09:18.930970826Z","Value":0.000919176,"SpanID":"DllFdrqAaZo=","TraceID":"b3yjwrYV8JkqrCT8iPzE/w=="}]},{"Attributes":[{"Key":"http.request.method","Value":{"Type":"STRING","Value":"HEAD"}},{"Key":"http.response.status_code","Value":{"Type":"INT64","Value":200}},{"Key":"http.route","Value":{"Type":"STRING","Value":"/dav/"}},{"Key":"network.protocol.name","Value":{"Type":"STRING","Value":"http"}},{"Key":"network.protocol.version","Value":{"Type":"STRING","Value":"1.1"}},{"Key":"server.address","Value":{"Type":"STRING","Value":"localhost"}},{"Key":"server.port","Value":{"Type":"INT64","Value":8080}},{"Key":"url.scheme","Value":{"Type":"STRING","Value":"http"}}],"StartTime":"2026-01-04T14:09:07.899659799Z","Time":"2026-01-04T14:09:37.900440793Z","Count":1,"Bounds":[0.005,0.01,0.025,0.05,0.075,0.1,0.25,0.5,0.75,1,2.5,5,7.5,10],"BucketCounts":[1,0,0,0,0,0,0,0,0,0,0,0,0,0,0],"Min":0.0005315189999999999,"Max":0.0005315189999999999,"Sum":0.0005315189999999999,"Exemplars":[{"FilteredAttributes":null,"Time":"2026-01-04T14:09:18.92729187Z","Value":0.0005315189999999999,"SpanID":"K778QxQgGMo=","TraceID":"arBLhW5+GY4GBoL8UKM5Fw=="}]}],"Temporality":"CumulativeTemporality"}},{"Name":"http.server.request.body.size","Description":"Size of HTTP server request bodies.","Unit":"By","Data":{"DataPoints":[{"Attributes":[{"Key":"http.request.method","Value":{"Type":"STRING","Value":"GET"}},{"Key":"http.response.status_code","Value":{"Type":"INT64","Value":200}},{"Key":"http.route","Value":{"Type":"STRING","Value":"/web/"}},{"Key":"network.protocol.name","Value":{"Type":"STRING","Value":"http"}},{"Key":"network.protocol.version","Value":{"Type":"STRING","Value":"1.1"}},{"Key":"server.address","Value":{"Type":"STRING","Value":"localhost"}},{"Key":"server.port","Value":{"Type":"INT64","Value":34400}},{"Key":"url.scheme","Value":{"Type":"STRING","Value":"http"}}],"StartTime":"2026-01-04T14:09:07.90433315Z","Time":"2026-01-04T14:09:37.900464296Z","Count":1,"Bounds":[0,5,10,25,50,75,100,250,500,750,1000,2500,5000,7500,10000],"BucketCounts":[1,0,0,0,0,0,0,0,0,0,0,0,0,0,0,0],"Min":0,"Max":0,"Sum":0,"Exemplars":[{"FilteredAttributes":null,"Time":"2026-01-04T14:09:08.892975434Z","Value":0,"SpanID":"5z9pZ9js62s=","TraceID":"NyaU+K+wr4GIKMU9XurTYQ=="}]},{"Attributes":[{"Key":"http.request.method","Value":{"Type":"STRING","Value":"POST"}},{"Key":"http.response.status_code","Value":{"Type":"INT64","Value":200}},{"Key":"http.route","Value":{"Type":"STRING","Value":"/api/"}},{"Key":"network.protocol.name","Value":{"Type":"STRING","Value":"http"}},{"Key":"network.protocol.version","Value":{"Type":"STRING","Value":"1.1"}},{"Key":"server.address","Value":{"Type":"STRING","Value":"localhost"}},{"Key":"server.port","Value":{"Type":"INT64","Value":34400}},{"Key":"url.scheme","Value":{"Type":"STRING","Value":"http"}}],"StartTime":"2026-01-04T14:09:07.90433315Z","Time":"2026-01-04T14:09:37.900464296Z","Count":1,"Bounds":[0,5,10,25,50,75,100,250,500,750,1000,2500,5000,7500,10000],"BucketCounts":[0,0,0,0,0,1,0,0,0,0,0,0,0,0,0,0],"Min":55,"Max":55,"Sum":55,"Exemplars":[{"FilteredAttributes":null,"Time":"2026-01-04T14:09:08.905026203Z","Value":55,"SpanID":"42/d7lSxk14=","TraceID":"ADi3JObXmZnw84c/RX8JJw=="}]},{"Attributes":[{"Key":"http.request.method","Value":{"Type":"STRING","Value":"GET"}},{"Key":"http.response.status_code","Value":{"Type":"INT64","Value":405}},{"Key":"http.route","Value":{"Type":"STRING","Value":"/dav/"}},{"Key":"network.protocol.name","Value":{"Type":"STRING","Value":"http"}},{"Key":"network.protocol.version","Value":{"Type":"STRING","Value":"1.1"}},{"Key":"server.address","Value":{"Type":"STRING","Value":"localhost"}},{"Key":"server.port","Value":{"Type":"INT64","Value":34400}},{"Key":"url.scheme","Value":{"Type":"STRING","Value":"http"}}],"StartTime":"2026-01-04T14:09:07.90433315Z","Time":"2026-01-04T14:09:37.900464296Z","Count":1,"Bounds":[0,5,10,25,50,75,100,250,500,750,1000,2500,5000,7500,10000],"BucketCounts":[1,0,0,0,0,0,0,0,0,0,0,0,0,0,0,0],"Min":0,"Max":0,"Sum":0,"Exemplars":[{"FilteredAttributes":null,"Time":"2026-01-04T14:09:18.925536525Z","Value":0,"SpanID":"D/LIXZKzZ6Q=","TraceID":"ierH7+gq17SCQeMfb4DpoQ=="}]},{"Attributes":[{"Key":"http.request.method","Value":{"Type":"STRING","Value":"_OTHER"}},{"Key":"http.response.status_code","Value":{"Type":"INT64","Value":207}},{"Key":"http.route","Value":{"Type":"STRING","Value":"/dav/"}},{"Key":"network.protocol.name","Value":{"Type":"STRING","Value":"http"}},{"Key":"network.protocol.version","Value":{"Type":"STRING","Value":"1.1"}},{"Key":"server.address","Value":{"Type":"STRING","Value":"localhost"}},{"Key":"server.port","Value":{"Type":"INT64","Value":34400}},{"Key":"url.scheme","Value":{"Type":"STRING","Value":"http"}}],"StartTime":"2026-01-04T14:09:07.90433315Z","Time":"2026-01-04T14:09:37.900464296Z","Count":1,"Bounds":[0,5,10,25,50,75,100,250,500,750,1000,2500,5000,7500,10000],"BucketCounts":[1,0,0,0,0,0,0,0,0,0,0,0,0,0,0,0],"Min":0,"Max":0,"Sum":0,"Exemplars":[{"FilteredAttributes":null,"Time":"2026-01-04T14:09:18.928194172Z","Value":0,"SpanID":"wZnmok+krJE=","TraceID":"arBLhW5+GY4GBoL8UKM5Fw=="}]}],"Temporality":"CumulativeTemporality"}},{"Name":"http.server.response.body.size","Description":"Size of HTTP server response bodies.","Unit":"By","Data":{"DataPoints":[{"Attributes":[{"Key":"http.request.method","Value":{"Type":"STRING","Value":"GET"}},{"Key":"http.response.status_code","Value":{"Type":"INT64","Value":200}},{"Key":"http.route","Value":{"Type":"STRING","Value":"/web/"}},{"Key":"network.protocol.name","Value":{"Type":"STRING","Value":"http"}},{"Key":"network.protocol.version","Value":{"Type":"STRING","Value":"1.1"}},{"Key":"server.address","Value":{"Type":"STRING","Value":"localhost"}},{"Key":"server.port","Value":{"Type":"INT64","Value":34400}},{"Key":"url.scheme","Value":{"Type":"STRING","Value":"http"}}],"StartTime":"2026-01-04T14:09:07.904775911Z","Time":"2026-01-04T14:09:37.900471052Z","Count":1,"Bounds":[0,5,10,25,50,75,100,250,500,750,1000,2500,5000,7500,10000],"BucketCounts":[0,0,0,0,0,0,0,0,0,0,0,1,0,0,0,0],"Min":1920,"Max":1920,"Sum":1920,"Exemplars":[{"FilteredAttributes":null,"Time":"2026-01-04T14:09:08.892982309Z","Value":1920,"SpanID":"5z9pZ9js62s=","TraceID":"NyaU+K+wr4GIKMU9XurTYQ=="}]},{"Attributes":[{"Key":"http.request.method","Value":{"Type":"STRING","Value":"POST"}},{"Key":"http.response.status_code","Value":{"Type":"INT64","Value":200}},{"Key":"http.route","Value":{"Type":"STRING","Value":"/api/"}},{"Key":"network.protocol.name","Value":{"Type":"STRING","Value":"http"}},{"Key":"network.protocol.version","Value":{"Type":"STRING","Value":"1.1"}},{"Key":"server.address","Value":{"Type":"STRING","Value":"localhost"}},{"Key":"server.port","Value":{"Type":"INT64","Value":34400}},{"Key":"url.scheme","Value":{"Type":"STRING","Value":"http"}}],"StartTime":"2026-01-04T14:09:07.904775911Z","Time":"2026-01-04T14:09:37.900471052Z","Count":1,"Bounds":[0,5,10,25,50,75,100,250,500,750,1000,2500,5000,7500,10000],"BucketCounts":[0,0,0,0,0,0,0,0,1,0,0,0,0,0,0,0],"Min":374,"Max":374,"Sum":374,"Exemplars":[{"FilteredAttributes":null,"Time":"2026-01-04T14:09:08.905040386Z","Value":374,"SpanID":"42/d7lSxk14=","TraceID":"ADi3JObXmZnw84c/RX8JJw=="}]},{"Attributes":[{"Key":"http.request.method","Value":{"Type":"STRING","Value":"GET"}},{"Key":"http.response.status_code","Value":{"Type":"INT64","Value":405}},{"Key":"http.route","Value":{"Type":"STRING","Value":"/dav/"}},{"Key":"network.protocol.name","Value":{"Type":"STRING","Value":"http"}},{"Key":"network.protocol.version","Value":{"Type":"STRING","Value":"1.1"}},{"Key":"server.address","Value":{"Type":"STRING","Value":"localhost"}},{"Key":"server.port","Value":{"Type":"INT64","Value":34400}},{"Key":"url.scheme","Value":{"Type":"STRING","Value":"http"}}],"StartTime":"2026-01-04T14:09:07.904775911Z","Time":"2026-01-04T14:09:37.900471052Z","Count":1,"Bounds":[0,5,10,25,50,75,100,250,500,750,1000,2500,5000,7500,10000],"BucketCounts":[0,0,0,1,0,0,0,0,0,0,0,0,0,0,0,0],"Min":18,"Max":18,"Sum":18,"Exemplars":[{"FilteredAttributes":null,"Time":"2026-01-04T14:09:18.925539424Z","Value":18,"SpanID":"D/LIXZKzZ6Q=","TraceID":"ierH7+gq17SCQeMfb4DpoQ=="}]},{"Attributes":[{"Key":"http.request.method","Value":{"Type":"STRING","Value":"_OTHER"}},{"Key":"http.response.status_code","Value":{"Type":"INT64","Value":207}},{"Key":"http.route","Value":{"Type":"STRING","Value":"/dav/"}},{"Key":"network.protocol.name","Value":{"Type":"STRING","Value":"http"}},{"Key":"network.protocol.version","Value":{"Type":"STRING","Value":"1.1"}},{"Key":"server.address","Value":{"Type":"STRING","Value":"localhost"}},{"Key":"server.port","Value":{"Type":"INT64","Value":34400}},{"Key":"url.scheme","Value":{"Type":"STRING","Value":"http"}}],"StartTime":"2026-01-04T14:09:07.904775911Z","Time":"2026-01-04T14:09:37.900471052Z","Count":1,"Bounds":[0,5,10,25,50,75,100,250,500,750,1000,2500,5000,7500,10000],"BucketCounts":[0,0,0,0,0,0,0,0,0,0,0,1,0,0,0,0],"Min":1318,"Max":1318,"Sum":1318,"Exemplars":[{"FilteredAttributes":null,"Time":"2026-01-04T14:09:18.928202096Z","Value":1318,"SpanID":"wZnmok+krJE=","TraceID":"arBLhW5+GY4GBoL8UKM5Fw=="}]}],"Temporality":"CumulativeTemporality"}},{"Name":"http.server.request.duration","Description":"Duration of HTTP server requests.","Unit":"s","Data":{"DataPoints":[{"Attributes":[{"Key":"http.request.method","Value":{"Type":"STRING","Value":"POST"}},{"Key":"http.response.status_code","Value":{"Type":"INT64","Value":200}},{"Key":"http.route","Value":{"Type":"STRING","Value":"/api/"}},{"Key":"network.protocol.name","Value":{"Type":"STRING","Value":"http"}},{"Key":"network.protocol.version","Value":{"Type":"STRING","Value":"1.1"}},{"Key":"server.address","Value":{"Type":"STRING","Value":"localhost"}},{"Key":"server.port","Value":{"Type":"INT64","Value":34400}},{"Key":"url.scheme","Value":{"Type":"STRING","Value":"http"}}],"StartTime":"2026-01-04T14:09:07.904789511Z","Time":"2026-01-04T14:09:37.900475242Z","Count":1,"Bounds":[0.005,0.01,0.025,0.05,0.075,0.1,0.25,0.5,0.75,1,2.5,5,7.5,10],"BucketCounts":[1,0,0,0,0,0,0,0,0,0,0,0,0,0,0],"Min":0.000334069,"Max":0.000334069,"Sum":0.000334069,"Exemplars":[{"FilteredAttributes":null,"Time":"2026-01-04T14:09:08.905049516Z","Value":0.000334069,"SpanID":"42/d7lSxk14=","TraceID":"ADi3JObXmZnw84c/RX8JJw=="}]},{"Attributes":[{"Key":"http.request.method","Value":{"Type":"STRING","Value":"GET"}},{"Key":"http.response.status_code","Value":{"Type":"INT64","Value":405}},{"Key":"http.route","Value":{"Type":"STRING","Value":"/dav/"}},{"Key":"network.protocol.name","Value":{"Type":"STRING","Value":"http"}},{"Key":"network.protocol.version","Value":{"Type":"STRING","Value":"1.1"}},{"Key":"server.address","Value":{"Type":"STRING","Value":"localhost"}},{"Key":"server.port","Value":{"Type":"INT64","Value":34400}},{"Key":"url.scheme","Value":{"Type":"STRING","Value":"http"}}],"StartTime":"2026-01-04T14:09:07.904789511Z","Time":"2026-01-04T14:09:37.900475242Z","Count":1,"Bounds":[0.005,0.01,0.025,0.05,0.075,0.1,0.25,0.5,0.75,1,2.5,5,7.5,10],"BucketCounts":[1,0,0,0,0,0,0,0,0,0,0,0,0,0,0],"Min":0.000106475,"Max":0.000106475,"Sum":0.000106475,"Exemplars":[{"FilteredAttributes":null,"Time":"2026-01-04T14:09:18.925544115Z","Value":0.000106475,"SpanID":"D/LIXZKzZ6Q=","TraceID":"ierH7+gq17SCQeMfb4DpoQ=="}]},{"Attributes":[{"Key":"http.request.method","Value":{"Type":"STRING","Value":"_OTHER"}},{"Key":"http.response.status_code","Value":{"Type":"INT64","Value":207}},{"Key":"http.route","Value":{"Type":"STRING","Value":"/dav/"}},{"Key":"network.protocol.name","Value":{"Type":"STRING","Value":"http"}},{"Key":"network.protocol.version","Value":{"Type":"STRING","Value":"1.1"}},{"Key":"server.address","Value":{"Type":"STRING","Value":"localhost"}},{"Key":"server.port","Value":{"Type":"INT64","Value":34400}},{"Key":"url.scheme","Value":{"Type":"STRING","Value":"http"}}],"StartTime":"2026-01-04T14:09:07.904789511Z","Time":"2026-01-04T14:09:37.900475242Z","Count":1,"Bounds":[0.005,0.01,0.025,0.05,0.075,0.1,0.25,0.5,0.75,1,2.5,5,7.5,10],"BucketCounts":[1,0,0,0,0,0,0,0,0,0,0,0,0,0,0],"Min":0.001967756,"Max":0.001967756,"Sum":0.001967756,"Exemplars":[{"FilteredAttributes":null,"Time":"2026-01-04T14:09:18.928205743Z","Value":0.001967756,"SpanID":"wZnmok+krJE=","TraceID":"arBLhW5+GY4GBoL8UKM5Fw=="}]},{"Attributes":[{"Key":"http.request.method","Value":{"Type":"STRING","Value":"GET"}},{"Key":"http.response.status_code","Value":{"Type":"INT64","Value":200}},{"Key":"http.route","Value":{"Type":"STRING","Value":"/web/"}},{"Key":"network.protocol.name","Value":{"Type":"STRING","Value":"http"}},{"Key":"network.protocol.version","Value":{"Type":"STRING","Value":"1.1"}},{"Key":"server.address","Value":{"Type":"STRING","Value":"localhost"}},{"Key":"server.port","Value":{"Type":"INT64","Value":34400}},{"Key":"url.scheme","Value":{"Type":"STRING","Value":"http"}}],"StartTime":"2026-01-04T14:09:07.904789511Z","Time":"2026-01-04T14:09:37.900475242Z","Count":1,"Bounds":[0.005,0.01,0.025,0.05,0.075,0.1,0.25,0.5,0.75,1,2.5,5,7.5,10],"BucketCounts":[1,0,0,0,0,0,0,0,0,0,0,0,0,0,0],"Min":0.0011951050000000001,"Max":0.0011951050000000001,"Sum":0.0011951050000000001,"Exemplars":[{"FilteredAttributes":null,"Time":"2026-01-04T14:09:08.892988687Z","Value":0.0011951050000000001,"SpanID":"5z9pZ9js62s=","TraceID":"NyaU+K+wr4GIKMU9XurTYQ=="}]}],"Temporality":"CumulativeTemporality"}}]}]}
[0m2026/01/04 14:09:40 [xTeVe] Buffer:                 false [-]
[0m[0m2026/01/04 14:09:40 [xTeVe] Channel Name:           Test Redirect Stream 6
[0m[0m2026/01/04 14:09:40 [xTeVe] Client User-Agent:      Go-http-client/1.1
[0m[0m2026/01/04 14:09:40 [xTeVe] Streaming URL:          http://localhost:8080/redirect-stream/6
[0m[0m2026/01/04 14:09:40 [xTeVe] Streaming Info:         URL was passed to the client.
[0m[0m2026/01/04 14:09:40 [xTeVe] Streaming Info:         xTeVe is no longer involved, the client connects directly to the streaming server.
[0m{"Resource":[{"Key":"service.name","Value":{"Type":"STRING","Value":"unknown_service:xteve"}},{"Key":"telemetry.sdk.language","Value":{"Type":"STRING","Value":"go"}},{"Key":"telemetry.sdk.name","Value":{"Type":"STRING","Value":"opentelemetry"}},{"Key":"telemetry.sdk.version","Value":{"Type":"STRING","Value":"1.39.0"}}],"ScopeMetrics":[{"Scope":{"Name":"go.opentelemetry.io/contrib/instrumentation/net/http/otelhttp","Version":"0.64.0","SchemaURL":"","Attributes":null},"Metrics":[{"Name":"http.client.request.body.size","Description":"Size of HTTP client request bodies.","Unit":"By","Data":{"DataPoints":[{"Attributes":[{"Key":"http.request.method","Value":{"Type":"STRING","Value":"GET"}},{"Key":"http.response.status_code","Value":{"Type":"INT64","Value":200}},{"Key":"network.protocol.name","Value":{"Type":"STRING","Value":"http"}},{"Key":"network.protocol.version","Value":{"Type":"STRING","Value":"1.1"}},{"Key":"server.address","Value":{"Type":"STRING","Value":"localhost"}},{"Key":"server.port","Value":{"Type":"INT64","Value":8080}},{"Key":"url.scheme","Value":{"Type":"STRING","Value":"http"}}],"StartTime":"2026-01-04T14:09:07.899635976Z","Time":"2026-01-04T14:09:40.900430592Z","Count":2,"Bounds":[0,5,10,25,50,75,100,250,500,750,1000,2500,5000,7500,10000],"BucketCounts":[2,0,0,0,0,0,0,0,0,0,0,0,0,0,0,0],"Min":0,"Max":0,"Sum":0,"Exemplars":[{"FilteredAttributes":null,"Time":"2026-01-04T14:09:18.93096892Z","Value":0,"SpanID":"DllFdrqAaZo=","TraceID":"b3yjwrYV8JkqrCT8iPzE/w=="}]},{"Attributes":[{"Key":"http.request.method","Value":{"Type":"STRING","Value":"HEAD"}},{"Key":"http.response.status_code","Value":{"Type":"INT64","Value":200}},{"Key":"http.route","Value":{"Type":"STRING","Value":"/dav/"}},{"Key":"network.protocol.name","Value":{"Type":"STRING","Value":"http"}},{"Key":"network.protocol.version","Value":{"Type":"STRING","Value":"1.1"}},{"Key":"server.address","Value":{"Type":"STRING","Value":"localhost"}},{"Key":"server.port","Value":{"Type":"INT64","Value":8080}},{"Key":"url.scheme","Value":{"Type":"STRING","Value":"http"}}],"StartTime":"2026-01-04T14:09:07.899635976Z","Time":"2026-01-04T14:09:40.900430592Z","Count":1,"Bounds":[0,5,10,25,50,75,100,250,500,750,1000,2500,5000,7500,10000],"BucketCounts":[1,0,0,0,0,0,0,0,0,0,0,0,0,0,0,0],"Min":0,"Max":0,"Sum":0,"Exemplars":[{"FilteredAttributes":null,"Time":"2026-01-04T14:09:18.927283125Z","Value":0,"SpanID":"K778QxQgGMo=","TraceID":"arBLhW5+GY4GBoL8UKM5Fw=="}]},{"Attributes":[{"Key":"http.request.method","Value":{"Type":"STRING","Value":"GET"}},{"Key":"http.response.status_code","Value":{"Type":"INT64","Value":200}},{"Key":"http.route","Value":{"Type":"STRING","Value":"/dav/"}},{"Key":"network.protocol.name","Value":{"Type":"STRING","Value":"http"}},{"Key":"network.protocol.version","Value":{"Type":"STRING","Value":"1.1"}},{"Key":"server.address","Value":{"Type":"STRING","Value":"localhost"}},{"Key":"server.port","Value":{"Type":"INT64","Value":8080}},{"Key":"url.scheme","Value":{"Type":"STRING","Value":"http"}}],"StartTime":"2026-01-04T14:09:07.899635976Z","Time":"2026-01-04T14:09:40.900430592Z","Count":1,"Bounds":[0,5,10,25,50,75,100,250,500,750,1000,2500,5000,7500,10000],"BucketCounts":[1,0,0,0,0,0,0,0,0,0,0,0,0,0,0,0],"Min":0,"Max":0,"Sum":0,"Exemplars":[{"FilteredAttributes":null,"Time":"2026-01-04T14:09:29.604815292Z","Value":0,"SpanID":"l3p4kNL+Emo=","TraceID":"QWSHcynte1OAA0eyiVnMTw=="}]}],"Temporality":"CumulativeTemporality"}},{"Name":"http.client.request.duration","Description":"Duration of HTTP client requests.","Unit":"s","Data":{"DataPoints":[{"Attributes":[{"Key":"http.request.method","Value":{"Type":"STRING","Value":"GET"}},{"Key":"http.response.status_code","Value":{"Type":"INT64","Value":200}},{"Key":"network.protocol.name","Value":{"Type":"STRING","Value":"http"}},{"Key":"network.protocol.version","Value":{"Type":"STRING","Value":"1.1"}},{"Key":"server.address","Value":{"Type":"STRING","Value":"localhost"}},{"Key":"server.port","Value":{"Type":"INT64","Value":8080}},{"Key":"url.scheme","Value":{"Type":"STRING","Value":"http"}}],"StartTime":"2026-01-04T14:09:07.899659799Z","Time":"2026-01-04T14:09:40.900484928Z","Count":2,"Bounds":[0.005,0.01,0.025,0.05,0.075,0.1,0.25,0.5,0.75,1,2.5,5,7.5,10],"BucketCounts":[2,0,0,0,0,0,0,0,0,0,0,0,0,0,0],"Min":0.000919176,"Max":0.001408896,"Sum":0.002328072,"Exemplars":[{"FilteredAttributes":null,"Time":"2026-01-04T14:09:18.930970826Z","Value":0.000919176,"SpanID":"DllFdrqAaZo=","TraceID":"b3yjwrYV8JkqrCT8iPzE/w=="}]},{"Attributes":[{"Key":"http.request.method","Value":{"Type":"STRING","Value":"HEAD"}},{"Key":"http.response.status_code","Value":{"Type":"INT64","Value":200}},{"Key":"http.route","Value":{"Type":"STRING","Value":"/dav/"}},{"Key":"network.protocol.name","Value":{"Type":"STRING","Value":"http"}},{"Key":"network.protocol.version","Value":{"Type":"STRING","Value":"1.1"}},{"Key":"server.address","Value":{"Type":"STRING","Value":"localhost"}},{"Key":"server.port","Value":{"Type":"INT64","Value":8080}},{"Key":"url.scheme","Value":{"Type":"STRING","Value":"http"}}],"StartTime":"2026-01-04T14:09:07.899659799Z","Time":"2026-01-04T14:09:40.900484928Z","Count":1,"Bounds":[0.005,0.01,0.025,0.05,0.075,0.1,0.25,0.5,0.75,1,2.5,5,7.5,10],"BucketCounts":[1,0,0,0,0,0,0,0,0,0,0,0,0,0,0],"Min":0.0005315189999999999,"Max":0.0005315189999999999,"Sum":0.0005315189999999999,"Exemplars":[{"FilteredAttributes":null,"Time":"2026-01-04T14:09:18.92729187Z","Value":0.0005315189999999999,"SpanID":"K778QxQgGMo=","TraceID":"arBLhW5+GY4GBoL8UKM5Fw=="}]},{"Attributes":[{"Key":"http.request.method","Value":{"Type":"STRING","Value":"GET"}},{"Key":"http.response.status_code","Value":{"Type":"INT64","Value":200}},{"Key":"http.route","Value":{"Type":"STRING","Value":"/dav/"}},{"Key":"network.protocol.name","Value":{"Type":"STRING","Value":"http"}},{"Key":"network.protocol.version","Value":{"Type":"STRING","Value":"1.1"}},{"Key":"server.address","Value":{"Type":"STRING","Value":"localhost"}},{"Key":"server.port","Value":{"Type":"INT64","Value":8080}},{"Key":"url.scheme","Value":{"Type":"STRING","Value":"http"}}],"StartTime":"2026-01-04T14:09:07.899659799Z","Time":"2026-01-04T14:09:40.900484928Z","Count":1,"Bounds":[0.005,0.01,0.025,0.05,0.075,0.1,0.25,0.5,0.75,1,2.5,5,7.5,10],"BucketCounts":[0,0,0,0,0,0,0,0,0,0,0,0,0,0,1],"Min":10.675493445,"Max":10.675493445,"Sum":10.675493445,"Exemplars":[{"FilteredAttributes":null,"Time":"2026-01-04T14:09:29.604820947Z","Value":10.675493445,"SpanID":"l3p4kNL+Emo=","TraceID":"QWSHcynte1OAA0eyiVnMTw=="}]}],"Temporality":"CumulativeTemporality"}},{"Name":"http.server.request.body.size","Description":"Size of HTTP server request bodies.","Unit":"By","Data":{"DataPoints":[{"Attributes":[{"Key":"http.request.method","Value":{"Type":"STRING","Value":"GET"}},{"Key":"http.response.status_code","Value":{"Type":"INT64","Value":200}},{"Key":"http.route","Value":{"Type":"STRING","Value":"/web/"}},{"Key":"network.protocol.name","Value":{"Type":"STRING","Value":"http"}},{"Key":"network.protocol.version","Value":{"Type":"STRING","Value":"1.1"}},{"Key":"server.address","Value":{"Type":"STRING","Value":"localhost"}},{"Key":"server.port","Value":{"Type":"INT64","Value":34400}},{"Key":"url.scheme","Value":{"Type":"STRING","Value":"http"}}],"StartTime":"2026-01-04T14:09:07.90433315Z","Time":"2026-01-04T14:09:40.900492789Z","Count":1,"Bounds":[0,5,10,25,50,75,100,250,500,750,1000,2500,5000,7500,10000],"BucketCounts":[1,0,0,0,0,0,0,0,0,0,0,0,0,0,0,0],"Min":0,"Max":0,"Sum":0,"Exemplars":[{"FilteredAttributes":null,"Time":"2026-01-04T14:09:08.892975434Z","Value":0,"SpanID":"5z9pZ9js62s=","TraceID":"NyaU+K+wr4GIKMU9XurTYQ=="}]},{"Attributes":[{"Key":"http.request.method","Value":{"Type":"STRING","Value":"POST"}},{"Key":"http.response.status_code","Value":{"Type":"INT64","Value":200}},{"Key":"http.route","Value":{"Type":"STRING","Value":"/api/"}},{"Key":"network.protocol.name","Value":{"Type":"STRING","Value":"http"}},{"Key":"network.protocol.version","Value":{"Type":"STRING","Value":"1.1"}},{"Key":"server.address","Value":{"Type":"STRING","Value":"localhost"}},{"Key":"server.port","Value":{"Type":"INT64","Value":34400}},{"Key":"url.scheme","Value":{"Type":"STRING","Value":"http"}}],"StartTime":"2026-01-04T14:09:07.90433315Z","Time":"2026-01-04T14:09:40.900492789Z","Count":1,"Bounds":[0,5,10,25,50,75,100,250,500,750,1000,2500,5000,7500,10000],"BucketCounts":[0,0,0,0,0,1,0,0,0,0,0,0,0,0,0,0],"Min":55,"Max":55,"Sum":55,"Exemplars":[{"FilteredAttributes":null,"Time":"2026-01-04T14:09:08.905026203Z","Value":55,"SpanID":"42/d7lSxk14=","TraceID":"ADi3JObXmZnw84c/RX8JJw=="}]},{"Attributes":[{"Key":"http.request.method","Value":{"Type":"STRING","Value":"GET"}},{"Key":"http.response.status_code","Value":{"Type":"INT64","Value":405}},{"Key":"http.route","Value":{"Type":"STRING","Value":"/dav/"}},{"Key":"network.protocol.name","Value":{"Type":"STRING","Value":"http"}},{"Key":"network.protocol.version","Value":{"Type":"STRING","Value":"1.1"}},{"Key":"server.address","Value":{"Type":"STRING","Value":"localhost"}},{"Key":"server.port","Value":{"Type":"INT64","Value":34400}},{"Key":"url.scheme","Value":{"Type":"STRING","Value":"http"}}],"StartTime":"2026-01-04T14:09:07.90433315Z","Time":"2026-01-04T14:09:40.900492789Z","Count":2,"Bounds":[0,5,10,25,50,75,100,250,500,750,1000,2500,5000,7500,10000],"BucketCounts":[2,0,0,0,0,0,0,0,0,0,0,0,0,0,0,0],"Min":0,"Max":0,"Sum":0,"Exemplars":[{"FilteredAttributes":null,"Time":"2026-01-04T14:09:40.249914325Z","Value":0,"SpanID":"wFs4YNQum2k=","TraceID":"TOGcQzeirdvZy2xt4NAlsg=="}]},{"Attributes":[{"Key":"http.request.method","Value":{"Type":"STRING","Value":"_OTHER"}},{"Key":"http.response.status_code","Value":{"Type":"INT64","Value":207}},{"Key":"http.route","Value":{"Type":"STRING","Value":"/dav/"}},{"Key":"network.protocol.name","Value":{"Type":"STRING","Value":"http"}},{"Key":"network.protocol.version","Value":{"Type":"STRING","Value":"1.1"}},{"Key":"server.address","Value":{"Type":"STRING","Value":"localhost"}},{"Key":"server.port","Value":{"Type":"INT64","Value":34400}},{"Key":"url.scheme","Value":{"Type":"STRING","Value":"http"}}],"StartTime":"2026-01-04T14:09:07.90433315Z","Time":"2026-01-04T14:09:40.900492789Z","Count":1,"Bounds":[0,5,10,25,50,75,100,250,500,750,1000,2500,5000,7500,10000],"BucketCounts":[1,0,0,0,0,0,0,0,0,0,0,0,0,0,0,0],"Min":0,"Max":0,"Sum":0,"Exemplars":[{"FilteredAttributes":null,"Time":"2026-01-04T14:09:18.928194172Z","Value":0,"SpanID":"wZnmok+krJE=","TraceID":"arBLhW5+GY4GBoL8UKM5Fw=="}]},{"Attributes":[{"Key":"http.request.method","Value":{"Type":"STRING","Value":"GET"}},{"Key":"http.response.status_code","Value":{"Type":"INT64","Value":200}},{"Key":"http.route","Value":{"Type":"STRING","Value":"/dav/"}},{"Key":"network.protocol.name","Value":{"Type":"STRING","Value":"http"}},{"Key":"network.protocol.version","Value":{"Type":"STRING","Value":"1.1"}},{"Key":"server.address","Value":{"Type":"STRING","Value":"localhost"}},{"Key":"server.port","Value":{"Type":"INT64","Value":34400}},{"Key":"url.scheme","Value":{"Type":"STRING","Value":"http"}}],"StartTime":"2026-01-04T14:09:07.90433315Z","Time":"2026-01-04T14:09:40.900492789Z","Count":1,"Bounds":[0,5,10,25,50,75,100,250,500,750,1000,2500,5000,7500,10000],"BucketCounts":[1,0,0,0,0,0,0,0,0,0,0,0,0,0,0,0],"Min":0,"Max":0,"Sum":0,"Exemplars":[{"FilteredAttributes":null,"Time":"2026-01-04T14:09:40.247505969Z","Value":0,"SpanID":"Ai4pnOBBQhY=","TraceID":"QWSHcynte1OAA0eyiVnMTw=="}]},{"Attributes":[{"Key":"http.request.method","Value":{"Type":"STRING","Value":"GET"}},{"Key":"http.response.status_code","Value":{"Type":"INT64","Value":200}},{"Key":"http.route","Value":{"Type":"STRING","Value":"/m3u/"}},{"Key":"network.protocol.name","Value":{"Type":"STRING","Value":"http"}},{"Key":"network.protocol.version","Value":{"Type":"STRING","Value":"1.1"}},{"Key":"server.address","Value":{"Type":"STRING","Value":"localhost"}},{"Key":"server.port","Value":{"Type":"INT64","Value":34400}},{"Key":"url.scheme","Value":{"Type":"STRING","Value":"http"}}],"StartTime":"2026-01-04T14:09:07.90433315Z","Time":"2026-01-04T14:09:40.900492789Z","Count":1,"Bounds":[0,5,10,25,50,75,100,250,500,750,1000,2500,5000,7500,10000],"BucketCounts":[1,0,0,0,0,0,0,0,0,0,0,0,0,0,0,0],"Min":0,"Max":0,"Sum":0,"Exemplars":[{"FilteredAttributes":null,"Time":"2026-01-04T14:09:40.250897955Z","Value":0,"SpanID":"jGa9eghXVAo=","TraceID":"V4rFjUeirpvBE8ifNtwkNw=="}]},{"Attributes":[{"Key":"http.request.method","Value":{"Type":"STRING","Value":"GET"}},{"Key":"http.response.status_code","Value":{"Type":"INT64","Value":302}},{"Key":"http.route","Value":{"Type":"STRING","Value":"/stream/"}},{"Key":"network.protocol.name","Value":{"Type":"STRING","Value":"http"}},{"Key":"network.protocol.version","Value":{"Type":"STRING","Value":"1.1"}},{"Key":"server.address","Value":{"Type":"STRING","Value":"localhost"}},{"Key":"server.port","Value":{"Type":"INT64","Value":34400}},{"Key":"url.scheme","Value":{"Type":"STRING","Value":"http"}}],"StartTime":"2026-01-04T14:09:07.90433315Z","Time":"2026-01-04T14:09:40.900492789Z","Count":1,"Bounds":[0,5,10,25,50,75,100,250,500,750,1000,2500,5000,7500,10000],"BucketCounts":[1,0,0,0,0,0,0,0,0,0,0,0,0,0,0,0],"Min":0,"Max":0,"Sum":0,"Exemplars":[{"FilteredAttributes":null,"Time":"2026-01-04T14:09:40.251547037Z","Value":0,"SpanID":"r/4QlHbwaEU=","TraceID":"IYMRm22Mt6UJe57ITzmePA=="}]}],"Temporality":"CumulativeTemporality"}},{"Name":"http.server.response.body.size","Description":"Size of HTTP server response bodies.","Unit":"By","Data":{"DataPoints":[{"Attributes":[{"Key":"http.request.method","Value":{"Type":"STRING","Value":"POST"}},{"Key":"http.response.status_code","Value":{"Type":"INT64","Value":200}},{"Key":"http.route","Value":{"Type":"STRING","Value":"/api/"}},{"Key":"network.protocol.name","Value":{"Type":"STRING","Value":"http"}},{"Key":"network.protocol.version","Value":{"Type":"STRING","Value":"1.1"}},{"Key":"server.address","Value":{"Type":"STRING","Value":"localhost"}},{"Key":"server.port","Value":{"Type":"INT64","Value":34400}},{"Key":"url.scheme","Value":{"Type":"STRING","Value":"http"}}],"StartTime":"2026-01-04T14:09:07.904775911Z","Time":"2026-01-04T14:09:40.900507077Z","Count":1,"Bounds":[0,5,10,25,50,75,100,250,500,750,1000,2500,5000,7500,10000],"BucketCounts":[0,0,0,0,0,0,0,0,1,0,0,0,0,0,0,0],"Min":374,"Max":374,"Sum":374,"Exemplars":[{"FilteredAttributes":null,"Time":"2026-01-04T14:09:08.905040386Z","Value":374,"SpanID":"42/d7lSxk14=","TraceID":"ADi3JObXmZnw84c/RX8JJw=="}]},{"Attributes":[{"Key":"http.request.method","Value":{"Type":"STRING","Value":"GET"}},{"Key":"http.response.status_code","Value":{"Type":"INT64","Value":405}},{"Key":"http.route","Value":{"Type":"STRING","Value":"/dav/"}},{"Key":"network.protocol.name","Value":{"Type":"STRING","Value":"http"}},{"Key":"network.protocol.version","Value":{"Type":"STRING","Value":"1.1"}},{"Key":"server.address","Value":{"Type":"STRING","Value":"localhost"}},{"Key":"server.port","Value":{"Type":"INT64","Value":34400}},{"Key":"url.scheme","Value":{"Type":"STRING","Value":"http"}}],"StartTime":"2026-01-04T14:09:07.904775911Z","Time":"2026-01-04T14:09:40.900507077Z","Count":2,"Bounds":[0,5,10,25,50,75,100,250,500,750,1000,2500,5000,7500,10000],"BucketCounts":[0,0,0,2,0,0,0,0,0,0,0,0,0,0,0,0],"Min":18,"Max":18,"Sum":36,"Exemplars":[{"FilteredAttributes":null,"Time":"2026-01-04T14:09:40.249916169Z","Value":18,"SpanID":"wFs4YNQum2k=","TraceID":"TOGcQzeirdvZy2xt4NAlsg=="}]},{"Attributes":[{"Key":"http.request.method","Value":{"Type":"STRING","Value":"_OTHER"}},{"Key":"http.response.status_code","Value":{"Type":"INT64","Value":207}},{"Key":"http.route","Value":{"Type":"STRING","Value":"/dav/"}},{"Key":"network.protocol.name","Value":{"Type":"STRING","Value":"http"}},{"Key":"network.protocol.version","Value":{"Type":"STRING","Value":"1.1"}},{"Key":"server.address","Value":{"Type":"STRING","Value":"localhost"}},{"Key":"server.port","Value":{"Type":"INT64","Value":34400}},{"Key":"url.scheme","Value":{"Type":"STRING","Value":"http"}}],"StartTime":"2026-01-04T14:09:07.904775911Z","Time":"2026-01-04T14:09:40.900507077Z","Count":1,"Bounds":[0,5,10,25,50,75,100,250,500,750,1000,2500,5000,7500,10000],"BucketCounts":[0,0,0,0,0,0,0,0,0,0,0,1,0,0,0,0],"Min":1318,"Max":1318,"Sum":1318,"Exemplars":[{"FilteredAttributes":null,"Time":"2026-01-04T14:09:18.928202096Z","Value":1318,"SpanID":"wZnmok+krJE=","TraceID":"arBLhW5+GY4GBoL8UKM5Fw=="}]},{"Attributes":[{"Key":"http.request.method","Value":{"Type":"STRING","Value":"GET"}},{"Key":"http.response.status_code","Value":{"Type":"INT64","Value":200}},{"Key":"http.route","Value":{"Type":"STRING","Value":"/dav/"}},{"Key":"network.protocol.name","Value":{"Type":"STRING","Value":"http"}},{"Key":"network.protocol.version","Value":{"Type":"STRING","Value":"1.1"}},{"Key":"server.address","Value":{"Type":"STRING","Value":"localhost"}},{"Key":"server.port","Value":{"Type":"INT64","Value":34400}},{"Key":"url.scheme","Value":{"Type":"STRING","Value":"http"}}],"StartTime":"2026-01-04T14:09:07.904775911Z","Time":"2026-01-04T14:09:40.900507077Z","Count":1,"Bounds":[0,5,10,25,50,75,100,250,500,750,1000,2500,5000,7500,10000],"BucketCounts":[1,0,0,0,0,0,0,0,0,0,0,0,0,0,0,0],"Min":0,"Max":0,"Sum":0,"Exemplars":[{"FilteredAttributes":null,"Time":"2026-01-04T14:09:40.247508459Z","Value":0,"SpanID":"Ai4pnOBBQhY=","TraceID":"QWSHcynte1OAA0eyiVnMTw=="}]},{"Attributes":[{"Key":"http.request.method","Value":{"Type":"STRING","Value":"GET"}},{"Key":"http.response.status_code","Value":{"Type":"INT64","Value":200}},{"Key":"http.route","Value":{"Type":"STRING","Value":"/m3u/"}},{"Key":"network.protocol.name","Value":{"Type":"STRING","Value":"http"}},{"Key":"network.protocol.version","Value":{"Type":"STRING","Value":"1.1"}},{"Key":"server.address","Value":{"Type":"STRING","Value":"localhost"}},{"Key":"server.port","Value":{"Type":"INT64","Value":34400}},{"Key":"url.scheme","Value":{"Type":"STRING","Value":"http"}}],"StartTime":"2026-01-04T14:09:07.904775911Z","Time":"2026-01-04T14:09:40.900507077Z","Count":1,"Bounds":[0,5,10,25,50,75,100,250,500,750,1000,2500,5000,7500,10000],"BucketCounts":[0,0,0,0,0,0,0,0,0,0,0,1,0,0,0,0],"Min":1580,"Max":1580,"Sum":1580,"Exemplars":[{"FilteredAttributes":null,"Time":"2026-01-04T14:09:40.250904301Z","Value":1580,"SpanID":"jGa9eghXVAo=","TraceID":"V4rFjUeirpvBE8ifNtwkNw=="}]},{"Attributes":[{"Key":"http.request.method","Value":{"Type":"STRING","Value":"GET"}},{"Key":"http.response.status_code","Value":{"Type":"INT64","Value":302}},{"Key":"http.route","Value":{"Type":"STRING","Value":"/stream/"}},{"Key":"network.protocol.name","Value":{"Type":"STRING","Value":"http"}},{"Key":"network.protocol.version","Value":{"Type":"STRING","Value":"1.1"}},{"Key":"server.address","Value":{"Type":"STRING","Value":"localhost"}},{"Key":"server.port","Value":{"Type":"INT64","Value":34400}},{"Key":"url.scheme","Value":{"Type":"STRING","Value":"http"}}],"StartTime":"2026-01-04T14:09:07.904775911Z","Time":"2026-01-04T14:09:40.900507077Z","Count":1,"Bounds":[0,5,10,25,50,75,100,250,500,750,1000,2500,5000,7500,10000],"BucketCounts":[0,0,0,0,0,1,0,0,0,0,0,0,0,0,0,0],"Min":62,"Max":62,"Sum":62,"Exemplars":[{"FilteredAttributes":null,"Time":"2026-01-04T14:09:40.251550711Z","Value":62,"SpanID":"r/4QlHbwaEU=","TraceID":"IYMRm22Mt6UJe57ITzmePA=="}]},{"Attributes":[{"Key":"http.request.method","Value":{"Type":"STRING","Value":"GET"}},{"Key":"http.response.status_code","Value":{"Type":"INT64","Value":200}},{"Key":"http.route","Value":{"Type":"STRING","Value":"/web/"}},{"Key":"network.protocol.name","Value":{"Type":"STRING","Value":"http"}},{"Key":"network.protocol.version","Value":{"Type":"STRING","Value":"1.1"}},{"Key":"server.address","Value":{"Type":"STRING","Value":"localhost"}},{"Key":"server.port","Value":{"Type":"INT64","Value":34400}},{"Key":"url.scheme","Value":{"Type":"STRING","Value":"http"}}],"StartTime":"2026-01-04T14:09:07.904775911Z","Time":"2026-01-04T14:09:40.900507077Z","Count":1,"Bounds":[0,5,10,25,50,75,100,250,500,750,1000,2500,5000,7500,10000],"BucketCounts":[0,0,0,0,0,0,0,0,0,0,0,1,0,0,0,0],"Min":1920,"Max":1920,"Sum":1920,"Exemplars":[{"FilteredAttributes":null,"Time":"2026-01-04T14:09:08.892982309Z","Value":1920,"SpanID":"5z9pZ9js62s=","TraceID":"NyaU+K+wr4GIKMU9XurTYQ=="}]}],"Temporality":"CumulativeTemporality"}},{"Name":"http.server.request.duration","Description":"Duration of HTTP server requests.","Unit":"s","Data":{"DataPoints":[{"Attributes":[{"Key":"http.request.method","Value":{"Type":"STRING","Value":"GET"}},{"Key":"http.response.status_code","Value":{"Type":"INT64","Value":200}},{"Key":"http.route","Value":{"Type":"STRING","Value":"/dav/"}},{"Key":"network.protocol.name","Value":{"Type":"STRING","Value":"http"}},{"Key":"network.protocol.version","Value":{"Type":"STRING","Value":"1.1"}},{"Key":"server.address","Value":{"Type":"STRING","Value":"localhost"}},{"Key":"server.port","Value":{"Type":"INT64","Value":34400}},{"Key":"url.scheme","Value":{"Type":"STRING","Value":"http"}}],"StartTime":"2026-01-04T14:09:07.904789511Z","Time":"2026-01-04T14:09:40.900515959Z","Count":1,"Bounds":[0.005,0.01,0.025,0.05,0.075,0.1,0.25,0.5,0.75,1,2.5,5,7.5,10],"BucketCounts":[0,0,0,0,0,0,0,0,0,0,0,0,0,0,1],"Min":21.318732717,"Max":21.318732717,"Sum":21.318732717,"Exemplars":[{"FilteredAttributes":null,"Time":"2026-01-04T14:09:40.24751382Z","Value":21.318732717,"SpanID":"Ai4pnOBBQhY=","TraceID":"QWSHcynte1OAA0eyiVnMTw=="}]},{"Attributes":[{"Key":"http.request.method","Value":{"Type":"STRING","Value":"GET"}},{"Key":"http.response.status_code","Value":{"Type":"INT64","Value":200}},{"Key":"http.route","Value":{"Type":"STRING","Value":"/m3u/"}},{"Key":"network.protocol.name","Value":{"Type":"STRING","Value":"http"}},{"Key":"network.protocol.version","Value":{"Type":"STRING","Value":"1.1"}},{"Key":"server.address","Value":{"Type":"STRING","Value":"localhost"}},{"Key":"server.port","Value":{"Type":"INT64","Value":34400}},{"Key":"url.scheme","Value":{"Type":"STRING","Value":"http"}}],"StartTime":"2026-01-04T14:09:07.904789511Z","Time":"2026-01-04T14:09:40.900515959Z","Count":1,"Bounds":[0.005,0.01,0.025,0.05,0.075,0.1,0.25,0.5,0.75,1,2.5,5,7.5,10],"BucketCounts":[1,0,0,0,0,0,0,0,0,0,0,0,0,0,0],"Min":0.000293822,"Max":0.000293822,"Sum":0.000293822,"Exemplars":[{"FilteredAttributes":null,"Time":"2026-01-04T14:09:40.250908388Z","Value":0.000293822,"SpanID":"jGa9eghXVAo=","TraceID":"V4rFjUeirpvBE8ifNtwkNw=="}]},{"Attributes":[{"Key":"http.request.method","Value":{"Type":"STRING","Value":"GET"}},{"Key":"http.response.status_code","Value":{"Type":"INT64","Value":302}},{"Key":"http.route","Value":{"Type":"STRING","Value":"/stream/"}},{"Key":"network.protocol.name","Value":{"Type":"STRING","Value":"http"}},{"Key":"network.protocol.version","Value":{"Type":"STRING","Value":"1.1"}},{"Key":"server.address","Value":{"Type":"STRING","Value":"localhost"}},{"Key":"server.port","Value":{"Type":"INT64","Value":34400}},{"Key":"url.scheme","Value":{"Type":"STRING","Value":"http"}}],"StartTime":"2026-01-04T14:09:07.904789511Z","Time":"2026-01-04T14:09:40.900515959Z","Count":1,"Bounds":[0.005,0.01,0.025,0.05,0.075,0.1,0.25,0.5,0.75,1,2.5,5,7.5,10],"BucketCounts":[1,0,0,0,0,0,0,0,0,0,0,0,0,0,0],"Min":0.000180473,"Max":0.000180473,"Sum":0.000180473,"Exemplars":[{"FilteredAttributes":null,"Time":"2026-01-04T14:09:40.251554943Z","Value":0.000180473,"SpanID":"r/4QlHbwaEU=","TraceID":"IYMRm22Mt6UJe57ITzmePA=="}]},{"Attributes":[{"Key":"http.request.method","Value":{"Type":"STRING","Value":"GET"}},{"Key":"http.response.status_code","Value":{"Type":"INT64","Value":200}},{"Key":"http.route","Value":{"Type":"STRING","Value":"/web/"}},{"Key":"network.protocol.name","Value":{"Type":"STRING","Value":"http"}},{"Key":"network.protocol.version","Value":{"Type":"STRING","Value":"1.1"}},{"Key":"server.address","Value":{"Type":"STRING","Value":"localhost"}},{"Key":"server.port","Value":{"Type":"INT64","Value":34400}},{"Key":"url.scheme","Value":{"Type":"STRING","Value":"http"}}],"StartTime":"2026-01-04T14:09:07.904789511Z","Time":"2026-01-04T14:09:40.900515959Z","Count":1,"Bounds":[0.005,0.01,0.025,0.05,0.075,0.1,0.25,0.5,0.75,1,2.5,5,7.5,10],"BucketCounts":[1,0,0,0,0,0,0,0,0,0,0,0,0,0,0],"Min":0.0011951050000000001,"Max":0.0011951050000000001,"Sum":0.0011951050000000001,"Exemplars":[{"FilteredAttributes":null,"Time":"2026-01-04T14:09:08.892988687Z","Value":0.0011951050000000001,"SpanID":"5z9pZ9js62s=","TraceID":"NyaU+K+wr4GIKMU9XurTYQ=="}]},{"Attributes":[{"Key":"http.request.method","Value":{"Type":"STRING","Value":"POST"}},{"Key":"http.response.status_code","Value":{"Type":"INT64","Value":200}},{"Key":"http.route","Value":{"Type":"STRING","Value":"/api/"}},{"Key":"network.protocol.name","Value":{"Type":"STRING","Value":"http"}},{"Key":"network.protocol.version","Value":{"Type":"STRING","Value":"1.1"}},{"Key":"server.address","Value":{"Type":"STRING","Value":"localhost"}},{"Key":"server.port","Value":{"Type":"INT64","Value":34400}},{"Key":"url.scheme","Value":{"Type":"STRING","Value":"http"}}],"StartTime":"2026-01-04T14:09:07.904789511Z","Time":"2026-01-04T14:09:40.900515959Z","Count":1,"Bounds":[0.005,0.01,0.025,0.05,0.075,0.1,0.25,0.5,0.75,1,2.5,5,7.5,10],"BucketCounts":[1,0,0,0,0,0,0,0,0,0,0,0,0,0,0],"Min":0.000334069,"Max":0.000334069,"Sum":0.000334069,"Exemplars":[{"FilteredAttributes":null,"Time":"2026-01-04T14:09:08.905049516Z","Value":0.000334069,"SpanID":"42/d7lSxk14=","TraceID":"ADi3JObXmZnw84c/RX8JJw=="}]},{"Attributes":[{"Key":"http.request.method","Value":{"Type":"STRING","Value":"GET"}},{"Key":"http.response.status_code","Value":{"Type":"INT64","Value":405}},{"Key":"http.route","Value":{"Type":"STRING","Value":"/dav/"}},{"Key":"network.protocol.name","Value":{"Type":"STRING","Value":"http"}},{"Key":"network.protocol.version","Value":{"Type":"STRING","Value":"1.1"}},{"Key":"server.address","Value":{"Type":"STRING","Value":"localhost"}},{"Key":"server.port","Value":{"Type":"INT64","Value":34400}},{"Key":"url.scheme","Value":{"Type":"STRING","Value":"http"}}],"StartTime":"2026-01-04T14:09:07.904789511Z","Time":"2026-01-04T14:09:40.900515959Z","Count":2,"Bounds":[0.005,0.01,0.025,0.05,0.075,0.1,0.25,0.5,0.75,1,2.5,5,7.5,10],"BucketCounts":[2,0,0,0,0,0,0,0,0,0,0,0,0,0,0],"Min":0.000060484000000000006,"Max":0.000106475,"Sum":0.000166959,"Exemplars":[{"FilteredAttributes":null,"Time":"2026-01-04T14:09:40.249918422Z","Value":0.000060484000000000006,"SpanID":"wFs4YNQum2k=","TraceID":"TOGcQzeirdvZy2xt4NAlsg=="}]},{"Attributes":[{"Key":"http.request.method","Value":{"Type":"STRING","Value":"_OTHER"}},{"Key":"http.response.status_code","Value":{"Type":"INT64","Value":207}},{"Key":"http.route","Value":{"Type":"STRING","Value":"/dav/"}},{"Key":"network.protocol.name","Value":{"Type":"STRING","Value":"http"}},{"Key":"network.protocol.version","Value":{"Type":"STRING","Value":"1.1"}},{"Key":"server.address","Value":{"Type":"STRING","Value":"localhost"}},{"Key":"server.port","Value":{"Type":"INT64","Value":34400}},{"Key":"url.scheme","Value":{"Type":"STRING","Value":"http"}}],"StartTime":"2026-01-04T14:09:07.904789511Z","Time":"2026-01-04T14:09:40.900515959Z","Count":1,"Bounds":[0.005,0.01,0.025,0.05,0.075,0.1,0.25,0.5,0.75,1,2.5,5,7.5,10],"BucketCounts":[1,0,0,0,0,0,0,0,0,0,0,0,0,0,0],"Min":0.001967756,"Max":0.001967756,"Sum":0.001967756,"Exemplars":[{"FilteredAttributes":null,"Time":"2026-01-04T14:09:18.928205743Z","Value":0.001967756,"SpanID":"wZnmok+krJE=","TraceID":"arBLhW5+GY4GBoL8UKM5Fw=="}]}],"Temporality":"CumulativeTemporality"}}]}]}
{"Resource":[{"Key":"service.name","Value":{"Type":"STRING","Value":"unknown_service:xteve"}},{"Key":"telemetry.sdk.language","Value":{"Type":"STRING","Value":"go"}},{"Key":"telemetry.sdk.name","Value":{"Type":"STRING","Value":"opentelemetry"}},{"Key":"telemetry.sdk.version","Value":{"Type":"STRING","Value":"1.39.0"}}],"ScopeMetrics":[{"Scope":{"Name":"go.opentelemetry.io/contrib/instrumentation/net/http/otelhttp","Version":"0.64.0","SchemaURL":"","Attributes":null},"Metrics":[{"Name":"http.client.request.body.size","Description":"Size of HTTP client request bodies.","Unit":"By","Data":{"DataPoints":[{"Attributes":[{"Key":"http.request.method","Value":{"Type":"STRING","Value":"GET"}},{"Key":"http.response.status_code","Value":{"Type":"INT64","Value":200}},{"Key":"network.protocol.name","Value":{"Type":"STRING","Value":"http"}},{"Key":"network.protocol.version","Value":{"Type":"STRING","Value":"1.1"}},{"Key":"server.address","Value":{"Type":"STRING","Value":"localhost"}},{"Key":"server.port","Value":{"Type":"INT64","Value":8080}},{"Key":"url.scheme","Value":{"Type":"STRING","Value":"http"}}],"StartTime":"2026-01-04T14:09:07.899635976Z","Time":"2026-01-04T14:09:43.900168563Z","Count":2,"Bounds":[0,5,10,25,50,75,100,250,500,750,1000,2500,5000,7500,10000],"BucketCounts":[2,0,0,0,0,0,0,0,0,0,0,0,0,0,0,0],"Min":0,"Max":0,"Sum":0,"Exemplars":[{"FilteredAttributes":null,"Time":"2026-01-04T14:09:18.93096892Z","Value":0,"SpanID":"DllFdrqAaZo=","TraceID":"b3yjwrYV8JkqrCT8iPzE/w=="}]},{"Attributes":[{"Key":"http.request.method","Value":{"Type":"STRING","Value":"HEAD"}},{"Key":"http.response.status_code","Value":{"Type":"INT64","Value":200}},{"Key":"http.route","Value":{"Type":"STRING","Value":"/dav/"}},{"Key":"network.protocol.name","Value":{"Type":"STRING","Value":"http"}},{"Key":"network.protocol.version","Value":{"Type":"STRING","Value":"1.1"}},{"Key":"server.address","Value":{"Type":"STRING","Value":"localhost"}},{"Key":"server.port","Value":{"Type":"INT64","Value":8080}},{"Key":"url.scheme","Value":{"Type":"STRING","Value":"http"}}],"StartTime":"2026-01-04T14:09:07.899635976Z","Time":"2026-01-04T14:09:43.900168563Z","Count":1,"Bounds":[0,5,10,25,50,75,100,250,500,750,1000,2500,5000,7500,10000],"BucketCounts":[1,0,0,0,0,0,0,0,0,0,0,0,0,0,0,0],"Min":0,"Max":0,"Sum":0,"Exemplars":[{"FilteredAttributes":null,"Time":"2026-01-04T14:09:18.927283125Z","Value":0,"SpanID":"K778QxQgGMo=","TraceID":"arBLhW5+GY4GBoL8UKM5Fw=="}]},{"Attributes":[{"Key":"http.request.method","Value":{"Type":"STRING","Value":"GET"}},{"Key":"http.response.status_code","Value":{"Type":"INT64","Value":200}},{"Key":"http.route","Value":{"Type":"STRING","Value":"/dav/"}},{"Key":"network.protocol.name","Value":{"Type":"STRING","Value":"http"}},{"Key":"network.protocol.version","Value":{"Type":"STRING","Value":"1.1"}},{"Key":"server.address","Value":{"Type":"STRING","Value":"localhost"}},{"Key":"server.port","Value":{"Type":"INT64","Value":8080}},{"Key":"url.scheme","Value":{"Type":"STRING","Value":"http"}}],"StartTime":"2026-01-04T14:09:07.899635976Z","Time":"2026-01-04T14:09:43.900168563Z","Count":1,"Bounds":[0,5,10,25,50,75,100,250,500,750,1000,2500,5000,7500,10000],"BucketCounts":[1,0,0,0,0,0,0,0,0,0,0,0,0,0,0,0],"Min":0,"Max":0,"Sum":0,"Exemplars":[{"FilteredAttributes":null,"Time":"2026-01-04T14:09:29.604815292Z","Value":0,"SpanID":"l3p4kNL+Emo=","TraceID":"QWSHcynte1OAA0eyiVnMTw=="}]}],"Temporality":"CumulativeTemporality"}},{"Name":"http.client.request.duration","Description":"Duration of HTTP client requests.","Unit":"s","Data":{"DataPoints":[{"Attributes":[{"Key":"http.request.method","Value":{"Type":"STRING","Value":"GET"}},{"Key":"http.response.status_code","Value":{"Type":"INT64","Value":200}},{"Key":"network.protocol.name","Value":{"Type":"STRING","Value":"http"}},{"Key":"network.protocol.version","Value":{"Type":"STRING","Value":"1.1"}},{"Key":"server.address","Value":{"Type":"STRING","Value":"localhost"}},{"Key":"server.port","Value":{"Type":"INT64","Value":8080}},{"Key":"url.scheme","Value":{"Type":"STRING","Value":"http"}}],"StartTime":"2026-01-04T14:09:07.899659799Z","Time":"2026-01-04T14:09:43.900182293Z","Count":2,"Bounds":[0.005,0.01,0.025,0.05,0.075,0.1,0.25,0.5,0.75,1,2.5,5,7.5,10],"BucketCounts":[2,0,0,0,0,0,0,0,0,0,0,0,0,0,0],"Min":0.000919176,"Max":0.001408896,"Sum":0.002328072,"Exemplars":[{"FilteredAttributes":null,"Time":"2026-01-04T14:09:18.930970826Z","Value":0.000919176,"SpanID":"DllFdrqAaZo=","TraceID":"b3yjwrYV8JkqrCT8iPzE/w=="}]},{"Attributes":[{"Key":"http.request.method","Value":{"Type":"STRING","Value":"HEAD"}},{"Key":"http.response.status_code","Value":{"Type":"INT64","Value":200}},{"Key":"http.route","Value":{"Type":"STRING","Value":"/dav/"}},{"Key":"network.protocol.name","Value":{"Type":"STRING","Value":"http"}},{"Key":"network.protocol.version","Value":{"Type":"STRING","Value":"1.1"}},{"Key":"server.address","Value":{"Type":"STRING","Value":"localhost"}},{"Key":"server.port","Value":{"Type":"INT64","Value":8080}},{"Key":"url.scheme","Value":{"Type":"STRING","Value":"http"}}],"StartTime":"2026-01-04T14:09:07.899659799Z","Time":"2026-01-04T14:09:43.900182293Z","Count":1,"Bounds":[0.005,0.01,0.025,0.05,0.075,0.1,0.25,0.5,0.75,1,2.5,5,7.5,10],"BucketCounts":[1,0,0,0,0,0,0,0,0,0,0,0,0,0,0],"Min":0.0005315189999999999,"Max":0.0005315189999999999,"Sum":0.0005315189999999999,"Exemplars":[{"FilteredAttributes":null,"Time":"2026-01-04T14:09:18.92729187Z","Value":0.0005315189999999999,"SpanID":"K778QxQgGMo=","TraceID":"arBLhW5+GY4GBoL8UKM5Fw=="}]},{"Attributes":[{"Key":"http.request.method","Value":{"Type":"STRING","Value":"GET"}},{"Key":"http.response.status_code","Value":{"Type":"INT64","Value":200}},{"Key":"http.route","Value":{"Type":"STRING","Value":"/dav/"}},{"Key":"network.protocol.name","Value":{"Type":"STRING","Value":"http"}},{"Key":"network.protocol.version","Value":{"Type":"STRING","Value":"1.1"}},{"Key":"server.address","Value":{"Type":"STRING","Value":"localhost"}},{"Key":"server.port","Value":{"Type":"INT64","Value":8080}},{"Key":"url.scheme","Value":{"Type":"STRING","Value":"http"}}],"StartTime":"2026-01-04T14:09:07.899659799Z","Time":"2026-01-04T14:09:43.900182293Z","Count":1,"Bounds":[0.005,0.01,0.025,0.05,0.075,0.1,0.25,0.5,0.75,1,2.5,5,7.5,10],"BucketCounts":[0,0,0,0,0,0,0,0,0,0,0,0,0,0,1],"Min":10.675493445,"Max":10.675493445,"Sum":10.675493445,"Exemplars":[{"FilteredAttributes":null,"Time":"2026-01-04T14:09:29.604820947Z","Value":10.675493445,"SpanID":"l3p4kNL+Emo=","TraceID":"QWSHcynte1OAA0eyiVnMTw=="}]}],"Temporality":"CumulativeTemporality"}},{"Name":"http.server.request.body.size","Description":"Size of HTTP server request bodies.","Unit":"By","Data":{"DataPoints":[{"Attributes":[{"Key":"http.request.method","Value":{"Type":"STRING","Value":"_OTHER"}},{"Key":"http.response.status_code","Value":{"Type":"INT64","Value":207}},{"Key":"http.route","Value":{"Type":"STRING","Value":"/dav/"}},{"Key":"network.protocol.name","Value":{"Type":"STRING","Value":"http"}},{"Key":"network.protocol.version","Value":{"Type":"STRING","Value":"1.1"}},{"Key":"server.address","Value":{"Type":"STRING","Value":"localhost"}},{"Key":"server.port","Value":{"Type":"INT64","Value":34400}},{"Key":"url.scheme","Value":{"Type":"STRING","Value":"http"}}],"StartTime":"2026-01-04T14:09:07.90433315Z","Time":"2026-01-04T14:09:43.900188209Z","Count":1,"Bounds":[0,5,10,25,50,75,100,250,500,750,1000,2500,5000,7500,10000],"BucketCounts":[1,0,0,0,0,0,0,0,0,0,0,0,0,0,0,0],"Min":0,"Max":0,"Sum":0,"Exemplars":[{"FilteredAttributes":null,"Time":"2026-01-04T14:09:18.928194172Z","Value":0,"SpanID":"wZnmok+krJE=","TraceID":"arBLhW5+GY4GBoL8UKM5Fw=="}]},{"Attributes":[{"Key":"http.request.method","Value":{"Type":"STRING","Value":"GET"}},{"Key":"http.response.status_code","Value":{"Type":"INT64","Value":200}},{"Key":"http.route","Value":{"Type":"STRING","Value":"/dav/"}},{"Key":"network.protocol.name","Value":{"Type":"STRING","Value":"http"}},{"Key":"network.protocol.version","Value":{"Type":"STRING","Value":"1.1"}},{"Key":"server.address","Value":{"Type":"STRING","Value":"localhost"}},{"Key":"server.port","Value":{"Type":"INT64","Value":34400}},{"Key":"url.scheme","Value":{"Type":"STRING","Value":"http"}}],"StartTime":"2026-01-04T14:09:07.90433315Z","Time":"2026-01-04T14:09:43.900188209Z","Count":1,"Bounds":[0,5,10,25,50,75,100,250,500,750,1000,2500,5000,7500,10000],"BucketCounts":[1,0,0,0,0,0,0,0,0,0,0,0,0,0,0,0],"Min":0,"Max":0,"Sum":0,"Exemplars":[{"FilteredAttributes":null,"Time":"2026-01-04T14:09:40.247505969Z","Value":0,"SpanID":"Ai4pnOBBQhY=","TraceID":"QWSHcynte1OAA0eyiVnMTw=="}]},{"Attributes":[{"Key":"http.request.method","Value":{"Type":"STRING","Value":"GET"}},{"Key":"http.response.status_code","Value":{"Type":"INT64","Value":200}},{"Key":"http.route","Value":{"Type":"STRING","Value":"/m3u/"}},{"Key":"network.protocol.name","Value":{"Type":"STRING","Value":"http"}},{"Key":"network.protocol.version","Value":{"Type":"STRING","Value":"1.1"}},{"Key":"server.address","Value":{"Type":"STRING","Value":"localhost"}},{"Key":"server.port","Value":{"Type":"INT64","Value":34400}},{"Key":"url.scheme","Value":{"Type":"STRING","Value":"http"}}],"StartTime":"2026-01-04T14:09:07.90433315Z","Time":"2026-01-04T14:09:43.900188209Z","Count":1,"Bounds":[0,5,10,25,50,75,100,250,500,750,1000,2500,5000,7500,10000],"BucketCounts":[1,0,0,0,0,0,0,0,0,0,0,0,0,0,0,0],"Min":0,"Max":0,"Sum":0,"Exemplars":[{"FilteredAttributes":null,"Time":"2026-01-04T14:09:40.250897955Z","Value":0,"SpanID":"jGa9eghXVAo=","TraceID":"V4rFjUeirpvBE8ifNtwkNw=="}]},{"Attributes":[{"Key":"http.request.method","Value":{"Type":"STRING","Value":"GET"}},{"Key":"http.response.status_code","Value":{"Type":"INT64","Value":302}},{"Key":"http.route","Value":{"Type":"STRING","Value":"/stream/"}},{"Key":"network.protocol.name","Value":{"Type":"STRING","Value":"http"}},{"Key":"network.protocol.version","Value":{"Type":"STRING","Value":"1.1"}},{"Key":"server.address","Value":{"Type":"STRING","Value":"localhost"}},{"Key":"server.port","Value":{"Type":"INT64","Value":34400}},{"Key":"url.scheme","Value":{"Type":"STRING","Value":"http"}}],"StartTime":"2026-01-04T14:09:07.90433315Z","Time":"2026-01-04T14:09:43.900188209Z","Count":1,"Bounds":[0,5,10,25,50,75,100,250,500,750,1000,2500,5000,7500,10000],"BucketCounts":[1,0,0,0,0,0,0,0,0,0,0,0,0,0,0,0],"Min":0,"Max":0,"Sum":0,"Exemplars":[{"FilteredAttributes":null,"Time":"2026-01-04T14:09:40.251547037Z","Value":0,"SpanID":"r/4QlHbwaEU=","TraceID":"IYMRm22Mt6UJe57ITzmePA=="}]},{"Attributes":[{"Key":"http.request.method","Value":{"Type":"STRING","Value":"GET"}},{"Key":"http.response.status_code","Value":{"Type":"INT64","Value":200}},{"Key":"http.route","Value":{"Type":"STRING","Value":"/web/"}},{"Key":"network.protocol.name","Value":{"Type":"STRING","Value":"http"}},{"Key":"network.protocol.version","Value":{"Type":"STRING","Value":"1.1"}},{"Key":"server.address","Value":{"Type":"STRING","Value":"localhost"}},{"Key":"server.port","Value":{"Type":"INT64","Value":34400}},{"Key":"url.scheme","Value":{"Type":"STRING","Value":"http"}}],"StartTime":"2026-01-04T14:09:07.90433315Z","Time":"2026-01-04T14:09:43.900188209Z","Count":1,"Bounds":[0,5,10,25,50,75,100,250,500,750,1000,2500,5000,7500,10000],"BucketCounts":[1,0,0,0,0,0,0,0,0,0,0,0,0,0,0,0],"Min":0,"Max":0,"Sum":0,"Exemplars":[{"FilteredAttributes":null,"Time":"2026-01-04T14:09:08.892975434Z","Value":0,"SpanID":"5z9pZ9js62s=","TraceID":"NyaU+K+wr4GIKMU9XurTYQ=="}]},{"Attributes":[{"Key":"http.request.method","Value":{"Type":"STRING","Value":"POST"}},{"Key":"http.response.status_code","Value":{"Type":"INT64","Value":200}},{"Key":"http.route","Value":{"Type":"STRING","Value":"/api/"}},{"Key":"network.protocol.name","Value":{"Type":"STRING","Value":"http"}},{"Key":"network.protocol.version","Value":{"Type":"STRING","Value":"1.1"}},{"Key":"server.address","Value":{"Type":"STRING","Value":"localhost"}},{"Key":"server.port","Value":{"Type":"INT64","Value":34400}},{"Key":"url.scheme","Value":{"Type":"STRING","Value":"http"}}],"StartTime":"2026-01-04T14:09:07.90433315Z","Time":"2026-01-04T14:09:43.900188209Z","Count":1,"Bounds":[0,5,10,25,50,75,100,250,500,750,1000,2500,5000,7500,10000],"BucketCounts":[0,0,0,0,0,1,0,0,0,0,0,0,0,0,0,0],"Min":55,"Max":55,"Sum":55,"Exemplars":[{"FilteredAttributes":null,"Time":"2026-01-04T14:09:08.905026203Z","Value":55,"SpanID":"42/d7lSxk14=","TraceID":"ADi3JObXmZnw84c/RX8JJw=="}]},{"Attributes":[{"Key":"http.request.method","Value":{"Type":"STRING","Value":"GET"}},{"Key":"http.response.status_code","Value":{"Type":"INT64","Value":405}},{"Key":"http.route","Value":{"Type":"STRING","Value":"/dav/"}},{"Key":"network.protocol.name","Value":{"Type":"STRING","Value":"http"}},{"Key":"network.protocol.version","Value":{"Type":"STRING","Value":"1.1"}},{"Key":"server.address","Value":{"Type":"STRING","Value":"localhost"}},{"Key":"server.port","Value":{"Type":"INT64","Value":34400}},{"Key":"url.scheme","Value":{"Type":"STRING","Value":"http"}}],"StartTime":"2026-01-04T14:09:07.90433315Z","Time":"2026-01-04T14:09:43.900188209Z","Count":2,"Bounds":[0,5,10,25,50,75,100,250,500,750,1000,2500,5000,7500,10000],"BucketCounts":[2,0,0,0,0,0,0,0,0,0,0,0,0,0,0,0],"Min":0,"Max":0,"Sum":0,"Exemplars":[{"FilteredAttributes":null,"Time":"2026-01-04T14:09:40.249914325Z","Value":0,"SpanID":"wFs4YNQum2k=","TraceID":"TOGcQzeirdvZy2xt4NAlsg=="}]}],"Temporality":"CumulativeTemporality"}},{"Name":"http.server.response.body.size","Description":"Size of HTTP server response bodies.","Unit":"By","Data":{"DataPoints":[{"Attributes":[{"Key":"http.request.method","Value":{"Type":"STRING","Value":"GET"}},{"Key":"http.response.status_code","Value":{"Type":"INT64","Value":302}},{"Key":"http.route","Value":{"Type":"STRING","Value":"/stream/"}},{"Key":"network.protocol.name","Value":{"Type":"STRING","Value":"http"}},{"Key":"network.protocol.version","Value":{"Type":"STRING","Value":"1.1"}},{"Key":"server.address","Value":{"Type":"STRING","Value":"localhost"}},{"Key":"server.port","Value":{"Type":"INT64","Value":34400}},{"Key":"url.scheme","Value":{"Type":"STRING","Value":"http"}}],"StartTime":"2026-01-04T14:09:07.904775911Z","Time":"2026-01-04T14:09:43.900200876Z","Count":1,"Bounds":[0,5,10,25,50,75,100,250,500,750,1000,2500,5000,7500,10000],"BucketCounts":[0,0,0,0,0,1,0,0,0,0,0,0,0,0,0,0],"Min":62,"Max":62,"Sum":62,"Exemplars":[{"FilteredAttributes":null,"Time":"2026-01-04T14:09:40.251550711Z","Value":62,"SpanID":"r/4QlHbwaEU=","TraceID":"IYMRm22Mt6UJe57ITzmePA=="}]},{"Attributes":[{"Key":"http.request.method","Value":{"Type":"STRING","Value":"GET"}},{"Key":"http.response.status_code","Value":{"Type":"INT64","Value":200}},{"Key":"http.route","Value":{"Type":"STRING","Value":"/web/"}},{"Key":"network.protocol.name","Value":{"Type":"STRING","Value":"http"}},{"Key":"network.protocol.version","Value":{"Type":"STRING","Value":"1.1"}},{"Key":"server.address","Value":{"Type":"STRING","Value":"localhost"}},{"Key":"server.port","Value":{"Type":"INT64","Value":34400}},{"Key":"url.scheme","Value":{"Type":"STRING","Value":"http"}}],"StartTime":"2026-01-04T14:09:07.904775911Z","Time":"2026-01-04T14:09:43.900200876Z","Count":1,"Bounds":[0,5,10,25,50,75,100,250,500,750,1000,2500,5000,7500,10000],"BucketCounts":[0,0,0,0,0,0,0,0,0,0,0,1,0,0,0,0],"Min":1920,"Max":1920,"Sum":1920,"Exemplars":[{"FilteredAttributes":null,"Time":"2026-01-04T14:09:08.892982309Z","Value":1920,"SpanID":"5z9pZ9js62s=","TraceID":"NyaU+K+wr4GIKMU9XurTYQ=="}]},{"Attributes":[{"Key":"http.request.method","Value":{"Type":"STRING","Value":"POST"}},{"Key":"http.response.status_code","Value":{"Type":"INT64","Value":200}},{"Key":"http.route","Value":{"Type":"STRING","Value":"/api/"}},{"Key":"network.protocol.name","Value":{"Type":"STRING","Value":"http"}},{"Key":"network.protocol.version","Value":{"Type":"STRING","Value":"1.1"}},{"Key":"server.address","Value":{"Type":"STRING","Value":"localhost"}},{"Key":"server.port","Value":{"Type":"INT64","Value":34400}},{"Key":"url.scheme","Value":{"Type":"STRING","Value":"http"}}],"StartTime":"2026-01-04T14:09:07.904775911Z","Time":"2026-01-04T14:09:43.900200876Z","Count":1,"Bounds":[0,5,10,25,50,75,100,250,500,750,1000,2500,5000,7500,10000],"BucketCounts":[0,0,0,0,0,0,0,0,1,0,0,0,0,0,0,0],"Min":374,"Max":374,"Sum":374,"Exemplars":[{"FilteredAttributes":null,"Time":"2026-01-04T14:09:08.905040386Z","Value":374,"SpanID":"42/d7lSxk14=","TraceID":"ADi3JObXmZnw84c/RX8JJw=="}]},{"Attributes":[{"Key":"http.request.method","Value":{"Type":"STRING","Value":"GET"}},{"Key":"http.response.status_code","Value":{"Type":"INT64","Value":405}},{"Key":"http.route","Value":{"Type":"STRING","Value":"/dav/"}},{"Key":"network.protocol.name","Value":{"Type":"STRING","Value":"http"}},{"Key":"network.protocol.version","Value":{"Type":"STRING","Value":"1.1"}},{"Key":"server.address","Value":{"Type":"STRING","Value":"localhost"}},{"Key":"server.port","Value":{"Type":"INT64","Value":34400}},{"Key":"url.scheme","Value":{"Type":"STRING","Value":"http"}}],"StartTime":"2026-01-04T14:09:07.904775911Z","Time":"2026-01-04T14:09:43.900200876Z","Count":2,"Bounds":[0,5,10,25,50,75,100,250,500,750,1000,2500,5000,7500,10000],"BucketCounts":[0,0,0,2,0,0,0,0,0,0,0,0,0,0,0,0],"Min":18,"Max":18,"Sum":36,"Exemplars":[{"FilteredAttributes":null,"Time":"2026-01-04T14:09:40.249916169Z","Value":18,"SpanID":"wFs4YNQum2k=","TraceID":"TOGcQzeirdvZy2xt4NAlsg=="}]},{"Attributes":[{"Key":"http.request.method","Value":{"Type":"STRING","Value":"_OTHER"}},{"Key":"http.response.status_code","Value":{"Type":"INT64","Value":207}},{"Key":"http.route","Value":{"Type":"STRING","Value":"/dav/"}},{"Key":"network.protocol.name","Value":{"Type":"STRING","Value":"http"}},{"Key":"network.protocol.version","Value":{"Type":"STRING","Value":"1.1"}},{"Key":"server.address","Value":{"Type":"STRING","Value":"localhost"}},{"Key":"server.port","Value":{"Type":"INT64","Value":34400}},{"Key":"url.scheme","Value":{"Type":"STRING","Value":"http"}}],"StartTime":"2026-01-04T14:09:07.904775911Z","Time":"2026-01-04T14:09:43.900200876Z","Count":1,"Bounds":[0,5,10,25,50,75,100,250,500,750,1000,2500,5000,7500,10000],"BucketCounts":[0,0,0,0,0,0,0,0,0,0,0,1,0,0,0,0],"Min":1318,"Max":1318,"Sum":1318,"Exemplars":[{"FilteredAttributes":null,"Time":"2026-01-04T14:09:18.928202096Z","Value":1318,"SpanID":"wZnmok+krJE=","TraceID":"arBLhW5+GY4GBoL8UKM5Fw=="}]},{"Attributes":[{"Key":"http.request.method","Value":{"Type":"STRING","Value":"GET"}},{"Key":"http.response.status_code","Value":{"Type":"INT64","Value":200}},{"Key":"http.route","Value":{"Type":"STRING","Value":"/dav/"}},{"Key":"network.protocol.name","Value":{"Type":"STRING","Value":"http"}},{"Key":"network.protocol.version","Value":{"Type":"STRING","Value":"1.1"}},{"Key":"server.address","Value":{"Type":"STRING","Value":"localhost"}},{"Key":"server.port","Value":{"Type":"INT64","Value":34400}},{"Key":"url.scheme","Value":{"Type":"STRING","Value":"http"}}],"StartTime":"2026-01-04T14:09:07.904775911Z","Time":"2026-01-04T14:09:43.900200876Z","Count":1,"Bounds":[0,5,10,25,50,75,100,250,500,750,1000,2500,5000,7500,10000],"BucketCounts":[1,0,0,0,0,0,0,0,0,0,0,0,0,0,0,0],"Min":0,"Max":0,"Sum":0,"Exemplars":[{"FilteredAttributes":null,"Time":"2026-01-04T14:09:40.247508459Z","Value":0,"SpanID":"Ai4pnOBBQhY=","TraceID":"QWSHcynte1OAA0eyiVnMTw=="}]},{"Attributes":[{"Key":"http.request.method","Value":{"Type":"STRING","Value":"GET"}},{"Key":"http.response.status_code","Value":{"Type":"INT64","Value":200}},{"Key":"http.route","Value":{"Type":"STRING","Value":"/m3u/"}},{"Key":"network.protocol.name","Value":{"Type":"STRING","Value":"http"}},{"Key":"network.protocol.version","Value":{"Type":"STRING","Value":"1.1"}},{"Key":"server.address","Value":{"Type":"STRING","Value":"localhost"}},{"Key":"server.port","Value":{"Type":"INT64","Value":34400}},{"Key":"url.scheme","Value":{"Type":"STRING","Value":"http"}}],"StartTime":"2026-01-04T14:09:07.904775911Z","Time":"2026-01-04T14:09:43.900200876Z","Count":1,"Bounds":[0,5,10,25,50,75,100,250,500,750,1000,2500,5000,7500,10000],"BucketCounts":[0,0,0,0,0,0,0,0,0,0,0,1,0,0,0,0],"Min":1580,"Max":1580,"Sum":1580,"Exemplars":[{"FilteredAttributes":null,"Time":"2026-01-04T14:09:40.250904301Z","Value":1580,"SpanID":"jGa9eghXVAo=","TraceID":"V4rFjUeirpvBE8ifNtwkNw=="}]}],"Temporality":"CumulativeTemporality"}},{"Name":"http.server.request.duration","Description":"Duration of HTTP server requests.","Unit":"s","Data":{"DataPoints":[{"Attributes":[{"Key":"http.request.method","Value":{"Type":"STRING","Value":"GET"}},{"Key":"http.response.status_code","Value":{"Type":"INT64","Value":200}},{"Key":"http.route","Value":{"Type":"STRING","Value":"/m3u/"}},{"Key":"network.protocol.name","Value":{"Type":"STRING","Value":"http"}},{"Key":"network.protocol.version","Value":{"Type":"STRING","Value":"1.1"}},{"Key":"server.address","Value":{"Type":"STRING","Value":"localhost"}},{"Key":"server.port","Value":{"Type":"INT64","Value":34400}},{"Key":"url.scheme","Value":{"Type":"STRING","Value":"http"}}],"StartTime":"2026-01-04T14:09:07.904789511Z","Time":"2026-01-04T14:09:43.900236093Z","Count":1,"Bounds":[0.005,0.01,0.025,0.05,0.075,0.1,0.25,0.5,0.75,1,2.5,5,7.5,10],"BucketCounts":[1,0,0,0,0,0,0,0,0,0,0,0,0,0,0],"Min":0.000293822,"Max":0.000293822,"Sum":0.000293822,"Exemplars":[{"FilteredAttributes":null,"Time":"2026-01-04T14:09:40.250908388Z","Value":0.000293822,"SpanID":"jGa9eghXVAo=","TraceID":"V4rFjUeirpvBE8ifNtwkNw=="}]},{"Attributes":[{"Key":"http.request.method","Value":{"Type":"STRING","Value":"GET"}},{"Key":"http.response.status_code","Value":{"Type":"INT64","Value":302}},{"Key":"http.route","Value":{"Type":"STRING","Value":"/stream/"}},{"Key":"network.protocol.name","Value":{"Type":"STRING","Value":"http"}},{"Key":"network.protocol.version","Value":{"Type":"STRING","Value":"1.1"}},{"Key":"server.address","Value":{"Type":"STRING","Value":"localhost"}},{"Key":"server.port","Value":{"Type":"INT64","Value":34400}},{"Key":"url.scheme","Value":{"Type":"STRING","Value":"http"}}],"StartTime":"2026-01-04T14:09:07.904789511Z","Time":"2026-01-04T14:09:43.900236093Z","Count":1,"Bounds":[0.005,0.01,0.025,0.05,0.075,0.1,0.25,0.5,0.75,1,2.5,5,7.5,10],"BucketCounts":[1,0,0,0,0,0,0,0,0,0,0,0,0,0,0],"Min":0.000180473,"Max":0.000180473,"Sum":0.000180473,"Exemplars":[{"FilteredAttributes":null,"Time":"2026-01-04T14:09:40.251554943Z","Value":0.000180473,"SpanID":"r/4QlHbwaEU=","TraceID":"IYMRm22Mt6UJe57ITzmePA=="}]},{"Attributes":[{"Key":"http.request.method","Value":{"Type":"STRING","Value":"GET"}},{"Key":"http.response.status_code","Value":{"Type":"INT64","Value":200}},{"Key":"http.route","Value":{"Type":"STRING","Value":"/web/"}},{"Key":"network.protocol.name","Value":{"Type":"STRING","Value":"http"}},{"Key":"network.protocol.version","Value":{"Type":"STRING","Value":"1.1"}},{"Key":"server.address","Value":{"Type":"STRING","Value":"localhost"}},{"Key":"server.port","Value":{"Type":"INT64","Value":34400}},{"Key":"url.scheme","Value":{"Type":"STRING","Value":"http"}}],"StartTime":"2026-01-04T14:09:07.904789511Z","Time":"2026-01-04T14:09:43.900236093Z","Count":1,"Bounds":[0.005,0.01,0.025,0.05,0.075,0.1,0.25,0.5,0.75,1,2.5,5,7.5,10],"BucketCounts":[1,0,0,0,0,0,0,0,0,0,0,0,0,0,0],"Min":0.0011951050000000001,"Max":0.0011951050000000001,"Sum":0.0011951050000000001,"Exemplars":[{"FilteredAttributes":null,"Time":"2026-01-04T14:09:08.892988687Z","Value":0.0011951050000000001,"SpanID":"5z9pZ9js62s=","TraceID":"NyaU+K+wr4GIKMU9XurTYQ=="}]},{"Attributes":[{"Key":"http.request.method","Value":{"Type":"STRING","Value":"POST"}},{"Key":"http.response.status_code","Value":{"Type":"INT64","Value":200}},{"Key":"http.route","Value":{"Type":"STRING","Value":"/api/"}},{"Key":"network.protocol.name","Value":{"Type":"STRING","Value":"http"}},{"Key":"network.protocol.version","Value":{"Type":"STRING","Value":"1.1"}},{"Key":"server.address","Value":{"Type":"STRING","Value":"localhost"}},{"Key":"server.port","Value":{"Type":"INT64","Value":34400}},{"Key":"url.scheme","Value":{"Type":"STRING","Value":"http"}}],"StartTime":"2026-01-04T14:09:07.904789511Z","Time":"2026-01-04T14:09:43.900236093Z","Count":1,"Bounds":[0.005,0.01,0.025,0.05,0.075,0.1,0.25,0.5,0.75,1,2.5,5,7.5,10],"BucketCounts":[1,0,0,0,0,0,0,0,0,0,0,0,0,0,0],"Min":0.000334069,"Max":0.000334069,"Sum":0.000334069,"Exemplars":[{"FilteredAttributes":null,"Time":"2026-01-04T14:09:08.905049516Z","Value":0.000334069,"SpanID":"42/d7lSxk14=","TraceID":"ADi3JObXmZnw84c/RX8JJw=="}]},{"Attributes":[{"Key":"http.request.method","Value":{"Type":"STRING","Value":"GET"}},{"Key":"http.response.status_code","Value":{"Type":"INT64","Value":405}},{"Key":"http.route","Value":{"Type":"STRING","Value":"/dav/"}},{"Key":"network.protocol.name","Value":{"Type":"STRING","Value":"http"}},{"Key":"network.protocol.version","Value":{"Type":"STRING","Value":"1.1"}},{"Key":"server.address","Value":{"Type":"STRING","Value":"localhost"}},{"Key":"server.port","Value":{"Type":"INT64","Value":34400}},{"Key":"url.scheme","Value":{"Type":"STRING","Value":"http"}}],"StartTime":"2026-01-04T14:09:07.904789511Z","Time":"2026-01-04T14:09:43.900236093Z","Count":2,"Bounds":[0.005,0.01,0.025,0.05,0.075,0.1,0.25,0.5,0.75,1,2.5,5,7.5,10],"BucketCounts":[2,0,0,0,0,0,0,0,0,0,0,0,0,0,0],"Min":0.000060484000000000006,"Max":0.000106475,"Sum":0.000166959,"Exemplars":[{"FilteredAttributes":null,"Time":"2026-01-04T14:09:40.249918422Z","Value":0.000060484000000000006,"SpanID":"wFs4YNQum2k=","TraceID":"TOGcQzeirdvZy2xt4NAlsg=="}]},{"Attributes":[{"Key":"http.request.method","Value":{"Type":"STRING","Value":"_OTHER"}},{"Key":"http.response.status_code","Value":{"Type":"INT64","Value":207}},{"Key":"http.route","Value":{"Type":"STRING","Value":"/dav/"}},{"Key":"network.protocol.name","Value":{"Type":"STRING","Value":"http"}},{"Key":"network.protocol.version","Value":{"Type":"STRING","Value":"1.1"}},{"Key":"server.address","Value":{"Type":"STRING","Value":"localhost"}},{"Key":"server.port","Value":{"Type":"INT64","Value":34400}},{"Key":"url.scheme","Value":{"Type":"STRING","Value":"http"}}],"StartTime":"2026-01-04T14:09:07.904789511Z","Time":"2026-01-04T14:09:43.900236093Z","Count":1,"Bounds":[0.005,0.01,0.025,0.05,0.075,0.1,0.25,0.5,0.75,1,2.5,5,7.5,10],"BucketCounts":[1,0,0,0,0,0,0,0,0,0,0,0,0,0,0],"Min":0.001967756,"Max":0.001967756,"Sum":0.001967756,"Exemplars":[{"FilteredAttributes":null,"Time":"2026-01-04T14:09:18.928205743Z","Value":0.001967756,"SpanID":"wZnmok+krJE=","TraceID":"arBLhW5+GY4GBoL8UKM5Fw=="}]},{"Attributes":[{"Key":"http.request.method","Value":{"Type":"STRING","Value":"GET"}},{"Key":"http.response.status_code","Value":{"Type":"INT64","Value":200}},{"Key":"http.route","Value":{"Type":"STRING","Value":"/dav/"}},{"Key":"network.protocol.name","Value":{"Type":"STRING","Value":"http"}},{"Key":"network.protocol.version","Value":{"Type":"STRING","Value":"1.1"}},{"Key":"server.address","Value":{"Type":"STRING","Value":"localhost"}},{"Key":"server.port","Value":{"Type":"INT64","Value":34400}},{"Key":"url.scheme","Value":{"Type":"STRING","Value":"http"}}],"StartTime":"2026-01-04T14:09:07.904789511Z","Time":"2026-01-04T14:09:43.900236093Z","Count":1,"Bounds":[0.005,0.01,0.025,0.05,0.075,0.1,0.25,0.5,0.75,1,2.5,5,7.5,10],"BucketCounts":[0,0,0,0,0,0,0,0,0,0,0,0,0,0,1],"Min":21.318732717,"Max":21.318732717,"Sum":21.318732717,"Exemplars":[{"FilteredAttributes":null,"Time":"2026-01-04T14:09:40.24751382Z","Value":21.318732717,"SpanID":"Ai4pnOBBQhY=","TraceID":"QWSHcynte1OAA0eyiVnMTw=="}]}],"Temporality":"CumulativeTemporality"}}]}]}
{"Resource":[{"Key":"service.name","Value":{"Type":"STRING","Value":"unknown_service:xteve"}},{"Key":"telemetry.sdk.language","Value":{"Type":"STRING","Value":"go"}},{"Key":"telemetry.sdk.name","Value":{"Type":"STRING","Value":"opentelemetry"}},{"Key":"telemetry.sdk.version","Value":{"Type":"STRING","Value":"1.39.0"}}],"ScopeMetrics":[{"Scope":{"Name":"go.opentelemetry.io/contrib/instrumentation/net/http/otelhttp","Version":"0.64.0","SchemaURL":"","Attributes":null},"Metrics":[{"Name":"http.client.request.body.size","Description":"Size of HTTP client request bodies.","Unit":"By","Data":{"DataPoints":[{"Attributes":[{"Key":"http.request.method","Value":{"Type":"STRING","Value":"GET"}},{"Key":"http.response.status_code","Value":{"Type":"INT64","Value":200}},{"Key":"network.protocol.name","Value":{"Type":"STRING","Value":"http"}},{"Key":"network.protocol.version","Value":{"Type":"STRING","Value":"1.1"}},{"Key":"server.address","Value":{"Type":"STRING","Value":"localhost"}},{"Key":"server.port","Value":{"Type":"INT64","Value":8080}},{"Key":"url.scheme","Value":{"Type":"STRING","Value":"http"}}],"StartTime":"2026-01-04T14:09:07.899635976Z","Time":"2026-01-04T14:09:46.900921307Z","Count":2,"Bounds":[0,5,10,25,50,75,100,250,500,750,1000,2500,5000,7500,10000],"BucketCounts":[2,0,0,0,0,0,0,0,0,0,0,0,0,0,0,0],"Min":0,"Max":0,"Sum":0,"Exemplars":[{"FilteredAttributes":null,"Time":"2026-01-04T14:09:18.93096892Z","Value":0,"SpanID":"DllFdrqAaZo=","TraceID":"b3yjwrYV8JkqrCT8iPzE/w=="}]},{"Attributes":[{"Key":"http.request.method","Value":{"Type":"STRING","Value":"HEAD"}},{"Key":"http.response.status_code","Value":{"Type":"INT64","Value":200}},{"Key":"http.route","Value":{"Type":"STRING","Value":"/dav/"}},{"Key":"network.protocol.name","Value":{"Type":"STRING","Value":"http"}},{"Key":"network.protocol.version","Value":{"Type":"STRING","Value":"1.1"}},{"Key":"server.address","Value":{"Type":"STRING","Value":"localhost"}},{"Key":"server.port","Value":{"Type":"INT64","Value":8080}},{"Key":"url.scheme","Value":{"Type":"STRING","Value":"http"}}],"StartTime":"2026-01-04T14:09:07.899635976Z","Time":"2026-01-04T14:09:46.900921307Z","Count":1,"Bounds":[0,5,10,25,50,75,100,250,500,750,1000,2500,5000,7500,10000],"BucketCounts":[1,0,0,0,0,0,0,0,0,0,0,0,0,0,0,0],"Min":0,"Max":0,"Sum":0,"Exemplars":[{"FilteredAttributes":null,"Time":"2026-01-04T14:09:18.927283125Z","Value":0,"SpanID":"K778QxQgGMo=","TraceID":"arBLhW5+GY4GBoL8UKM5Fw=="}]},{"Attributes":[{"Key":"http.request.method","Value":{"Type":"STRING","Value":"GET"}},{"Key":"http.response.status_code","Value":{"Type":"INT64","Value":200}},{"Key":"http.route","Value":{"Type":"STRING","Value":"/dav/"}},{"Key":"network.protocol.name","Value":{"Type":"STRING","Value":"http"}},{"Key":"network.protocol.version","Value":{"Type":"STRING","Value":"1.1"}},{"Key":"server.address","Value":{"Type":"STRING","Value":"localhost"}},{"Key":"server.port","Value":{"Type":"INT64","Value":8080}},{"Key":"url.scheme","Value":{"Type":"STRING","Value":"http"}}],"StartTime":"2026-01-04T14:09:07.899635976Z","Time":"2026-01-04T14:09:46.900921307Z","Count":1,"Bounds":[0,5,10,25,50,75,100,250,500,750,1000,2500,5000,7500,10000],"BucketCounts":[1,0,0,0,0,0,0,0,0,0,0,0,0,0,0,0],"Min":0,"Max":0,"Sum":0,"Exemplars":[{"FilteredAttributes":null,"Time":"2026-01-04T14:09:29.604815292Z","Value":0,"SpanID":"l3p4kNL+Emo=","TraceID":"QWSHcynte1OAA0eyiVnMTw=="}]}],"Temporality":"CumulativeTemporality"}},{"Name":"http.client.request.duration","Description":"Duration of HTTP client requests.","Unit":"s","Data":{"DataPoints":[{"Attributes":[{"Key":"http.request.method","Value":{"Type":"STRING","Value":"GET"}},{"Key":"http.response.status_code","Value":{"Type":"INT64","Value":200}},{"Key":"network.protocol.name","Value":{"Type":"STRING","Value":"http"}},{"Key":"network.protocol.version","Value":{"Type":"STRING","Value":"1.1"}},{"Key":"server.address","Value":{"Type":"STRING","Value":"localhost"}},{"Key":"server.port","Value":{"Type":"INT64","Value":8080}},{"Key":"url.scheme","Value":{"Type":"STRING","Value":"http"}}],"StartTime":"2026-01-04T14:09:07.899659799Z","Time":"2026-01-04T14:09:46.900941602Z","Count":2,"Bounds":[0.005,0.01,0.025,0.05,0.075,0.1,0.25,0.5,0.75,1,2.5,5,7.5,10],"BucketCounts":[2,0,0,0,0,0,0,0,0,0,0,0,0,0,0],"Min":0.000919176,"Max":0.001408896,"Sum":0.002328072,"Exemplars":[{"FilteredAttributes":null,"Time":"2026-01-04T14:09:18.930970826Z","Value":0.000919176,"SpanID":"DllFdrqAaZo=","TraceID":"b3yjwrYV8JkqrCT8iPzE/w=="}]},{"Attributes":[{"Key":"http.request.method","Value":{"Type":"STRING","Value":"HEAD"}},{"Key":"http.response.status_code","Value":{"Type":"INT64","Value":200}},{"Key":"http.route","Value":{"Type":"STRING","Value":"/dav/"}},{"Key":"network.protocol.name","Value":{"Type":"STRING","Value":"http"}},{"Key":"network.protocol.version","Value":{"Type":"STRING","Value":"1.1"}},{"Key":"server.address","Value":{"Type":"STRING","Value":"localhost"}},{"Key":"server.port","Value":{"Type":"INT64","Value":8080}},{"Key":"url.scheme","Value":{"Type":"STRING","Value":"http"}}],"StartTime":"2026-01-04T14:09:07.899659799Z","Time":"2026-01-04T14:09:46.900941602Z","Count":1,"Bounds":[0.005,0.01,0.025,0.05,0.075,0.1,0.25,0.5,0.75,1,2.5,5,7.5,10],"BucketCounts":[1,0,0,0,0,0,0,0,0,0,0,0,0,0,0],"Min":0.0005315189999999999,"Max":0.0005315189999999999,"Sum":0.0005315189999999999,"Exemplars":[{"FilteredAttributes":null,"Time":"2026-01-04T14:09:18.92729187Z","Value":0.0005315189999999999,"SpanID":"K778QxQgGMo=","TraceID":"arBLhW5+GY4GBoL8UKM5Fw=="}]},{"Attributes":[{"Key":"http.request.method","Value":{"Type":"STRING","Value":"GET"}},{"Key":"http.response.status_code","Value":{"Type":"INT64","Value":200}},{"Key":"http.route","Value":{"Type":"STRING","Value":"/dav/"}},{"Key":"network.protocol.name","Value":{"Type":"STRING","Value":"http"}},{"Key":"network.protocol.version","Value":{"Type":"STRING","Value":"1.1"}},{"Key":"server.address","Value":{"Type":"STRING","Value":"localhost"}},{"Key":"server.port","Value":{"Type":"INT64","Value":8080}},{"Key":"url.scheme","Value":{"Type":"STRING","Value":"http"}}],"StartTime":"2026-01-04T14:09:07.899659799Z","Time":"2026-01-04T14:09:46.900941602Z","Count":1,"Bounds":[0.005,0.01,0.025,0.05,0.075,0.1,0.25,0.5,0.75,1,2.5,5,7.5,10],"BucketCounts":[0,0,0,0,0,0,0,0,0,0,0,0,0,0,1],"Min":10.675493445,"Max":10.675493445,"Sum":10.675493445,"Exemplars":[{"FilteredAttributes":null,"Time":"2026-01-04T14:09:29.604820947Z","Value":10.675493445,"SpanID":"l3p4kNL+Emo=","TraceID":"QWSHcynte1OAA0eyiVnMTw=="}]}],"Temporality":"CumulativeTemporality"}},{"Name":"http.server.request.body.size","Description":"Size of HTTP server request bodies.","Unit":"By","Data":{"DataPoints":[{"Attributes":[{"Key":"http.request.method","Value":{"Type":"STRING","Value":"POST"}},{"Key":"http.response.status_code","Value":{"Type":"INT64","Value":200}},{"Key":"http.route","Value":{"Type":"STRING","Value":"/api/"}},{"Key":"network.protocol.name","Value":{"Type":"STRING","Value":"http"}},{"Key":"network.protocol.version","Value":{"Type":"STRING","Value":"1.1"}},{"Key":"server.address","Value":{"Type":"STRING","Value":"localhost"}},{"Key":"server.port","Value":{"Type":"INT64","Value":34400}},{"Key":"url.scheme","Value":{"Type":"STRING","Value":"http"}}],"StartTime":"2026-01-04T14:09:07.90433315Z","Time":"2026-01-04T14:09:46.900949838Z","Count":1,"Bounds":[0,5,10,25,50,75,100,250,500,750,1000,2500,5000,7500,10000],"BucketCounts":[0,0,0,0,0,1,0,0,0,0,0,0,0,0,0,0],"Min":55,"Max":55,"Sum":55,"Exemplars":[{"FilteredAttributes":null,"Time":"2026-01-04T14:09:08.905026203Z","Value":55,"SpanID":"42/d7lSxk14=","TraceID":"ADi3JObXmZnw84c/RX8JJw=="}]},{"Attributes":[{"Key":"http.request.method","Value":{"Type":"STRING","Value":"GET"}},{"Key":"http.response.status_code","Value":{"Type":"INT64","Value":405}},{"Key":"http.route","Value":{"Type":"STRING","Value":"/dav/"}},{"Key":"network.protocol.name","Value":{"Type":"STRING","Value":"http"}},{"Key":"network.protocol.version","Value":{"Type":"STRING","Value":"1.1"}},{"Key":"server.address","Value":{"Type":"STRING","Value":"localhost"}},{"Key":"server.port","Value":{"Type":"INT64","Value":34400}},{"Key":"url.scheme","Value":{"Type":"STRING","Value":"http"}}],"StartTime":"2026-01-04T14:09:07.90433315Z","Time":"2026-01-04T14:09:46.900949838Z","Count":2,"Bounds":[0,5,10,25,50,75,100,250,500,750,1000,2500,5000,7500,10000],"BucketCounts":[2,0,0,0,0,0,0,0,0,0,0,0,0,0,0,0],"Min":0,"Max":0,"Sum":0,"Exemplars":[{"FilteredAttributes":null,"Time":"2026-01-04T14:09:40.249914325Z","Value":0,"SpanID":"wFs4YNQum2k=","TraceID":"TOGcQzeirdvZy2xt4NAlsg=="}]},{"Attributes":[{"Key":"http.request.method","Value":{"Type":"STRING","Value":"_OTHER"}},{"Key":"http.response.status_code","Value":{"Type":"INT64","Value":207}},{"Key":"http.route","Value":{"Type":"STRING","Value":"/dav/"}},{"Key":"network.protocol.name","Value":{"Type":"STRING","Value":"http"}},{"Key":"network.protocol.version","Value":{"Type":"STRING","Value":"1.1"}},{"Key":"server.address","Value":{"Type":"STRING","Value":"localhost"}},{"Key":"server.port","Value":{"Type":"INT64","Value":34400}},{"Key":"url.scheme","Value":{"Type":"STRING","Value":"http"}}],"StartTime":"2026-01-04T14:09:07.90433315Z","Time":"2026-01-04T14:09:46.900949838Z","Count":1,"Bounds":[0,5,10,25,50,75,100,250,500,750,1000,2500,5000,7500,10000],"BucketCounts":[1,0,0,0,0,0,0,0,0,0,0,0,0,0,0,0],"Min":0,"Max":0,"Sum":0,"Exemplars":[{"FilteredAttributes":null,"Time":"2026-01-04T14:09:18.928194172Z","Value":0,"SpanID":"wZnmok+krJE=","TraceID":"arBLhW5+GY4GBoL8UKM5Fw=="}]},{"Attributes":[{"Key":"http.request.method","Value":{"Type":"STRING","Value":"GET"}},{"Key":"http.response.status_code","Value":{"Type":"INT64","Value":200}},{"Key":"http.route","Value":{"Type":"STRING","Value":"/dav/"}},{"Key":"network.protocol.name","Value":{"Type":"STRING","Value":"http"}},{"Key":"network.protocol.version","Value":{"Type":"STRING","Value":"1.1"}},{"Key":"server.address","Value":{"Type":"STRING","Value":"localhost"}},{"Key":"server.port","Value":{"Type":"INT64","Value":34400}},{"Key":"url.scheme","Value":{"Type":"STRING","Value":"http"}}],"StartTime":"2026-01-04T14:09:07.90433315Z","Time":"2026-01-04T14:09:46.900949838Z","Count":1,"Bounds":[0,5,10,25,50,75,100,250,500,750,1000,2500,5000,7500,10000],"BucketCounts":[1,0,0,0,0,0,0,0,0,0,0,0,0,0,0,0],"Min":0,"Max":0,"Sum":0,"Exemplars":[{"FilteredAttributes":null,"Time":"2026-01-04T14:09:40.247505969Z","Value":0,"SpanID":"Ai4pnOBBQhY=","TraceID":"QWSHcynte1OAA0eyiVnMTw=="}]},{"Attributes":[{"Key":"http.request.method","Value":{"Type":"STRING","Value":"GET"}},{"Key":"http.response.status_code","Value":{"Type":"INT64","Value":200}},{"Key":"http.route","Value":{"Type":"STRING","Value":"/m3u/"}},{"Key":"network.protocol.name","Value":{"Type":"STRING","Value":"http"}},{"Key":"network.protocol.version","Value":{"Type":"STRING","Value":"1.1"}},{"Key":"server.address","Value":{"Type":"STRING","Value":"localhost"}},{"Key":"server.port","Value":{"Type":"INT64","Value":34400}},{"Key":"url.scheme","Value":{"Type":"STRING","Value":"http"}}],"StartTime":"2026-01-04T14:09:07.90433315Z","Time":"2026-01-04T14:09:46.900949838Z","Count":1,"Bounds":[0,5,10,25,50,75,100,250,500,750,1000,2500,5000,7500,10000],"BucketCounts":[1,0,0,0,0,0,0,0,0,0,0,0,0,0,0,0],"Min":0,"Max":0,"Sum":0,"Exemplars":[{"FilteredAttributes":null,"Time":"2026-01-04T14:09:40.250897955Z","Value":0,"SpanID":"jGa9eghXVAo=","TraceID":"V4rFjUeirpvBE8ifNtwkNw=="}]},{"Attributes":[{"Key":"http.request.method","Value":{"Type":"STRING","Value":"GET"}},{"Key":"http.response.status_code","Value":{"Type":"INT64","Value":302}},{"Key":"http.route","Value":{"Type":"STRING","Value":"/stream/"}},{"Key":"network.protocol.name","Value":{"Type":"STRING","Value":"http"}},{"Key":"network.protocol.version","Value":{"Type":"STRING","Value":"1.1"}},{"Key":"server.address","Value":{"Type":"STRING","Value":"localhost"}},{"Key":"server.port","Value":{"Type":"INT64","Value":34400}},{"Key":"url.scheme","Value":{"Type":"STRING","Value":"http"}}],"StartTime":"2026-01-04T14:09:07.90433315Z","Time":"2026-01-04T14:09:46.900949838Z","Count":1,"Bounds":[0,5,10,25,50,75,100,250,500,750,1000,2500,5000,7500,10000],"BucketCounts":[1,0,0,0,0,0,0,0,0,0,0,0,0,0,0,0],"Min":0,"Max":0,"Sum":0,"Exemplars":[{"FilteredAttributes":null,"Time":"2026-01-04T14:09:40.251547037Z","Value":0,"SpanID":"r/4QlHbwaEU=","TraceID":"IYMRm22Mt6UJe57ITzmePA=="}]},{"Attributes":[{"Key":"http.request.method","Value":{"Type":"STRING","Value":"GET"}},{"Key":"http.response.status_code","Value":{"Type":"INT64","Value":200}},{"Key":"http.route","Value":{"Type":"STRING","Value":"/web/"}},{"Key":"network.protocol.name","Value":{"Type":"STRING","Value":"http"}},{"Key":"network.protocol.version","Value":{"Type":"STRING","Value":"1.1"}},{"Key":"server.address","Value":{"Type":"STRING","Value":"localhost"}},{"Key":"server.port","Value":{"Type":"INT64","Value":34400}},{"Key":"url.scheme","Value":{"Type":"STRING","Value":"http"}}],"StartTime":"2026-01-04T14:09:07.90433315Z","Time":"2026-01-04T14:09:46.900949838Z","Count":1,"Bounds":[0,5,10,25,50,75,100,250,500,750,1000,2500,5000,7500,10000],"BucketCounts":[1,0,0,0,0,0,0,0,0,0,0,0,0,0,0,0],"Min":0,"Max":0,"Sum":0,"Exemplars":[{"FilteredAttributes":null,"Time":"2026-01-04T14:09:08.892975434Z","Value":0,"SpanID":"5z9pZ9js62s=","TraceID":"NyaU+K+wr4GIKMU9XurTYQ=="}]}],"Temporality":"CumulativeTemporality"}},{"Name":"http.server.response.body.size","Description":"Size of HTTP server response bodies.","Unit":"By","Data":{"DataPoints":[{"Attributes":[{"Key":"http.request.method","Value":{"Type":"STRING","Value":"GET"}},{"Key":"http.response.status_code","Value":{"Type":"INT64","Value":405}},{"Key":"http.route","Value":{"Type":"STRING","Value":"/dav/"}},{"Key":"network.protocol.name","Value":{"Type":"STRING","Value":"http"}},{"Key":"network.protocol.version","Value":{"Type":"STRING","Value":"1.1"}},{"Key":"server.address","Value":{"Type":"STRING","Value":"localhost"}},{"Key":"server.port","Value":{"Type":"INT64","Value":34400}},{"Key":"url.scheme","Value":{"Type":"STRING","Value":"http"}}],"StartTime":"2026-01-04T14:09:07.904775911Z","Time":"2026-01-04T14:09:46.900966659Z","Count":2,"Bounds":[0,5,10,25,50,75,100,250,500,750,1000,2500,5000,7500,10000],"BucketCounts":[0,0,0,2,0,0,0,0,0,0,0,0,0,0,0,0],"Min":18,"Max":18,"Sum":36,"Exemplars":[{"FilteredAttributes":null,"Time":"2026-01-04T14:09:40.249916169Z","Value":18,"SpanID":"wFs4YNQum2k=","TraceID":"TOGcQzeirdvZy2xt4NAlsg=="}]},{"Attributes":[{"Key":"http.request.method","Value":{"Type":"STRING","Value":"_OTHER"}},{"Key":"http.response.status_code","Value":{"Type":"INT64","Value":207}},{"Key":"http.route","Value":{"Type":"STRING","Value":"/dav/"}},{"Key":"network.protocol.name","Value":{"Type":"STRING","Value":"http"}},{"Key":"network.protocol.version","Value":{"Type":"STRING","Value":"1.1"}},{"Key":"server.address","Value":{"Type":"STRING","Value":"localhost"}},{"Key":"server.port","Value":{"Type":"INT64","Value":34400}},{"Key":"url.scheme","Value":{"Type":"STRING","Value":"http"}}],"StartTime":"2026-01-04T14:09:07.904775911Z","Time":"2026-01-04T14:09:46.900966659Z","Count":1,"Bounds":[0,5,10,25,50,75,100,250,500,750,1000,2500,5000,7500,10000],"BucketCounts":[0,0,0,0,0,0,0,0,0,0,0,1,0,0,0,0],"Min":1318,"Max":1318,"Sum":1318,"Exemplars":[{"FilteredAttributes":null,"Time":"2026-01-04T14:09:18.928202096Z","Value":1318,"SpanID":"wZnmok+krJE=","TraceID":"arBLhW5+GY4GBoL8UKM5Fw=="}]},{"Attributes":[{"Key":"http.request.method","Value":{"Type":"STRING","Value":"GET"}},{"Key":"http.response.status_code","Value":{"Type":"INT64","Value":200}},{"Key":"http.route","Value":{"Type":"STRING","Value":"/dav/"}},{"Key":"network.protocol.name","Value":{"Type":"STRING","Value":"http"}},{"Key":"network.protocol.version","Value":{"Type":"STRING","Value":"1.1"}},{"Key":"server.address","Value":{"Type":"STRING","Value":"localhost"}},{"Key":"server.port","Value":{"Type":"INT64","Value":34400}},{"Key":"url.scheme","Value":{"Type":"STRING","Value":"http"}}],"StartTime":"2026-01-04T14:09:07.904775911Z","Time":"2026-01-04T14:09:46.900966659Z","Count":1,"Bounds":[0,5,10,25,50,75,100,250,500,750,1000,2500,5000,7500,10000],"BucketCounts":[1,0,0,0,0,0,0,0,0,0,0,0,0,0,0,0],"Min":0,"Max":0,"Sum":0,"Exemplars":[{"FilteredAttributes":null,"Time":"2026-01-04T14:09:40.247508459Z","Value":0,"SpanID":"Ai4pnOBBQhY=","TraceID":"QWSHcynte1OAA0eyiVnMTw=="}]},{"Attributes":[{"Key":"http.request.method","Value":{"Type":"STRING","Value":"GET"}},{"Key":"http.response.status_code","Value":{"Type":"INT64","Value":200}},{"Key":"http.route","Value":{"Type":"STRING","Value":"/m3u/"}},{"Key":"network.protocol.name","Value":{"Type":"STRING","Value":"http"}},{"Key":"network.protocol.version","Value":{"Type":"STRING","Value":"1.1"}},{"Key":"server.address","Value":{"Type":"STRING","Value":"localhost"}},{"Key":"server.port","Value":{"Type":"INT64","Value":34400}},{"Key":"url.scheme","Value":{"Type":"STRING","Value":"http"}}],"StartTime":"2026-01-04T14:09:07.904775911Z","Time":"2026-01-04T14:09:46.900966659Z","Count":1,"Bounds":[0,5,10,25,50,75,100,250,500,750,1000,2500,5000,7500,10000],"BucketCounts":[0,0,0,0,0,0,0,0,0,0,0,1,0,0,0,0],"Min":1580,"Max":1580,"Sum":1580,"Exemplars":[{"FilteredAttributes":null,"Time":"2026-01-04T14:09:40.250904301Z","Value":1580,"SpanID":"jGa9eghXVAo=","TraceID":"V4rFjUeirpvBE8ifNtwkNw=="}]},{"Attributes":[{"Key":"http.request.method","Value":{"Type":"STRING","Value":"GET"}},{"Key":"http.response.status_code","Value":{"Type":"INT64","Value":302}},{"Key":"http.route","Value":{"Type":"STRING","Value":"/stream/"}},{"Key":"network.protocol.name","Value":{"Type":"STRING","Value":"http"}},{"Key":"network.protocol.version","Value":{"Type":"STRING","Value":"1.1"}},{"Key":"server.address","Value":{"Type":"STRING","Value":"localhost"}},{"Key":"server.port","Value":{"Type":"INT64","Value":34400}},{"Key":"url.scheme","Value":{"Type":"STRING","Value":"http"}}],"StartTime":"2026-01-04T14:09:07.904775911Z","Time":"2026-01-04T14:09:46.900966659Z","Count":1,"Bounds":[0,5,10,25,50,75,100,250,500,750,1000,2500,5000,7500,10000],"BucketCounts":[0,0,0,0,0,1,0,0,0,0,0,0,0,0,0,0],"Min":62,"Max":62,"Sum":62,"Exemplars":[{"FilteredAttributes":null,"Time":"2026-01-04T14:09:40.251550711Z","Value":62,"SpanID":"r/4QlHbwaEU=","TraceID":"IYMRm22Mt6UJe57ITzmePA=="}]},{"Attributes":[{"Key":"http.request.method","Value":{"Type":"STRING","Value":"GET"}},{"Key":"http.response.status_code","Value":{"Type":"INT64","Value":200}},{"Key":"http.route","Value":{"Type":"STRING","Value":"/web/"}},{"Key":"network.protocol.name","Value":{"Type":"STRING","Value":"http"}},{"Key":"network.protocol.version","Value":{"Type":"STRING","Value":"1.1"}},{"Key":"server.address","Value":{"Type":"STRING","Value":"localhost"}},{"Key":"server.port","Value":{"Type":"INT64","Value":34400}},{"Key":"url.scheme","Value":{"Type":"STRING","Value":"http"}}],"StartTime":"2026-01-04T14:09:07.904775911Z","Time":"2026-01-04T14:09:46.900966659Z","Count":1,"Bounds":[0,5,10,25,50,75,100,250,500,750,1000,2500,5000,7500,10000],"BucketCounts":[0,0,0,0,0,0,0,0,0,0,0,1,0,0,0,0],"Min":1920,"Max":1920,"Sum":1920,"Exemplars":[{"FilteredAttributes":null,"Time":"2026-01-04T14:09:08.892982309Z","Value":1920,"SpanID":"5z9pZ9js62s=","TraceID":"NyaU+K+wr4GIKMU9XurTYQ=="}]},{"Attributes":[{"Key":"http.request.method","Value":{"Type":"STRING","Value":"POST"}},{"Key":"http.response.status_code","Value":{"Type":"INT64","Value":200}},{"Key":"http.route","Value":{"Type":"STRING","Value":"/api/"}},{"Key":"network.protocol.name","Value":{"Type":"STRING","Value":"http"}},{"Key":"network.protocol.version","Value":{"Type":"STRING","Value":"1.1"}},{"Key":"server.address","Value":{"Type":"STRING","Value":"localhost"}},{"Key":"server.port","Value":{"Type":"INT64","Value":34400}},{"Key":"url.scheme","Value":{"Type":"STRING","Value":"http"}}],"StartTime":"2026-01-04T14:09:07.904775911Z","Time":"2026-01-04T14:09:46.900966659Z","Count":1,"Bounds":[0,5,10,25,50,75,100,250,500,750,1000,2500,5000,7500,10000],"BucketCounts":[0,0,0,0,0,0,0,0,1,0,0,0,0,0,0,0],"Min":374,"Max":374,"Sum":374,"Exemplars":[{"FilteredAttributes":null,"Time":"2026-01-04T14:09:08.905040386Z","Value":374,"SpanID":"42/d7lSxk14=","TraceID":"ADi3JObXmZnw84c/RX8JJw=="}]}],"Temporality":"CumulativeTemporality"}},{"Name":"http.server.request.duration","Description":"Duration of HTTP server requests.","Unit":"s","Data":{"DataPoints":[{"Attributes":[{"Key":"http.request.method","Value":{"Type":"STRING","Value":"_OTHER"}},{"Key":"http.response.status_code","Value":{"Type":"INT64","Value":207}},{"Key":"http.route","Value":{"Type":"STRING","Value":"/dav/"}},{"Key":"network.protocol.name","Value":{"Type":"STRING","Value":"http"}},{"Key":"network.protocol.version","Value":{"Type":"STRING","Value":"1.1"}},{"Key":"server.address","Value":{"Type":"STRING","Value":"localhost"}},{"Key":"server.port","Value":{"Type":"INT64","Value":34400}},{"Key":"url.scheme","Value":{"Type":"STRING","Value":"http"}}],"StartTime":"2026-01-04T14:09:07.904789511Z","Time":"2026-01-04T14:09:46.900975974Z","Count":1,"Bounds":[0.005,0.01,0.025,0.05,0.075,0.1,0.25,0.5,0.75,1,2.5,5,7.5,10],"BucketCounts":[1,0,0,0,0,0,0,0,0,0,0,0,0,0,0],"Min":0.001967756,"Max":0.001967756,"Sum":0.001967756,"Exemplars":[{"FilteredAttributes":null,"Time":"2026-01-04T14:09:18.928205743Z","Value":0.001967756,"SpanID":"wZnmok+krJE=","TraceID":"arBLhW5+GY4GBoL8UKM5Fw=="}]},{"Attributes":[{"Key":"http.request.method","Value":{"Type":"STRING","Value":"GET"}},{"Key":"http.response.status_code","Value":{"Type":"INT64","Value":200}},{"Key":"http.route","Value":{"Type":"STRING","Value":"/dav/"}},{"Key":"network.protocol.name","Value":{"Type":"STRING","Value":"http"}},{"Key":"network.protocol.version","Value":{"Type":"STRING","Value":"1.1"}},{"Key":"server.address","Value":{"Type":"STRING","Value":"localhost"}},{"Key":"server.port","Value":{"Type":"INT64","Value":34400}},{"Key":"url.scheme","Value":{"Type":"STRING","Value":"http"}}],"StartTime":"2026-01-04T14:09:07.904789511Z","Time":"2026-01-04T14:09:46.900975974Z","Count":1,"Bounds":[0.005,0.01,0.025,0.05,0.075,0.1,0.25,0.5,0.75,1,2.5,5,7.5,10],"BucketCounts":[0,0,0,0,0,0,0,0,0,0,0,0,0,0,1],"Min":21.318732717,"Max":21.318732717,"Sum":21.318732717,"Exemplars":[{"FilteredAttributes":null,"Time":"2026-01-04T14:09:40.24751382Z","Value":21.318732717,"SpanID":"Ai4pnOBBQhY=","TraceID":"QWSHcynte1OAA0eyiVnMTw=="}]},{"Attributes":[{"Key":"http.request.method","Value":{"Type":"STRING","Value":"GET"}},{"Key":"http.response.status_code","Value":{"Type":"INT64","Value":200}},{"Key":"http.route","Value":{"Type":"STRING","Value":"/m3u/"}},{"Key":"network.protocol.name","Value":{"Type":"STRING","Value":"http"}},{"Key":"network.protocol.version","Value":{"Type":"STRING","Value":"1.1"}},{"Key":"server.address","Value":{"Type":"STRING","Value":"localhost"}},{"Key":"server.port","Value":{"Type":"INT64","Value":34400}},{"Key":"url.scheme","Value":{"Type":"STRING","Value":"http"}}],"StartTime":"2026-01-04T14:09:07.904789511Z","Time":"2026-01-04T14:09:46.900975974Z","Count":1,"Bounds":[0.005,0.01,0.025,0.05,0.075,0.1,0.25,0.5,0.75,1,2.5,5,7.5,10],"BucketCounts":[1,0,0,0,0,0,0,0,0,0,0,0,0,0,0],"Min":0.000293822,"Max":0.000293822,"Sum":0.000293822,"Exemplars":[{"FilteredAttributes":null,"Time":"2026-01-04T14:09:40.250908388Z","Value":0.000293822,"SpanID":"jGa9eghXVAo=","TraceID":"V4rFjUeirpvBE8ifNtwkNw=="}]},{"Attributes":[{"Key":"http.request.method","Value":{"Type":"STRING","Value":"GET"}},{"Key":"http.response.status_code","Value":{"Type":"INT64","Value":302}},{"Key":"http.route","Value":{"Type":"STRING","Value":"/stream/"}},{"Key":"network.protocol.name","Value":{"Type":"STRING","Value":"http"}},{"Key":"network.protocol.version","Value":{"Type":"STRING","Value":"1.1"}},{"Key":"server.address","Value":{"Type":"STRING","Value":"localhost"}},{"Key":"server.port","Value":{"Type":"INT64","Value":34400}},{"Key":"url.scheme","Value":{"Type":"STRING","Value":"http"}}],"StartTime":"2026-01-04T14:09:07.904789511Z","Time":"2026-01-04T14:09:46.900975974Z","Count":1,"Bounds":[0.005,0.01,0.025,0.05,0.075,0.1,0.25,0.5,0.75,1,2.5,5,7.5,10],"BucketCounts":[1,0,0,0,0,0,0,0,0,0,0,0,0,0,0],"Min":0.000180473,"Max":0.000180473,"Sum":0.000180473,"Exemplars":[{"FilteredAttributes":null,"Time":"2026-01-04T14:09:40.251554943Z","Value":0.000180473,"SpanID":"r/4QlHbwaEU=","TraceID":"IYMRm22Mt6UJe57ITzmePA=="}]},{"Attributes":[{"Key":"http.request.method","Value":{"Type":"STRING","Value":"GET"}},{"Key":"http.response.status_code","Value":{"Type":"INT64","Value":200}},{"Key":"http.route","Value":{"Type":"STRING","Value":"/web/"}},{"Key":"network.protocol.name","Value":{"Type":"STRING","Value":"http"}},{"Key":"network.protocol.version","Value":{"Type":"STRING","Value":"1.1"}},{"Key":"server.address","Value":{"Type":"STRING","Value":"localhost"}},{"Key":"server.port","Value":{"Type":"INT64","Value":34400}},{"Key":"url.scheme","Value":{"Type":"STRING","Value":"http"}}],"StartTime":"2026-01-04T14:09:07.904789511Z","Time":"2026-01-04T14:09:46.900975974Z","Count":1,"Bounds":[0.005,0.01,0.025,0.05,0.075,0.1,0.25,0.5,0.75,1,2.5,5,7.5,10],"BucketCounts":[1,0,0,0,0,0,0,0,0,0,0,0,0,0,0],"Min":0.0011951050000000001,"Max":0.0011951050000000001,"Sum":0.0011951050000000001,"Exemplars":[{"FilteredAttributes":null,"Time":"2026-01-04T14:09:08.892988687Z","Value":0.0011951050000000001,"SpanID":"5z9pZ9js62s=","TraceID":"NyaU+K+wr4GIKMU9XurTYQ=="}]},{"Attributes":[{"Key":"http.request.method","Value":{"Type":"STRING","Value":"POST"}},{"Key":"http.response.status_code","Value":{"Type":"INT64","Value":200}},{"Key":"http.route","Value":{"Type":"STRING","Value":"/api/"}},{"Key":"network.protocol.name","Value":{"Type":"STRING","Value":"http"}},{"Key":"network.protocol.version","Value":{"Type":"STRING","Value":"1.1"}},{"Key":"server.address","Value":{"Type":"STRING","Value":"localhost"}},{"Key":"server.port","Value":{"Type":"INT64","Value":34400}},{"Key":"url.scheme","Value":{"Type":"STRING","Value":"http"}}],"StartTime":"2026-01-04T14:09:07.904789511Z","Time":"2026-01-04T14:09:46.900975974Z","Count":1,"Bounds":[0.005,0.01,0.025,0.05,0.075,0.1,0.25,0.5,0.75,1,2.5,5,7.5,10],"BucketCounts":[1,0,0,0,0,0,0,0,0,0,0,0,0,0,0],"Min":0.000334069,"Max":0.000334069,"Sum":0.000334069,"Exemplars":[{"FilteredAttributes":null,"Time":"2026-01-04T14:09:08.905049516Z","Value":0.000334069,"SpanID":"42/d7lSxk14=","TraceID":"ADi3JObXmZnw84c/RX8JJw=="}]},{"Attributes":[{"Key":"http.request.method","Value":{"Type":"STRING","Value":"GET"}},{"Key":"http.response.status_code","Value":{"Type":"INT64","Value":405}},{"Key":"http.route","Value":{"Type":"STRING","Value":"/dav/"}},{"Key":"network.protocol.name","Value":{"Type":"STRING","Value":"http"}},{"Key":"network.protocol.version","Value":{"Type":"STRING","Value":"1.1"}},{"Key":"server.address","Value":{"Type":"STRING","Value":"localhost"}},{"Key":"server.port","Value":{"Type":"INT64","Value":34400}},{"Key":"url.scheme","Value":{"Type":"STRING","Value":"http"}}],"StartTime":"2026-01-04T14:09:07.904789511Z","Time":"2026-01-04T14:09:46.900975974Z","Count":2,"Bounds":[0.005,0.01,0.025,0.05,0.075,0.1,0.25,0.5,0.75,1,2.5,5,7.5,10],"BucketCounts":[2,0,0,0,0,0,0,0,0,0,0,0,0,0,0],"Min":0.000060484000000000006,"Max":0.000106475,"Sum":0.000166959,"Exemplars":[{"FilteredAttributes":null,"Time":"2026-01-04T14:09:40.249918422Z","Value":0.000060484000000000006,"SpanID":"wFs4YNQum2k=","TraceID":"TOGcQzeirdvZy2xt4NAlsg=="}]}],"Temporality":"CumulativeTemporality"}}]}]}
{"Resource":[{"Key":"service.name","Value":{"Type":"STRING","Value":"unknown_service:xteve"}},{"Key":"telemetry.sdk.language","Value":{"Type":"STRING","Value":"go"}},{"Key":"telemetry.sdk.name","Value":{"Type":"STRING","Value":"opentelemetry"}},{"Key":"telemetry.sdk.version","Value":{"Type":"STRING","Value":"1.39.0"}}],"ScopeMetrics":[{"Scope":{"Name":"go.opentelemetry.io/contrib/instrumentation/net/http/otelhttp","Version":"0.64.0","SchemaURL":"","Attributes":null},"Metrics":[{"Name":"http.client.request.body.size","Description":"Size of HTTP client request bodies.","Unit":"By","Data":{"DataPoints":[{"Attributes":[{"Key":"http.request.method","Value":{"Type":"STRING","Value":"GET"}},{"Key":"http.response.status_code","Value":{"Type":"INT64","Value":200}},{"Key":"network.protocol.name","Value":{"Type":"STRING","Value":"http"}},{"Key":"network.protocol.version","Value":{"Type":"STRING","Value":"1.1"}},{"Key":"server.address","Value":{"Type":"STRING","Value":"localhost"}},{"Key":"server.port","Value":{"Type":"INT64","Value":8080}},{"Key":"url.scheme","Value":{"Type":"STRING","Value":"http"}}],"StartTime":"2026-01-04T14:09:07.899635976Z","Time":"2026-01-04T14:09:49.899992741Z","Count":2,"Bounds":[0,5,10,25,50,75,100,250,500,750,1000,2500,5000,7500,10000],"BucketCounts":[2,0,0,0,0,0,0,0,0,0,0,0,0,0,0,0],"Min":0,"Max":0,"Sum":0,"Exemplars":[{"FilteredAttributes":null,"Time":"2026-01-04T14:09:18.93096892Z","Value":0,"SpanID":"DllFdrqAaZo=","TraceID":"b3yjwrYV8JkqrCT8iPzE/w=="}]},{"Attributes":[{"Key":"http.request.method","Value":{"Type":"STRING","Value":"HEAD"}},{"Key":"http.response.status_code","Value":{"Type":"INT64","Value":200}},{"Key":"http.route","Value":{"Type":"STRING","Value":"/dav/"}},{"Key":"network.protocol.name","Value":{"Type":"STRING","Value":"http"}},{"Key":"network.protocol.version","Value":{"Type":"STRING","Value":"1.1"}},{"Key":"server.address","Value":{"Type":"STRING","Value":"localhost"}},{"Key":"server.port","Value":{"Type":"INT64","Value":8080}},{"Key":"url.scheme","Value":{"Type":"STRING","Value":"http"}}],"StartTime":"2026-01-04T14:09:07.899635976Z","Time":"2026-01-04T14:09:49.899992741Z","Count":1,"Bounds":[0,5,10,25,50,75,100,250,500,750,1000,2500,5000,7500,10000],"BucketCounts":[1,0,0,0,0,0,0,0,0,0,0,0,0,0,0,0],"Min":0,"Max":0,"Sum":0,"Exemplars":[{"FilteredAttributes":null,"Time":"2026-01-04T14:09:18.927283125Z","Value":0,"SpanID":"K778QxQgGMo=","TraceID":"arBLhW5+GY4GBoL8UKM5Fw=="}]},{"Attributes":[{"Key":"http.request.method","Value":{"Type":"STRING","Value":"GET"}},{"Key":"http.response.status_code","Value":{"Type":"INT64","Value":200}},{"Key":"http.route","Value":{"Type":"STRING","Value":"/dav/"}},{"Key":"network.protocol.name","Value":{"Type":"STRING","Value":"http"}},{"Key":"network.protocol.version","Value":{"Type":"STRING","Value":"1.1"}},{"Key":"server.address","Value":{"Type":"STRING","Value":"localhost"}},{"Key":"server.port","Value":{"Type":"INT64","Value":8080}},{"Key":"url.scheme","Value":{"Type":"STRING","Value":"http"}}],"StartTime":"2026-01-04T14:09:07.899635976Z","Time":"2026-01-04T14:09:49.899992741Z","Count":1,"Bounds":[0,5,10,25,50,75,100,250,500,750,1000,2500,5000,7500,10000],"BucketCounts":[1,0,0,0,0,0,0,0,0,0,0,0,0,0,0,0],"Min":0,"Max":0,"Sum":0,"Exemplars":[{"FilteredAttributes":null,"Time":"2026-01-04T14:09:29.604815292Z","Value":0,"SpanID":"l3p4kNL+Emo=","TraceID":"QWSHcynte1OAA0eyiVnMTw=="}]}],"Temporality":"CumulativeTemporality"}},{"Name":"http.client.request.duration","Description":"Duration of HTTP client requests.","Unit":"s","Data":{"DataPoints":[{"Attributes":[{"Key":"http.request.method","Value":{"Type":"STRING","Value":"GET"}},{"Key":"http.response.status_code","Value":{"Type":"INT64","Value":200}},{"Key":"network.protocol.name","Value":{"Type":"STRING","Value":"http"}},{"Key":"network.protocol.version","Value":{"Type":"STRING","Value":"1.1"}},{"Key":"server.address","Value":{"Type":"STRING","Value":"localhost"}},{"Key":"server.port","Value":{"Type":"INT64","Value":8080}},{"Key":"url.scheme","Value":{"Type":"STRING","Value":"http"}}],"StartTime":"2026-01-04T14:09:07.899659799Z","Time":"2026-01-04T14:09:49.900036486Z","Count":2,"Bounds":[0.005,0.01,0.025,0.05,0.075,0.1,0.25,0.5,0.75,1,2.5,5,7.5,10],"BucketCounts":[2,0,0,0,0,0,0,0,0,0,0,0,0,0,0],"Min":0.000919176,"Max":0.001408896,"Sum":0.002328072,"Exemplars":[{"FilteredAttributes":null,"Time":"2026-01-04T14:09:18.930970826Z","Value":0.000919176,"SpanID":"DllFdrqAaZo=","TraceID":"b3yjwrYV8JkqrCT8iPzE/w=="}]},{"Attributes":[{"Key":"http.request.method","Value":{"Type":"STRING","Value":"HEAD"}},{"Key":"http.response.status_code","Value":{"Type":"INT64","Value":200}},{"Key":"http.route","Value":{"Type":"STRING","Value":"/dav/"}},{"Key":"network.protocol.name","Value":{"Type":"STRING","Value":"http"}},{"Key":"network.protocol.version","Value":{"Type":"STRING","Value":"1.1"}},{"Key":"server.address","Value":{"Type":"STRING","Value":"localhost"}},{"Key":"server.port","Value":{"Type":"INT64","Value":8080}},{"Key":"url.scheme","Value":{"Type":"STRING","Value":"http"}}],"StartTime":"2026-01-04T14:09:07.899659799Z","Time":"2026-01-04T14:09:49.900036486Z","Count":1,"Bounds":[0.005,0.01,0.025,0.05,0.075,0.1,0.25,0.5,0.75,1,2.5,5,7.5,10],"BucketCounts":[1,0,0,0,0,0,0,0,0,0,0,0,0,0,0],"Min":0.0005315189999999999,"Max":0.0005315189999999999,"Sum":0.0005315189999999999,"Exemplars":[{"FilteredAttributes":null,"Time":"2026-01-04T14:09:18.92729187Z","Value":0.0005315189999999999,"SpanID":"K778QxQgGMo=","TraceID":"arBLhW5+GY4GBoL8UKM5Fw=="}]},{"Attributes":[{"Key":"http.request.method","Value":{"Type":"STRING","Value":"GET"}},{"Key":"http.response.status_code","Value":{"Type":"INT64","Value":200}},{"Key":"http.route","Value":{"Type":"STRING","Value":"/dav/"}},{"Key":"network.protocol.name","Value":{"Type":"STRING","Value":"http"}},{"Key":"network.protocol.version","Value":{"Type":"STRING","Value":"1.1"}},{"Key":"server.address","Value":{"Type":"STRING","Value":"localhost"}},{"Key":"server.port","Value":{"Type":"INT64","Value":8080}},{"Key":"url.scheme","Value":{"Type":"STRING","Value":"http"}}],"StartTime":"2026-01-04T14:09:07.899659799Z","Time":"2026-01-04T14:09:49.900036486Z","Count":1,"Bounds":[0.005,0.01,0.025,0.05,0.075,0.1,0.25,0.5,0.75,1,2.5,5,7.5,10],"BucketCounts":[0,0,0,0,0,0,0,0,0,0,0,0,0,0,1],"Min":10.675493445,"Max":10.675493445,"Sum":10.675493445,"Exemplars":[{"FilteredAttributes":null,"Time":"2026-01-04T14:09:29.604820947Z","Value":10.675493445,"SpanID":"l3p4kNL+Emo=","TraceID":"QWSHcynte1OAA0eyiVnMTw=="}]}],"Temporality":"CumulativeTemporality"}},{"Name":"http.server.request.body.size","Description":"Size of HTTP server request bodies.","Unit":"By","Data":{"DataPoints":[{"Attributes":[{"Key":"http.request.method","Value":{"Type":"STRING","Value":"GET"}},{"Key":"http.response.status_code","Value":{"Type":"INT64","Value":200}},{"Key":"http.route","Value":{"Type":"STRING","Value":"/web/"}},{"Key":"network.protocol.name","Value":{"Type":"STRING","Value":"http"}},{"Key":"network.protocol.version","Value":{"Type":"STRING","Value":"1.1"}},{"Key":"server.address","Value":{"Type":"STRING","Value":"localhost"}},{"Key":"server.port","Value":{"Type":"INT64","Value":34400}},{"Key":"url.scheme","Value":{"Type":"STRING","Value":"http"}}],"StartTime":"2026-01-04T14:09:07.90433315Z","Time":"2026-01-04T14:09:49.900042219Z","Count":1,"Bounds":[0,5,10,25,50,75,100,250,500,750,1000,2500,5000,7500,10000],"BucketCounts":[1,0,0,0,0,0,0,0,0,0,0,0,0,0,0,0],"Min":0,"Max":0,"Sum":0,"Exemplars":[{"FilteredAttributes":null,"Time":"2026-01-04T14:09:08.892975434Z","Value":0,"SpanID":"5z9pZ9js62s=","TraceID":"NyaU+K+wr4GIKMU9XurTYQ=="}]},{"Attributes":[{"Key":"http.request.method","Value":{"Type":"STRING","Value":"POST"}},{"Key":"http.response.status_code","Value":{"Type":"INT64","Value":200}},{"Key":"http.route","Value":{"Type":"STRING","Value":"/api/"}},{"Key":"network.protocol.name","Value":{"Type":"STRING","Value":"http"}},{"Key":"network.protocol.version","Value":{"Type":"STRING","Value":"1.1"}},{"Key":"server.address","Value":{"Type":"STRING","Value":"localhost"}},{"Key":"server.port","Value":{"Type":"INT64","Value":34400}},{"Key":"url.scheme","Value":{"Type":"STRING","Value":"http"}}],"StartTime":"2026-01-04T14:09:07.90433315Z","Time":"2026-01-04T14:09:49.900042219Z","Count":1,"Bounds":[0,5,10,25,50,75,100,250,500,750,1000,2500,5000,7500,10000],"BucketCounts":[0,0,0,0,0,1,0,0,0,0,0,0,0,0,0,0],"Min":55,"Max":55,"Sum":55,"Exemplars":[{"FilteredAttributes":null,"Time":"2026-01-04T14:09:08.905026203Z","Value":55,"SpanID":"42/d7lSxk14=","TraceID":"ADi3JObXmZnw84c/RX8JJw=="}]},{"Attributes":[{"Key":"http.request.method","Value":{"Type":"STRING","Value":"GET"}},{"Key":"http.response.status_code","Value":{"Type":"INT64","Value":405}},{"Key":"http.route","Value":{"Type":"STRING","Value":"/dav/"}},{"Key":"network.protocol.name","Value":{"Type":"STRING","Value":"http"}},{"Key":"network.protocol.version","Value":{"Type":"STRING","Value":"1.1"}},{"Key":"server.address","Value":{"Type":"STRING","Value":"localhost"}},{"Key":"server.port","Value":{"Type":"INT64","Value":34400}},{"Key":"url.scheme","Value":{"Type":"STRING","Value":"http"}}],"StartTime":"2026-01-04T14:09:07.90433315Z","Time":"2026-01-04T14:09:49.900042219Z","Count":2,"Bounds":[0,5,10,25,50,75,100,250,500,750,1000,2500,5000,7500,10000],"BucketCounts":[2,0,0,0,0,0,0,0,0,0,0,0,0,0,0,0],"Min":0,"Max":0,"Sum":0,"Exemplars":[{"FilteredAttributes":null,"Time":"2026-01-04T14:09:40.249914325Z","Value":0,"SpanID":"wFs4YNQum2k=","TraceID":"TOGcQzeirdvZy2xt4NAlsg=="}]},{"Attributes":[{"Key":"http.request.method","Value":{"Type":"STRING","Value":"_OTHER"}},{"Key":"http.response.status_code","Value":{"Type":"INT64","Value":207}},{"Key":"http.route","Value":{"Type":"STRING","Value":"/dav/"}},{"Key":"network.protocol.name","Value":{"Type":"STRING","Value":"http"}},{"Key":"network.protocol.version","Value":{"Type":"STRING","Value":"1.1"}},{"Key":"server.address","Value":{"Type":"STRING","Value":"localhost"}},{"Key":"server.port","Value":{"Type":"INT64","Value":34400}},{"Key":"url.scheme","Value":{"Type":"STRING","Value":"http"}}],"StartTime":"2026-01-04T14:09:07.90433315Z","Time":"2026-01-04T14:09:49.900042219Z","Count":1,"Bounds":[0,5,10,25,50,75,100,250,500,750,1000,2500,5000,7500,10000],"BucketCounts":[1,0,0,0,0,0,0,0,0,0,0,0,0,0,0,0],"Min":0,"Max":0,"Sum":0,"Exemplars":[{"FilteredAttributes":null,"Time":"2026-01-04T14:09:18.928194172Z","Value":0,"SpanID":"wZnmok+krJE=","TraceID":"arBLhW5+GY4GBoL8UKM5Fw=="}]},{"Attributes":[{"Key":"http.request.method","Value":{"Type":"STRING","Value":"GET"}},{"Key":"http.response.status_code","Value":{"Type":"INT64","Value":200}},{"Key":"http.route","Value":{"Type":"STRING","Value":"/dav/"}},{"Key":"network.protocol.name","Value":{"Type":"STRING","Value":"http"}},{"Key":"network.protocol.version","Value":{"Type":"STRING","Value":"1.1"}},{"Key":"server.address","Value":{"Type":"STRING","Value":"localhost"}},{"Key":"server.port","Value":{"Type":"INT64","Value":34400}},{"Key":"url.scheme","Value":{"Type":"STRING","Value":"http"}}],"StartTime":"2026-01-04T14:09:07.90433315Z","Time":"2026-01-04T14:09:49.900042219Z","Count":1,"Bounds":[0,5,10,25,50,75,100,250,500,750,1000,2500,5000,7500,10000],"BucketCounts":[1,0,0,0,0,0,0,0,0,0,0,0,0,0,0,0],"Min":0,"Max":0,"Sum":0,"Exemplars":[{"FilteredAttributes":null,"Time":"2026-01-04T14:09:40.247505969Z","Value":0,"SpanID":"Ai4pnOBBQhY=","TraceID":"QWSHcynte1OAA0eyiVnMTw=="}]},{"Attributes":[{"Key":"http.request.method","Value":{"Type":"STRING","Value":"GET"}},{"Key":"http.response.status_code","Value":{"Type":"INT64","Value":200}},{"Key":"http.route","Value":{"Type":"STRING","Value":"/m3u/"}},{"Key":"network.protocol.name","Value":{"Type":"STRING","Value":"http"}},{"Key":"network.protocol.version","Value":{"Type":"STRING","Value":"1.1"}},{"Key":"server.address","Value":{"Type":"STRING","Value":"localhost"}},{"Key":"server.port","Value":{"Type":"INT64","Value":34400}},{"Key":"url.scheme","Value":{"Type":"STRING","Value":"http"}}],"StartTime":"2026-01-04T14:09:07.90433315Z","Time":"2026-01-04T14:09:49.900042219Z","Count":1,"Bounds":[0,5,10,25,50,75,100,250,500,750,1000,2500,5000,7500,10000],"BucketCounts":[1,0,0,0,0,0,0,0,0,0,0,0,0,0,0,0],"Min":0,"Max":0,"Sum":0,"Exemplars":[{"FilteredAttributes":null,"Time":"2026-01-04T14:09:40.250897955Z","Value":0,"SpanID":"jGa9eghXVAo=","TraceID":"V4rFjUeirpvBE8ifNtwkNw=="}]},{"Attributes":[{"Key":"http.request.method","Value":{"Type":"STRING","Value":"GET"}},{"Key":"http.response.status_code","Value":{"Type":"INT64","Value":302}},{"Key":"http.route","Value":{"Type":"STRING","Value":"/stream/"}},{"Key":"network.protocol.name","Value":{"Type":"STRING","Value":"http"}},{"Key":"network.protocol.version","Value":{"Type":"STRING","Value":"1.1"}},{"Key":"server.address","Value":{"Type":"STRING","Value":"localhost"}},{"Key":"server.port","Value":{"Type":"INT64","Value":34400}},{"Key":"url.scheme","Value":{"Type":"STRING","Value":"http"}}],"StartTime":"2026-01-04T14:09:07.90433315Z","Time":"2026-01-04T14:09:49.900042219Z","Count":1,"Bounds":[0,5,10,25,50,75,100,250,500,750,1000,2500,5000,7500,10000],"BucketCounts":[1,0,0,0,0,0,0,0,0,0,0,0,0,0,0,0],"Min":0,"Max":0,"Sum":0,"Exemplars":[{"FilteredAttributes":null,"Time":"2026-01-04T14:09:40.251547037Z","Value":0,"SpanID":"r/4QlHbwaEU=","TraceID":"IYMRm22Mt6UJe57ITzmePA=="}]}],"Temporality":"CumulativeTemporality"}},{"Name":"http.server.response.body.size","Description":"Size of HTTP server response bodies.","Unit":"By","Data":{"DataPoints":[{"Attributes":[{"Key":"http.request.method","Value":{"Type":"STRING","Value":"GET"}},{"Key":"http.response.status_code","Value":{"Type":"INT64","Value":200}},{"Key":"http.route","Value":{"Type":"STRING","Value":"/m3u/"}},{"Key":"network.protocol.name","Value":{"Type":"STRING","Value":"http"}},{"Key":"network.protocol.version","Value":{"Type":"STRING","Value":"1.1"}},{"Key":"server.address","Value":{"Type":"STRING","Value":"localhost"}},{"Key":"server.port","Value":{"Type":"INT64","Value":34400}},{"Key":"url.scheme","Value":{"Type":"STRING","Value":"http"}}],"StartTime":"2026-01-04T14:09:07.904775911Z","Time":"2026-01-04T14:09:49.90005279Z","Count":1,"Bounds":[0,5,10,25,50,75,100,250,500,750,1000,2500,5000,7500,10000],"BucketCounts":[0,0,0,0,0,0,0,0,0,0,0,1,0,0,0,0],"Min":1580,"Max":1580,"Sum":1580,"Exemplars":[{"FilteredAttributes":null,"Time":"2026-01-04T14:09:40.250904301Z","Value":1580,"SpanID":"jGa9eghXVAo=","TraceID":"V4rFjUeirpvBE8ifNtwkNw=="}]},{"Attributes":[{"Key":"http.request.method","Value":{"Type":"STRING","Value":"GET"}},{"Key":"http.response.status_code","Value":{"Type":"INT64","Value":302}},{"Key":"http.route","Value":{"Type":"STRING","Value":"/stream/"}},{"Key":"network.protocol.name","Value":{"Type":"STRING","Value":"http"}},{"Key":"network.protocol.version","Value":{"Type":"STRING","Value":"1.1"}},{"Key":"server.address","Value":{"Type":"STRING","Value":"localhost"}},{"Key":"server.port","Value":{"Type":"INT64","Value":34400}},{"Key":"url.scheme","Value":{"Type":"STRING","Value":"http"}}],"StartTime":"2026-01-04T14:09:07.904775911Z","Time":"2026-01-04T14:09:49.90005279Z","Count":1,"Bounds":[0,5,10,25,50,75,100,250,500,750,1000,2500,5000,7500,10000],"BucketCounts":[0,0,0,0,0,1,0,0,0,0,0,0,0,0,0,0],"Min":62,"Max":62,"Sum":62,"Exemplars":[{"FilteredAttributes":null,"Time":"2026-01-04T14:09:40.251550711Z","Value":62,"SpanID":"r/4QlHbwaEU=","TraceID":"IYMRm22Mt6UJe57ITzmePA=="}]},{"Attributes":[{"Key":"http.request.method","Value":{"Type":"STRING","Value":"GET"}},{"Key":"http.response.status_code","Value":{"Type":"INT64","Value":200}},{"Key":"http.route","Value":{"Type":"STRING","Value":"/web/"}},{"Key":"network.protocol.name","Value":{"Type":"STRING","Value":"http"}},{"Key":"network.protocol.version","Value":{"Type":"STRING","Value":"1.1"}},{"Key":"server.address","Value":{"Type":"STRING","Value":"localhost"}},{"Key":"server.port","Value":{"Type":"INT64","Value":34400}},{"Key":"url.scheme","Value":{"Type":"STRING","Value":"http"}}],"StartTime":"2026-01-04T14:09:07.904775911Z","Time":"2026-01-04T14:09:49.90005279Z","Count":1,"Bounds":[0,5,10,25,50,75,100,250,500,750,1000,2500,5000,7500,10000],"BucketCounts":[0,0,0,0,0,0,0,0,0,0,0,1,0,0,0,0],"Min":1920,"Max":1920,"Sum":1920,"Exemplars":[{"FilteredAttributes":null,"Time":"2026-01-04T14:09:08.892982309Z","Value":1920,"SpanID":"5z9pZ9js62s=","TraceID":"NyaU+K+wr4GIKMU9XurTYQ=="}]},{"Attributes":[{"Key":"http.request.method","Value":{"Type":"STRING","Value":"POST"}},{"Key":"http.response.status_code","Value":{"Type":"INT64","Value":200}},{"Key":"http.route","Value":{"Type":"STRING","Value":"/api/"}},{"Key":"network.protocol.name","Value":{"Type":"STRING","Value":"http"}},{"Key":"network.protocol.version","Value":{"Type":"STRING","Value":"1.1"}},{"Key":"server.address","Value":{"Type":"STRING","Value":"localhost"}},{"Key":"server.port","Value":{"Type":"INT64","Value":34400}},{"Key":"url.scheme","Value":{"Type":"STRING","Value":"http"}}],"StartTime":"2026-01-04T14:09:07.904775911Z","Time":"2026-01-04T14:09:49.90005279Z","Count":1,"Bounds":[0,5,10,25,50,75,100,250,500,750,1000,2500,5000,7500,10000],"BucketCounts":[0,0,0,0,0,0,0,0,1,0,0,0,0,0,0,0],"Min":374,"Max":374,"Sum":374,"Exemplars":[{"FilteredAttributes":null,"Time":"2026-01-04T14:09:08.905040386Z","Value":374,"SpanID":"42/d7lSxk14=","TraceID":"ADi3JObXmZnw84c/RX8JJw=="}]},{"Attributes":[{"Key":"http.request.method","Value":{"Type":"STRING","Value":"GET"}},{"Key":"http.response.status_code","Value":{"Type":"INT64","Value":405}},{"Key":"http.route","Value":{"Type":"STRING","Value":"/dav/"}},{"Key":"network.protocol.name","Value":{"Type":"STRING","Value":"http"}},{"Key":"network.protocol.version","Value":{"Type":"STRING","Value":"1.1"}},{"Key":"server.address","Value":{"Type":"STRING","Value":"localhost"}},{"Key":"server.port","Value":{"Type":"INT64","Value":34400}},{"Key":"url.scheme","Value":{"Type":"STRING","Value":"http"}}],"StartTime":"2026-01-04T14:09:07.904775911Z","Time":"2026-01-04T14:09:49.90005279Z","Count":2,"Bounds":[0,5,10,25,50,75,100,250,500,750,1000,2500,5000,7500,10000],"BucketCounts":[0,0,0,2,0,0,0,0,0,0,0,0,0,0,0,0],"Min":18,"Max":18,"Sum":36,"Exemplars":[{"FilteredAttributes":null,"Time":"2026-01-04T14:09:40.249916169Z","Value":18,"SpanID":"wFs4YNQum2k=","TraceID":"TOGcQzeirdvZy2xt4NAlsg=="}]},{"Attributes":[{"Key":"http.request.method","Value":{"Type":"STRING","Value":"_OTHER"}},{"Key":"http.response.status_code","Value":{"Type":"INT64","Value":207}},{"Key":"http.route","Value":{"Type":"STRING","Value":"/dav/"}},{"Key":"network.protocol.name","Value":{"Type":"STRING","Value":"http"}},{"Key":"network.protocol.version","Value":{"Type":"STRING","Value":"1.1"}},{"Key":"server.address","Value":{"Type":"STRING","Value":"localhost"}},{"Key":"server.port","Value":{"Type":"INT64","Value":34400}},{"Key":"url.scheme","Value":{"Type":"STRING","Value":"http"}}],"StartTime":"2026-01-04T14:09:07.904775911Z","Time":"2026-01-04T14:09:49.90005279Z","Count":1,"Bounds":[0,5,10,25,50,75,100,250,500,750,1000,2500,5000,7500,10000],"BucketCounts":[0,0,0,0,0,0,0,0,0,0,0,1,0,0,0,0],"Min":1318,"Max":1318,"Sum":1318,"Exemplars":[{"FilteredAttributes":null,"Time":"2026-01-04T14:09:18.928202096Z","Value":1318,"SpanID":"wZnmok+krJE=","TraceID":"arBLhW5+GY4GBoL8UKM5Fw=="}]},{"Attributes":[{"Key":"http.request.method","Value":{"Type":"STRING","Value":"GET"}},{"Key":"http.response.status_code","Value":{"Type":"INT64","Value":200}},{"Key":"http.route","Value":{"Type":"STRING","Value":"/dav/"}},{"Key":"network.protocol.name","Value":{"Type":"STRING","Value":"http"}},{"Key":"network.protocol.version","Value":{"Type":"STRING","Value":"1.1"}},{"Key":"server.address","Value":{"Type":"STRING","Value":"localhost"}},{"Key":"server.port","Value":{"Type":"INT64","Value":34400}},{"Key":"url.scheme","Value":{"Type":"STRING","Value":"http"}}],"StartTime":"2026-01-04T14:09:07.904775911Z","Time":"2026-01-04T14:09:49.90005279Z","Count":1,"Bounds":[0,5,10,25,50,75,100,250,500,750,1000,2500,5000,7500,10000],"BucketCounts":[1,0,0,0,0,0,0,0,0,0,0,0,0,0,0,0],"Min":0,"Max":0,"Sum":0,"Exemplars":[{"FilteredAttributes":null,"Time":"2026-01-04T14:09:40.247508459Z","Value":0,"SpanID":"Ai4pnOBBQhY=","TraceID":"QWSHcynte1OAA0eyiVnMTw=="}]}],"Temporality":"CumulativeTemporality"}},{"Name":"http.server.request.duration","Description":"Duration of HTTP server requests.","Unit":"s","Data":{"DataPoints":[{"Attributes":[{"Key":"http.request.method","Value":{"Type":"STRING","Value":"GET"}},{"Key":"http.response.status_code","Value":{"Type":"INT64","Value":200}},{"Key":"http.route","Value":{"Type":"STRING","Value":"/web/"}},{"Key":"network.protocol.name","Value":{"Type":"STRING","Value":"http"}},{"Key":"network.protocol.version","Value":{"Type":"STRING","Value":"1.1"}},{"Key":"server.address","Value":{"Type":"STRING","Value":"localhost"}},{"Key":"server.port","Value":{"Type":"INT64","Value":34400}},{"Key":"url.scheme","Value":{"Type":"STRING","Value":"http"}}],"StartTime":"2026-01-04T14:09:07.904789511Z","Time":"2026-01-04T14:09:49.900060967Z","Count":1,"Bounds":[0.005,0.01,0.025,0.05,0.075,0.1,0.25,0.5,0.75,1,2.5,5,7.5,10],"BucketCounts":[1,0,0,0,0,0,0,0,0,0,0,0,0,0,0],"Min":0.0011951050000000001,"Max":0.0011951050000000001,"Sum":0.0011951050000000001,"Exemplars":[{"FilteredAttributes":null,"Time":"2026-01-04T14:09:08.892988687Z","Value":0.0011951050000000001,"SpanID":"5z9pZ9js62s=","TraceID":"NyaU+K+wr4GIKMU9XurTYQ=="}]},{"Attributes":[{"Key":"http.request.method","Value":{"Type":"STRING","Value":"POST"}},{"Key":"http.response.status_code","Value":{"Type":"INT64","Value":200}},{"Key":"http.route","Value":{"Type":"STRING","Value":"/api/"}},{"Key":"network.protocol.name","Value":{"Type":"STRING","Value":"http"}},{"Key":"network.protocol.version","Value":{"Type":"STRING","Value":"1.1"}},{"Key":"server.address","Value":{"Type":"STRING","Value":"localhost"}},{"Key":"server.port","Value":{"Type":"INT64","Value":34400}},{"Key":"url.scheme","Value":{"Type":"STRING","Value":"http"}}],"StartTime":"2026-01-04T14:09:07.904789511Z","Time":"2026-01-04T14:09:49.900060967Z","Count":1,"Bounds":[0.005,0.01,0.025,0.05,0.075,0.1,0.25,0.5,0.75,1,2.5,5,7.5,10],"BucketCounts":[1,0,0,0,0,0,0,0,0,0,0,0,0,0,0],"Min":0.000334069,"Max":0.000334069,"Sum":0.000334069,"Exemplars":[{"FilteredAttributes":null,"Time":"2026-01-04T14:09:08.905049516Z","Value":0.000334069,"SpanID":"42/d7lSxk14=","TraceID":"ADi3JObXmZnw84c/RX8JJw=="}]},{"Attributes":[{"Key":"http.request.method","Value":{"Type":"STRING","Value":"GET"}},{"Key":"http.response.status_code","Value":{"Type":"INT64","Value":405}},{"Key":"http.route","Value":{"Type":"STRING","Value":"/dav/"}},{"Key":"network.protocol.name","Value":{"Type":"STRING","Value":"http"}},{"Key":"network.protocol.version","Value":{"Type":"STRING","Value":"1.1"}},{"Key":"server.address","Value":{"Type":"STRING","Value":"localhost"}},{"Key":"server.port","Value":{"Type":"INT64","Value":34400}},{"Key":"url.scheme","Value":{"Type":"STRING","Value":"http"}}],"StartTime":"2026-01-04T14:09:07.904789511Z","Time":"2026-01-04T14:09:49.900060967Z","Count":2,"Bounds":[0.005,0.01,0.025,0.05,0.075,0.1,0.25,0.5,0.75,1,2.5,5,7.5,10],"BucketCounts":[2,0,0,0,0,0,0,0,0,0,0,0,0,0,0],"Min":0.000060484000000000006,"Max":0.000106475,"Sum":0.000166959,"Exemplars":[{"FilteredAttributes":null,"Time":"2026-01-04T14:09:40.249918422Z","Value":0.000060484000000000006,"SpanID":"wFs4YNQum2k=","TraceID":"TOGcQzeirdvZy2xt4NAlsg=="}]},{"Attributes":[{"Key":"http.request.method","Value":{"Type":"STRING","Value":"_OTHER"}},{"Key":"http.response.status_code","Value":{"Type":"INT64","Value":207}},{"Key":"http.route","Value":{"Type":"STRING","Value":"/dav/"}},{"Key":"network.protocol.name","Value":{"Type":"STRING","Value":"http"}},{"Key":"network.protocol.version","Value":{"Type":"STRING","Value":"1.1"}},{"Key":"server.address","Value":{"Type":"STRING","Value":"localhost"}},{"Key":"server.port","Value":{"Type":"INT64","Value":34400}},{"Key":"url.scheme","Value":{"Type":"STRING","Value":"http"}}],"StartTime":"2026-01-04T14:09:07.904789511Z","Time":"2026-01-04T14:09:49.900060967Z","Count":1,"Bounds":[0.005,0.01,0.025,0.05,0.075,0.1,0.25,0.5,0.75,1,2.5,5,7.5,10],"BucketCounts":[1,0,0,0,0,0,0,0,0,0,0,0,0,0,0],"Min":0.001967756,"Max":0.001967756,"Sum":0.001967756,"Exemplars":[{"FilteredAttributes":null,"Time":"2026-01-04T14:09:18.928205743Z","Value":0.001967756,"SpanID":"wZnmok+krJE=","TraceID":"arBLhW5+GY4GBoL8UKM5Fw=="}]},{"Attributes":[{"Key":"http.request.method","Value":{"Type":"STRING","Value":"GET"}},{"Key":"http.response.status_code","Value":{"Type":"INT64","Value":200}},{"Key":"http.route","Value":{"Type":"STRING","Value":"/dav/"}},{"Key":"network.protocol.name","Value":{"Type":"STRING","Value":"http"}},{"Key":"network.protocol.version","Value":{"Type":"STRING","Value":"1.1"}},{"Key":"server.address","Value":{"Type":"STRING","Value":"localhost"}},{"Key":"server.port","Value":{"Type":"INT64","Value":34400}},{"Key":"url.scheme","Value":{"Type":"STRING","Value":"http"}}],"StartTime":"2026-01-04T14:09:07.904789511Z","Time":"2026-01-04T14:09:49.900060967Z","Count":1,"Bounds":[0.005,0.01,0.025,0.05,0.075,0.1,0.25,0.5,0.75,1,2.5,5,7.5,10],"BucketCounts":[0,0,0,0,0,0,0,0,0,0,0,0,0,0,1],"Min":21.318732717,"Max":21.318732717,"Sum":21.318732717,"Exemplars":[{"FilteredAttributes":null,"Time":"2026-01-04T14:09:40.24751382Z","Value":21.318732717,"SpanID":"Ai4pnOBBQhY=","TraceID":"QWSHcynte1OAA0eyiVnMTw=="}]},{"Attributes":[{"Key":"http.request.method","Value":{"Type":"STRING","Value":"GET"}},{"Key":"http.response.status_code","Value":{"Type":"INT64","Value":200}},{"Key":"http.route","Value":{"Type":"STRING","Value":"/m3u/"}},{"Key":"network.protocol.name","Value":{"Type":"STRING","Value":"http"}},{"Key":"network.protocol.version","Value":{"Type":"STRING","Value":"1.1"}},{"Key":"server.address","Value":{"Type":"STRING","Value":"localhost"}},{"Key":"server.port","Value":{"Type":"INT64","Value":34400}},{"Key":"url.scheme","Value":{"Type":"STRING","Value":"http"}}],"StartTime":"2026-01-04T14:09:07.904789511Z","Time":"2026-01-04T14:09:49.900060967Z","Count":1,"Bounds":[0.005,0.01,0.025,0.05,0.075,0.1,0.25,0.5,0.75,1,2.5,5,7.5,10],"BucketCounts":[1,0,0,0,0,0,0,0,0,0,0,0,0,0,0],"Min":0.000293822,"Max":0.000293822,"Sum":0.000293822,"Exemplars":[{"FilteredAttributes":null,"Time":"2026-01-04T14:09:40.250908388Z","Value":0.000293822,"SpanID":"jGa9eghXVAo=","TraceID":"V4rFjUeirpvBE8ifNtwkNw=="}]},{"Attributes":[{"Key":"http.request.method","Value":{"Type":"STRING","Value":"GET"}},{"Key":"http.response.status_code","Value":{"Type":"INT64","Value":302}},{"Key":"http.route","Value":{"Type":"STRING","Value":"/stream/"}},{"Key":"network.protocol.name","Value":{"Type":"STRING","Value":"http"}},{"Key":"network.protocol.version","Value":{"Type":"STRING","Value":"1.1"}},{"Key":"server.address","Value":{"Type":"STRING","Value":"localhost"}},{"Key":"server.port","Value":{"Type":"INT64","Value":34400}},{"Key":"url.scheme","Value":{"Type":"STRING","Value":"http"}}],"StartTime":"2026-01-04T14:09:07.904789511Z","Time":"2026-01-04T14:09:49.900060967Z","Count":1,"Bounds":[0.005,0.01,0.025,0.05,0.075,0.1,0.25,0.5,0.75,1,2.5,5,7.5,10],"BucketCounts":[1,0,0,0,0,0,0,0,0,0,0,0,0,0,0],"Min":0.000180473,"Max":0.000180473,"Sum":0.000180473,"Exemplars":[{"FilteredAttributes":null,"Time":"2026-01-04T14:09:40.251554943Z","Value":0.000180473,"SpanID":"r/4QlHbwaEU=","TraceID":"IYMRm22Mt6UJe57ITzmePA=="}]}],"Temporality":"CumulativeTemporality"}}]}]}

-----------------------------------------
Printing traces:
------ Captured Traces ------
Batch 1:

\xf3


service.name
xteveS


xteve/ssdpC
(\xfc\x92e\x9e\xba\x8c\xca>\xbca\\xd3U66\x82(k\x88!l*	SSDP Init09\x96a\x97\xdde\x8c\x87A7\x9c\xdde\x8c\x87z \x85  \x80
G
=go.opentelemetry.io/contrib/instrumentation/net/http/otelhttp0.64.0\xb4
7&\x94\xf8\xaf\xb0\xaf\x81\x88(\xc5=^\xea\xd3a\xe7?ig\xd8\xec\xebk*/094>f\x8c\x87A\xa3\x92f\x8c\x87J
server.address
	localhostJ
http.request.method
GETJ

url.scheme
httpJ
server.port\xe0\x8cJ
network.peer.address
::1J
network.peer.port\x92\xc7J+
user_agent.original
Go-http-client/1.1J
client.address
::1J
url.path
/web/J!
network.protocol.version
1.1J

http.route
/web/J
http.response.body.size\x80J
http.response.status_code\xc8z \x85  
Batch 2:

\xc6


service.name
xteve\xa8
G
=go.opentelemetry.io/contrib/instrumentation/net/http/otelhttp0.64.0\xd3
 8\xb7$\xe6י\x99\xf0\xf3\x87?E	'\xe3o\xdd\xeeT\xb1\x93^*/09ۜEf\x8c\x87A@!Jf\x8c\x87J
server.address
	localhostJ
http.request.method
POSTJ

url.scheme
httpJ
server.port\xe0\x8cJ
network.peer.address
::1J
network.peer.port\xa0\xc7J+
user_agent.original
Go-http-client/1.1J
client.address
::1J
url.path
/api/J!
network.protocol.version
1.1J

http.route
/api/J
http.request.body.size7J
http.response.body.size\xf6J
http.response.status_code\xc8z \x85  \x86
\x87q\xa2bé\\xa62\xf6{v\x9e\x81\xfeҞ\xca\xf4\xc2\xee*HTTP GET09\x87v\x80f\x8c\x87Af\x8c\x87J
http.request.method
GETJ,
url.full
http://localhost:8080/test.m3uJ
server.address
	localhostJ
server.port\x90?J!
network.protocol.version
1.1J
http.response.status_code\xc8z \x85  
Batch 3:

\xd2D


service.name
xteve\xef9

webdav_
\x89\xea\xc7\xef\xe8*״\x82A\xe3o\x80\xe9\xa1\xdd_\xa7;\xbb"\xf2\xc8]\x92\xb3g\xa4*OpenFile09\x92Ӎnh\x8c\x87Ao\x8enh\x8c\x87J
webdav.path
 z \x85  [
\x89\xea\xc7\xef\xe8*״\x82A\xe3o\x80\xe9\xa1\xe2\xfb\xe8=\xa0\xd5$"\xdd_\xa7;\xbb*Stat09\xdf\x8enh\x8c\x87A\x9b!\x8enh\x8c\x87J
webdav.path
 z \x85  \
\x89\xea\xc7\xef\xe8*״\x82A\xe3o\x80\xe9\xa1&MZU\xfaR@"\xdd_\xa7;\xbb*Close09^,\x8enh\x8c\x87Ac/\x8enh\x8c\x87J
webdav.path
 z \x85  h
j\xb0K\x85n~\x8e\x82\xfcP\xa39\xe3vԩ\x9d\x933\xe5"\xc1\x99\xe6\xa2O\xa4\xac\x91*getGroupsForHash09aU\x9anh\x8c\x87A\x8c\x9anh\x8c\x87J
groups.countz \x85  k
j\xb0K\x85n~\x8e\x82\xfcP\xa39\xb4`Ld\xfaE\xba["\xc1\x99\xe6\xa2O\xa4\xac\x91*getStreamsForGroup09\xa5\x9anh\x8c\x87A\x98\xbc\x9anh\x8c\x87J
streams.countz \x85  R
j\xb0K\x85n~\x8e\x82\xfcP\xa39\xf9۝y\xda\xfeS\xee"\xc1\x99\xe6\xa2O\xa4\xac\x91*getSeasonsList09\\xa0\x9anh\x8c\x87A\x8d\x9bnh\x8c\x87z \x85  \xa2
j\xb0K\x85n~\x8e\x82\xfcP\xa39P\xda跞T"\xc1\x99\xe6\xa2O\xa4\xac\x91*Stat09Xe\x99nh\x8c\x87A-\x91\x9bnh\x8c\x87JX
webdav.pathI
GMNBEA4J26IP21E08TUAE/On Demand/Test Series/Series/Test Series/Season 1/z \x85  T
j\xb0K\x85n~\x8e\x82\xfcP\xa39\x82\x95@\xfc\xc0\xf0\xe1"p\xd5\xceE{"'5*getGroupsForHash09\xd0\xf7\x9bnh\x8c\x87A\xfc\x9bnh\x8c\x87z \x85  R
j\xb0K\x85n~\x8e\x82\xfcP\xa39M\xb4f\xf0۔`{"p\xd5\xceE{"'5*getSeasonsList09\xde\xff\x9bnh\x8c\x87A\xc6\x9cnh\x8c\x87z \x85  \xa6
j\xb0K\x85n~\x8e\x82\xfcP\xa39p\xd5\xceE{"'5"\xc1\x99\xe6\xa2O\xa4\xac\x91*OpenFile09\xa3\xed\x9bnh\x8c\x87A\xfa	\x9cnh\x8c\x87JX
webdav.pathI
GMNBEA4J26IP21E08TUAE/On Demand/Test Series/Series/Test Series/Season 1/z \x85  \xa1
j\xb0K\x85n~\x8e\x82\xfcP\xa39o\xce͓\x80\x91A\xf4"p\xd5\xceE{"'5*Stat09\x98\x9cnh\x8c\x87A\xe1,\x9cnh\x8c\x87JW
webdav.pathH
FMNBEA4J26IP21E08TUAE/On Demand/Test Series/Series/Test Series/Season 1z \x85  \xa2
j\xb0K\x85n~\x8e\x82\xfcP\xa39>"\xb0mm"p\xd5\xceE{"'5*Close09\xa7B\x9cnh\x8c\x87A\x90F\x9cnh\x8c\x87JW
webdav.pathH
FMNBEA4J26IP21E08TUAE/On Demand/Test Series/Series/Test Series/Season 1z \x85  T
j\xb0K\x85n~\x8e\x82\xfcP\xa39\xea\xb9c7\xea\xbb"@\xd8\xe2\xc50\xae\x94*getGroupsForHash09\x96U\x9cnh\x8c\x87A#W\x9cnh\x8c\x87z \x85  R
j\xb0K\x85n~\x8e\x82\xfcP\xa39/@\xa5\xa2\xcc\xf1\xcd"@\xd8\xe2\xc50\xae\x94*getSeasonsList09BZ\x9cnh\x8c\x87AJ\\x9cnh\x8c\x87z \x85  \xa6
j\xb0K\x85n~\x8e\x82\xfcP\xa39@\xd8\xe2\xc50\xae\x94"\xc1\x99\xe6\xa2O\xa4\xac\x91*OpenFile09$P\x9cnh\x8c\x87A `\x9cnh\x8c\x87JX
webdav.pathI
GMNBEA4J26IP21E08TUAE/On Demand/Test Series/Series/Test Series/Season 1/z \x85  \xa1
j\xb0K\x85n~\x8e\x82\xfcP\xa39\x8f\xc1`\xadL\x82
K"@\xd8\xe2\xc50\xae\x94*Stat09Hc\x9cnh\x8c\x87A\xdcv\x9cnh\x8c\x87JW
webdav.pathH
FMNBEA4J26IP21E08TUAE/On Demand/Test Series/Series/Test Series/Season 1z \x85  \xa2
j\xb0K\x85n~\x8e\x82\xfcP\xa396u\xe1\x93d'"@\xd8\xe2\xc50\xae\x94*Close09˧\x9cnh\x8c\x87AgƜnh\x8c\x87JW
webdav.pathH
FMNBEA4J26IP21E08TUAE/On Demand/Test Series/Series/Test Series/Season 1z \x85  T
j\xb0K\x85n~\x8e\x82\xfcP\xa39\x8f\xbe4\xac8ٵ"\x8d\xc3іG,Z*getGroupsForHash09\xfd\x99\x9enh\x8c\x87A \x9c\x9enh\x8c\x87z \x85  R
j\xb0K\x85n~\x8e\x82\xfcP\xa39m\xfc\xafm8\x90,\xdf"\x8d\xc3іG,Z*getSeasonsList09U\xf5\x9enh\x8c\x87AF\xf9\x9enh\x8c\x87z \x85  \xa6
j\xb0K\x85n~\x8e\x82\xfcP\xa39\x8d\xc3іG,Z"\xc1\x99\xe6\xa2O\xa4\xac\x91*OpenFile09/\x91\x9enh\x8c\x87Aq&\x9fnh\x8c\x87JX
webdav.pathI
GMNBEA4J26IP21E08TUAE/On Demand/Test Series/Series/Test Series/Season 1/z \x85  k
j\xb0K\x85n~\x8e\x82\xfcP\xa395^0\x8f-\x838""\x8d\xc3іG,Z*getStreamsForGroup09 [\x9fnh\x8c\x87Ahx\x9fnh\x8c\x87J
streams.countz \x85  i
j\xb0K\x85n~\x8e\x82\xfcP\xa39\xc6F\xa7\x8d1\xf1Y"\x8d\xc3іG,Z*getSeriesStreams09VX\x9fnh\x8c\x87A\x99\x92\x9fnh\x8c\x87J
streams.countz \x85  [
j\xb0K\x85n~\x8e\x82\xfcP\xa39\xea<\xaf\xa7\xaf\x8f"\x8d\xc3іG,Z*generateFileStreamInfos09\x85\x98\x9fnh\x8c\x87A̶\x9fnh\x8c\x87z \x85  R
j\xb0K\x85n~\x8e\x82\xfcP\xa39iC\x87K\xfc\xc2"\x8d\xc3іG,Z*getSeasonFiles09S\x9fnh\x8c\x87A\xc5̟nh\x8c\x87z \x85  \xaf
j\xb0K\x85n~\x8e\x82\xfcP\xa39\xc1\xa2\xfc\xe5h~\xc6""\xe1j$\x8a\xe8\xd3*fetchRemoteMetadata09II\xa0nh\x8c\x87A\xa5ܩnh\x8c\x87J0
http.url$
"http://localhost:8080/stream/5.mp4J$
http.response.content_length\x9c\xff?z \x85  [
j\xb0K\x85n~\x8e\x82\xfcP\xa39"\xe1j$\x8a\xe8\xd3"\x8d\xc3іG,Z*ensureMetadataOptimized09!ӟnh\x8c\x87A=\xf3\xa9nh\x8c\x87z \x85  \xc0
j\xb0K\x85n~\x8e\x82\xfcP\xa39\xe9ܪ7~u\xb2"\x8d\xc3іG,Z*Readdir09]/\x9fnh\x8c\x87A\x99\xff\xa9nh\x8c\x87JW
webdav.pathH
FMNBEA4J26IP21E08TUAE/On Demand/Test Series/Series/Test Series/Season 1J
webdav.readdir.countz \x85  \xa2
j\xb0K\x85n~\x8e\x82\xfcP\xa39\xbe\x85Or\xec\xd4\xe3\x95"\x8d\xc3іG,Z*Close09m\xaanh\x8c\x87A\xf6\xaanh\x8c\x87JW
webdav.pathH
FMNBEA4J26IP21E08TUAE/On Demand/Test Series/Series/Test Series/Season 1z \x85  T
j\xb0K\x85n~\x8e\x82\xfcP\xa39\xb63\x8eA\xfe\xa7e{"\xc1\x99\xe6\xa2O\xa4\xac\x91*getGroupsForHash09,h\xaanh\x8c\x87A\xfcj\xaanh\x8c\x87z \x85  R
j\xb0K\x85n~\x8e\x82\xfcP\xa39\xa7n\x96\xd0φ\xa8\xcb"\xc1\x99\xe6\xa2O\xa4\xac\x91*getSeasonFiles09\xe2v\xaanh\x8c\x87A2{\xaanh\x8c\x87z \x85  T
j\xb0K\x85n~\x8e\x82\xfcP\xa392\xb9\x92\xf4\xf2\x9b"\xc1\x99\xe6\xa2O\xa4\xac\x91*findSeriesStream09\x8fr\xaanh\x8c\x87A}\xaanh\x8c\x87z \x85  \xba
j\xb0K\x85n~\x8e\x82\xfcP\xa39\x9a!\x82 'u{\xa5"\xf6\xd66\x8c$k\xc7G*resolveFileMetadata09ƃ\xaanh\x8c\x87A\x80\x8e\xaanh\x8c\x87J2

target_url$
"http://localhost:8080/stream/5.mp4J
metadata.source
cacheJ
	file.size\x9c\xff?z \x85  T
j\xb0K\x85n~\x8e\x82\xfcP\xa39\xf6\xd66\x8c$k\xc7G"\xc1\x99\xe6\xa2O\xa4\xac\x91*statWithMetadata097\x80\xaanh\x8c\x87A\xa0\x91\xaanh\x8c\x87z \x85  \xc4
j\xb0K\x85n~\x8e\x82\xfcP\xa39{\x99҈\xa6v \xc0"\xc1\x99\xe6\xa2O\xa4\xac\x91*Stat09\x99*\xaanh\x8c\x87A\x93\xaanh\x8c\x87Jz
webdav.pathk
iMNBEA4J26IP21E08TUAE/On Demand/Test Series/Series/Test Series/Season 1/Test Series S01E01 - Episode 1.mp4z \x85  R
j\xb0K\x85n~\x8e\x82\xfcP\xa39\xa9,\xad\xb8x="-\xb3\xb5ج8(J*getSeasonFiles09\xbbƪnh\x8c\x87A\x94Ȫnh\x8c\x87z \x85  T
j\xb0K\x85n~\x8e\x82\xfcP\xa39\x9f+\xb7\x92Bc\x82+"-\xb3\xb5ج8(J*findSeriesStream09\x82ênh\x8c\x87A\xc6ɪnh\x8c\x87z \x85  \xc8
j\xb0K\x85n~\x8e\x82\xfcP\xa39-\xb3\xb5ج8(J"\xc1\x99\xe6\xa2O\xa4\xac\x91*OpenFile09\xa3\xb9\xaanh\x8c\x87A\xcd۪nh\x8c\x87Jz
webdav.pathk
iMNBEA4J26IP21E08TUAE/On Demand/Test Series/Series/Test Series/Season 1/Test Series S01E01 - Episode 1.mp4z \x85  \xba
j\xb0K\x85n~\x8e\x82\xfcP\xa39M\x8d\x9b\xbbnZ\xb4{"-\xb3\xb5ج8(J*resolveFileMetadata09\xfb\xe6\xaanh\x8c\x87Aw\xec\xaanh\x8c\x87J2

target_url$
"http://localhost:8080/stream/5.mp4J
metadata.source
cacheJ
	file.size\x9c\xff?z \x85  \x84
j\xb0K\x85n~\x8e\x82\xfcP\xa39\x89\xfb\xf41\x86\xdd"-\xb3\xb5ج8(J*Stat09\xe2\xaanh\x8c\x87A\xf0\xaanh\x8c\x87J:
webdav.stream_name$
"Test Series S01E01 - Episode 1.mp4z \x85  \x85
j\xb0K\x85n~\x8e\x82\xfcP\xa39l־M\x8a]Y\x99"-\xb3\xb5ج8(J*Close09l \xabnh\x8c\x87A`\xabnh\x8c\x87J:
webdav.stream_name$
"Test Series S01E01 - Episode 1.mp4z \x85  R
j\xb0K\x85n~\x8e\x82\xfcP\xa39\xf6,\xecn\xc5.\xc5"o^\xeeZ\xbbW
*getSeasonFiles09,H\xabnh\x8c\x87A\xb5J\xabnh\x8c\x87z \x85  T
j\xb0K\x85n~\x8e\x82\xfcP\xa39y\*\xfe\x95\xbe\x984"o^\xeeZ\xbbW
*findSeriesStream09\xd2\xabnh\x8c\x87A1L\xabnh\x8c\x87z \x85  \xc8
j\xb0K\x85n~\x8e\x82\xfcP\xa39o^\xeeZ\xbbW
"\xc1\x99\xe6\xa2O\xa4\xac\x91*OpenFile09\xf0\xabnh\x8c\x87Al^\xabnh\x8c\x87Jz
webdav.pathk
iMNBEA4J26IP21E08TUAE/On Demand/Test Series/Series/Test Series/Season 1/Test Series S01E01 - Episode 1.mp4z \x85  \xba
j\xb0K\x85n~\x8e\x82\xfcP\xa39\x95\xb5BoD\x85"o^\xeeZ\xbbW
*resolveFileMetadata09\xc9\xfd\xadnh\x8c\x87AI\xb1nh\x8c\x87J2

target_url$
"http://localhost:8080/stream/5.mp4J
metadata.source
cacheJ
	file.size\x9c\xff?z \x85  \x84
j\xb0K\x85n~\x8e\x82\xfcP\xa39N\xfb\xcc@\xbaG"o^\xeeZ\xbbW
*Stat094b\xabnh\x8c\x87A\xbf\xb1nh\x8c\x87J:
webdav.stream_name$
"Test Series S01E01 - Episode 1.mp4z \x85  R
j\xb0K\x85n~\x8e\x82\xfcP\xa39\x89\xf1\xc68j"r%]!\xb1W\xd3*getSeasonFiles09\xb3\xb2nh\x8c\x87A!
\xb2nh\x8c\x87z \x85  T
j\xb0K\x85n~\x8e\x82\xfcP\xa39>\xbaAq/\x92T"r%]!\xb1W\xd3*findSeriesStream09\xd8\xff\xb1nh\x8c\x87A\xb2nh\x8c\x87z \x85  \xc8
j\xb0K\x85n~\x8e\x82\xfcP\xa39r%]!\xb1W\xd3"\xc1\x99\xe6\xa2O\xa4\xac\x91*OpenFile09\xf0\xf0\xb1nh\x8c\x87A	<\xb2nh\x8c\x87Jz
webdav.pathk
iMNBEA4J26IP21E08TUAE/On Demand/Test Series/Series/Test Series/Season 1/Test Series S01E01 - Episode 1.mp4z \x85  \x85
j\xb0K\x85n~\x8e\x82\xfcP\xa39GW\xac0\xc1u\xfe"r%]!\xb1W\xd3*Close09\xd7M\xb2nh\x8c\x87AES\xb2nh\x8c\x87J:
webdav.stream_name$
"Test Series S01E01 - Episode 1.mp4z \x85  \x85
j\xb0K\x85n~\x8e\x82\xfcP\xa397\x8a>cM9\xe2\xe4"o^\xeeZ\xbbW
*Close09\xb8\xc1\xb2nh\x8c\x87A\x9dŲnh\x8c\x87J:
webdav.stream_name$
"Test Series S01E01 - Episode 1.mp4z \x85  R
Ad\x87s)\xed{S\x80G\xb2\x89Y\xccO6x\xf37\x96["\x96-x\xa8}\xe5*getSeasonFiles097z\xc0nh\x8c\x87A$\x81\xc0nh\x8c\x87z \x85  T
Ad\x87s)\xed{S\x80G\xb2\x89Y\xccO.\xce\xad\xcc}\xab"\x96-x\xa8}\xe5*findSeriesStream09\xcbu\xc0nh\x8c\x87A݋\xc0nh\x8c\x87z \x85  \xc8
Ad\x87s)\xed{S\x80G\xb2\x89Y\xccO\x96-x\xa8}\xe5".)\x9c\xe0AB*OpenFile09^f\xc0nh\x8c\x87AҶ\xc0nh\x8c\x87Jz
webdav.pathk
iMNBEA4J26IP21E08TUAE/On Demand/Test Series/Series/Test Series/Season 1/Test Series S01E01 - Episode 1.mp4z \x85  \xba
Ad\x87s)\xed{S\x80G\xb2\x89Y\xccO\x91\xcaR\xce5"\x96-x\xa8}\xe5*resolveFileMetadata09'\xb7\xc1nh\x8c\x87A\x8e\xc1\xc1nh\x8c\x87J2

target_url$
"http://localhost:8080/stream/5.mp4J
metadata.source
cacheJ
	file.size\x9c\xff?z \x85  \x84
Ad\x87s)\xed{S\x80G\xb2\x89Y\xccO9\xa8d\xa0\xa8\x83\xf8"\x96-x\xa8}\xe5*Stat09Ζ\xc1nh\x8c\x87A\xf0\xc5\xc1nh\x8c\x87J:
webdav.stream_name$
"Test Series S01E01 - Episode 1.mp4z \x85  \xab
Ad\x87s)\xed{S\x80G\xb2\x89Y\xccOv\xb6ӛq&\xe7$"\x96-x\xa8}\xe5*Seek09\x95\xac\xc2nh\x8c\x87A\xcc\xc2nh\x8c\x87J
offset J
whenceJ
	file.size\x9c\xff?J2

target_url$
"http://localhost:8080/stream/5.mp4z \x85  \xab
Ad\x87s)\xed{S\x80G\xb2\x89Y\xccO'+\xccng\xb0F"\x96-x\xa8}\xe5*Seek09\xb0\xd3\xc2nh\x8c\x87A\x98\xd8\xc2nh\x8c\x87J
offset J
whence J
	file.size\x9c\xff?J2

target_url$
"http://localhost:8080/stream/5.mp4z \x85  \xc2

G
=go.opentelemetry.io/contrib/instrumentation/net/http/otelhttp0.64.0\xb3
\x89\xea\xc7\xef\xe8*״\x82A\xe3o\x80\xe9\xa1\xf2\xc8]\x92\xb3g\xa4*/09Zg\x8dnh\x8c\x87A\xad\xbc\x8enh\x8c\x87J
server.address
	localhostJ
http.request.method
GETJ

url.scheme
httpJ
server.port\xe0\x8cJ
network.peer.address
::1J
network.peer.portؠJ+
user_agent.original
Go-http-client/1.1J
client.address
::1J
url.path
/dav/J!
network.protocol.version
1.1J

http.route
/dav/J
http.response.body.sizeJ
http.response.status_code\x95z \x85  \x96
j\xb0K\x85n~\x8e\x82\xfcP\xa39+\xbe\xfcC \xca"\xc1\xa2\xfc\xe5h~\xc6*	HTTP HEAD09\x83\xfa\xa0nh\x8c\x87A|w\xa9nh\x8c\x87J
http.request.method
HEADJ0
url.full$
"http://localhost:8080/stream/5.mp4J
server.address
	localhostJ
server.port\x90?J!
network.protocol.version
1.1J
http.response.status_code\xc8z \x85  \xa7
j\xb0K\x85n~\x8e\x82\xfcP\xa39\xc1\x99\xe6\xa2O\xa4\xac\x91*/09\xde\x99nh\x8c\x87A|[\xb7nh\x8c\x87J
server.address
	localhostJ
http.request.method
GETJ

url.scheme
httpJ
server.port\xe0\x8cJ*
http.request.method_original

PROPFINDJ
network.peer.address
::1J
network.peer.portؠJ+
user_agent.original
Go-http-client/1.1J
client.address
::1JZ
url.pathN
L/dav/MNBEA4J26IP21E08TUAE/On Demand/Test Series/Series/Test Series/Season 1/J!
network.protocol.version
1.1J

http.route
/dav/J
http.response.body.size\xa6
J
http.response.status_code\xcfz \x85  
Batch 4:

\xbf%


service.name
xteve\xc8"

webdav\xe2
Ad\x87s)\xed{S\x80G\xb2\x89Y\xccOR\xfa-\xd1\xdc<\xe8\x93"\x96-x\xa8}\xe5*
openStream09x\xc3nh\x8c\x87A\xb7\x9f\xebj\x8c\x87J
offset J:
webdav.stream_name$
"Test Series S01E01 - Episode 1.mp4J
webdav.cache_hit J0
http.url$
"http://localhost:8080/stream/5.mp4z \x85  \x84
Ad\x87s)\xed{S\x80G\xb2\x89Y\xccO{n.P\xde\xd6["\x96-x\xa8}\xe5*Read09Cy\xc3nh\x8c\x87A\xe2\xbd\xebj\x8c\x87J:
webdav.stream_name$
"Test Series S01E01 - Episode 1.mp4z \x85  \x84
Ad\x87s)\xed{S\x80G\xb2\x89Y\xccO"\xaf\x8fIvma\xc7"\x96-x\xa8}\xe5*Read09\xaf\xebj\x8c\x87A\x9d,\xebj\x8c\x87J:
webdav.stream_name$
"Test Series S01E01 - Episode 1.mp4z \x85  \x84
Ad\x87s)\xed{S\x80G\xb2\x89Y\xccO\xba7\xf8\xa5\xbf#="\x96-x\xa8}\xe5*Read09\xc9P\xebj\x8c\x87A\xaa(\xb5\xebj\x8c\x87J:
webdav.stream_name$
"Test Series S01E01 - Episode 1.mp4z \x85  \x84
Ad\x87s)\xed{S\x80G\xb2\x89Y\xccO[\x8b\x89p͠eE"\x96-x\xa8}\xe5*Read09\xa3p\xb6\xebj\x8c\x87A\xb6YT\xecj\x8c\x87J:
webdav.stream_name$
"Test Series S01E01 - Episode 1.mp4z \x85  \x84
Ad\x87s)\xed{S\x80G\xb2\x89Y\xccO\xc0\xb2Ɂ\xfe.,r"\x96-x\xa8}\xe5*Read09\xf7.V\xecj\x8c\x87A9h\xf2\xecj\x8c\x87J:
webdav.stream_name$
"Test Series S01E01 - Episode 1.mp4z \x85  \x84
Ad\x87s)\xed{S\x80G\xb2\x89Y\xccO\xb1\xc2"\x83(\xb8\x94\xf5"\x96-x\xa8}\xe5*Read09s\xf3\xecj\x8c\x87A\x9ed\x93\xedj\x8c\x87J:
webdav.stream_name$
"Test Series S01E01 - Episode 1.mp4z \x85  \x84
Ad\x87s)\xed{S\x80G\xb2\x89Y\xccO\x94\xf7\x87\x9b֟"\x96-x\xa8}\xe5*Read09\x9a\x94\xedj\x8c\x87A\x98\xe11\xeej\x8c\x87J:
webdav.stream_name$
"Test Series S01E01 - Episode 1.mp4z \x85  \x84
Ad\x87s)\xed{S\x80G\xb2\x89Y\xccO\xf5%\x8d\xcb;\x88\xa9"\x96-x\xa8}\xe5*Read09#3\xeej\x8c\x87A\x8a\xf2\xd0\xeej\x8c\x87J:
webdav.stream_name$
"Test Series S01E01 - Episode 1.mp4z \x85  \x84
Ad\x87s)\xed{S\x80G\xb2\x89Y\xccO\x8bD\xf6N\xc9\xc1\x90"\x96-x\xa8}\xe5*Read09\xbb\xd2\xeej\x8c\x87Ao\xd2n\xefj\x8c\x87J:
webdav.stream_name$
"Test Series S01E01 - Episode 1.mp4z \x85  \x84
Ad\x87s)\xed{S\x80G\xb2\x89Y\xccO\xe1=x\xba\xa3h"\x96-x\xa8}\xe5*Read09D\xdbo\xefj\x8c\x87A$\x8b\xf0j\x8c\x87J:
webdav.stream_name$
"Test Series S01E01 - Episode 1.mp4z \x85  \x84
Ad\x87s)\xed{S\x80G\xb2\x89Y\xccOP\x8b\x8aQ	"\x96-x\xa8}\xe5*Read09h,\xf0j\x8c\x87A8ݮ\xf0j\x8c\x87J:
webdav.stream_name$
"Test Series S01E01 - Episode 1.mp4z \x85  \x84
Ad\x87s)\xed{S\x80G\xb2\x89Y\xccO\xce#\x89]\x9e"\x96-x\xa8}\xe5*Read09\xcc\xe3\xaf\xf0j\x8c\x87A\x95\x8bN\xf1j\x8c\x87J:
webdav.stream_name$
"Test Series S01E01 - Episode 1.mp4z \x85  \x84
Ad\x87s)\xed{S\x80G\xb2\x89Y\xccO\xff\x8e@\x8a/zJJ"\x96-x\xa8}\xe5*Read09\xc0\x88O\xf1j\x8c\x87A\xce\xc8\xed\xf1j\x8c\x87J:
webdav.stream_name$
"Test Series S01E01 - Episode 1.mp4z \x85  \x84
Ad\x87s)\xed{S\x80G\xb2\x89Y\xccO`S.v\xf8\xea\x87"\x96-x\xa8}\xe5*Read09\x8b\xc6\xee\xf1j\x8c\x87A\xf6\x8c\xf2j\x8c\x87J:
webdav.stream_name$
"Test Series S01E01 - Episode 1.mp4z \x85  \x84
Ad\x87s)\xed{S\x80G\xb2\x89Y\xccO%y\x98+&>\xf7"\x96-x\xa8}\xe5*Read09E&\x8d\xf2j\x8c\x87A\xc8\xeb*\xf3j\x8c\x87J:
webdav.stream_name$
"Test Series S01E01 - Episode 1.mp4z \x85  \x84
Ad\x87s)\xed{S\x80G\xb2\x89Y\xccO{lk\xac<\xb6\xbd\xf0"\x96-x\xa8}\xe5*Read09\x9d\xf4+\xf3j\x8c\x87A\xdb|\xcb\xf3j\x8c\x87J:
webdav.stream_name$
"Test Series S01E01 - Episode 1.mp4z \x85  \x84
Ad\x87s)\xed{S\x80G\xb2\x89Y\xccO\xb3*\xb46]\xc63]"\x96-x\xa8}\xe5*Read09\xa3\xa6\xcc\xf3j\x8c\x87AyVl\xf4j\x8c\x87J:
webdav.stream_name$
"Test Series S01E01 - Episode 1.mp4z \x85  \x84
Ad\x87s)\xed{S\x80G\xb2\x89Y\xccO\xf9
\xb6 \xfc\xa3\xa8\x8e"\x96-x\xa8}\xe5*Read09$\x94m\xf4j\x8c\x87A@=\xf5j\x8c\x87J:
webdav.stream_name$
"Test Series S01E01 - Episode 1.mp4z \x85  \x84
Ad\x87s)\xed{S\x80G\xb2\x89Y\xccOcT\xe6T\xb4\xab\xe3e"\x96-x\xa8}\xe5*Read09`U\xf5j\x8c\x87A9\xab\xf5j\x8c\x87J:
webdav.stream_name$
"Test Series S01E01 - Episode 1.mp4z \x85  \x84
Ad\x87s)\xed{S\x80G\xb2\x89Y\xccOs\x96hUEN"\x96-x\xa8}\xe5*Read09\x832\xac\xf5j\x8c\x87A\xf9\x90K\xf6j\x8c\x87J:
webdav.stream_name$
"Test Series S01E01 - Episode 1.mp4z \x85  \x84
Ad\x87s)\xed{S\x80G\xb2\x89Y\xccOߪ\xe0+\xe5Tx"\x96-x\xa8}\xe5*Read09\xb4\xd4M\xf6j\x8c\x87A\xac\xc7\xea\xf6j\x8c\x87J:
webdav.stream_name$
"Test Series S01E01 - Episode 1.mp4z \x85  \x84
Ad\x87s)\xed{S\x80G\xb2\x89Y\xccO؂=\xa8I"\x96-x\xa8}\xe5*Read09\xa0\xd6\xeb\xf6j\x8c\x87A!
\x8a\xf7j\x8c\x87J:
webdav.stream_name$
"Test Series S01E01 - Episode 1.mp4z \x85  \x84
Ad\x87s)\xed{S\x80G\xb2\x89Y\xccO\x91(\x87j~\x96\xfa"\x96-x\xa8}\xe5*Read09\x8f+\x8b\xf7j\x8c\x87AĔ(\xf8j\x8c\x87J:
webdav.stream_name$
"Test Series S01E01 - Episode 1.mp4z \x85  \x84
Ad\x87s)\xed{S\x80G\xb2\x89Y\xccO\xcdÝ{8Ey\xed"\x96-x\xa8}\xe5*Read09\xa7)\xf8j\x8c\x87AQ\x91\xc6\xf8j\x8c\x87J:
webdav.stream_name$
"Test Series S01E01 - Episode 1.mp4z \x85  \x84
Ad\x87s)\xed{S\x80G\xb2\x89Y\xccO\xb8%\x90\xd0*(\xd2"\x96-x\xa8}\xe5*Read09\xe3\xbc\xc7\xf8j\x8c\x87A\x9e\x8cf\xf9j\x8c\x87J:
webdav.stream_name$
"Test Series S01E01 - Episode 1.mp4z \x85  \x84
Ad\x87s)\xed{S\x80G\xb2\x89Y\xccOR\x9e\xe2pM\xba[A"\x96-x\xa8}\xe5*Read09\xe2\x8dg\xf9j\x8c\x87AT\xfaj\x8c\x87J:
webdav.stream_name$
"Test Series S01E01 - Episode 1.mp4z \x85  \x84
Ad\x87s)\xed{S\x80G\xb2\x89Y\xccO=\xad*\xf4\xbf\x82,Q"\x96-x\xa8}\xe5*Read09,k\xfaj\x8c\x87A\xbbd\xa3\xfaj\x8c\x87J:
webdav.stream_name$
"Test Series S01E01 - Episode 1.mp4z \x85  \x84
Ad\x87s)\xed{S\x80G\xb2\x89Y\xccO\xa2\x83\xcd\xfdnەr"\x96-x\xa8}\xe5*Read09\xfcu\xa4\xfaj\x8c\x87Ac>C\xfbj\x8c\x87J:
webdav.stream_name$
"Test Series S01E01 - Episode 1.mp4z \x85  \x84
Ad\x87s)\xed{S\x80G\xb2\x89Y\xccO@\xf3Ǜ\x97\x96\xd5;"\x96-x\xa8}\xe5*Read09\xf1E\xfbj\x8c\x87A\xbc\xe3\xfbj\x8c\x87J:
webdav.stream_name$
"Test Series S01E01 - Episode 1.mp4z \x85  \x84
Ad\x87s)\xed{S\x80G\xb2\x89Y\xccO\xdb\xf2\xed\xc9\xcb"\x96-x\xa8}\xe5*Read09\xa7K\xe4\xfbj\x8c\x87A\xf6\xfd\x80\xfcj\x8c\x87J:
webdav.stream_name$
"Test Series S01E01 - Episode 1.mp4z \x85  \x84
Ad\x87s)\xed{S\x80G\xb2\x89Y\xccO\xe5\xd9o\xff\xd1#\xde"\x96-x\xa8}\xe5*Read09\x82\xa7\x82\xfcj\x8c\x87A\xb0\xf7\xfdj\x8c\x87J:
webdav.stream_name$
"Test Series S01E01 - Episode 1.mp4z \x85  \xd6
G
=go.opentelemetry.io/contrib/instrumentation/net/http/otelhttp0.64.0\x8a
o|\xa3¶\xf0\x99*\xac$\xfc\x88\xfc\xc4\xffYEv\xba\x80i\x9a*HTTP GET09\xe4\xc4\xd3nh\x8c\x87A*\xebj\x8c\x87J
http.request.method
GETJ0
url.full$
"http://localhost:8080/stream/5.mp4J
server.address
	localhostJ
server.port\x90?J!
network.protocol.version
1.1J
http.response.status_code\xc8z \x85  
Batch 5:

\xc8e


service.name
xteve\xaae

webdav\x84
Ad\x87s)\xed{S\x80G\xb2\x89Y\xccOyM\x9b\xefX\x8e-"\x96-x\xa8}\xe5*Read09\xbe!\xfdj\x8c\x87A\xda\\xbc\xfdj\x8c\x87J:
webdav.stream_name$
"Test Series S01E01 - Episode 1.mp4z \x85  \x84
Ad\x87s)\xed{S\x80G\xb2\x89Y\xccO7˧M\xe9\xc3\xee\xc6"\x96-x\xa8}\xe5*Read09a\xbd\xfdj\x8c\x87A\xbf[\xfej\x8c\x87J:
webdav.stream_name$
"Test Series S01E01 - Episode 1.mp4z \x85  \x84
Ad\x87s)\xed{S\x80G\xb2\x89Y\xccO\x83x\xe7?\xb4c\xe4\xe8"\x96-x\xa8}\xe5*Read09?V\\xfej\x8c\x87A.\xb7\xf7\xfej\x8c\x87J:
webdav.stream_name$
"Test Series S01E01 - Episode 1.mp4z \x85  \x84
Ad\x87s)\xed{S\x80G\xb2\x89Y\xccOE\xf3\xd0\xe33\xbau$"\x96-x\xa8}\xe5*Read09_\xba\xf8\xfej\x8c\x87A\xbe[\x95\xffj\x8c\x87J:
webdav.stream_name$
"Test Series S01E01 - Episode 1.mp4z \x85  \x84
Ad\x87s)\xed{S\x80G\xb2\x89Y\xccO]فS\xd0B"\x96-x\xa8}\xe5*Read09?_\x96\xffj\x8c\x87A\x9e4 k\x8c\x87J:
webdav.stream_name$
"Test Series S01E01 - Episode 1.mp4z \x85  \x84
Ad\x87s)\xed{S\x80G\xb2\x89Y\xccO\xdd\xeeÄ@\xb5tI"\x96-x\xa8}\xe5*Read09æ5 k\x8c\x87A\xc4\xcd\xd2 k\x8c\x87J:
webdav.stream_name$
"Test Series S01E01 - Episode 1.mp4z \x85  \x84
Ad\x87s)\xed{S\x80G\xb2\x89Y\xccO4\xce1\xdc[{"\x96-x\xa8}\xe5*Read09\x9a\xed\xd3 k\x8c\x87A\xcd\xe9pk\x8c\x87J:
webdav.stream_name$
"Test Series S01E01 - Episode 1.mp4z \x85  \x84
Ad\x87s)\xed{S\x80G\xb2\x89Y\xccO\xcaf\xd9\xcc6\xb1]"\x96-x\xa8}\xe5*Read09,rk\x8c\x87Aɪk\x8c\x87J:
webdav.stream_name$
"Test Series S01E01 - Episode 1.mp4z \x85  \x84
Ad\x87s)\xed{S\x80G\xb2\x89Y\xccO\xf6 <\x8f\xd9\xdeC"\x96-x\xa8}\xe5*Read09\xb9k\x8c\x87A\xf9]\xadk\x8c\x87J:
webdav.stream_name$
"Test Series S01E01 - Episode 1.mp4z \x85  \x84
Ad\x87s)\xed{S\x80G\xb2\x89Y\xccO\xee\x86;<*	t\xb3"\x96-x\xa8}\xe5*Read09[\x81\xaek\x8c\x87A\xe6Lk\x8c\x87J:
webdav.stream_name$
"Test Series S01E01 - Episode 1.mp4z \x85  \x84
Ad\x87s)\xed{S\x80G\xb2\x89Y\xccO\xf0\xfc[\x9cv\xd9"\x96-x\xa8}\xe5*Read09I/Mk\x8c\x87A\xc9!\xeak\x8c\x87J:
webdav.stream_name$
"Test Series S01E01 - Episode 1.mp4z \x85  \x84
Ad\x87s)\xed{S\x80G\xb2\x89Y\xccO[j\x9eq\xe5\x8fL"\x96-x\xa8}\xe5*Read09I[\xebk\x8c\x87A\x97݈k\x8c\x87J:
webdav.stream_name$
"Test Series S01E01 - Episode 1.mp4z \x85  \x84
Ad\x87s)\xed{S\x80G\xb2\x89Y\xccO\xb4\x9e\x975j\xa9]"\x96-x\xa8}\xe5*Read09	\x8ak\x8c\x87Ac'k\x8c\x87J:
webdav.stream_name$
"Test Series S01E01 - Episode 1.mp4z \x85  \x84
Ad\x87s)\xed{S\x80G\xb2\x89Y\xccO\xdagH\xee\xac["\x96-x\xa8}\xe5*Read09]=(k\x8c\x87A\x9b\xe4\xc7k\x8c\x87J:
webdav.stream_name$
"Test Series S01E01 - Episode 1.mp4z \x85  \x84
Ad\x87s)\xed{S\x80G\xb2\x89Y\xccO\xb8\xd8XQ\xa0\xe5\xbd\xe8"\x96-x\xa8}\xe5*Read09\xbd<\xc9k\x8c\x87Aa\xb4fk\x8c\x87J:
webdav.stream_name$
"Test Series S01E01 - Episode 1.mp4z \x85  \x84
Ad\x87s)\xed{S\x80G\xb2\x89Y\xccO\x91\xcd\xdd][\xc0"\x96-x\xa8}\xe5*Read09\x8d\x94hk\x8c\x87A\x9fqk\x8c\x87J:
webdav.stream_name$
"Test Series S01E01 - Episode 1.mp4z \x85  \x84
Ad\x87s)\xed{S\x80G\xb2\x89Y\xccO\xdb4T\xd7#\xfd\xa0"\x96-x\xa8}\xe5*Read09c\x96k\x8c\x87A魢k\x8c\x87J:
webdav.stream_name$
"Test Series S01E01 - Episode 1.mp4z \x85  \x84
Ad\x87s)\xed{S\x80G\xb2\x89Y\xccO\xb4\xf4\xc9\xfe\xaeI\xf3"\x96-x\xa8}\xe5*Read09\xe9\xa4k\x8c\x87A\xb7\xc1@k\x8c\x87J:
webdav.stream_name$
"Test Series S01E01 - Episode 1.mp4z \x85  \x84
Ad\x87s)\xed{S\x80G\xb2\x89Y\xccO\xd5/ɥH\x97iR"\x96-x\xa8}\xe5*Read09;\xeeAk\x8c\x87A\x9a\xdfk\x8c\x87J:
webdav.stream_name$
"Test Series S01E01 - Episode 1.mp4z \x85  \x84
Ad\x87s)\xed{S\x80G\xb2\x89Y\xccOx\x8a>\xed\xb1pU\xc3"\x96-x\xa8}\xe5*Read09J\xc0\xe0k\x8c\x87A\x91}	k\x8c\x87J:
webdav.stream_name$
"Test Series S01E01 - Episode 1.mp4z \x85  \x84
Ad\x87s)\xed{S\x80G\xb2\x89Y\xccO\xe4\x9b\xd7\xe2E\xf0U"\x96-x\xa8}\xe5*Read09`\xcd~	k\x8c\x87A\xd0
k\x8c\x87J:
webdav.stream_name$
"Test Series S01E01 - Episode 1.mp4z \x85  \x84
Ad\x87s)\xed{S\x80G\xb2\x89Y\xccO$~ӄ\xdd\xe3/"\x96-x\xa8}\xe5*Read09p
k\x8c\x87A\x89λ
k\x8c\x87J:
webdav.stream_name$
"Test Series S01E01 - Episode 1.mp4z \x85  \x84
Ad\x87s)\xed{S\x80G\xb2\x89Y\xccO\xfc\xabļR"\x96-x\xa8}\xe5*Read09\xfe\xbc
k\x8c\x87Af\xad[k\x8c\x87J:
webdav.stream_name$
"Test Series S01E01 - Episode 1.mp4z \x85  \x84
Ad\x87s)\xed{S\x80G\xb2\x89Y\xccO\xf3\xb5w\xb4\xb4\xfa\x97"\x96-x\xa8}\xe5*Read09V\xfb\k\x8c\x87A.l\xfbk\x8c\x87J:
webdav.stream_name$
"Test Series S01E01 - Episode 1.mp4z \x85  \x84
Ad\x87s)\xed{S\x80G\xb2\x89Y\xccO\xe4F\x8b`\x92\xf4H"\x96-x\xa8}\xe5*Read09\xb2\xab\xfck\x8c\x87Aq\xa5\x99k\x8c\x87J:
webdav.stream_name$
"Test Series S01E01 - Episode 1.mp4z \x85  \x84
Ad\x87s)\xed{S\x80G\xb2\x89Y\xccO\x9cΦL:\xd6ߩ"\x96-x\xa8}\xe5*Read09\xcf\x9ck\x8c\x87A8k\x8c\x87J:
webdav.stream_name$
"Test Series S01E01 - Episode 1.mp4z \x85  \x84
Ad\x87s)\xed{S\x80G\xb2\x89Y\xccO2A"\xa9\xf6\x84\xec&"\x96-x\xa8}\xe5*Read09(\xb59k\x8c\x87A\xd9\xd6k\x8c\x87J:
webdav.stream_name$
"Test Series S01E01 - Episode 1.mp4z \x85  \x84
Ad\x87s)\xed{S\x80G\xb2\x89Y\xccOO\xad\x96\xafG\xcagT"\x96-x\xa8}\xe5*Read09\xb4t\xd7k\x8c\x87A\xee\xacvk\x8c\x87J:
webdav.stream_name$
"Test Series S01E01 - Episode 1.mp4z \x85  \x84
Ad\x87s)\xed{S\x80G\xb2\x89Y\xccO\xc7\xfa\xdb\xd0\xf8\x84"\x96-x\xa8}\xe5*Read09\xb3\xd5wk\x8c\x87A\xcfk\x8c\x87J:
webdav.stream_name$
"Test Series S01E01 - Episode 1.mp4z \x85  \x84
Ad\x87s)\xed{S\x80G\xb2\x89Y\xccO\xa5\xad\xea\xc1^\xf1\xf8"\x96-x\xa8}\xe5*Read09\xa7`k\x8c\x87A\x8cu\xb5k\x8c\x87J:
webdav.stream_name$
"Test Series S01E01 - Episode 1.mp4z \x85  \x84
Ad\x87s)\xed{S\x80G\xb2\x89Y\xccO#\xca<"\x96-x\xa8}\xe5*Read09\x9f¶k\x8c\x87A\xd44Uk\x8c\x87J:
webdav.stream_name$
"Test Series S01E01 - Episode 1.mp4z \x85  \x84
Ad\x87s)\xed{S\x80G\xb2\x89Y\xccO\xc0\xb8\xcem\x95\xefF"\x96-x\xa8}\xe5*Read09o\xb8Vk\x8c\x87A[\xe5\xf3k\x8c\x87J:
webdav.stream_name$
"Test Series S01E01 - Episode 1.mp4z \x85  \x84
Ad\x87s)\xed{S\x80G\xb2\x89Y\xccO\xb6\x83\xd1\xeem\x9e\xec"\x96-x\xa8}\xe5*Read09+b\xf6k\x8c\x87A\xd4Q\x91k\x8c\x87J:
webdav.stream_name$
"Test Series S01E01 - Episode 1.mp4z \x85  \x84
Ad\x87s)\xed{S\x80G\xb2\x89Y\xccO.\xea\xde\xdd+\xe4"\x96-x\xa8}\xe5*Read09\x85\x92k\x8c\x87A.\xf30k\x8c\x87J:
webdav.stream_name$
"Test Series S01E01 - Episode 1.mp4z \x85  \x84
Ad\x87s)\xed{S\x80G\xb2\x89Y\xccO\xae\xec\xf1\xbc~\xf0@"\x96-x\xa8}\xe5*Read09)Z2k\x8c\x87A\xf8M\xcfk\x8c\x87J:
webdav.stream_name$
"Test Series S01E01 - Episode 1.mp4z \x85  \x84
Ad\x87s)\xed{S\x80G\xb2\x89Y\xccO\xadL\xd1\xdf+w\x8b"\x96-x\xa8}\xe5*Read09*\x93\xd0k\x8c\x87AkLok\x8c\x87J:
webdav.stream_name$
"Test Series S01E01 - Episode 1.mp4z \x85  \x84
Ad\x87s)\xed{S\x80G\xb2\x89Y\xccO4O9\xb4\x8f"7"\x96-x\xa8}\xe5*Read09\xdcpk\x8c\x87AtWk\x8c\x87J:
webdav.stream_name$
"Test Series S01E01 - Episode 1.mp4z \x85  \x84
Ad\x87s)\xed{S\x80G\xb2\x89Y\xccO\xbc\xaf\xce\x92E\xef\xec"\x96-x\xa8}\xe5*Read09\xfc\xb2k\x8c\x87A;D\xb0k\x8c\x87J:
webdav.stream_name$
"Test Series S01E01 - Episode 1.mp4z \x85  \x84
Ad\x87s)\xed{S\x80G\xb2\x89Y\xccO\x9d\xf4U\xfe\x9b\xa7\x80\xd7"\x96-x\xa8}\xe5*Read09\xfbݱk\x8c\x87A}+Mk\x8c\x87J:
webdav.stream_name$
"Test Series S01E01 - Episode 1.mp4z \x85  \x84
Ad\x87s)\xed{S\x80G\xb2\x89Y\xccO\xf7k\xf6\xa6\xa1-\x90"\x96-x\xa8}\xe5*Read09\xfdSOk\x8c\x87A\xa0]\xeak\x8c\x87J:
webdav.stream_name$
"Test Series S01E01 - Episode 1.mp4z \x85  \x84
Ad\x87s)\xed{S\x80G\xb2\x89Y\xccO=\xea\x8aQ\xd3x\x87	"\x96-x\xa8}\xe5*Read09I\xebk\x8c\x87A\xa8\xf7\x8ak\x8c\x87J:
webdav.stream_name$
"Test Series S01E01 - Episode 1.mp4z \x85  \x84
Ad\x87s)\xed{S\x80G\xb2\x89Y\xccOi\x9c,05f"\x96-x\xa8}\xe5*Read09s<\x8ck\x8c\x87AE\xcc-k\x8c\x87J:
webdav.stream_name$
"Test Series S01E01 - Episode 1.mp4z \x85  \x84
Ad\x87s)\xed{S\x80G\xb2\x89Y\xccOQ\x88o\xbc3\x96\x8b"\x96-x\xa8}\xe5*Read09)/k\x8c\x87Ay\xcbk\x8c\x87J:
webdav.stream_name$
"Test Series S01E01 - Episode 1.mp4z \x85  \x84
Ad\x87s)\xed{S\x80G\xb2\x89Y\xccO\xe0\xd8"\x81\xc1\xf0L\x9d"\x96-x\xa8}\xe5*Read09\xdbZ\xcck\x8c\x87A=\xc7kk\x8c\x87J:
webdav.stream_name$
"Test Series S01E01 - Episode 1.mp4z \x85  \x84
Ad\x87s)\xed{S\x80G\xb2\x89Y\xccO\xa7^|2ėW\xd9"\x96-x\xa8}\xe5*Read09m\xf9lk\x8c\x87Aok\x8c\x87J:
webdav.stream_name$
"Test Series S01E01 - Episode 1.mp4z \x85  \x84
Ad\x87s)\xed{S\x80G\xb2\x89Y\xccO\xe5\xb0j\xbb\x94u"\x96-x\xa8}\xe5*Read092\xb3k\x8c\x87A\x9b\xack\x8c\x87J:
webdav.stream_name$
"Test Series S01E01 - Episode 1.mp4z \x85  \x84
Ad\x87s)\xed{S\x80G\xb2\x89Y\xccOΰ\x97M\xef\xd0_\xc3"\x96-x\xa8}\xe5*Read09\x97\xe2\xadk\x8c\x87A\xe6Jk\x8c\x87J:
webdav.stream_name$
"Test Series S01E01 - Episode 1.mp4z \x85  \x84
Ad\x87s)\xed{S\x80G\xb2\x89Y\xccO\xb9\xbe?3/\x87T\xd8"\x96-x\xa8}\xe5*Read09_\x82Lk\x8c\x87A\xd0v\xe9k\x8c\x87J:
webdav.stream_name$
"Test Series S01E01 - Episode 1.mp4z \x85  \x84
Ad\x87s)\xed{S\x80G\xb2\x89Y\xccO\xaf\xe6hw\xce\xc1 \x91"\x96-x\xa8}\xe5*Read09Q\x83\xeak\x8c\x87A\xff\x87k\x8c\x87J:
webdav.stream_name$
"Test Series S01E01 - Episode 1.mp4z \x85  \x84
Ad\x87s)\xed{S\x80G\xb2\x89Y\xccO\xddm\x85>I\xf0he"\x96-x\xa8}\xe5*Read09\x83a\x89k\x8c\x87A&k\x8c\x87J:
webdav.stream_name$
"Test Series S01E01 - Episode 1.mp4z \x85  \x84
Ad\x87s)\xed{S\x80G\xb2\x89Y\xccO_\x92\x9bύ\xcd"\x96-x\xa8}\xe5*Read09\xac<'k\x8c\x87A.\xb1\xc4k\x8c\x87J:
webdav.stream_name$
"Test Series S01E01 - Episode 1.mp4z \x85  \x84
Ad\x87s)\xed{S\x80G\xb2\x89Y\xccO\xfb&\xa51\x97\x96"\x96-x\xa8}\xe5*Read09\x8d\xda\xc5k\x8c\x87A\xa3\xb8bk\x8c\x87J:
webdav.stream_name$
"Test Series S01E01 - Episode 1.mp4z \x85  \x84
Ad\x87s)\xed{S\x80G\xb2\x89Y\xccO\xf3{a@\xc2WJ\x88"\x96-x\xa8}\xe5*Read09\xaa\xccck\x8c\x87Ai\xbak\x8c\x87J:
webdav.stream_name$
"Test Series S01E01 - Episode 1.mp4z \x85  \x84
Ad\x87s)\xed{S\x80G\xb2\x89Y\xccO!\xa4\x9c\xdd,I\xe9\xb6"\x96-x\xa8}\xe5*Read09\xa4Gk\x8c\x87A쾢k\x8c\x87J:
webdav.stream_name$
"Test Series S01E01 - Episode 1.mp4z \x85  \x84
Ad\x87s)\xed{S\x80G\xb2\x89Y\xccO\xe9\xf3 ܁ \x81\xa2"\x96-x\xa8}\xe5*Read09\x8dޣk\x8c\x87AAk\x8c\x87J:
webdav.stream_name$
"Test Series S01E01 - Episode 1.mp4z \x85  \x84
Ad\x87s)\xed{S\x80G\xb2\x89Y\xccO/ϴ^1\x8bF"\x96-x\xa8}\xe5*Read09\xaa\xc5Bk\x8c\x87A\xbb\xe2\xe0k\x8c\x87J:
webdav.stream_name$
"Test Series S01E01 - Episode 1.mp4z \x85  \x84
Ad\x87s)\xed{S\x80G\xb2\x89Y\xccO\xa5\x87PyIu"\x96-x\xa8}\xe5*Read09b\xe2k\x8c\x87A\xfek k\x8c\x87J:
webdav.stream_name$
"Test Series S01E01 - Episode 1.mp4z \x85  \x84
Ad\x87s)\xed{S\x80G\xb2\x89Y\xccO\xf0o\xbf\xef]<"\x96-x\xa8}\xe5*Read09Ŀ\x80 k\x8c\x87A\xe1\xaf!k\x8c\x87J:
webdav.stream_name$
"Test Series S01E01 - Episode 1.mp4z \x85  \x84
Ad\x87s)\xed{S\x80G\xb2\x89Y\xccO\xb2b\x9b$"\x96-x\xa8}\xe5*Read09\xeb\xef !k\x8c\x87Aä\xbd!k\x8c\x87J:
webdav.stream_name$
"Test Series S01E01 - Episode 1.mp4z \x85  \x84
Ad\x87s)\xed{S\x80G\xb2\x89Y\xccO\xc5ڟ]\x97ܺw"\x96-x\xa8}\xe5*Read09a\xe0\xbe!k\x8c\x87A\xec\"k\x8c\x87J:
webdav.stream_name$
"Test Series S01E01 - Episode 1.mp4z \x85  \x84
Ad\x87s)\xed{S\x80G\xb2\x89Y\xccO\xc4\xc2;\xf5QG\("\x96-x\xa8}\xe5*Read09+\xb8^"k\x8c\x87A\xc07\xfb"k\x8c\x87J:
webdav.stream_name$
"Test Series S01E01 - Episode 1.mp4z \x85  \x84
Ad\x87s)\xed{S\x80G\xb2\x89Y\xccO\xee\xa3\xa2\xecY\xbf\x82"\x96-x\xa8}\xe5*Read09\xcej\xfc"k\x8c\x87A\xbbӚ#k\x8c\x87J:
webdav.stream_name$
"Test Series S01E01 - Episode 1.mp4z \x85  \x84
Ad\x87s)\xed{S\x80G\xb2\x89Y\xccOD>g`FޅE"\x96-x\xa8}\xe5*Read09\xa1˜#k\x8c\x87A\x9di9$k\x8c\x87J:
webdav.stream_name$
"Test Series S01E01 - Episode 1.mp4z \x85  \x84
Ad\x87s)\xed{S\x80G\xb2\x89Y\xccO\xbc\xca\xec#\xff\xfb1r"\x96-x\xa8}\xe5*Read09\x83\x98:$k\x8c\x87A5\x81\xd8$k\x8c\x87J:
webdav.stream_name$
"Test Series S01E01 - Episode 1.mp4z \x85  \x84
Ad\x87s)\xed{S\x80G\xb2\x89Y\xccO?\xf2|{\xd36\xb6"\x96-x\xa8}\xe5*Read09(\xde\xd9$k\x8c\x87A\xb4\x87w%k\x8c\x87J:
webdav.stream_name$
"Test Series S01E01 - Episode 1.mp4z \x85  \x84
Ad\x87s)\xed{S\x80G\xb2\x89Y\xccO\x8a\xe09U\x87\x9aY\xab"\x96-x\xa8}\xe5*Read09۰x%k\x8c\x87A<&k\x8c\x87J:
webdav.stream_name$
"Test Series S01E01 - Episode 1.mp4z \x85  \x84
Ad\x87s)\xed{S\x80G\xb2\x89Y\xccO\xe1ta\x84@\xeb\x92"\x96-x\xa8}\xe5*Read09*S&k\x8c\x87ArD\xb3&k\x8c\x87J:
webdav.stream_name$
"Test Series S01E01 - Episode 1.mp4z \x85  \x84
Ad\x87s)\xed{S\x80G\xb2\x89Y\xccO\xfc?\xb0\xa5T)\x87"\x96-x\xa8}\xe5*Read09\xb0z\xb4&k\x8c\x87A\xc3\xccR'k\x8c\x87J:
webdav.stream_name$
"Test Series S01E01 - Episode 1.mp4z \x85  \x84
Ad\x87s)\xed{S\x80G\xb2\x89Y\xccO\xd8M\xb5\xc5\xc0\x97m\x95"\x96-x\xa8}\xe5*Read09P\xdcS'k\x8c\x87A\xa8\xe0\xf1'k\x8c\x87J:
webdav.stream_name$
"Test Series S01E01 - Episode 1.mp4z \x85  \x84
Ad\x87s)\xed{S\x80G\xb2\x89Y\xccO\xd4_\xbbπҞ!"\x96-x\xa8}\xe5*Read09\xe8\xa2\xf4'k\x8c\x87A\x98\x91(k\x8c\x87J:
webdav.stream_name$
"Test Series S01E01 - Episode 1.mp4z \x85  \x84
Ad\x87s)\xed{S\x80G\xb2\x89Y\xccOy+a\xb8\xef\xd4"\x96-x\xa8}\xe5*Read09j\x8a\x92(k\x8c\x87AD\xf4-)k\x8c\x87J:
webdav.stream_name$
"Test Series S01E01 - Episode 1.mp4z \x85  \x84
Ad\x87s)\xed{S\x80G\xb2\x89Y\xccO\xf6\xe6\xc8ߎ S\xe4"\x96-x\xa8}\xe5*Read09Ğ/)k\x8c\x87A\xe1\xcc)k\x8c\x87J:
webdav.stream_name$
"Test Series S01E01 - Episode 1.mp4z \x85  \x84
Ad\x87s)\xed{S\x80G\xb2\x89Y\xccOp7\x98<s\x81"\x96-x\xa8}\xe5*Read09=\xf1\xcd)k\x8c\x87A\xf9\x8dk*k\x8c\x87J:
webdav.stream_name$
"Test Series S01E01 - Episode 1.mp4z \x85  \x84
Ad\x87s)\xed{S\x80G\xb2\x89Y\xccO\xed\xa9\xb3o<\xe1"\x96-x\xa8}\xe5*Read09b\xb4l*k\x8c\x87A;\xa1
+k\x8c\x87J:
webdav.stream_name$
"Test Series S01E01 - Episode 1.mp4z \x85  \x84
Ad\x87s)\xed{S\x80G\xb2\x89Y\xccO\x8b}8qR\x90\xef\xa8"\x96-x\xa8}\xe5*Read09~+k\x8c\x87A\xdc6\xab+k\x8c\x87J:
webdav.stream_name$
"Test Series S01E01 - Episode 1.mp4z \x85  \x84
Ad\x87s)\xed{S\x80G\xb2\x89Y\xccO\xaa\xd1\x8a\xbcg\x8a\xbc"\x96-x\xa8}\xe5*Read09\x83\x91\xac+k\x8c\x87A%\xdbH,k\x8c\x87J:
webdav.stream_name$
"Test Series S01E01 - Episode 1.mp4z \x85  \x84
Ad\x87s)\xed{S\x80G\xb2\x89Y\xccONX\xe6\xfaܝ\xbb\x94"\x96-x\xa8}\xe5*Read09\xf1\xf2I,k\x8c\x87A\xaaG\xe7,k\x8c\x87J:
webdav.stream_name$
"Test Series S01E01 - Episode 1.mp4z \x85  \x84
Ad\x87s)\xed{S\x80G\xb2\x89Y\xccO\xf3p\xbcE\xe0\xf3i\xd9"\x96-x\xa8}\xe5*Read09\xb7v\xe8,k\x8c\x87A+\x86-k\x8c\x87J:
webdav.stream_name$
"Test Series S01E01 - Episode 1.mp4z \x85  \x84
Ad\x87s)\xed{S\x80G\xb2\x89Y\xccO\xb3\xff\xa60,b{\xf2"\x96-x\xa8}\xe5*Read09\xbb0\x87-k\x8c\x87Az\xab$.k\x8c\x87J:
webdav.stream_name$
"Test Series S01E01 - Episode 1.mp4z \x85  \x84
Ad\x87s)\xed{S\x80G\xb2\x89Y\xccORX%6\xd5\xf9\xc6"\x96-x\xa8}\xe5*Read09C\xc3%.k\x8c\x87Aʴ\xc4.k\x8c\x87J:
webdav.stream_name$
"Test Series S01E01 - Episode 1.mp4z \x85  \x84
Ad\x87s)\xed{S\x80G\xb2\x89Y\xccO\xd2WW\x94\xb2H\x9b"\x96-x\xa8}\xe5*Read09\xfd\xba\xc5.k\x8c\x87Ah\x9bb/k\x8c\x87J:
webdav.stream_name$
"Test Series S01E01 - Episode 1.mp4z \x85  \x84
Ad\x87s)\xed{S\x80G\xb2\x89Y\xccO\xbbI֊!\x97q"\x96-x\xa8}\xe5*Read09\xf4\xaac/k\x8c\x87A*\x87\xff/k\x8c\x87J:
webdav.stream_name$
"Test Series S01E01 - Episode 1.mp4z \x85  \x84
Ad\x87s)\xed{S\x80G\xb2\x89Y\xccO\x82z\x9b!\x98\x80#\xba"\x96-x\xa8}\xe5*Read09"\x85 0k\x8c\x87A\xd6*\x9e0k\x8c\x87J:
webdav.stream_name$
"Test Series S01E01 - Episode 1.mp4z \x85  \x84
Ad\x87s)\xed{S\x80G\xb2\x89Y\xccOGFk޽\x88\xd7\xc7"\x96-x\xa8}\xe5*Read09'N\x9f0k\x8c\x87A\xfat;1k\x8c\x87J:
webdav.stream_name$
"Test Series S01E01 - Episode 1.mp4z \x85  \x84
Ad\x87s)\xed{S\x80G\xb2\x89Y\xccO\xc7&\xe0,\x9f\xbe"\x96-x\xa8}\xe5*Read09\xb0z<1k\x8c\x87A\xb0\xe1\xd81k\x8c\x87J:
webdav.stream_name$
"Test Series S01E01 - Episode 1.mp4z \x85  \x84
Ad\x87s)\xed{S\x80G\xb2\x89Y\xccO\x97\xa9\x9a\x9d\x9f[Sj"\x96-x\xa8}\xe5*Read09\x81\xda1k\x8c\x87A4v2k\x8c\x87J:
webdav.stream_name$
"Test Series S01E01 - Episode 1.mp4z \x85  \x84
Ad\x87s)\xed{S\x80G\xb2\x89Y\xccOl]L\x9dq\xaa"\x96-x\xa8}\xe5*Read09\xce/w2k\x8c\x87A{3k\x8c\x87J:
webdav.stream_name$
"Test Series S01E01 - Episode 1.mp4z \x85  \x84
Ad\x87s)\xed{S\x80G\xb2\x89Y\xccO\xe8p"ύ\xca"\x96-x\xa8}\xe5*Read09\x90\xa43k\x8c\x87AG\x91\xb03k\x8c\x87J:
webdav.stream_name$
"Test Series S01E01 - Episode 1.mp4z \x85  \x84
Ad\x87s)\xed{S\x80G\xb2\x89Y\xccO\x97Z\x97ܱ\x95f\xb7"\x96-x\xa8}\xe5*Read09\x99\xb13k\x8c\x87AC,N4k\x8c\x87J:
webdav.stream_name$
"Test Series S01E01 - Episode 1.mp4z \x85  \x84
Ad\x87s)\xed{S\x80G\xb2\x89Y\xccO\x9e\xc4\xda9k\xbdb"\x96-x\xa8}\xe5*Read09\xadLO4k\x8c\x87Aa0\xeb4k\x8c\x87J:
webdav.stream_name$
"Test Series S01E01 - Episode 1.mp4z \x85  \x84
Ad\x87s)\xed{S\x80G\xb2\x89Y\xccO\xb75\xff\xb3\xa7(\xca\xc9"\x96-x\xa8}\xe5*Read09\x99h\xec4k\x8c\x87A\x94F\x885k\x8c\x87J:
webdav.stream_name$
"Test Series S01E01 - Episode 1.mp4z \x85  \x84
Ad\x87s)\xed{S\x80G\xb2\x89Y\xccO\x82\x89\x99\xa3\x9aOh"\x96-x\xa8}\xe5*Read09\x82\xf6\x895k\x8c\x87A\x97&6k\x8c\x87J:
webdav.stream_name$
"Test Series S01E01 - Episode 1.mp4z \x85  \x84
Ad\x87s)\xed{S\x80G\xb2\x89Y\xccOD\xeb$\xd0*\xf0("\x96-x\xa8}\xe5*Read09bv(6k\x8c\x87AD3\xc26k\x8c\x87J:
webdav.stream_name$
"Test Series S01E01 - Episode 1.mp4z \x85  \x84
Ad\x87s)\xed{S\x80G\xb2\x89Y\xccO\xae\xc40ϔL\xcb"\x96-x\xa8}\xe5*Read09mk\xc36k\x8c\x87A"_7k\x8c\x87J:
webdav.stream_name$
"Test Series S01E01 - Episode 1.mp4z \x85  \x84
Ad\x87s)\xed{S\x80G\xb2\x89Y\xccO\x9cϾCct"\x96-x\xa8}\xe5*Read09`7k\x8c\x87A\x81\xb6\xfc7k\x8c\x87J:
webdav.stream_name$
"Test Series S01E01 - Episode 1.mp4z \x85  \x84
Ad\x87s)\xed{S\x80G\xb2\x89Y\xccO\xc3楐kOA"\x96-x\xa8}\xe5*Read09\xc6\xe1\xfd7k\x8c\x87Aj\x998k\x8c\x87J:
webdav.stream_name$
"Test Series S01E01 - Episode 1.mp4z \x85  
Batch 6:

\xcff


service.name
xteve\xb1f

webdav\x84
Ad\x87s)\xed{S\x80G\xb2\x89Y\xccO/\xd2\xe2\xff^\x85"\x96-x\xa8}\xe5*Read09o\x9c\x9a8k\x8c\x87A\xfdb79k\x8c\x87J:
webdav.stream_name$
"Test Series S01E01 - Episode 1.mp4z \x85  \x84
Ad\x87s)\xed{S\x80G\xb2\x89Y\xccO\xcf.\x9e\xa9W\xc0"\x96-x\xa8}\xe5*Read096m89k\x8c\x87A\x96\xb6\xd49k\x8c\x87J:
webdav.stream_name$
"Test Series S01E01 - Episode 1.mp4z \x85  \x84
Ad\x87s)\xed{S\x80G\xb2\x89Y\xccO\xe4\x8a\xcdR9"\x96-x\xa8}\xe5*Read09Ǆ\xd69k\x8c\x87A\x99\xf1r:k\x8c\x87J:
webdav.stream_name$
"Test Series S01E01 - Episode 1.mp4z \x85  \x84
Ad\x87s)\xed{S\x80G\xb2\x89Y\xccO\x8a\xebR\x81K\xfd0\xe1"\x96-x\xa8}\xe5*Read09\xdd\xfes:k\x8c\x87A\x99\xdd;k\x8c\x87J:
webdav.stream_name$
"Test Series S01E01 - Episode 1.mp4z \x85  \x84
Ad\x87s)\xed{S\x80G\xb2\x89Y\xccOQ|u\xea7W!\xdc"\x96-x\xa8}\xe5*Read09\x97Y;k\x8c\x87Aר\xab;k\x8c\x87J:
webdav.stream_name$
"Test Series S01E01 - Episode 1.mp4z \x85  \x84
Ad\x87s)\xed{S\x80G\xb2\x89Y\xccO\xd4spF\xd1\xd1"\x96-x\xa8}\xe5*Read09̬;k\x8c\x87A1bH<k\x8c\x87J:
webdav.stream_name$
"Test Series S01E01 - Episode 1.mp4z \x85  \x84
Ad\x87s)\xed{S\x80G\xb2\x89Y\xccO\xb6\xaa\x9fM\xadM\xf6"\x96-x\xa8}\xe5*Read09\x8bOI<k\x8c\x87A\xb9\xc1\xe5<k\x8c\x87J:
webdav.stream_name$
"Test Series S01E01 - Episode 1.mp4z \x85  \x84
Ad\x87s)\xed{S\x80G\xb2\x89Y\xccO[\xd793\xf8I\xed"\x96-x\xa8}\xe5*Read09\xb5\xc8\xe6<k\x8c\x87A\xebK\x82=k\x8c\x87J:
webdav.stream_name$
"Test Series S01E01 - Episode 1.mp4z \x85  \x84
Ad\x87s)\xed{S\x80G\xb2\x89Y\xccO\x83_\xbf4H:\xa3'"\x96-x\xa8}\xe5*Read09\xf5A\x83=k\x8c\x87Ap\xf8>k\x8c\x87J:
webdav.stream_name$
"Test Series S01E01 - Episode 1.mp4z \x85  \x84
Ad\x87s)\xed{S\x80G\xb2\x89Y\xccO\x9e^tRg\xe8N\xc8"\x96-x\xa8}\xe5*Read09\x84 >k\x8c\x87Aj\xbd>k\x8c\x87J:
webdav.stream_name$
"Test Series S01E01 - Episode 1.mp4z \x85  \x84
Ad\x87s)\xed{S\x80G\xb2\x89Y\xccO\x998Q\xfey\xfe\xad"\x96-x\xa8}\xe5*Read09\xef\xbe>k\x8c\x87A\xa1\x9dY?k\x8c\x87J:
webdav.stream_name$
"Test Series S01E01 - Episode 1.mp4z \x85  \x84
Ad\x87s)\xed{S\x80G\xb2\x89Y\xccOļ0\xfb\xa4\xf1\xf5"\x96-x\xa8}\xe5*Read09~\xd4Z?k\x8c\x87A\xc6\xf7?k\x8c\x87J:
webdav.stream_name$
"Test Series S01E01 - Episode 1.mp4z \x85  \x84
Ad\x87s)\xed{S\x80G\xb2\x89Y\xccO	_\xd2\xf8q*"\x96-x\xa8}\xe5*Read099<\xf8?k\x8c\x87A	\xaf\x95@k\x8c\x87J:
webdav.stream_name$
"Test Series S01E01 - Episode 1.mp4z \x85  \x84
Ad\x87s)\xed{S\x80G\xb2\x89Y\xccO\xe5g\xb8!"\x96-x\xa8}\xe5*Read09\x97@k\x8c\x87A\x8c4Ak\x8c\x87J:
webdav.stream_name$
"Test Series S01E01 - Episode 1.mp4z \x85  \x84
Ad\x87s)\xed{S\x80G\xb2\x89Y\xccO\xc9\xd5|\xa5\xac>\xc8n"\x96-x\xa8}\xe5*Read09\xe8q5Ak\x8c\x87A\xf5\xd2Ak\x8c\x87J:
webdav.stream_name$
"Test Series S01E01 - Episode 1.mp4z \x85  \x84
Ad\x87s)\xed{S\x80G\xb2\x89Y\xccOֹ\xde|YF \xee"\x96-x\xa8}\xe5*Read09@\x8b\xd3Ak\x8c\x87A\xb4pBk\x8c\x87J:
webdav.stream_name$
"Test Series S01E01 - Episode 1.mp4z \x85  \x84
Ad\x87s)\xed{S\x80G\xb2\x89Y\xccOk\xaa\x91ma\xfc\xa5\xd1"\x96-x\xa8}\xe5*Read09\xb2qBk\x8c\x87A0Ck\x8c\x87J:
webdav.stream_name$
"Test Series S01E01 - Episode 1.mp4z \x85  \x84
Ad\x87s)\xed{S\x80G\xb2\x89Y\xccOG\x93\xce.\xa2\xd4"\x96-x\xa8}\xe5*Read09l\xcaCk\x8c\x87Aj\xbc\xaeCk\x8c\x87J:
webdav.stream_name$
"Test Series S01E01 - Episode 1.mp4z \x85  \x84
Ad\x87s)\xed{S\x80G\xb2\x89Y\xccOb\xd7ն\xa3\xe2d"\x96-x\xa8}\xe5*Read09\xf1ЯCk\x8c\x87A\xf3JMDk\x8c\x87J:
webdav.stream_name$
"Test Series S01E01 - Episode 1.mp4z \x85  \x84
Ad\x87s)\xed{S\x80G\xb2\x89Y\xccOg\xfc\x9a#\xe9\xa2"\x96-x\xa8}\xe5*Read09)mNDk\x8c\x87Aţ\xeaDk\x8c\x87J:
webdav.stream_name$
"Test Series S01E01 - Episode 1.mp4z \x85  \x84
Ad\x87s)\xed{S\x80G\xb2\x89Y\xccO\x96\x98\x8dxr\xef\xef\xa1"\x96-x\xa8}\xe5*Read09@\xa1\xebDk\x8c\x87A\xe9Y\x8aEk\x8c\x87J:
webdav.stream_name$
"Test Series S01E01 - Episode 1.mp4z \x85  \x84
Ad\x87s)\xed{S\x80G\xb2\x89Y\xccOr\xd6\xf8ÿ)\xe4\xff"\x96-x\xa8}\xe5*Read09}\xaf\x8bEk\x8c\x87A\xec\xa6(Fk\x8c\x87J:
webdav.stream_name$
"Test Series S01E01 - Episode 1.mp4z \x85  \x84
Ad\x87s)\xed{S\x80G\xb2\x89Y\xccO\x887\xa8\x81\xd7\xd6\xc8"\x96-x\xa8}\xe5*Read09o\xe1)Fk\x8c\x87Ah\xc8Fk\x8c\x87J:
webdav.stream_name$
"Test Series S01E01 - Episode 1.mp4z \x85  \x84
Ad\x87s)\xed{S\x80G\xb2\x89Y\xccO93\xa9\x97\xb8Q"\x96-x\xa8}\xe5*Read09^\x97\xc9Fk\x8c\x87AA\xacfGk\x8c\x87J:
webdav.stream_name$
"Test Series S01E01 - Episode 1.mp4z \x85  \x84
Ad\x87s)\xed{S\x80G\xb2\x89Y\xccOI\xb6\x95.\xc0T"\x96-x\xa8}\xe5*Read09r\xb8gGk\x8c\x87AR\xd4Hk\x8c\x87J:
webdav.stream_name$
"Test Series S01E01 - Episode 1.mp4z \x85  \x84
Ad\x87s)\xed{S\x80G\xb2\x89Y\xccO\xbdJB\xd7\xe7"\x96-x\xa8}\xe5*Read09\xe9Hk\x8c\x87A\x87\x9c\xa2Hk\x8c\x87J:
webdav.stream_name$
"Test Series S01E01 - Episode 1.mp4z \x85  \x84
Ad\x87s)\xed{S\x80G\xb2\x89Y\xccO}\xba=0X\xd6"\x96-x\xa8}\xe5*Read09^\xb5\xa3Hk\x8c\x87A\x8dq@Ik\x8c\x87J:
webdav.stream_name$
"Test Series S01E01 - Episode 1.mp4z \x85  \x84
Ad\x87s)\xed{S\x80G\xb2\x89Y\xccO\xff\xa0\xe1R̯\xec"\x96-x\xa8}\xe5*Read09\x93\xb7AIk\x8c\x87AV\x99\xdeIk\x8c\x87J:
webdav.stream_name$
"Test Series S01E01 - Episode 1.mp4z \x85  \x84
Ad\x87s)\xed{S\x80G\xb2\x89Y\xccO\xaa\xe8\xfb\xbf@\xe3\xdc"\x96-x\xa8}\xe5*Read09e\xbb\xdfIk\x8c\x87AV\xb9|Jk\x8c\x87J:
webdav.stream_name$
"Test Series S01E01 - Episode 1.mp4z \x85  \x84
Ad\x87s)\xed{S\x80G\xb2\x89Y\xccO\xd3~v3:d\xfdK"\x96-x\xa8}\xe5*Read09\x8c7~Jk\x8c\x87AڔKk\x8c\x87J:
webdav.stream_name$
"Test Series S01E01 - Episode 1.mp4z \x85  \x84
Ad\x87s)\xed{S\x80G\xb2\x89Y\xccO\xd9\xd3\xf3f6T1"\x96-x\xa8}\xe5*Read09\xa2Kk\x8c\x87A\xeb\xb7Kk\x8c\x87J:
webdav.stream_name$
"Test Series S01E01 - Episode 1.mp4z \x85  \x84
Ad\x87s)\xed{S\x80G\xb2\x89Y\xccO\x9c㬧\xc8\xd4(\xf4"\x96-x\xa8}\xe5*Read09\xa0R\xb8Kk\x8c\x87A\xe9WLk\x8c\x87J:
webdav.stream_name$
"Test Series S01E01 - Episode 1.mp4z \x85  \x84
Ad\x87s)\xed{S\x80G\xb2\x89Y\xccOjbd\xf0	\xb2"\x96-x\xa8}\xe5*Read09XLk\x8c\x87A\xc2\xf3Lk\x8c\x87J:
webdav.stream_name$
"Test Series S01E01 - Episode 1.mp4z \x85  \x84
Ad\x87s)\xed{S\x80G\xb2\x89Y\xccO\x97\x8b\xbaɸ\x82l\xf5"\x96-x\xa8}\xe5*Read099\xd4\xf4Lk\x8c\x87A\xbdb\x91Mk\x8c\x87J:
webdav.stream_name$
"Test Series S01E01 - Episode 1.mp4z \x85  \x84
Ad\x87s)\xed{S\x80G\xb2\x89Y\xccO\xbe\xaa\x90\xa6\xdf(Z"\x96-x\xa8}\xe5*Read09\xf3h\x92Mk\x8c\x87A_X.Nk\x8c\x87J:
webdav.stream_name$
"Test Series S01E01 - Episode 1.mp4z \x85  \x84
Ad\x87s)\xed{S\x80G\xb2\x89Y\xccO\xf9\xb2g\xba}ly\xbd"\x96-x\xa8}\xe5*Read09\xf9/Nk\x8c\x87A\x92\xccNk\x8c\x87J:
webdav.stream_name$
"Test Series S01E01 - Episode 1.mp4z \x85  \x84
Ad\x87s)\xed{S\x80G\xb2\x89Y\xccO\xf4\x9d\xd4\xe5S\xb6\x84\xd6"\x96-x\xa8}\xe5*Read09)\xbe\xcdNk\x8c\x87ACjOk\x8c\x87J:
webdav.stream_name$
"Test Series S01E01 - Episode 1.mp4z \x85  \x84
Ad\x87s)\xed{S\x80G\xb2\x89Y\xccOF\xbb\xa7\xc5a$"\x96-x\xa8}\xe5*Read09\x99[kOk\x8c\x87A\xb7Pk\x8c\x87J:
webdav.stream_name$
"Test Series S01E01 - Episode 1.mp4z \x85  \x84
Ad\x87s)\xed{S\x80G\xb2\x89Y\xccO`ׄ\xec\xe9\x97"\x96-x\xa8}\xe5*Read09s\xb4Pk\x8c\x87A0\xf1\xa4Pk\x8c\x87J:
webdav.stream_name$
"Test Series S01E01 - Episode 1.mp4z \x85  \x84
Ad\x87s)\xed{S\x80G\xb2\x89Y\xccOYF0\ج\xbf"\x96-x\xa8}\xe5*Read09\x8e\xf6\xa5Pk\x8c\x87A'\xe9BQk\x8c\x87J:
webdav.stream_name$
"Test Series S01E01 - Episode 1.mp4z \x85  \x84
Ad\x87s)\xed{S\x80G\xb2\x89Y\xccO*\xb5oa~\xa3k$"\x96-x\xa8}\xe5*Read09\xea\xfeCQk\x8c\x87Aϟ\xe0Qk\x8c\x87J:
webdav.stream_name$
"Test Series S01E01 - Episode 1.mp4z \x85  \x84
Ad\x87s)\xed{S\x80G\xb2\x89Y\xccO\xb8B\xca9\x96\xff\xaa\xd5"\x96-x\xa8}\xe5*Read09F\xa3\xe1Qk\x8c\x87A\xcb\xe3Rk\x8c\x87J:
webdav.stream_name$
"Test Series S01E01 - Episode 1.mp4z \x85  \x84
Ad\x87s)\xed{S\x80G\xb2\x89Y\xccO\xf6\xc5Q67:#o"\x96-x\xa8}\xe5*Read09 \xe7\x80Rk\x8c\x87A\xa97Sk\x8c\x87J:
webdav.stream_name$
"Test Series S01E01 - Episode 1.mp4z \x85  \x84
Ad\x87s)\xed{S\x80G\xb2\x89Y\xccOo\xdc\xe2V)\xf0W\x8f"\x96-x\xa8}\xe5*Read09\xb3\xefSk\x8c\x87A\x9f\x8f\xbaSk\x8c\x87J:
webdav.stream_name$
"Test Series S01E01 - Episode 1.mp4z \x85  \x84
Ad\x87s)\xed{S\x80G\xb2\x89Y\xccO\xcd\xc2\xed\x9b\xc0\xe6?\xfd"\x96-x\xa8}\xe5*Read09{\xba\xbbSk\x8c\x87A;\x99YTk\x8c\x87J:
webdav.stream_name$
"Test Series S01E01 - Episode 1.mp4z \x85  \x84
Ad\x87s)\xed{S\x80G\xb2\x89Y\xccOЂ\x97\xb4˲\xc1"\x96-x\xa8}\xe5*Read09([Tk\x8c\x87A\x8d\xb5\xf7Tk\x8c\x87J:
webdav.stream_name$
"Test Series S01E01 - Episode 1.mp4z \x85  \x84
Ad\x87s)\xed{S\x80G\xb2\x89Y\xccOʎ\xa8؟\xcb\xc0\x97"\x96-x\xa8}\xe5*Read09\xb9\xda\xf8Tk\x8c\x87A\xe0y\x95Uk\x8c\x87J:
webdav.stream_name$
"Test Series S01E01 - Episode 1.mp4z \x85  \x84
Ad\x87s)\xed{S\x80G\xb2\x89Y\xccO\xa0\x8d\x8e\x85\xceߢB"\x96-x\xa8}\xe5*Read09N\xaa\x96Uk\x8c\x87A\x954Vk\x8c\x87J:
webdav.stream_name$
"Test Series S01E01 - Episode 1.mp4z \x85  \x84
Ad\x87s)\xed{S\x80G\xb2\x89Y\xccO\xab\xa8\xef3S\xd8\xc7\xc2"\x96-x\xa8}\xe5*Read0975Vk\x8c\x87A\x84\x8b\xd2Vk\x8c\x87J:
webdav.stream_name$
"Test Series S01E01 - Episode 1.mp4z \x85  \x84
Ad\x87s)\xed{S\x80G\xb2\x89Y\xccO
\xa2<5%\xba""\x96-x\xa8}\xe5*Read09\xac\xbb\xd3Vk\x8c\x87A_\xd4pWk\x8c\x87J:
webdav.stream_name$
"Test Series S01E01 - Episode 1.mp4z \x85  \x84
Ad\x87s)\xed{S\x80G\xb2\x89Y\xccOɛ7[%\x87"\x96-x\xa8}\xe5*Read09N\xecqWk\x8c\x87A\xb2Xk\x8c\x87J:
webdav.stream_name$
"Test Series S01E01 - Episode 1.mp4z \x85  \x84
Ad\x87s)\xed{S\x80G\xb2\x89Y\xccO\xff\xd3\xcc\xce?\xa5n\xdf"\x96-x\xa8}\xe5*Read09\xa1Xk\x8c\x87A\x80\x89\xb0Xk\x8c\x87J:
webdav.stream_name$
"Test Series S01E01 - Episode 1.mp4z \x85  \x84
Ad\x87s)\xed{S\x80G\xb2\x89Y\xccO\xfd\xc0\xd7\x92>\xe0"\x96-x\xa8}\xe5*Read098\xb3\xb1Xk\x8c\x87AE=PYk\x8c\x87J:
webdav.stream_name$
"Test Series S01E01 - Episode 1.mp4z \x85  \x84
Ad\x87s)\xed{S\x80G\xb2\x89Y\xccO~\xf0\x9f\xa7v2"\x96-x\xa8}\xe5*Read099.RYk\x8c\x87AK\x98\xefYk\x8c\x87J:
webdav.stream_name$
"Test Series S01E01 - Episode 1.mp4z \x85  \x84
Ad\x87s)\xed{S\x80G\xb2\x89Y\xccO=\xec+V-\xab\xc2M"\x96-x\xa8}\xe5*Read09\xf1Yk\x8c\x87A[\x94\x90Zk\x8c\x87J:
webdav.stream_name$
"Test Series S01E01 - Episode 1.mp4z \x85  \x84
Ad\x87s)\xed{S\x80G\xb2\x89Y\xccO\xfb.Z̨V\xd0`"\x96-x\xa8}\xe5*Read09\xbf>\x92Zk\x8c\x87A{2[k\x8c\x87J:
webdav.stream_name$
"Test Series S01E01 - Episode 1.mp4z \x85  \x84
Ad\x87s)\xed{S\x80G\xb2\x89Y\xccO\xd0\xdc\xc0o\xd6\xe7\xaa\xfc"\x96-x\xa8}\xe5*Read09F\xc63[k\x8c\x87A\xc9a\xd4[k\x8c\x87J:
webdav.stream_name$
"Test Series S01E01 - Episode 1.mp4z \x85  \x84
Ad\x87s)\xed{S\x80G\xb2\x89Y\xccO\xa0|g\x8c\xd4 "\x96-x\xa8}\xe5*Read09)n\xd5[k\x8c\x87A\xa8pr\k\x8c\x87J:
webdav.stream_name$
"Test Series S01E01 - Episode 1.mp4z \x85  \x84
Ad\x87s)\xed{S\x80G\xb2\x89Y\xccO$ƨ\x8d\xb4ʓ\xc7"\x96-x\xa8}\xe5*Read093t\k\x8c\x87A\xc25]k\x8c\x87J:
webdav.stream_name$
"Test Series S01E01 - Episode 1.mp4z \x85  \x84
Ad\x87s)\xed{S\x80G\xb2\x89Y\xccO\xec}L"\x80j\xe6"\x96-x\xa8}\xe5*Read09\xa6v]k\x8c\x87A\xe1\xae]k\x8c\x87J:
webdav.stream_name$
"Test Series S01E01 - Episode 1.mp4z \x85  \x84
Ad\x87s)\xed{S\x80G\xb2\x89Y\xccO\x89	2\xb6\xdb\xc4ZW"\x96-x\xa8}\xe5*Read09\xfc:\xaf]k\x8c\x87A\xafK^k\x8c\x87J:
webdav.stream_name$
"Test Series S01E01 - Episode 1.mp4z \x85  \x84
Ad\x87s)\xed{S\x80G\xb2\x89Y\xccOb\xee\xd8\xf7e\xee\xad\xf2"\x96-x\xa8}\xe5*Read09\x9cHM^k\x8c\x87A.0\xe9^k\x8c\x87J:
webdav.stream_name$
"Test Series S01E01 - Episode 1.mp4z \x85  \x84
Ad\x87s)\xed{S\x80G\xb2\x89Y\xccO0\x84\xc1\xe8H\x99d"\x96-x\xa8}\xe5*Read09\xb0J\xea^k\x8c\x87A\xa9\x8c_k\x8c\x87J:
webdav.stream_name$
"Test Series S01E01 - Episode 1.mp4z \x85  \x84
Ad\x87s)\xed{S\x80G\xb2\x89Y\xccO}t\xfc\x8b\xd4; "\x96-x\xa8}\xe5*Read09	\xf6\x8d_k\x8c\x87A\xc4s,`k\x8c\x87J:
webdav.stream_name$
"Test Series S01E01 - Episode 1.mp4z \x85  \x84
Ad\x87s)\xed{S\x80G\xb2\x89Y\xccO\x8f\xa6\xebf \x90"\x96-x\xa8}\xe5*Read09\x99-`k\x8c\x87A\xb9\xca`k\x8c\x87J:
webdav.stream_name$
"Test Series S01E01 - Episode 1.mp4z \x85  \x84
Ad\x87s)\xed{S\x80G\xb2\x89Y\xccO\xfa\x80\xa2\x9c\\x96\xd3#"\x96-x\xa8}\xe5*Read09\x82\xda\xcb`k\x8c\x87A\xb3\xdfjak\x8c\x87J:
webdav.stream_name$
"Test Series S01E01 - Episode 1.mp4z \x85  \x84
Ad\x87s)\xed{S\x80G\xb2\x89Y\xccON\x88\xce:Z\xae\xd3"\x96-x\xa8}\xe5*Read09\xbb~lak\x8c\x87A϶
bk\x8c\x87J:
webdav.stream_name$
"Test Series S01E01 - Episode 1.mp4z \x85  \x84
Ad\x87s)\xed{S\x80G\xb2\x89Y\xccO\x86_\x87\xbbd~\xd9"\x96-x\xa8}\xe5*Read09\xe8bk\x8c\x87A\xfa\x99\xa8bk\x8c\x87J:
webdav.stream_name$
"Test Series S01E01 - Episode 1.mp4z \x85  \x84
Ad\x87s)\xed{S\x80G\xb2\x89Y\xccO\xa6ҿdM\x8fG\xf1"\x96-x\xa8}\xe5*Read09T\xaabk\x8c\x87AaoHck\x8c\x87J:
webdav.stream_name$
"Test Series S01E01 - Episode 1.mp4z \x85  \x84
Ad\x87s)\xed{S\x80G\xb2\x89Y\xccOҳsh\xd7ړI"\x96-x\xa8}\xe5*Read094\xa3Ick\x8c\x87AI\x91\xe7ck\x8c\x87J:
webdav.stream_name$
"Test Series S01E01 - Episode 1.mp4z \x85  \x84
Ad\x87s)\xed{S\x80G\xb2\x89Y\xccO\x8dG.]:"\x96-x\xa8}\xe5*Read09U\x98\xe8ck\x8c\x87A\xd0
\x89dk\x8c\x87J:
webdav.stream_name$
"Test Series S01E01 - Episode 1.mp4z \x85  \x84
Ad\x87s)\xed{S\x80G\xb2\x89Y\xccO\xaft\xda\xd1ء\xee"\x96-x\xa8}\xe5*Read0950\x8adk\x8c\x87A\xda&ek\x8c\x87J:
webdav.stream_name$
"Test Series S01E01 - Episode 1.mp4z \x85  \x84
Ad\x87s)\xed{S\x80G\xb2\x89Y\xccO\xa6\xb4\xeb\x86@\xf6W"\x96-x\xa8}\xe5*Read09u")ek\x8c\x87A֮\xc5ek\x8c\x87J:
webdav.stream_name$
"Test Series S01E01 - Episode 1.mp4z \x85  \x84
Ad\x87s)\xed{S\x80G\xb2\x89Y\xccONP\xf3!H/-"\x96-x\xa8}\xe5*Read09\x90=\xc7ek\x8c\x87A\xf2dfk\x8c\x87J:
webdav.stream_name$
"Test Series S01E01 - Episode 1.mp4z \x85  \x84
Ad\x87s)\xed{S\x80G\xb2\x89Y\xccO\xf9\xbf\xce\xed\xb4\xea"\x96-x\xa8}\xe5*Read09\x99\xfdefk\x8c\x87A\xa2\xc3gk\x8c\x87J:
webdav.stream_name$
"Test Series S01E01 - Episode 1.mp4z \x85  \x84
Ad\x87s)\xed{S\x80G\xb2\x89Y\xccOWT\xe1\xb7s"\x96-x\xa8}\xe5*Read09\xf1\x8agk\x8c\x87A-\xa2gk\x8c\x87J:
webdav.stream_name$
"Test Series S01E01 - Episode 1.mp4z \x85  \x84
Ad\x87s)\xed{S\x80G\xb2\x89Y\xccO}
\xdb\xe0\xf3d\xc2"\x96-x\xa8}\xe5*Read09\xd1<\xa3gk\x8c\x87A\xddAhk\x8c\x87J:
webdav.stream_name$
"Test Series S01E01 - Episode 1.mp4z \x85  \x84
Ad\x87s)\xed{S\x80G\xb2\x89Y\xccO\xac\xa5\xabā\xc3	"\x96-x\xa8}\xe5*Read09\x9a\x85Bhk\x8c\x87A\xac\x87\xe0hk\x8c\x87J:
webdav.stream_name$
"Test Series S01E01 - Episode 1.mp4z \x85  \x84
Ad\x87s)\xed{S\x80G\xb2\x89Y\xccO~u\x8f\x86L\xd5"\x96-x\xa8}\xe5*Read09\xe0\x99\xe1hk\x8c\x87A\xbc\xbd~ik\x8c\x87J:
webdav.stream_name$
"Test Series S01E01 - Episode 1.mp4z \x85  \x84
Ad\x87s)\xed{S\x80G\xb2\x89Y\xccOs\xf0\xf8\x91\xfb\xd5\xee"\x96-x\xa8}\xe5*Read09\xde\xe4ik\x8c\x87A\xd6\xd8jk\x8c\x87J:
webdav.stream_name$
"Test Series S01E01 - Episode 1.mp4z \x85  \x84
Ad\x87s)\xed{S\x80G\xb2\x89Y\xccO*\x8bOҹ\x96\xf91"\x96-x\xa8}\xe5*Read09\xce\xe3jk\x8c\x87A']\xbcjk\x8c\x87J:
webdav.stream_name$
"Test Series S01E01 - Episode 1.mp4z \x85  \x84
Ad\x87s)\xed{S\x80G\xb2\x89Y\xccO\xf5\x8dO-\xb9\xf1\xc9\xc1"\x96-x\xa8}\xe5*Read09mZ\xbdjk\x8c\x87A\x80fYkk\x8c\x87J:
webdav.stream_name$
"Test Series S01E01 - Episode 1.mp4z \x85  \x84
Ad\x87s)\xed{S\x80G\xb2\x89Y\xccO<d\xe4ю\xb0"\x96-x\xa8}\xe5*Read09sHZkk\x8c\x87A\xb2\xf8kk\x8c\x87J:
webdav.stream_name$
"Test Series S01E01 - Episode 1.mp4z \x85  \x84
Ad\x87s)\xed{S\x80G\xb2\x89Y\xccO2M\xae<\xba\x86"\x96-x\xa8}\xe5*Read09G\xb1\xf9kk\x8c\x87A\x95lk\x8c\x87J:
webdav.stream_name$
"Test Series S01E01 - Episode 1.mp4z \x85  \x84
Ad\x87s)\xed{S\x80G\xb2\x89Y\xccO\xe34TH"\x96-x\xa8}\xe5*Read09-\x96lk\x8c\x87A[F3mk\x8c\x87J:
webdav.stream_name$
"Test Series S01E01 - Episode 1.mp4z \x85  \x84
Ad\x87s)\xed{S\x80G\xb2\x89Y\xccOxޫ\xef{j\xfb`"\x96-x\xa8}\xe5*Read09\xe0\x8c4mk\x8c\x87A\xa6Z\xd1mk\x8c\x87J:
webdav.stream_name$
"Test Series S01E01 - Episode 1.mp4z \x85  \x84
Ad\x87s)\xed{S\x80G\xb2\x89Y\xccO\xc0ӂ\xbeR\xbf\xac\xbb"\x96-x\xa8}\xe5*Read09\xb0\xd1\xd2mk\x8c\x87A&|onk\x8c\x87J:
webdav.stream_name$
"Test Series S01E01 - Episode 1.mp4z \x85  \x84
Ad\x87s)\xed{S\x80G\xb2\x89Y\xccO\xd1\xd9|K\xd1ʎ"\x96-x\xa8}\xe5*Read09D\x8fpnk\x8c\x87A\xc2ok\x8c\x87J:
webdav.stream_name$
"Test Series S01E01 - Episode 1.mp4z \x85  \x84
Ad\x87s)\xed{S\x80G\xb2\x89Y\xccO\xc5x'4\xdcZ|"\x96-x\xa8}\xe5*Read09\xff\xe1ok\x8c\x87A\x91\x95\xacok\x8c\x87J:
webdav.stream_name$
"Test Series S01E01 - Episode 1.mp4z \x85  \x84
Ad\x87s)\xed{S\x80G\xb2\x89Y\xccO\xc0\xfa\xb2n\xb8\x879\xd6"\x96-x\xa8}\xe5*Read09\xa5\x9e\xadok\x8c\x87A\xb3Jpk\x8c\x87J:
webdav.stream_name$
"Test Series S01E01 - Episode 1.mp4z \x85  \x84
Ad\x87s)\xed{S\x80G\xb2\x89Y\xccO\xc4"
|?"\x96-x\xa8}\xe5*Read09\x83\x91Kpk\x8c\x87A\x8bL\xe8pk\x8c\x87J:
webdav.stream_name$
"Test Series S01E01 - Episode 1.mp4z \x85  \x84
Ad\x87s)\xed{S\x80G\xb2\x89Y\xccO\xbd:\xb6ڗ\x99	\xc2"\x96-x\xa8}\xe5*Read09\xbeJ\xe9pk\x8c\x87A30\x87qk\x8c\x87J:
webdav.stream_name$
"Test Series S01E01 - Episode 1.mp4z \x85  \x84
Ad\x87s)\xed{S\x80G\xb2\x89Y\xccO\xa4\x9f\xc7ZD\xdc\xdfn"\x96-x\xa8}\xe5*Read099,\x88qk\x8c\x87A\xb2&rk\x8c\x87J:
webdav.stream_name$
"Test Series S01E01 - Episode 1.mp4z \x85  \x84
Ad\x87s)\xed{S\x80G\xb2\x89Y\xccO\x83?!˦\xb8"\x96-x\xa8}\xe5*Read09\xe4'rk\x8c\x87Aʬ\xc7rk\x8c\x87J:
webdav.stream_name$
"Test Series S01E01 - Episode 1.mp4z \x85  \x84
Ad\x87s)\xed{S\x80G\xb2\x89Y\xccO|\xaf\x85v-=\xb0"\x96-x\xa8}\xe5*Read09\xf6\xda\xc8rk\x8c\x87A\xf7dsk\x8c\x87J:
webdav.stream_name$
"Test Series S01E01 - Episode 1.mp4z \x85  \x84
Ad\x87s)\xed{S\x80G\xb2\x89Y\xccOtXj\xc9nR"\x96-x\xa8}\xe5*Read09Nesk\x8c\x87A\xe9tk\x8c\x87J:
webdav.stream_name$
"Test Series S01E01 - Episode 1.mp4z \x85  \x84
Ad\x87s)\xed{S\x80G\xb2\x89Y\xccO\xeaPء\xa9i\xef"\x96-x\xa8}\xe5*Read09\xe2\xdftk\x8c\x87A0\x95\xa0tk\x8c\x87J:
webdav.stream_name$
"Test Series S01E01 - Episode 1.mp4z \x85  
Batch 7:

\xc8e


service.name
xteve\xaae

webdav\x84
Ad\x87s)\xed{S\x80G\xb2\x89Y\xccO\x8f|\x88,\xf8*&"\x96-x\xa8}\xe5*Read09\xa8\x8f\xa1tk\x8c\x87A\xe1>uk\x8c\x87J:
webdav.stream_name$
"Test Series S01E01 - Episode 1.mp4z \x85  \x84
Ad\x87s)\xed{S\x80G\xb2\x89Y\xccO\x80ݣ\xd8\xc7J\xae "\x96-x\xa8}\xe5*Read09P\xfb?uk\x8c\x87A/\x91\xdcuk\x8c\x87J:
webdav.stream_name$
"Test Series S01E01 - Episode 1.mp4z \x85  \x84
Ad\x87s)\xed{S\x80G\xb2\x89Y\xccOXl1\x8bd\xecA\x8d"\x96-x\xa8}\xe5*Read09\xa0\xbe\xdeuk\x8c\x87A\xecIyvk\x8c\x87J:
webdav.stream_name$
"Test Series S01E01 - Episode 1.mp4z \x85  \x84
Ad\x87s)\xed{S\x80G\xb2\x89Y\xccO\xb4/\xb5Y\xf3yV"\x96-x\xa8}\xe5*Read09\xe6/zvk\x8c\x87Aȇwk\x8c\x87J:
webdav.stream_name$
"Test Series S01E01 - Episode 1.mp4z \x85  \x84
Ad\x87s)\xed{S\x80G\xb2\x89Y\xccO>,j\xed\x8b,\xbeG"\x96-x\xa8}\xe5*Read09Ӥwk\x8c\x87A\xaeR\xb4wk\x8c\x87J:
webdav.stream_name$
"Test Series S01E01 - Episode 1.mp4z \x85  \x84
Ad\x87s)\xed{S\x80G\xb2\x89Y\xccO\xc92\xd9r\xdf|5\xf5"\x96-x\xa8}\xe5*Read09ZD\xb5wk\x8c\x87A*Rxk\x8c\x87J:
webdav.stream_name$
"Test Series S01E01 - Episode 1.mp4z \x85  \x84
Ad\x87s)\xed{S\x80G\xb2\x89Y\xccO\xfa:8
\xb0\xfd"\x96-x\xa8}\xe5*Read09SHSxk\x8c\x87A\xf8D\xf0xk\x8c\x87J:
webdav.stream_name$
"Test Series S01E01 - Episode 1.mp4z \x85  \x84
Ad\x87s)\xed{S\x80G\xb2\x89Y\xccO\x87\xf2L4\x98\xe1\xe5\x9e"\x96-x\xa8}\xe5*Read09\xecI\xf1xk\x8c\x87A\xb1N\x90yk\x8c\x87J:
webdav.stream_name$
"Test Series S01E01 - Episode 1.mp4z \x85  \x84
Ad\x87s)\xed{S\x80G\xb2\x89Y\xccOX\xcc \xb7\x9a7C"\x96-x\xa8}\xe5*Read09x\x91yk\x8c\x87A\xe50zk\x8c\x87J:
webdav.stream_name$
"Test Series S01E01 - Episode 1.mp4z \x85  \x84
Ad\x87s)\xed{S\x80G\xb2\x89Y\xccO\x86\xc6D\xe6m3/"\x96-x\xa8}\xe5*Read091zk\x8c\x87A\xc8k\xcezk\x8c\x87J:
webdav.stream_name$
"Test Series S01E01 - Episode 1.mp4z \x85  \x84
Ad\x87s)\xed{S\x80G\xb2\x89Y\xccOf\xda4ܬ\x9a"\x96-x\xa8}\xe5*Read09P\xa4\xcfzk\x8c\x87Aԡl{k\x8c\x87J:
webdav.stream_name$
"Test Series S01E01 - Episode 1.mp4z \x85  \x84
Ad\x87s)\xed{S\x80G\xb2\x89Y\xccOf s\xceդ\xb7"\x96-x\xa8}\xe5*Read09\xf9\xacm{k\x8c\x87A\xf7|k\x8c\x87J:
webdav.stream_name$
"Test Series S01E01 - Episode 1.mp4z \x85  \x84
Ad\x87s)\xed{S\x80G\xb2\x89Y\xccO\xf6lټ=\xcdm"\x96-x\xa8}\xe5*Read09\xd6U|k\x8c\x87A6\xa8|k\x8c\x87J:
webdav.stream_name$
"Test Series S01E01 - Episode 1.mp4z \x85  \x84
Ad\x87s)\xed{S\x80G\xb2\x89Y\xccOw)H\x89\xf1\xa7\xbb"\x96-x\xa8}\xe5*Read09kͩ|k\x8c\x87A<F}k\x8c\x87J:
webdav.stream_name$
"Test Series S01E01 - Episode 1.mp4z \x85  \x84
Ad\x87s)\xed{S\x80G\xb2\x89Y\xccO\xfd#%\xc7g\xb2\xb7"\x96-x\xa8}\xe5*Read09KG}k\x8c\x87A\xa6\x90\xe3}k\x8c\x87J:
webdav.stream_name$
"Test Series S01E01 - Episode 1.mp4z \x85  \x84
Ad\x87s)\xed{S\x80G\xb2\x89Y\xccO\xbe\x80\x83\xb7\xe2T3p"\x96-x\xa8}\xe5*Read09-\x87\xe4}k\x8c\x87A7@\x81~k\x8c\x87J:
webdav.stream_name$
"Test Series S01E01 - Episode 1.mp4z \x85  \x84
Ad\x87s)\xed{S\x80G\xb2\x89Y\xccO\xaeA\xf4\xefH2\xbe\xbe"\x96-x\xa8}\xe5*Read09\xb0т~k\x8c\x87A\xea"k\x8c\x87J:
webdav.stream_name$
"Test Series S01E01 - Episode 1.mp4z \x85  \x84
Ad\x87s)\xed{S\x80G\xb2\x89Y\xccOG\xb8\xc8_x\xc4u"\x96-x\xa8}\xe5*Read09\xbb*#k\x8c\x87A\xe8\xfa\xc0k\x8c\x87J:
webdav.stream_name$
"Test Series S01E01 - Episode 1.mp4z \x85  \x84
Ad\x87s)\xed{S\x80G\xb2\x89Y\xccO\xe9\x93
\x81අb"\x96-x\xa8}\xe5*Read09MA\xc2k\x8c\x87A`\x9b^\x80k\x8c\x87J:
webdav.stream_name$
"Test Series S01E01 - Episode 1.mp4z \x85  \x84
Ad\x87s)\xed{S\x80G\xb2\x89Y\xccO\x84\xef\xeb\xafS\xd5"\x96-x\xa8}\xe5*Read09\\xb5_\x80k\x8c\x87AX\x81\xfd\x80k\x8c\x87J:
webdav.stream_name$
"Test Series S01E01 - Episode 1.mp4z \x85  \x84
Ad\x87s)\xed{S\x80G\xb2\x89Y\xccO\xa6RQh\xd5C\x98"\x96-x\xa8}\xe5*Read09\xa5\xab\xfe\x80k\x8c\x87A W\x9b\x81k\x8c\x87J:
webdav.stream_name$
"Test Series S01E01 - Episode 1.mp4z \x85  \x84
Ad\x87s)\xed{S\x80G\xb2\x89Y\xccO\xee\x9d\xf3ث\x95k\xec"\x96-x\xa8}\xe5*Read09+\x81k\x8c\x87A\x9d\xcc9\x82k\x8c\x87J:
webdav.stream_name$
"Test Series S01E01 - Episode 1.mp4z \x85  \x84
Ad\x87s)\xed{S\x80G\xb2\x89Y\xccOF\xe0\xb0-xƎ\x8c"\x96-x\xa8}\xe5*Read09	\x9f;\x82k\x8c\x87AH\xacׂk\x8c\x87J:
webdav.stream_name$
"Test Series S01E01 - Episode 1.mp4z \x85  \x84
Ad\x87s)\xed{S\x80G\xb2\x89Y\xccOѓ\x92C\xf0\xaa\xde+"\x96-x\xa8}\xe5*Read09m\x99؂k\x8c\x87A\x8e\xaat\x83k\x8c\x87J:
webdav.stream_name$
"Test Series S01E01 - Episode 1.mp4z \x85  \x84
Ad\x87s)\xed{S\x80G\xb2\x89Y\xccO\xe4\xd9\xd3SK\xb7\xc8"\x96-x\xa8}\xe5*Read09\x81:v\x83k\x8c\x87A}\xb7\x84k\x8c\x87J:
webdav.stream_name$
"Test Series S01E01 - Episode 1.mp4z \x85  \x84
Ad\x87s)\xed{S\x80G\xb2\x89Y\xccO&|\xd8\xce\xd6#\xa4"\x96-x\xa8}\xe5*Read09\xfb\xba\x84k\x8c\x87Ah[\xb0\x84k\x8c\x87J:
webdav.stream_name$
"Test Series S01E01 - Episode 1.mp4z \x85  \x84
Ad\x87s)\xed{S\x80G\xb2\x89Y\xccO \xc29P\xb2\xc5'"\x96-x\xa8}\xe5*Read09*v\xb1\x84k\x8c\x87A\xaaGN\x85k\x8c\x87J:
webdav.stream_name$
"Test Series S01E01 - Episode 1.mp4z \x85  \x84
Ad\x87s)\xed{S\x80G\xb2\x89Y\xccOA\xfb\xad\xb4\x92 "\x96-x\xa8}\xe5*Read09Y"P\x85k\x8c\x87A[\x95\xeb\x85k\x8c\x87J:
webdav.stream_name$
"Test Series S01E01 - Episode 1.mp4z \x85  \x84
Ad\x87s)\xed{S\x80G\xb2\x89Y\xccOg\xa2x\xa0m\x8d\xed\xb2"\x96-x\xa8}\xe5*Read09\xdd\xc5\xec\x85k\x8c\x87A\xea\x8b\x86k\x8c\x87J:
webdav.stream_name$
"Test Series S01E01 - Episode 1.mp4z \x85  \x84
Ad\x87s)\xed{S\x80G\xb2\x89Y\xccOM\xc9~\xc5\xfd\x95\xbc"\x96-x\xa8}\xe5*Read09\x97-\x8c\x86k\x8c\x87A\xfd/)\x87k\x8c\x87J:
webdav.stream_name$
"Test Series S01E01 - Episode 1.mp4z \x85  \x84
Ad\x87s)\xed{S\x80G\xb2\x89Y\xccO\x8dD\xa0uF{\xd6"\x96-x\xa8}\xe5*Read09\xf6+\x87k\x8c\x87A\x87AǇk\x8c\x87J:
webdav.stream_name$
"Test Series S01E01 - Episode 1.mp4z \x85  \x84
Ad\x87s)\xed{S\x80G\xb2\x89Y\xccO\xb2ג,W\xb3q"\x96-x\xa8}\xe5*Read09p\x81ȇk\x8c\x87A^+d\x88k\x8c\x87J:
webdav.stream_name$
"Test Series S01E01 - Episode 1.mp4z \x85  \x84
Ad\x87s)\xed{S\x80G\xb2\x89Y\xccO#GwC\x87\xfa\xbb"\x96-x\xa8}\xe5*Read09He\x88k\x8c\x87ABQ\x89k\x8c\x87J:
webdav.stream_name$
"Test Series S01E01 - Episode 1.mp4z \x85  \x84
Ad\x87s)\xed{S\x80G\xb2\x89Y\xccOF.,\xed~\xadaR"\x96-x\xa8}\xe5*Read09\x85^\x89k\x8c\x87A\xb0@\x9f\x89k\x8c\x87J:
webdav.stream_name$
"Test Series S01E01 - Episode 1.mp4z \x85  \x84
Ad\x87s)\xed{S\x80G\xb2\x89Y\xccO\xae\xbfƦpI"\x96-x\xa8}\xe5*Read09mc\xa0\x89k\x8c\x87A\xf8'=\x8ak\x8c\x87J:
webdav.stream_name$
"Test Series S01E01 - Episode 1.mp4z \x85  \x84
Ad\x87s)\xed{S\x80G\xb2\x89Y\xccO\xf9\x89oz\xfa͕\xb2"\x96-x\xa8}\xe5*Read09HE>\x8ak\x8c\x87A)Oۊk\x8c\x87J:
webdav.stream_name$
"Test Series S01E01 - Episode 1.mp4z \x85  \x84
Ad\x87s)\xed{S\x80G\xb2\x89Y\xccOI\\xc3X{\xbe"\x96-x\xa8}\xe5*Read09S܊k\x8c\x87A\xcbz\x8bk\x8c\x87J:
webdav.stream_name$
"Test Series S01E01 - Episode 1.mp4z \x85  \x84
Ad\x87s)\xed{S\x80G\xb2\x89Y\xccO\x8d\xc6?_	"\x96-x\xa8}\xe5*Read09+\xe5{\x8bk\x8c\x87A!\xa5\x8ck\x8c\x87J:
webdav.stream_name$
"Test Series S01E01 - Episode 1.mp4z \x85  \x84
Ad\x87s)\xed{S\x80G\xb2\x89Y\xccO9xR\xf2\xbf\xdf|\"\x96-x\xa8}\xe5*Read09\xf4\xbe\x8ck\x8c\x87Aɚ\xb4\x8ck\x8c\x87J:
webdav.stream_name$
"Test Series S01E01 - Episode 1.mp4z \x85  \x84
Ad\x87s)\xed{S\x80G\xb2\x89Y\xccO>\x98$\xe2\x88V5\xd3"\x96-x\xa8}\xe5*Read09[\x8b\xb5\x8ck\x8c\x87Ad!S\x8dk\x8c\x87J:
webdav.stream_name$
"Test Series S01E01 - Episode 1.mp4z \x85  \x84
Ad\x87s)\xed{S\x80G\xb2\x89Y\xccOi\x82\xf5q\xbb@"\x96-x\xa8}\xe5*Read09\x80DT\x8dk\x8c\x87A)\x86\xf3\x8dk\x8c\x87J:
webdav.stream_name$
"Test Series S01E01 - Episode 1.mp4z \x85  \x84
Ad\x87s)\xed{S\x80G\xb2\x89Y\xccO\xb7\xd3k-\x9ce"\x96-x\xa8}\xe5*Read09\xd2\xf5\x8dk\x8c\x87A>%\x91\x8ek\x8c\x87J:
webdav.stream_name$
"Test Series S01E01 - Episode 1.mp4z \x85  \x84
Ad\x87s)\xed{S\x80G\xb2\x89Y\xccOMv\xbaB\x8a("\x96-x\xa8}\xe5*Read09\xd9M\x92\x8ek\x8c\x87AS\x931\x8fk\x8c\x87J:
webdav.stream_name$
"Test Series S01E01 - Episode 1.mp4z \x85  \x84
Ad\x87s)\xed{S\x80G\xb2\x89Y\xccO\x8et\xf4\xde\xdbl\xf9"\x96-x\xa8}\xe5*Read09\xfd\xb72\x8fk\x8c\x87A,yЏk\x8c\x87J:
webdav.stream_name$
"Test Series S01E01 - Episode 1.mp4z \x85  \x84
Ad\x87s)\xed{S\x80G\xb2\x89Y\xccO\xeb\x9bԂ\z"\x96-x\xa8}\xe5*Read09\xecяk\x8c\x87A*\x81p\x90k\x8c\x87J:
webdav.stream_name$
"Test Series S01E01 - Episode 1.mp4z \x85  \x84
Ad\x87s)\xed{S\x80G\xb2\x89Y\xccO2\xec\xeaj\xcb\xce"\x96-x\xa8}\xe5*Read09\x88pq\x90k\x8c\x87A(\x8f\x91k\x8c\x87J:
webdav.stream_name$
"Test Series S01E01 - Episode 1.mp4z \x85  \x84
Ad\x87s)\xed{S\x80G\xb2\x89Y\xccOrL\x9a\xe0\xf8"\x96-x\xa8}\xe5*Read09\x9c\x91k\x8c\x87AqK\xaf\x91k\x8c\x87J:
webdav.stream_name$
"Test Series S01E01 - Episode 1.mp4z \x85  \x84
Ad\x87s)\xed{S\x80G\xb2\x89Y\xccOr\xd6Ȋ\xbb\x92"\x96-x\xa8}\xe5*Read09wr\xb0\x91k\x8c\x87Aa\xdeM\x92k\x8c\x87J:
webdav.stream_name$
"Test Series S01E01 - Episode 1.mp4z \x85  \x84
Ad\x87s)\xed{S\x80G\xb2\x89Y\xccOE'rE\x9a Q\xaf"\x96-x\xa8}\xe5*Read09'\xfeN\x92k\x8c\x87ACZ\xec\x92k\x8c\x87J:
webdav.stream_name$
"Test Series S01E01 - Episode 1.mp4z \x85  \x84
Ad\x87s)\xed{S\x80G\xb2\x89Y\xccOޚ/\xa7\xbd\x98͑"\x96-x\xa8}\xe5*Read09vY\xed\x92k\x8c\x87A"5\x8a\x93k\x8c\x87J:
webdav.stream_name$
"Test Series S01E01 - Episode 1.mp4z \x85  \x84
Ad\x87s)\xed{S\x80G\xb2\x89Y\xccO׆\x9fA "\x96-x\xa8}\xe5*Read09\x8aW\x8b\x93k\x8c\x87Ac)\x94k\x8c\x87J:
webdav.stream_name$
"Test Series S01E01 - Episode 1.mp4z \x85  \x84
Ad\x87s)\xed{S\x80G\xb2\x89Y\xccO9\x9f=\x82qx\x96"\x96-x\xa8}\xe5*Read09T\xa6*\x94k\x8c\x87A-mǔk\x8c\x87J:
webdav.stream_name$
"Test Series S01E01 - Episode 1.mp4z \x85  \x84
Ad\x87s)\xed{S\x80G\xb2\x89Y\xccO\x9b\xe1\xa8*\xac\xe5"\x96-x\xa8}\xe5*Read09\xe7\xd9Ȕk\x8c\x87Av\xcdg\x95k\x8c\x87J:
webdav.stream_name$
"Test Series S01E01 - Episode 1.mp4z \x85  \x84
Ad\x87s)\xed{S\x80G\xb2\x89Y\xccO\xcd{:\x8ci\xc4"\x96-x\xa8}\xe5*Read09X\xddh\x95k\x8c\x87AS\xda\x96k\x8c\x87J:
webdav.stream_name$
"Test Series S01E01 - Episode 1.mp4z \x85  \x84
Ad\x87s)\xed{S\x80G\xb2\x89Y\xccOrd\xfa\xdb\xad"\x96-x\xa8}\xe5*Read09\xeb\xf7\x96k\x8c\x87A\xb7r\xa4\x96k\x8c\x87J:
webdav.stream_name$
"Test Series S01E01 - Episode 1.mp4z \x85  \x84
Ad\x87s)\xed{S\x80G\xb2\x89Y\xccODV\xb1\xcf\xd4$\xae%"\x96-x\xa8}\xe5*Read09ԯ\xa5\x96k\x8c\x87A\xabMC\x97k\x8c\x87J:
webdav.stream_name$
"Test Series S01E01 - Episode 1.mp4z \x85  \x84
Ad\x87s)\xed{S\x80G\xb2\x89Y\xccO\xb2Y\xa9\xc0}_\xa8"\x96-x\xa8}\xe5*Read09cbD\x97k\x8c\x87A\xaa\xd1\xe2\x97k\x8c\x87J:
webdav.stream_name$
"Test Series S01E01 - Episode 1.mp4z \x85  \x84
Ad\x87s)\xed{S\x80G\xb2\x89Y\xccO27xD\xb0\xfe\xc7"\x96-x\xa8}\xe5*Read09~\xe4\xe3\x97k\x8c\x87A\xf6\x86\x82\x98k\x8c\x87J:
webdav.stream_name$
"Test Series S01E01 - Episode 1.mp4z \x85  \x84
Ad\x87s)\xed{S\x80G\xb2\x89Y\xccO\xe9i\x83K\xa9"\x96-x\xa8}\xe5*Read09\xab\xb9\x83\x98k\x8c\x87A&g \x99k\x8c\x87J:
webdav.stream_name$
"Test Series S01E01 - Episode 1.mp4z \x85  \x84
Ad\x87s)\xed{S\x80G\xb2\x89Y\xccO\x84\x8f#\x84\xb2"\x96-x\xa8}\xe5*Read09L\xda!\x99k\x8c\x87Aaw\xbf\x99k\x8c\x87J:
webdav.stream_name$
"Test Series S01E01 - Episode 1.mp4z \x85  \x84
Ad\x87s)\xed{S\x80G\xb2\x89Y\xccO\xe9B@\x90\xd0"\x96-x\xa8}\xe5*Read09k\xc1\x99k\x8c\x87AJ\x86^\x9ak\x8c\x87J:
webdav.stream_name$
"Test Series S01E01 - Episode 1.mp4z \x85  \x84
Ad\x87s)\xed{S\x80G\xb2\x89Y\xccOB\xa8`\x86=b"\x96-x\xa8}\xe5*Read09V\x85_\x9ak\x8c\x87A(K\xfd\x9ak\x8c\x87J:
webdav.stream_name$
"Test Series S01E01 - Episode 1.mp4z \x85  \x84
Ad\x87s)\xed{S\x80G\xb2\x89Y\xccO\x9a#\xbf\xe2\xa6_\x8e\xbd"\x96-x\xa8}\xe5*Read09io\xfe\x9ak\x8c\x87A7\x9c\x9bk\x8c\x87J:
webdav.stream_name$
"Test Series S01E01 - Episode 1.mp4z \x85  \x84
Ad\x87s)\xed{S\x80G\xb2\x89Y\xccO4d\xb3\xb12 \xf8s"\x96-x\xa8}\xe5*Read09\xc2W\x9d\x9bk\x8c\x87AlW:\x9ck\x8c\x87J:
webdav.stream_name$
"Test Series S01E01 - Episode 1.mp4z \x85  \x84
Ad\x87s)\xed{S\x80G\xb2\x89Y\xccO\x9e_o\xb2\xe5\xa0\xbb"\x96-x\xa8}\xe5*Read09\xe0;\x9ck\x8c\x87A\xf5\xa8לk\x8c\x87J:
webdav.stream_name$
"Test Series S01E01 - Episode 1.mp4z \x85  \x84
Ad\x87s)\xed{S\x80G\xb2\x89Y\xccO\xb3\xa5Ո\xb0\xf0\xc3"\x96-x\xa8}\xe5*Read09\xb9؜k\x8c\x87AO\xe9u\x9dk\x8c\x87J:
webdav.stream_name$
"Test Series S01E01 - Episode 1.mp4z \x85  \x84
Ad\x87s)\xed{S\x80G\xb2\x89Y\xccO\xf1\xefB\xe5\xeak\xde"\x96-x\xa8}\xe5*Read09w\x9dk\x8c\x87AF\xc6\x9ek\x8c\x87J:
webdav.stream_name$
"Test Series S01E01 - Episode 1.mp4z \x85  \x84
Ad\x87s)\xed{S\x80G\xb2\x89Y\xccO`\xe3|Gw\xe8"\x96-x\xa8}\xe5*Read09,\xe0\x9ek\x8c\x87A\x83\xb1\x9ek\x8c\x87J:
webdav.stream_name$
"Test Series S01E01 - Episode 1.mp4z \x85  \x84
Ad\x87s)\xed{S\x80G\xb2\x89Y\xccO\xf0\xff>r\xd5k"\x96-x\xa8}\xe5*Read09\xcc\xb3\x9ek\x8c\x87A\x97\xd7N\x9fk\x8c\x87J:
webdav.stream_name$
"Test Series S01E01 - Episode 1.mp4z \x85  \x84
Ad\x87s)\xed{S\x80G\xb2\x89Y\xccO\x8eـ~\x9btu"\x96-x\xa8}\xe5*Read09\xf7\xc9O\x9fk\x8c\x87A\x87X\xec\x9fk\x8c\x87J:
webdav.stream_name$
"Test Series S01E01 - Episode 1.mp4z \x85  \x84
Ad\x87s)\xed{S\x80G\xb2\x89Y\xccO*_i\x8eJ\x9bt"\x96-x\xa8}\xe5*Read09\x84l\xed\x9fk\x8c\x87Aڷ\x8a\xa0k\x8c\x87J:
webdav.stream_name$
"Test Series S01E01 - Episode 1.mp4z \x85  \x84
Ad\x87s)\xed{S\x80G\xb2\x89Y\xccO\xa0\xf5\x94\xfe\xd1\xf8\x8a("\x96-x\xa8}\xe5*Read09\xb4$\x8c\xa0k\x8c\x87A/)\xa1k\x8c\x87J:
webdav.stream_name$
"Test Series S01E01 - Episode 1.mp4z \x85  \x84
Ad\x87s)\xed{S\x80G\xb2\x89Y\xccO\xa4\xfe\xb1j\x8b+\xc8R"\x96-x\xa8}\xe5*Read09+\xa1k\x8c\x87AtLǡk\x8c\x87J:
webdav.stream_name$
"Test Series S01E01 - Episode 1.mp4z \x85  \x84
Ad\x87s)\xed{S\x80G\xb2\x89Y\xccOJ1\xdbLJH"\x96-x\xa8}\xe5*Read09\xd8Yȡk\x8c\x87A?+h\xa2k\x8c\x87J:
webdav.stream_name$
"Test Series S01E01 - Episode 1.mp4z \x85  \x84
Ad\x87s)\xed{S\x80G\xb2\x89Y\xccO\xe35\xeb\xc88\x9b"\x96-x\xa8}\xe5*Read09uLi\xa2k\x8c\x87AgL	\xa3k\x8c\x87J:
webdav.stream_name$
"Test Series S01E01 - Episode 1.mp4z \x85  \x84
Ad\x87s)\xed{S\x80G\xb2\x89Y\xccO1`+\xc5\xd6\xe4\xf3"\x96-x\xa8}\xe5*Read09\xafb
\xa3k\x8c\x87Ag\xa9\xa3k\x8c\x87J:
webdav.stream_name$
"Test Series S01E01 - Episode 1.mp4z \x85  \x84
Ad\x87s)\xed{S\x80G\xb2\x89Y\xccO\xf8\xb07\xd9\xe1ݝ"\x96-x\xa8}\xe5*Read09\x9d3\xaa\xa3k\x8c\x87AI\xa4k\x8c\x87J:
webdav.stream_name$
"Test Series S01E01 - Episode 1.mp4z \x85  \x84
Ad\x87s)\xed{S\x80G\xb2\x89Y\xccO\xec\xb8\xd3?\xba\xc5?\x8a"\x96-x\xa8}\xe5*Read09D+J\xa4k\x8c\x87A\x87~\xe7\xa4k\x8c\x87J:
webdav.stream_name$
"Test Series S01E01 - Episode 1.mp4z \x85  \x84
Ad\x87s)\xed{S\x80G\xb2\x89Y\xccO\xc2+\x8f\xb6\xb5\xea\x80k"\x96-x\xa8}\xe5*Read09\\xc6\xe8\xa4k\x8c\x87A\x8b\x84\xa5k\x8c\x87J:
webdav.stream_name$
"Test Series S01E01 - Episode 1.mp4z \x85  \x84
Ad\x87s)\xed{S\x80G\xb2\x89Y\xccO;ׅ\xdc\xc6hK\xd0"\x96-x\xa8}\xe5*Read09
(\x85\xa5k\x8c\x87A\xb9!\xa6k\x8c\x87J:
webdav.stream_name$
"Test Series S01E01 - Episode 1.mp4z \x85  \x84
Ad\x87s)\xed{S\x80G\xb2\x89Y\xccO>\xac\xc9N\xbd\xe1\xd5"\x96-x\xa8}\xe5*Read09\xf1/#\xa6k\x8c\x87A\xb6\xae\xbf\xa6k\x8c\x87J:
webdav.stream_name$
"Test Series S01E01 - Episode 1.mp4z \x85  \x84
Ad\x87s)\xed{S\x80G\xb2\x89Y\xccOY\x87\x9d\x83\xa9\xddĸ"\x96-x\xa8}\xe5*Read09\xa8\xd3\xc0\xa6k\x8c\x87A\x92S\\xa7k\x8c\x87J:
webdav.stream_name$
"Test Series S01E01 - Episode 1.mp4z \x85  \x84
Ad\x87s)\xed{S\x80G\xb2\x89Y\xccO˷\xa2ߒ1n"\x96-x\xa8}\xe5*Read09\xf3q]\xa7k\x8c\x87A\xe6\xf9\xa7k\x8c\x87J:
webdav.stream_name$
"Test Series S01E01 - Episode 1.mp4z \x85  \x84
Ad\x87s)\xed{S\x80G\xb2\x89Y\xccOuJ\x88\xf3w|\xa9\xfa"\x96-x\xa8}\xe5*Read09;\xfa\xa7k\x8c\x87AF\x96\xa8k\x8c\x87J:
webdav.stream_name$
"Test Series S01E01 - Episode 1.mp4z \x85  \x84
Ad\x87s)\xed{S\x80G\xb2\x89Y\xccOg\xe6(R]\xdfc\xb4"\x96-x\xa8}\xe5*Read09\xa6˘\xa8k\x8c\x87A\xaf3\xa9k\x8c\x87J:
webdav.stream_name$
"Test Series S01E01 - Episode 1.mp4z \x85  \x84
Ad\x87s)\xed{S\x80G\xb2\x89Y\xccORy\x94
͆\xcb"\x96-x\xa8}\xe5*Read09\x914\xa9k\x8c\x87AA\x86Щk\x8c\x87J:
webdav.stream_name$
"Test Series S01E01 - Episode 1.mp4z \x85  \x84
Ad\x87s)\xed{S\x80G\xb2\x89Y\xccO\x82ю#\xb4qxl"\x96-x\xa8}\xe5*Read09Q\x92ѩk\x8c\x87A\xaa\xa6m\xaak\x8c\x87J:
webdav.stream_name$
"Test Series S01E01 - Episode 1.mp4z \x85  \x84
Ad\x87s)\xed{S\x80G\xb2\x89Y\xccO\xbd\xb8׽h}A\xa1"\x96-x\xa8}\xe5*Read09\xbb\xaan\xaak\x8c\x87A\xb3\xb2\xabk\x8c\x87J:
webdav.stream_name$
"Test Series S01E01 - Episode 1.mp4z \x85  \x84
Ad\x87s)\xed{S\x80G\xb2\x89Y\xccO\xe2>\xeeFQ\xe9\xa2\xea"\x96-x\xa8}\xe5*Read09O\xd5\xabk\x8c\x87A\xae\x99\xa9\xabk\x8c\x87J:
webdav.stream_name$
"Test Series S01E01 - Episode 1.mp4z \x85  \x84
Ad\x87s)\xed{S\x80G\xb2\x89Y\xccO\x9a\x87IMA\x8f\x91"\x96-x\xa8}\xe5*Read09y\xad\xaa\xabk\x8c\x87A\xac\x8fF\xack\x8c\x87J:
webdav.stream_name$
"Test Series S01E01 - Episode 1.mp4z \x85  \x84
Ad\x87s)\xed{S\x80G\xb2\x89Y\xccO7u\xa6 \x86\x95?"\x96-x\xa8}\xe5*Read09\xe3\xb6G\xack\x8c\x87A\xb6~\xe5\xack\x8c\x87J:
webdav.stream_name$
"Test Series S01E01 - Episode 1.mp4z \x85  \x84
Ad\x87s)\xed{S\x80G\xb2\x89Y\xccO\xfe\xb0@\xb2\xf7\xb9\xd7"\x96-x\xa8}\xe5*Read09\x92\xe6\xack\x8c\x87A\xf7g\x85\xadk\x8c\x87J:
webdav.stream_name$
"Test Series S01E01 - Episode 1.mp4z \x85  \x84
Ad\x87s)\xed{S\x80G\xb2\x89Y\xccOLצ\x82\xd0P\x91\xdc"\x96-x\xa8}\xe5*Read09\x91\x86\xadk\x8c\x87A\x98\xe9#\xaek\x8c\x87J:
webdav.stream_name$
"Test Series S01E01 - Episode 1.mp4z \x85  \x84
Ad\x87s)\xed{S\x80G\xb2\x89Y\xccOR\x80bg\xba\xf0\xd9"\x96-x\xa8}\xe5*Read09\xbf\xd4$\xaek\x8c\x87A\x91C®k\x8c\x87J:
webdav.stream_name$
"Test Series S01E01 - Episode 1.mp4z \x85  \x84
Ad\x87s)\xed{S\x80G\xb2\x89Y\xccOҒ\xf4\x8c\xad\xc1\xb9R"\x96-x\xa8}\xe5*Read09Kwîk\x8c\x87A\xb8\xb9a\xafk\x8c\x87J:
webdav.stream_name$
"Test Series S01E01 - Episode 1.mp4z \x85  \x84
Ad\x87s)\xed{S\x80G\xb2\x89Y\xccO@4\xc3\xa4aZ\xb3"\x96-x\xa8}\xe5*Read09qHc\xafk\x8c\x87A \x9e\xb0k\x8c\x87J:
webdav.stream_name$
"Test Series S01E01 - Episode 1.mp4z \x85  
Batch 8:

\xcff


service.name
xteve\xb1f

webdav\x84
Ad\x87s)\xed{S\x80G\xb2\x89Y\xccO\xc6G\xf7\xaf\xa5B?"\x96-x\xa8}\xe5*Read09\xd6\xd2\xb0k\x8c\x87A|4\xa0\xb0k\x8c\x87J:
webdav.stream_name$
"Test Series S01E01 - Episode 1.mp4z \x85  \x84
Ad\x87s)\xed{S\x80G\xb2\x89Y\xccO-\xf5>\xac\\xef"\x96-x\xa8}\xe5*Read09\x93w\xa1\xb0k\x8c\x87Akg=\xb1k\x8c\x87J:
webdav.stream_name$
"Test Series S01E01 - Episode 1.mp4z \x85  \x84
Ad\x87s)\xed{S\x80G\xb2\x89Y\xccO\xc3\xdd\xb2\x8b"\x96-x\xa8}\xe5*Read09\xa0k>\xb1k\x8c\x87A\xf5\xe7۱k\x8c\x87J:
webdav.stream_name$
"Test Series S01E01 - Episode 1.mp4z \x85  \x84
Ad\x87s)\xed{S\x80G\xb2\x89Y\xccO\xc1\x96\x9c\x9c\xd7.\x8f"\x96-x\xa8}\xe5*Read09\xf5\xffܱk\x8c\x87A\xc2z\xb2k\x8c\x87J:
webdav.stream_name$
"Test Series S01E01 - Episode 1.mp4z \x85  \x84
Ad\x87s)\xed{S\x80G\xb2\x89Y\xccO\x8cD\xab\xf7\xd2a"\x96-x\xa8}\xe5*Read09`1|\xb2k\x8c\x87A\x941\xb3k\x8c\x87J:
webdav.stream_name$
"Test Series S01E01 - Episode 1.mp4z \x85  \x84
Ad\x87s)\xed{S\x80G\xb2\x89Y\xccO\x9dGm	n\xb1\x9d"\x96-x\xa8}\xe5*Read09\xfeV\xb3k\x8c\x87Aĵ\xb7\xb3k\x8c\x87J:
webdav.stream_name$
"Test Series S01E01 - Episode 1.mp4z \x85  \x84
Ad\x87s)\xed{S\x80G\xb2\x89Y\xccOc\x9c\x9d\x83\xf4\xc6<"\x96-x\xa8}\xe5*Read09~\xf2\xb8\xb3k\x8c\x87AT\xe1S\xb4k\x8c\x87J:
webdav.stream_name$
"Test Series S01E01 - Episode 1.mp4z \x85  \x84
Ad\x87s)\xed{S\x80G\xb2\x89Y\xccOF\xafWa+"\xa5"\x96-x\xa8}\xe5*Read09\xa5\xdbT\xb4k\x8c\x87A\x8d\xe8\xf2\xb4k\x8c\x87J:
webdav.stream_name$
"Test Series S01E01 - Episode 1.mp4z \x85  \x84
Ad\x87s)\xed{S\x80G\xb2\x89Y\xccO\x84\xc7\xd8\xc7?&"\x96-x\xa8}\xe5*Read09\xf4\xb4k\x8c\x87A\x93\x8d\x90\xb5k\x8c\x87J:
webdav.stream_name$
"Test Series S01E01 - Episode 1.mp4z \x85  \x84
Ad\x87s)\xed{S\x80G\xb2\x89Y\xccOf\xd5H?b\x83\x9b"\x96-x\xa8}\xe5*Read09\xccȑ\xb5k\x8c\x87AV7.\xb6k\x8c\x87J:
webdav.stream_name$
"Test Series S01E01 - Episode 1.mp4z \x85  \x84
Ad\x87s)\xed{S\x80G\xb2\x89Y\xccO\x85-\x92\xa5\xa1\xdf\xc3"\x96-x\xa8}\xe5*Read09\x91\x870\xb6k\x8c\x87A&\x9f˶k\x8c\x87J:
webdav.stream_name$
"Test Series S01E01 - Episode 1.mp4z \x85  \x84
Ad\x87s)\xed{S\x80G\xb2\x89Y\xccOrN\x9c/,\xb8\xb5"\x96-x\xa8}\xe5*Read09\xf0\xa1̶k\x8c\x87AB\xdai\xb7k\x8c\x87J:
webdav.stream_name$
"Test Series S01E01 - Episode 1.mp4z \x85  \x84
Ad\x87s)\xed{S\x80G\xb2\x89Y\xccOL|\xdcH\x824\xe8"\x96-x\xa8}\xe5*Read09\x80k\xb7k\x8c\x87A\xe7\xa7\xb8k\x8c\x87J:
webdav.stream_name$
"Test Series S01E01 - Episode 1.mp4z \x85  \x84
Ad\x87s)\xed{S\x80G\xb2\x89Y\xccO\x82
\x8a\xba\xa7\xa7\xa0"\x96-x\xa8}\xe5*Read09\x8c\xdc	\xb8k\x8c\x87A\xb8\xfa\xa4\xb8k\x8c\x87J:
webdav.stream_name$
"Test Series S01E01 - Episode 1.mp4z \x85  \x84
Ad\x87s)\xed{S\x80G\xb2\x89Y\xccO\x89\x97\xf9\x8e\x98\xafT8"\x96-x\xa8}\xe5*Read09\xd9?\xa6\xb8k\x8c\x87A\x91B\xb9k\x8c\x87J:
webdav.stream_name$
"Test Series S01E01 - Episode 1.mp4z \x85  \x84
Ad\x87s)\xed{S\x80G\xb2\x89Y\xccO%\xf8GX7\xf9\o"\x96-x\xa8}\xe5*Read09@jC\xb9k\x8c\x87AC\xe1\xb9k\x8c\x87J:
webdav.stream_name$
"Test Series S01E01 - Episode 1.mp4z \x85  \x84
Ad\x87s)\xed{S\x80G\xb2\x89Y\xccOcrt\xd0\xb6\xfc"\x96-x\xa8}\xe5*Read09q\xdf\xe2\xb9k\x8c\x87A\xe15~\xbak\x8c\x87J:
webdav.stream_name$
"Test Series S01E01 - Episode 1.mp4z \x85  \x84
Ad\x87s)\xed{S\x80G\xb2\x89Y\xccOPi\xcbĊj\xe3"\x96-x\xa8}\xe5*Read09kp\xbak\x8c\x87ANd\xbbk\x8c\x87J:
webdav.stream_name$
"Test Series S01E01 - Episode 1.mp4z \x85  \x84
Ad\x87s)\xed{S\x80G\xb2\x89Y\xccO
\xe5o\xe8^{\x89"\x96-x\xa8}\xe5*Read09\x88\xaa\xbbk\x8c\x87A38\xba\xbbk\x8c\x87J:
webdav.stream_name$
"Test Series S01E01 - Episode 1.mp4z \x85  \x84
Ad\x87s)\xed{S\x80G\xb2\x89Y\xccOa,\xea3b\xf89d"\x96-x\xa8}\xe5*Read09\xf0R\xbb\xbbk\x8c\x87A\x88\x97W\xbck\x8c\x87J:
webdav.stream_name$
"Test Series S01E01 - Episode 1.mp4z \x85  \x84
Ad\x87s)\xed{S\x80G\xb2\x89Y\xccO\x96%)G\xb3\xb7*\x9f"\x96-x\xa8}\xe5*Read09\x86\xcbX\xbck\x8c\x87A<W\xf5\xbck\x8c\x87J:
webdav.stream_name$
"Test Series S01E01 - Episode 1.mp4z \x85  \x84
Ad\x87s)\xed{S\x80G\xb2\x89Y\xccO\xb6/PB$\xa0k\xdf"\x96-x\xa8}\xe5*Read093u\xf6\xbck\x8c\x87A\x9f\x95\x94\xbdk\x8c\x87J:
webdav.stream_name$
"Test Series S01E01 - Episode 1.mp4z \x85  \x84
Ad\x87s)\xed{S\x80G\xb2\x89Y\xccO\xeb:\xfe\x82~\xa0\xc6\xe2"\x96-x\xa8}\xe5*Read09\xb5ŕ\xbdk\x8c\x87A\xd4\xc22\xbek\x8c\x87J:
webdav.stream_name$
"Test Series S01E01 - Episode 1.mp4z \x85  \x84
Ad\x87s)\xed{S\x80G\xb2\x89Y\xccO}
\x83\xdfД\xdd"\x96-x\xa8}\xe5*Read09\xc3\xf33\xbek\x8c\x87A,\xb6Ѿk\x8c\x87J:
webdav.stream_name$
"Test Series S01E01 - Episode 1.mp4z \x85  \x84
Ad\x87s)\xed{S\x80G\xb2\x89Y\xccOɦ\x969$\xa1\x95"\x96-x\xa8}\xe5*Read09f\xf3Ҿk\x8c\x87ALo\xbfk\x8c\x87J:
webdav.stream_name$
"Test Series S01E01 - Episode 1.mp4z \x85  \x84
Ad\x87s)\xed{S\x80G\xb2\x89Y\xccO\xeb{\xdb\xe5\xf1\xcc\\x8e"\x96-x\xa8}\xe5*Read09,p\xbfk\x8c\x87AK\xc0k\x8c\x87J:
webdav.stream_name$
"Test Series S01E01 - Episode 1.mp4z \x85  \x84
Ad\x87s)\xed{S\x80G\xb2\x89Y\xccO\xca5ع\xd6lK\x9c"\x96-x\xa8}\xe5*Read09\xaa\x8a\xc0k\x8c\x87AS\x8c\xa9\xc0k\x8c\x87J:
webdav.stream_name$
"Test Series S01E01 - Episode 1.mp4z \x85  \x84
Ad\x87s)\xed{S\x80G\xb2\x89Y\xccO\xc5(\xe1\xdcϋ\xd87"\x96-x\xa8}\xe5*Read09\x8c\x8e\xaa\xc0k\x8c\x87A9|G\xc1k\x8c\x87J:
webdav.stream_name$
"Test Series S01E01 - Episode 1.mp4z \x85  \x84
Ad\x87s)\xed{S\x80G\xb2\x89Y\xccO\x90\xcb~א\xc5&"\x96-x\xa8}\xe5*Read09\xef\x8eH\xc1k\x8c\x87A\xd8g\xe4\xc1k\x8c\x87J:
webdav.stream_name$
"Test Series S01E01 - Episode 1.mp4z \x85  \x84
Ad\x87s)\xed{S\x80G\xb2\x89Y\xccOg\x92X\x93j""\x96-x\xa8}\xe5*Read09h5\xe5\xc1k\x8c\x87Au-\x82\xc2k\x8c\x87J:
webdav.stream_name$
"Test Series S01E01 - Episode 1.mp4z \x85  \x84
Ad\x87s)\xed{S\x80G\xb2\x89Y\xccOw=^v;2GF"\x96-x\xa8}\xe5*Read09V\x83\xc2k\x8c\x87A<\xf8\xc3k\x8c\x87J:
webdav.stream_name$
"Test Series S01E01 - Episode 1.mp4z \x85  \x84
Ad\x87s)\xed{S\x80G\xb2\x89Y\xccO*\xe8\x8c\xf6CEh#"\x96-x\xa8}\xe5*Read09\xa2\xb3\xc3k\x8c\x87A\x8d\xe7\xbc\xc3k\x8c\x87J:
webdav.stream_name$
"Test Series S01E01 - Episode 1.mp4z \x85  \x84
Ad\x87s)\xed{S\x80G\xb2\x89Y\xccO\x869\xb3\xd2F\xbc"\x96-x\xa8}\xe5*Read09\xa6\xbe\xc3k\x8c\x87A\xa2\xffZ\xc4k\x8c\x87J:
webdav.stream_name$
"Test Series S01E01 - Episode 1.mp4z \x85  \x84
Ad\x87s)\xed{S\x80G\xb2\x89Y\xccOj\xb5\xf9b\x92"\x96-x\xa8}\xe5*Read09\x8aR\\xc4k\x8c\x87A\xf3\xda\xf8\xc4k\x8c\x87J:
webdav.stream_name$
"Test Series S01E01 - Episode 1.mp4z \x85  \x84
Ad\x87s)\xed{S\x80G\xb2\x89Y\xccO*\x85vq\xf7>"\x96-x\xa8}\xe5*Read09\xf9\xf9\xc4k\x8c\x87Aݔ\xc5k\x8c\x87J:
webdav.stream_name$
"Test Series S01E01 - Episode 1.mp4z \x85  \x84
Ad\x87s)\xed{S\x80G\xb2\x89Y\xccO\xe3\xf1\xe6#\xc7\xc0ut"\x96-x\xa8}\xe5*Read09\xe8\xfb\x95\xc5k\x8c\x87A\xfe1\xc6k\x8c\x87J:
webdav.stream_name$
"Test Series S01E01 - Episode 1.mp4z \x85  \x84
Ad\x87s)\xed{S\x80G\xb2\x89Y\xccO\xb8\xfeoqZ'\xf4a"\x96-x\xa8}\xe5*Read09;`3\xc6k\x8c\x87A\xb0\xcf\xc6k\x8c\x87J:
webdav.stream_name$
"Test Series S01E01 - Episode 1.mp4z \x85  \x84
Ad\x87s)\xed{S\x80G\xb2\x89Y\xccO\xb6<0U"\x96-x\xa8}\xe5*Read09\x94\xd0\xc6k\x8c\x87A\xa0\x95m\xc7k\x8c\x87J:
webdav.stream_name$
"Test Series S01E01 - Episode 1.mp4z \x85  \x84
Ad\x87s)\xed{S\x80G\xb2\x89Y\xccO\xe4\xfaN\x975"\x96-x\xa8}\xe5*Read09\xad\xabn\xc7k\x8c\x87A\xcfd\xc8k\x8c\x87J:
webdav.stream_name$
"Test Series S01E01 - Episode 1.mp4z \x85  \x84
Ad\x87s)\xed{S\x80G\xb2\x89Y\xccO\xd3\xec	-\xf1c\xdf^"\x96-x\xa8}\xe5*Read09\xafe\xc8k\x8c\x87Aæ\xaa\xc8k\x8c\x87J:
webdav.stream_name$
"Test Series S01E01 - Episode 1.mp4z \x85  \x84
Ad\x87s)\xed{S\x80G\xb2\x89Y\xccO?Is\xcf\xf6I"\x96-x\xa8}\xe5*Read09ƫ\xc8k\x8c\x87A.\xc8G\xc9k\x8c\x87J:
webdav.stream_name$
"Test Series S01E01 - Episode 1.mp4z \x85  \x84
Ad\x87s)\xed{S\x80G\xb2\x89Y\xccO8\xceD\x9f\xe0\x99̒"\x96-x\xa8}\xe5*Read097\xdcH\xc9k\x8c\x87A\xd6p\xe6\xc9k\x8c\x87J:
webdav.stream_name$
"Test Series S01E01 - Episode 1.mp4z \x85  \x84
Ad\x87s)\xed{S\x80G\xb2\x89Y\xccO\xac<\xbdTiQB"\x96-x\xa8}\xe5*Read09\x93\xbd\xe7\xc9k\x8c\x87A\x80\x84\xcak\x8c\x87J:
webdav.stream_name$
"Test Series S01E01 - Episode 1.mp4z \x85  \x84
Ad\x87s)\xed{S\x80G\xb2\x89Y\xccO\xe2o\xec\x96\xa3F\xd4"\x96-x\xa8}\xe5*Read09\xde\x85\xcak\x8c\x87A4\x83"\xcbk\x8c\x87J:
webdav.stream_name$
"Test Series S01E01 - Episode 1.mp4z \x85  \x84
Ad\x87s)\xed{S\x80G\xb2\x89Y\xccOʂ\xfc\xfa\xa2\xc7\xbc"\x96-x\xa8}\xe5*Read09\xbe\xb0#\xcbk\x8c\x87A;b\xbf\xcbk\x8c\x87J:
webdav.stream_name$
"Test Series S01E01 - Episode 1.mp4z \x85  \x84
Ad\x87s)\xed{S\x80G\xb2\x89Y\xccOIRy\xadQw\xae"\x96-x\xa8}\xe5*Read09\x81{\xc0\xcbk\x8c\x87A^\xcck\x8c\x87J:
webdav.stream_name$
"Test Series S01E01 - Episode 1.mp4z \x85  \x84
Ad\x87s)\xed{S\x80G\xb2\x89Y\xccOd\xcfQWI\xcd"\x96-x\xa8}\xe5*Read098B_\xcck\x8c\x87A\xb8P\xfe\xcck\x8c\x87J:
webdav.stream_name$
"Test Series S01E01 - Episode 1.mp4z \x85  \x84
Ad\x87s)\xed{S\x80G\xb2\x89Y\xccOE\xb0é,\xa1\xa8\x80"\x96-x\xa8}\xe5*Read09%\x8c\xff\xcck\x8c\x87A\xfd\x9d\xcdk\x8c\x87J:
webdav.stream_name$
"Test Series S01E01 - Episode 1.mp4z \x85  \x84
Ad\x87s)\xed{S\x80G\xb2\x89Y\xccO4z\x8b\xc5F\xfd\xb4\xd6"\x96-x\xa8}\xe5*Read09\xd40\x9e\xcdk\x8c\x87A\x92Y;\xcek\x8c\x87J:
webdav.stream_name$
"Test Series S01E01 - Episode 1.mp4z \x85  \x84
Ad\x87s)\xed{S\x80G\xb2\x89Y\xccOqf\xdfY\xbf\xf8W"\x96-x\xa8}\xe5*Read09\xea[<\xcek\x8c\x87A\xa5\xd8\xcek\x8c\x87J:
webdav.stream_name$
"Test Series S01E01 - Episode 1.mp4z \x85  \x84
Ad\x87s)\xed{S\x80G\xb2\x89Y\xccO\xd0F\xbe}\x86\xe9["\x96-x\xa8}\xe5*Read090\xb4\xd9\xcek\x8c\x87A\xe1\xc8u\xcfk\x8c\x87J:
webdav.stream_name$
"Test Series S01E01 - Episode 1.mp4z \x85  \x84
Ad\x87s)\xed{S\x80G\xb2\x89Y\xccOh\xe2\xe6'm\xe9"\x96-x\xa8}\xe5*Read09\xa2\xc9v\xcfk\x8c\x87Ax\xf2\xd0k\x8c\x87J:
webdav.stream_name$
"Test Series S01E01 - Episode 1.mp4z \x85  \x84
Ad\x87s)\xed{S\x80G\xb2\x89Y\xccO!\x89Bv\xf6\xa2\xce"\x96-x\xa8}\xe5*Read09	*\xd0k\x8c\x87A\xcbP\xb2\xd0k\x8c\x87J:
webdav.stream_name$
"Test Series S01E01 - Episode 1.mp4z \x85  \x84
Ad\x87s)\xed{S\x80G\xb2\x89Y\xccOe\x83)\xbd\xee\x95\xc1"\x96-x\xa8}\xe5*Read09\x81n\xb3\xd0k\x8c\x87A\xf0\xe5O\xd1k\x8c\x87J:
webdav.stream_name$
"Test Series S01E01 - Episode 1.mp4z \x85  \x84
Ad\x87s)\xed{S\x80G\xb2\x89Y\xccO*:!\x80\x91\xf8\xac9"\x96-x\xa8}\xe5*Read09,
Q\xd1k\x8c\x87A4\xf0\xd1k\x8c\x87J:
webdav.stream_name$
"Test Series S01E01 - Episode 1.mp4z \x85  \x84
Ad\x87s)\xed{S\x80G\xb2\x89Y\xccO\x97\xbc\x95\x83\xe7T\x96"\x96-x\xa8}\xe5*Read09<I\xf1\xd1k\x8c\x87Atя\xd2k\x8c\x87J:
webdav.stream_name$
"Test Series S01E01 - Episode 1.mp4z \x85  \x84
Ad\x87s)\xed{S\x80G\xb2\x89Y\xccOk\xd9\xfd\x86\xad\xa9\xfb"\x96-x\xa8}\xe5*Read09\x8cא\xd2k\x8c\x87A\xbe\xd7,\xd3k\x8c\x87J:
webdav.stream_name$
"Test Series S01E01 - Episode 1.mp4z \x85  \x84
Ad\x87s)\xed{S\x80G\xb2\x89Y\xccO\xe9\x87\xd5G)\xf5\xa2K"\x96-x\xa8}\xe5*Read09\x86\x94-\xd3k\x8c\x87A\x8bf\xcb\xd3k\x8c\x87J:
webdav.stream_name$
"Test Series S01E01 - Episode 1.mp4z \x85  \x84
Ad\x87s)\xed{S\x80G\xb2\x89Y\xccO\xa6\xf6.r\x82\xee\x95"\x96-x\xa8}\xe5*Read09vu\xcc\xd3k\x8c\x87A4\xb0j\xd4k\x8c\x87J:
webdav.stream_name$
"Test Series S01E01 - Episode 1.mp4z \x85  \x84
Ad\x87s)\xed{S\x80G\xb2\x89Y\xccO_|=\xc6\xd6r\xbe"\x96-x\xa8}\xe5*Read09\x96pk\xd4k\x8c\x87ASj	\xd5k\x8c\x87J:
webdav.stream_name$
"Test Series S01E01 - Episode 1.mp4z \x85  \x84
Ad\x87s)\xed{S\x80G\xb2\x89Y\xccOe5A\xe7\xfb!\xa3"\x96-x\xa8}\xe5*Read09V{
\xd5k\x8c\x87A\xfdx\xa9\xd5k\x8c\x87J:
webdav.stream_name$
"Test Series S01E01 - Episode 1.mp4z \x85  \x84
Ad\x87s)\xed{S\x80G\xb2\x89Y\xccOd\x89V`d͢"\x96-x\xa8}\xe5*Read09\xa9^\xaa\xd5k\x8c\x87A\xa1`H\xd6k\x8c\x87J:
webdav.stream_name$
"Test Series S01E01 - Episode 1.mp4z \x85  \x84
Ad\x87s)\xed{S\x80G\xb2\x89Y\xccOCb\xe3I\xe2\xafW\"\x96-x\xa8}\xe5*Read09\xb4I\xd6k\x8c\x87AS\xe8\xd6k\x8c\x87J:
webdav.stream_name$
"Test Series S01E01 - Episode 1.mp4z \x85  \x84
Ad\x87s)\xed{S\x80G\xb2\x89Y\xccO\xa7p\xa6\xa5\xc6~"\x96-x\xa8}\xe5*Read09L\xe9\xd6k\x8c\x87Aծ\x87\xd7k\x8c\x87J:
webdav.stream_name$
"Test Series S01E01 - Episode 1.mp4z \x85  \x84
Ad\x87s)\xed{S\x80G\xb2\x89Y\xccOzjκD\xcb\xca\xf9"\x96-x\xa8}\xe5*Read09)\xe6\x88\xd7k\x8c\x87A\xe77'\xd8k\x8c\x87J:
webdav.stream_name$
"Test Series S01E01 - Episode 1.mp4z \x85  \x84
Ad\x87s)\xed{S\x80G\xb2\x89Y\xccOI\xb7\xc9=\xf61\xc4"\x96-x\xa8}\xe5*Read09\xee\xcf(\xd8k\x8c\x87A\xe3^\xc6\xd8k\x8c\x87J:
webdav.stream_name$
"Test Series S01E01 - Episode 1.mp4z \x85  \x84
Ad\x87s)\xed{S\x80G\xb2\x89Y\xccOL\x88j\xb0>@O"\x96-x\xa8}\xe5*Read09\xe0>\xc8\xd8k\x8c\x87AgKf\xd9k\x8c\x87J:
webdav.stream_name$
"Test Series S01E01 - Episode 1.mp4z \x85  \x84
Ad\x87s)\xed{S\x80G\xb2\x89Y\xccOfY\xbfH\xd1\xea\xcaY"\x96-x\xa8}\xe5*Read09omg\xd9k\x8c\x87AF\xb2\xdak\x8c\x87J:
webdav.stream_name$
"Test Series S01E01 - Episode 1.mp4z \x85  \x84
Ad\x87s)\xed{S\x80G\xb2\x89Y\xccO\xe9x\xbe\x84L"\x96-x\xa8}\xe5*Read09 \xdf\xdak\x8c\x87AA\xa4\xdak\x8c\x87J:
webdav.stream_name$
"Test Series S01E01 - Episode 1.mp4z \x85  \x84
Ad\x87s)\xed{S\x80G\xb2\x89Y\xccO\xb6\xb86\x9aᨄ"\x96-x\xa8}\xe5*Read09K_\xa5\xdak\x8c\x87A\x8e8C\xdbk\x8c\x87J:
webdav.stream_name$
"Test Series S01E01 - Episode 1.mp4z \x85  \x84
Ad\x87s)\xed{S\x80G\xb2\x89Y\xccOPp!\xf4T?S\xae"\x96-x\xa8}\xe5*Read09$QD\xdbk\x8c\x87Aʄ\xe1\xdbk\x8c\x87J:
webdav.stream_name$
"Test Series S01E01 - Episode 1.mp4z \x85  \x84
Ad\x87s)\xed{S\x80G\xb2\x89Y\xccO\x94\xc9\xe7\xa4,"\x96-x\xa8}\xe5*Read09I\xae\xe2\xdbk\x8c\x87A\x80\xdck\x8c\x87J:
webdav.stream_name$
"Test Series S01E01 - Episode 1.mp4z \x85  \x84
Ad\x87s)\xed{S\x80G\xb2\x89Y\xccO\x85 \xfb\xeb~\xb8\xde"\x96-x\xa8}\xe5*Read09\xa0B\x81\xdck\x8c\x87A\xa2\xddk\x8c\x87J:
webdav.stream_name$
"Test Series S01E01 - Episode 1.mp4z \x85  \x84
Ad\x87s)\xed{S\x80G\xb2\x89Y\xccO\xe8\xd1\xc4\xd0\xf6\x85\xe1\xf3"\x96-x\xa8}\xe5*Read09ԣ\xddk\x8c\x87A\xfcL\xbd\xddk\x8c\x87J:
webdav.stream_name$
"Test Series S01E01 - Episode 1.mp4z \x85  \x84
Ad\x87s)\xed{S\x80G\xb2\x89Y\xccO\xe8!?\x98\xee\x9c\xf9"\x96-x\xa8}\xe5*Read09Tj\xbe\xddk\x8c\x87AO\xb3\\xdek\x8c\x87J:
webdav.stream_name$
"Test Series S01E01 - Episode 1.mp4z \x85  \x84
Ad\x87s)\xed{S\x80G\xb2\x89Y\xccO\x95\xd1n\xd9\xd7\xcfl}"\x96-x\xa8}\xe5*Read09\xbd]\xdek\x8c\x87A`\x9e\xfb\xdek\x8c\x87J:
webdav.stream_name$
"Test Series S01E01 - Episode 1.mp4z \x85  \x84
Ad\x87s)\xed{S\x80G\xb2\x89Y\xccO\xebB\x987W\xe4\xf7"\x96-x\xa8}\xe5*Read09\xa0\xc1\xfc\xdek\x8c\x87A\xc7o\x9a\xdfk\x8c\x87J:
webdav.stream_name$
"Test Series S01E01 - Episode 1.mp4z \x85  \x84
Ad\x87s)\xed{S\x80G\xb2\x89Y\xccOT\x90\xf1AV\xac\xaf\xe9"\x96-x\xa8}\xe5*Read09}p\x9b\xdfk\x8c\x87A\x89\x959\xe0k\x8c\x87J:
webdav.stream_name$
"Test Series S01E01 - Episode 1.mp4z \x85  \x84
Ad\x87s)\xed{S\x80G\xb2\x89Y\xccOT~fV\xbb2p\xf9"\x96-x\xa8}\xe5*Read09s\xcc:\xe0k\x8c\x87A{S\xd8\xe0k\x8c\x87J:
webdav.stream_name$
"Test Series S01E01 - Episode 1.mp4z \x85  \x84
Ad\x87s)\xed{S\x80G\xb2\x89Y\xccO_\xa4\xbe9\xb2\xa7\x96"\x96-x\xa8}\xe5*Read09\x93T\xd9\xe0k\x8c\x87A\xbb\x84w\xe1k\x8c\x87J:
webdav.stream_name$
"Test Series S01E01 - Episode 1.mp4z \x85  \x84
Ad\x87s)\xed{S\x80G\xb2\x89Y\xccO\xd3=\xcf˂\xf2"\x96-x\xa8}\xe5*Read09{\x9ax\xe1k\x8c\x87A\x9a\xb3\xe2k\x8c\x87J:
webdav.stream_name$
"Test Series S01E01 - Episode 1.mp4z \x85  \x84
Ad\x87s)\xed{S\x80G\xb2\x89Y\xccOX_\x8e\x84	h"\x96-x\xa8}\xe5*Read09<\xc4\xe2k\x8c\x87A\xec\xb6\xe2k\x8c\x87J:
webdav.stream_name$
"Test Series S01E01 - Episode 1.mp4z \x85  \x84
Ad\x87s)\xed{S\x80G\xb2\x89Y\xccO\xabw{|\xfe-\xd2@"\x96-x\xa8}\xe5*Read09\x94\xb8\xe2k\x8c\x87AԀT\xe3k\x8c\x87J:
webdav.stream_name$
"Test Series S01E01 - Episode 1.mp4z \x85  \x84
Ad\x87s)\xed{S\x80G\xb2\x89Y\xccO\xca\xd3:\x82\xf8\xde	"\x96-x\xa8}\xe5*Read09\xa6U\xe3k\x8c\x87AM\xce\xf3\xe3k\x8c\x87J:
webdav.stream_name$
"Test Series S01E01 - Episode 1.mp4z \x85  \x84
Ad\x87s)\xed{S\x80G\xb2\x89Y\xccOW=-\xeb\xd21\x94H"\x96-x\xa8}\xe5*Read09v\xf5\xe3k\x8c\x87A\xa0\x8d\x93\xe4k\x8c\x87J:
webdav.stream_name$
"Test Series S01E01 - Episode 1.mp4z \x85  \x84
Ad\x87s)\xed{S\x80G\xb2\x89Y\xccO\x8f\x8dO_\x9c\x95_\xe3"\x96-x\xa8}\xe5*Read09\xf1\x94\xe4k\x8c\x87AN]1\xe5k\x8c\x87J:
webdav.stream_name$
"Test Series S01E01 - Episode 1.mp4z \x85  \x84
Ad\x87s)\xed{S\x80G\xb2\x89Y\xccO&ӴR\xed>"\x96-x\xa8}\xe5*Read09&\xaf2\xe5k\x8c\x87A1$\xd0\xe5k\x8c\x87J:
webdav.stream_name$
"Test Series S01E01 - Episode 1.mp4z \x85  \x84
Ad\x87s)\xed{S\x80G\xb2\x89Y\xccO`\x8c\xbf3O\xbb\xa3"\x96-x\xa8}\xe5*Read09g@\xd1\xe5k\x8c\x87A\x8c\x89n\xe6k\x8c\x87J:
webdav.stream_name$
"Test Series S01E01 - Episode 1.mp4z \x85  \x84
Ad\x87s)\xed{S\x80G\xb2\x89Y\xccOK"\xb9)*n"\x96-x\xa8}\xe5*Read09\xa4o\xe6k\x8c\x87AƝ\xe7k\x8c\x87J:
webdav.stream_name$
"Test Series S01E01 - Episode 1.mp4z \x85  \x84
Ad\x87s)\xed{S\x80G\xb2\x89Y\xccO\xeeӑ\xfa9\xffQ'"\x96-x\xa8}\xe5*Read09|\xa2\xe7k\x8c\x87A\xf4L\xaa\xe7k\x8c\x87J:
webdav.stream_name$
"Test Series S01E01 - Episode 1.mp4z \x85  \x84
Ad\x87s)\xed{S\x80G\xb2\x89Y\xccO\xc2\xe7\xfb\\xa3"\x96-x\xa8}\xe5*Read094Z\xab\xe7k\x8c\x87A.6H\xe8k\x8c\x87J:
webdav.stream_name$
"Test Series S01E01 - Episode 1.mp4z \x85  \x84
Ad\x87s)\xed{S\x80G\xb2\x89Y\xccO~\xff\xf5\xb7\xf5\x888"\x96-x\xa8}\xe5*Read09#I\xe8k\x8c\x87A'm\xe6\xe8k\x8c\x87J:
webdav.stream_name$
"Test Series S01E01 - Episode 1.mp4z \x85  \x84
Ad\x87s)\xed{S\x80G\xb2\x89Y\xccO\xd3\xe0\xaa4\x98$\x90""\x96-x\xa8}\xe5*Read09\xb2x\xe7\xe8k\x8c\x87A\xc2Å\xe9k\x8c\x87J:
webdav.stream_name$
"Test Series S01E01 - Episode 1.mp4z \x85  \x84
Ad\x87s)\xed{S\x80G\xb2\x89Y\xccO]I\xcc6a\xa9\xda"\x96-x\xa8}\xe5*Read09\x84͆\xe9k\x8c\x87A\xbd\x8e%\xeak\x8c\x87J:
webdav.stream_name$
"Test Series S01E01 - Episode 1.mp4z \x85  \x84
Ad\x87s)\xed{S\x80G\xb2\x89Y\xccO\xdbs\xf6\xc3\xfaU\xb9"\x96-x\xa8}\xe5*Read09\xda\xe3&\xeak\x8c\x87A
\xc5\xeak\x8c\x87J:
webdav.stream_name$
"Test Series S01E01 - Episode 1.mp4z \x85  \x84
Ad\x87s)\xed{S\x80G\xb2\x89Y\xccOғ\x9b\xbf\xc9Uu"\x96-x\xa8}\xe5*Read09\xd77\xc6\xeak\x8c\x87A\xbf\xe6b\xebk\x8c\x87J:
webdav.stream_name$
"Test Series S01E01 - Episode 1.mp4z \x85  \x84
Ad\x87s)\xed{S\x80G\xb2\x89Y\xccO鑌r\xf5;4J"\x96-x\xa8}\xe5*Read09\xd0#d\xebk\x8c\x87A\xba \xeck\x8c\x87J:
webdav.stream_name$
"Test Series S01E01 - Episode 1.mp4z \x85  
Batch 9:

\xc1d


service.name
xteve\xa3d

webdav\x84
Ad\x87s)\xed{S\x80G\xb2\x89Y\xccO\xd4\xadֱ56f"\x96-x\xa8}\xe5*Read09nL\xeck\x8c\x87A\xe8\xfb\x9f\xeck\x8c\x87J:
webdav.stream_name$
"Test Series S01E01 - Episode 1.mp4z \x85  \x84
Ad\x87s)\xed{S\x80G\xb2\x89Y\xccO3\xbe\x97\x86H_9"\x96-x\xa8}\xe5*Read09\xbb\xa1\xeck\x8c\x87A\x821>\xedk\x8c\x87J:
webdav.stream_name$
"Test Series S01E01 - Episode 1.mp4z \x85  \x84
Ad\x87s)\xed{S\x80G\xb2\x89Y\xccOv1\x90ݻ<"\x96-x\xa8}\xe5*Read09M2?\xedk\x8c\x87A[\xe9\xdd\xedk\x8c\x87J:
webdav.stream_name$
"Test Series S01E01 - Episode 1.mp4z \x85  \x84
Ad\x87s)\xed{S\x80G\xb2\x89Y\xccO\xd0\xd0\x8a\xed<i\xdb"\x96-x\xa8}\xe5*Read094\xdf\xedk\x8c\x87AiS|\xeek\x8c\x87J:
webdav.stream_name$
"Test Series S01E01 - Episode 1.mp4z \x85  \x84
Ad\x87s)\xed{S\x80G\xb2\x89Y\xccO3\xe0\xaep\x83\x91\xb9D"\x96-x\xa8}\xe5*Read09zl}\xeek\x8c\x87A\x97\xb1\xefk\x8c\x87J:
webdav.stream_name$
"Test Series S01E01 - Episode 1.mp4z \x85  \x84
Ad\x87s)\xed{S\x80G\xb2\x89Y\xccOJbz\xaf\xb6t\xf7"\x96-x\xa8}\xe5*Read09\xe7\xefk\x8c\x87Am@\xbb\xefk\x8c\x87J:
webdav.stream_name$
"Test Series S01E01 - Episode 1.mp4z \x85  \x84
Ad\x87s)\xed{S\x80G\xb2\x89Y\xccOZ\xd8QEm\xbc"\x96-x\xa8}\xe5*Read09\x81\xbc\xefk\x8c\x87Aa\xe0X\xf0k\x8c\x87J:
webdav.stream_name$
"Test Series S01E01 - Episode 1.mp4z \x85  \x84
Ad\x87s)\xed{S\x80G\xb2\x89Y\xccOL\xe3\x80Q\x94u\xbeR"\x96-x\xa8}\xe5*Read09\xebtZ\xf0k\x8c\x87A\xb4>\xf8\xf0k\x8c\x87J:
webdav.stream_name$
"Test Series S01E01 - Episode 1.mp4z \x85  \x84
Ad\x87s)\xed{S\x80G\xb2\x89Y\xccO\x82OR\x91\xa0\xe0\x85"\x96-x\xa8}\xe5*Read09\x85\xf9\xf0k\x8c\x87A\xc0s\x96\xf1k\x8c\x87J:
webdav.stream_name$
"Test Series S01E01 - Episode 1.mp4z \x85  \x84
Ad\x87s)\xed{S\x80G\xb2\x89Y\xccO5\xa7F\xd2cO"\x96-x\xa8}\xe5*Read09\xf1\xb2\x97\xf1k\x8c\x87Aj~5\xf2k\x8c\x87J:
webdav.stream_name$
"Test Series S01E01 - Episode 1.mp4z \x85  \x84
Ad\x87s)\xed{S\x80G\xb2\x89Y\xccO;s\xc7,\xb2B0"\x96-x\xa8}\xe5*Read093\x8f6\xf2k\x8c\x87A\xaa\xd3\xf2k\x8c\x87J:
webdav.stream_name$
"Test Series S01E01 - Episode 1.mp4z \x85  \x84
Ad\x87s)\xed{S\x80G\xb2\x89Y\xccOM2T\xb2o\xef^\xb6"\x96-x\xa8}\xe5*Read09r\xf8\xd4\xf2k\x8c\x87A\xc3hp\xf3k\x8c\x87J:
webdav.stream_name$
"Test Series S01E01 - Episode 1.mp4z \x85  \x84
Ad\x87s)\xed{S\x80G\xb2\x89Y\xccO1\xb4UZU\xa8\xec"\x96-x\xa8}\xe5*Read09\x89pq\xf3k\x8c\x87A\xee	\xf4k\x8c\x87J:
webdav.stream_name$
"Test Series S01E01 - Episode 1.mp4z \x85  \x84
Ad\x87s)\xed{S\x80G\xb2\x89Y\xccO"\xa7\xf41_\xe9\xf0\xa8"\x96-x\xa8}\xe5*Read09\xa1)\xf4k\x8c\x87A2\xb0\xf4k\x8c\x87J:
webdav.stream_name$
"Test Series S01E01 - Episode 1.mp4z \x85  \x84
Ad\x87s)\xed{S\x80G\xb2\x89Y\xccO\x9a\xe4sNdA"\x96-x\xa8}\xe5*Read09	n\xb1\xf4k\x8c\x87A\xee\xb2P\xf5k\x8c\x87J:
webdav.stream_name$
"Test Series S01E01 - Episode 1.mp4z \x85  \x84
Ad\x87s)\xed{S\x80G\xb2\x89Y\xccOM\xde_\x8a\x81\xfd\xaeH"\x96-x\xa8}\xe5*Read09\xc3R\xf5k\x8c\x87Aa\xeb\xee\xf5k\x8c\x87J:
webdav.stream_name$
"Test Series S01E01 - Episode 1.mp4z \x85  \x84
Ad\x87s)\xed{S\x80G\xb2\x89Y\xccO\xcf˲\x90!
\x95"\x96-x\xa8}\xe5*Read09\xa5\xf0\xf5k\x8c\x87A\xbf\xb3\x90\xf6k\x8c\x87J:
webdav.stream_name$
"Test Series S01E01 - Episode 1.mp4z \x85  \x84
Ad\x87s)\xed{S\x80G\xb2\x89Y\xccOq\xd7\xf0\xb2!\xb7"\x96-x\xa8}\xe5*Read09\x83\xc1\x92\xf6k\x8c\x87A\xa6/\xf7k\x8c\x87J:
webdav.stream_name$
"Test Series S01E01 - Episode 1.mp4z \x85  \x84
Ad\x87s)\xed{S\x80G\xb2\x89Y\xccOF\xf5\x86b\x91\x95"\x96-x\xa8}\xe5*Read09\x81M0\xf7k\x8c\x87Aɠ\xcd\xf7k\x8c\x87J:
webdav.stream_name$
"Test Series S01E01 - Episode 1.mp4z \x85  \x84
Ad\x87s)\xed{S\x80G\xb2\x89Y\xccO\x8c\xdd\xd7cQ\xd3"\x96-x\xa8}\xe5*Read09\xed@\xcf\xf7k\x8c\x87Al\xf8k\x8c\x87J:
webdav.stream_name$
"Test Series S01E01 - Episode 1.mp4z \x85  \x84
Ad\x87s)\xed{S\x80G\xb2\x89Y\xccOr\xb2H4IcF"\x96-x\xa8}\xe5*Read09W"m\xf8k\x8c\x87AGQ\xf9k\x8c\x87J:
webdav.stream_name$
"Test Series S01E01 - Episode 1.mp4z \x85  \x84
Ad\x87s)\xed{S\x80G\xb2\x89Y\xccO\x99ֶ_s\xae\x9a"\x96-x\xa8}\xe5*Read09\x9a\xf9k\x8c\x87Az'\xaf\xf9k\x8c\x87J:
webdav.stream_name$
"Test Series S01E01 - Episode 1.mp4z \x85  \x84
Ad\x87s)\xed{S\x80G\xb2\x89Y\xccOk`_A6"\x96-x\xa8}\xe5*Read09F\x8c\xb0\xf9k\x8c\x87A\xc7M\xfak\x8c\x87J:
webdav.stream_name$
"Test Series S01E01 - Episode 1.mp4z \x85  \x84
Ad\x87s)\xed{S\x80G\xb2\x89Y\xccO?M2\x8d\xaa@d"\x96-x\xa8}\xe5*Read09ptN\xfak\x8c\x87A\x90\x8e\xeb\xfak\x8c\x87J:
webdav.stream_name$
"Test Series S01E01 - Episode 1.mp4z \x85  \x84
Ad\x87s)\xed{S\x80G\xb2\x89Y\xccO^\xa5W\x93ƥF"\x96-x\xa8}\xe5*Read09\xea\xb3\xec\xfak\x8c\x87A\xe46\x8a\xfbk\x8c\x87J:
webdav.stream_name$
"Test Series S01E01 - Episode 1.mp4z \x85  \x84
Ad\x87s)\xed{S\x80G\xb2\x89Y\xccO\x96\xb0p\xb2\x81\xb0\xe9"\x96-x\xa8}\xe5*Read09\xff~\x8b\xfbk\x8c\x87A	\x90*\xfck\x8c\x87J:
webdav.stream_name$
"Test Series S01E01 - Episode 1.mp4z \x85  \x84
Ad\x87s)\xed{S\x80G\xb2\x89Y\xccO	\x94f\x9cOM\x88"\x96-x\xa8}\xe5*Read09`\xb1+\xfck\x8c\x87A\xe5\xda\xc9\xfck\x8c\x87J:
webdav.stream_name$
"Test Series S01E01 - Episode 1.mp4z \x85  \x84
Ad\x87s)\xed{S\x80G\xb2\x89Y\xccOimMk}$J	"\x96-x\xa8}\xe5*Read09\xbf\xcb\xfck\x8c\x87A!\xebh\xfdk\x8c\x87J:
webdav.stream_name$
"Test Series S01E01 - Episode 1.mp4z \x85  \x84
Ad\x87s)\xed{S\x80G\xb2\x89Y\xccO\x92}\xd4\xef\x8cU'"\x96-x\xa8}\xe5*Read09\xc1\xc7j\xfdk\x8c\x87Aȵ	\xfek\x8c\x87J:
webdav.stream_name$
"Test Series S01E01 - Episode 1.mp4z \x85  \x84
Ad\x87s)\xed{S\x80G\xb2\x89Y\xccO`i5|@ ~\x97"\x96-x\xa8}\xe5*Read095\xe4
\xfek\x8c\x87A=\xa7\xfek\x8c\x87J:
webdav.stream_name$
"Test Series S01E01 - Episode 1.mp4z \x85  \x84
Ad\x87s)\xed{S\x80G\xb2\x89Y\xccO \x94\xf0\xcdڇ\xfb"\x96-x\xa8}\xe5*Read09cg\xa8\xfek\x8c\x87AB G\xffk\x8c\x87J:
webdav.stream_name$
"Test Series S01E01 - Episode 1.mp4z \x85  \x84
Ad\x87s)\xed{S\x80G\xb2\x89Y\xccO\xad0\x91\xc1\x90E\xae\xde"\x96-x\xa8}\xe5*Read09\xbe3H\xffk\x8c\x87A\xa9\xd0\xe6\xffk\x8c\x87J:
webdav.stream_name$
"Test Series S01E01 - Episode 1.mp4z \x85  \x84
Ad\x87s)\xed{S\x80G\xb2\x89Y\xccO\xa1$\xd23\x9bp	\xac"\x96-x\xa8}\xe5*Read09\xb4\xed\xe7\xffk\x8c\x87A\xbe\xf7\x85 l\x8c\x87J:
webdav.stream_name$
"Test Series S01E01 - Episode 1.mp4z \x85  \x84
Ad\x87s)\xed{S\x80G\xb2\x89Y\xccOA\xf8\xdb\xc1\x90T"\x96-x\xa8}\xe5*Read09\xe3j\x87 l\x8c\x87A\xb6k%l\x8c\x87J:
webdav.stream_name$
"Test Series S01E01 - Episode 1.mp4z \x85  \x84
Ad\x87s)\xed{S\x80G\xb2\x89Y\xccO)5\x95}\xe6<\xc8"\x96-x\xa8}\xe5*Read09\xaa'l\x8c\x87ADP\xc2l\x8c\x87J:
webdav.stream_name$
"Test Series S01E01 - Episode 1.mp4z \x85  \x84
Ad\x87s)\xed{S\x80G\xb2\x89Y\xccOM3\x8b\x9d\xa3\xbb\xca"\x96-x\xa8}\xe5*Read09\x90l\xc4l\x8c\x87ASbl\x8c\x87J:
webdav.stream_name$
"Test Series S01E01 - Episode 1.mp4z \x85  \x84
Ad\x87s)\xed{S\x80G\xb2\x89Y\xccO\xe0>\xa8\xf2 \xbaz"\x96-x\xa8}\xe5*Read091\x82cl\x8c\x87A\x87l\x8c\x87J:
webdav.stream_name$
"Test Series S01E01 - Episode 1.mp4z \x85  \x84
Ad\x87s)\xed{S\x80G\xb2\x89Y\xccO\xfab\x9d\xbf\x83(
~"\x96-x\xa8}\xe5*Read09\x8cl\x8c\x87AEg\xa1l\x8c\x87J:
webdav.stream_name$
"Test Series S01E01 - Episode 1.mp4z \x85  \x84
Ad\x87s)\xed{S\x80G\xb2\x89Y\xccO\x80\xe7\xe7gi(A"\x96-x\xa8}\xe5*Read09t\xa8\xa2l\x8c\x87AY@l\x8c\x87J:
webdav.stream_name$
"Test Series S01E01 - Episode 1.mp4z \x85  \x84
Ad\x87s)\xed{S\x80G\xb2\x89Y\xccOH\xa2\x81\xba\x8eٌ."\x96-x\xa8}\xe5*Read09O\xcbAl\x8c\x87AV\xdfl\x8c\x87J:
webdav.stream_name$
"Test Series S01E01 - Episode 1.mp4z \x85  \x84
Ad\x87s)\xed{S\x80G\xb2\x89Y\xccO\x86\xb8\xfb6\xf2G\x93"\x96-x\xa8}\xe5*Read09u\xe0l\x8c\x87A\xfdn\x80l\x8c\x87J:
webdav.stream_name$
"Test Series S01E01 - Episode 1.mp4z \x85  \x84
Ad\x87s)\xed{S\x80G\xb2\x89Y\xccO\xf4Kş\xbc\x9a"\x96-x\xa8}\xe5*Read09\xab\x81l\x8c\x87A\xc9\xe5l\x8c\x87J:
webdav.stream_name$
"Test Series S01E01 - Episode 1.mp4z \x85  \x84
Ad\x87s)\xed{S\x80G\xb2\x89Y\xccO\xbel?\xb0^\xd1r/"\x96-x\xa8}\xe5*Read09\xc0\xc4!l\x8c\x87A\xcd\xc0\xbel\x8c\x87J:
webdav.stream_name$
"Test Series S01E01 - Episode 1.mp4z \x85  \x84
Ad\x87s)\xed{S\x80G\xb2\x89Y\xccO<\xed\x8c\xdc\xe5>W\xbf"\x96-x\xa8}\xe5*Read09 \xe7\xbfl\x8c\x87A\x9c\xb5^l\x8c\x87J:
webdav.stream_name$
"Test Series S01E01 - Episode 1.mp4z \x85  \x84
Ad\x87s)\xed{S\x80G\xb2\x89Y\xccOO\xb9\xf6\xa8Q\x92\xfa\xb3"\x96-x\xa8}\xe5*Read09\xfb\xc1_l\x8c\x87A\xdf\xf8\xfcl\x8c\x87J:
webdav.stream_name$
"Test Series S01E01 - Episode 1.mp4z \x85  \x84
Ad\x87s)\xed{S\x80G\xb2\x89Y\xccO\x82\xe3\xdek\xed{"\x96-x\xa8}\xe5*Read09\x92\xfel\x8c\x87AT\x9cl\x8c\x87J:
webdav.stream_name$
"Test Series S01E01 - Episode 1.mp4z \x85  \x84
Ad\x87s)\xed{S\x80G\xb2\x89Y\xccO\xda\xde\x8du>i"\x96-x\xa8}\xe5*Read09m\x8a\x9dl\x8c\x87AO\xe0;	l\x8c\x87J:
webdav.stream_name$
"Test Series S01E01 - Episode 1.mp4z \x85  \x84
Ad\x87s)\xed{S\x80G\xb2\x89Y\xccO\x98}\xbd\x97R\xb5\xf4"\x96-x\xa8}\xe5*Read09\xb1%=	l\x8c\x87A\xe6A\xdd	l\x8c\x87J:
webdav.stream_name$
"Test Series S01E01 - Episode 1.mp4z \x85  \x84
Ad\x87s)\xed{S\x80G\xb2\x89Y\xccO'j\xab\xe4\x8eV7"\x96-x\xa8}\xe5*Read09Ɍ\xdf	l\x8c\x87A\xb4\xb9~
l\x8c\x87J:
webdav.stream_name$
"Test Series S01E01 - Episode 1.mp4z \x85  \x84
Ad\x87s)\xed{S\x80G\xb2\x89Y\xccOO.z\x8em\xd7\x9f"\x96-x\xa8}\xe5*Read09\xdd$\x80
l\x8c\x87A\xf8Wl\x8c\x87J:
webdav.stream_name$
"Test Series S01E01 - Episode 1.mp4z \x85  \x84
Ad\x87s)\xed{S\x80G\xb2\x89Y\xccO\xf9A\x8a\xea
\xe4\xd2\xef"\x96-x\xa8}\xe5*Read09\xacXl\x8c\x87A>^\xbcl\x8c\x87J:
webdav.stream_name$
"Test Series S01E01 - Episode 1.mp4z \x85  \x84
Ad\x87s)\xed{S\x80G\xb2\x89Y\xccO瓦\xcdlV"\x96-x\xa8}\xe5*Read09	\x8f\xbdl\x8c\x87A\x9c\xfb\l\x8c\x87J:
webdav.stream_name$
"Test Series S01E01 - Episode 1.mp4z \x85  \x84
Ad\x87s)\xed{S\x80G\xb2\x89Y\xccO7<>t\xf2\xc6Ɲ"\x96-x\xa8}\xe5*Read09\xb13^l\x8c\x87A\xd1	\xfdl\x8c\x87J:
webdav.stream_name$
"Test Series S01E01 - Episode 1.mp4z \x85  \x84
Ad\x87s)\xed{S\x80G\xb2\x89Y\xccO"\x8b\x84\xb4\xb5\xdd"\x96-x\xa8}\xe5*Read09v]\xfel\x8c\x87Aݝ\x9el\x8c\x87J:
webdav.stream_name$
"Test Series S01E01 - Episode 1.mp4z \x85  \x84
Ad\x87s)\xed{S\x80G\xb2\x89Y\xccO\x97O\x87\xbb\xb47\xdc"\x96-x\xa8}\xe5*Read09\x92~\xa0l\x8c\x87A֑@l\x8c\x87J:
webdav.stream_name$
"Test Series S01E01 - Episode 1.mp4z \x85  \x84
Ad\x87s)\xed{S\x80G\xb2\x89Y\xccOxD\xd1N\xefq"\x96-x\xa8}\xe5*Read099\xc1Bl\x8c\x87A\xf92\xdfl\x8c\x87J:
webdav.stream_name$
"Test Series S01E01 - Episode 1.mp4z \x85  \x84
Ad\x87s)\xed{S\x80G\xb2\x89Y\xccO;=|tb\x9ct\x9b"\x96-x\xa8}\xe5*Read09\xc1\xd2\xe1l\x8c\x87A\xd5}l\x8c\x87J:
webdav.stream_name$
"Test Series S01E01 - Episode 1.mp4z \x85  \x84
Ad\x87s)\xed{S\x80G\xb2\x89Y\xccO\xbe\xe1\xce=\xf5\xda\xe7\xb0"\x96-x\xa8}\xe5*Read09\xb6\x8c~l\x8c\x87A\xf1\xe9l\x8c\x87J:
webdav.stream_name$
"Test Series S01E01 - Episode 1.mp4z \x85  \x84
Ad\x87s)\xed{S\x80G\xb2\x89Y\xccO|\x91(k2q\x98"\x96-x\xa8}\xe5*Read09fSl\x8c\x87Aw;\xbbl\x8c\x87J:
webdav.stream_name$
"Test Series S01E01 - Episode 1.mp4z \x85  \x84
Ad\x87s)\xed{S\x80G\xb2\x89Y\xccO\xb0\xe2\xb5'	\x9aH\xce"\x96-x\xa8}\xe5*Read09޴\xbcl\x8c\x87AS\x96Yl\x8c\x87J:
webdav.stream_name$
"Test Series S01E01 - Episode 1.mp4z \x85  \x84
Ad\x87s)\xed{S\x80G\xb2\x89Y\xccO[\x93\xb7\x81\xe1\x92\xf3C"\x96-x\xa8}\xe5*Read09\xa7\xfbZl\x8c\x87A\xbeK\xf9l\x8c\x87J:
webdav.stream_name$
"Test Series S01E01 - Episode 1.mp4z \x85  \x84
Ad\x87s)\xed{S\x80G\xb2\x89Y\xccOV0\x95\xd3KW\xc5"\x96-x\xa8}\xe5*Read09\\x91\xfbl\x8c\x87A/\x98l\x8c\x87J:
webdav.stream_name$
"Test Series S01E01 - Episode 1.mp4z \x85  \x84
Ad\x87s)\xed{S\x80G\xb2\x89Y\xccOi\xb23\xabV\x92;\xbc"\x96-x\xa8}\xe5*Read09\xec\x99l\x8c\x87A\xffk6l\x8c\x87J:
webdav.stream_name$
"Test Series S01E01 - Episode 1.mp4z \x85  \x84
Ad\x87s)\xed{S\x80G\xb2\x89Y\xccO\xfbϺzT(g"\x96-x\xa8}\xe5*Read09-\xc17l\x8c\x87AH\xd4l\x8c\x87J:
webdav.stream_name$
"Test Series S01E01 - Episode 1.mp4z \x85  \x84
Ad\x87s)\xed{S\x80G\xb2\x89Y\xccOv!,\xd7;\x94J\x8f"\x96-x\xa8}\xe5*Read09p\xd5l\x8c\x87Ah0sl\x8c\x87J:
webdav.stream_name$
"Test Series S01E01 - Episode 1.mp4z \x85  \x84
Ad\x87s)\xed{S\x80G\xb2\x89Y\xccO\x9ff\x86\xd8*\xa3\xa4\x8a"\x96-x\xa8}\xe5*Read09\x841tl\x8c\x87AI)l\x8c\x87J:
webdav.stream_name$
"Test Series S01E01 - Episode 1.mp4z \x85  \x84
Ad\x87s)\xed{S\x80G\xb2\x89Y\xccO\xd2\xe4\xa0)b\x92\xb1?"\x96-x\xa8}\xe5*Read093nl\x8c\x87A\xd0_\xafl\x8c\x87J:
webdav.stream_name$
"Test Series S01E01 - Episode 1.mp4z \x85  \x84
Ad\x87s)\xed{S\x80G\xb2\x89Y\xccO(\xc1	\x9eu9 \xed"\x96-x\xa8}\xe5*Read09\x93\x90\xb0l\x8c\x87AE#Nl\x8c\x87J:
webdav.stream_name$
"Test Series S01E01 - Episode 1.mp4z \x85  \x84
Ad\x87s)\xed{S\x80G\xb2\x89Y\xccOtz\xcb7X6\xe4"\x96-x\xa8}\xe5*Read09)?Ol\x8c\x87Az\xf9\xecl\x8c\x87J:
webdav.stream_name$
"Test Series S01E01 - Episode 1.mp4z \x85  \x84
Ad\x87s)\xed{S\x80G\xb2\x89Y\xccO\xbb\xc53\xea\x82s\x93\xfc"\x96-x\xa8}\xe5*Read09\xf18\xeel\x8c\x87A`\x8bl\x8c\x87J:
webdav.stream_name$
"Test Series S01E01 - Episode 1.mp4z \x85  \x84
Ad\x87s)\xed{S\x80G\xb2\x89Y\xccO\x8c'˦)\x8e\xac"\x96-x\xa8}\xe5*Read09\x906\x8cl\x8c\x87A\xba\xf8)l\x8c\x87J:
webdav.stream_name$
"Test Series S01E01 - Episode 1.mp4z \x85  \x84
Ad\x87s)\xed{S\x80G\xb2\x89Y\xccO:h#?l\xf4\x9a"\x96-x\xa8}\xe5*Read09\xa8M+l\x8c\x87AWw\xc8l\x8c\x87J:
webdav.stream_name$
"Test Series S01E01 - Episode 1.mp4z \x85  \x84
Ad\x87s)\xed{S\x80G\xb2\x89Y\xccO\x85S\xd4\xc7I"\x96-x\xa8}\xe5*Read09\xeb\x96\xc9l\x8c\x87A9hl\x8c\x87J:
webdav.stream_name$
"Test Series S01E01 - Episode 1.mp4z \x85  \x84
Ad\x87s)\xed{S\x80G\xb2\x89Y\xccO\x9b\xa2ڕ\xcaR8"\x96-x\xa8}\xe5*Read09\xc1\xb0il\x8c\x87A$zl\x8c\x87J:
webdav.stream_name$
"Test Series S01E01 - Episode 1.mp4z \x85  \x84
Ad\x87s)\xed{S\x80G\xb2\x89Y\xccO\xf7\xd3/\x93\x97\xb5'V"\x96-x\xa8}\xe5*Read09l\xb8l\x8c\x87A)h\xa7l\x8c\x87J:
webdav.stream_name$
"Test Series S01E01 - Episode 1.mp4z \x85  \x84
Ad\x87s)\xed{S\x80G\xb2\x89Y\xccO߬@C\xbd
\xfa"\x96-x\xa8}\xe5*Read09ܱ\xa8l\x8c\x87AʡGl\x8c\x87J:
webdav.stream_name$
"Test Series S01E01 - Episode 1.mp4z \x85  \x84
Ad\x87s)\xed{S\x80G\xb2\x89Y\xccO#X"0O\xb6ߑ"\x96-x\xa8}\xe5*Read09\xb9\xacHl\x8c\x87A\x94*\xe5l\x8c\x87J:
webdav.stream_name$
"Test Series S01E01 - Episode 1.mp4z \x85  \x84
Ad\x87s)\xed{S\x80G\xb2\x89Y\xccO\xfft\xbb\xde{\xd6<"\x96-x\xa8}\xe5*Read09l\\xe6l\x8c\x87A\xbcr\x83l\x8c\x87J:
webdav.stream_name$
"Test Series S01E01 - Episode 1.mp4z \x85  \x84
Ad\x87s)\xed{S\x80G\xb2\x89Y\xccO\xa2\xdauq\xec\xc9"\x96-x\xa8}\xe5*Read09ՙ\x84l\x8c\x87A\xa5\xab"l\x8c\x87J:
webdav.stream_name$
"Test Series S01E01 - Episode 1.mp4z \x85  \x84
Ad\x87s)\xed{S\x80G\xb2\x89Y\xccO\xfe\xe4\x87&\xc8\xc1\xc7*"\x96-x\xa8}\xe5*Read09\xef\xf0#l\x8c\x87A\xe2\xc5\xc1l\x8c\x87J:
webdav.stream_name$
"Test Series S01E01 - Episode 1.mp4z \x85  \x84
Ad\x87s)\xed{S\x80G\xb2\x89Y\xccO\xd4- S\xe4r"\x96-x\xa8}\xe5*Read09_	\xc3l\x8c\x87A?d`l\x8c\x87J:
webdav.stream_name$
"Test Series S01E01 - Episode 1.mp4z \x85  \x84
Ad\x87s)\xed{S\x80G\xb2\x89Y\xccO\xa5\x8bSsc$`"\x96-x\xa8}\xe5*Read09\x9e\xa4al\x8c\x87A`M\xffl\x8c\x87J:
webdav.stream_name$
"Test Series S01E01 - Episode 1.mp4z \x85  \x84
Ad\x87s)\xed{S\x80G\xb2\x89Y\xccO;\xa8ʫ&\xcc,\xad"\x96-x\xa8}\xe5*Read09^\xa5 l\x8c\x87AQ\xbc\x9el\x8c\x87J:
webdav.stream_name$
"Test Series S01E01 - Episode 1.mp4z \x85  \x84
Ad\x87s)\xed{S\x80G\xb2\x89Y\xccO~\xab\\xcb$\xa5\x8c\xb0"\x96-x\xa8}\xe5*Read09*\xaf\xa0l\x8c\x87A"> l\x8c\x87J:
webdav.stream_name$
"Test Series S01E01 - Episode 1.mp4z \x85  \x84
Ad\x87s)\xed{S\x80G\xb2\x89Y\xccO\xdd\xf4\xd5N"\x82"\x96-x\xa8}\xe5*Read09ɢ? l\x8c\x87A\xbb\xaa\xdd l\x8c\x87J:
webdav.stream_name$
"Test Series S01E01 - Episode 1.mp4z \x85  \x84
Ad\x87s)\xed{S\x80G\xb2\x89Y\xccO\xae\x8c1l\xa1m\x84"\x96-x\xa8}\xe5*Read09D\xeb\xde l\x8c\x87A/(~!l\x8c\x87J:
webdav.stream_name$
"Test Series S01E01 - Episode 1.mp4z \x85  \x84
Ad\x87s)\xed{S\x80G\xb2\x89Y\xccO\x81٦\xd3'S\xf0\xf0"\x96-x\xa8}\xe5*Read09\xa7\x9f!l\x8c\x87AJ\xe5"l\x8c\x87J:
webdav.stream_name$
"Test Series S01E01 - Episode 1.mp4z \x85  \x84
Ad\x87s)\xed{S\x80G\xb2\x89Y\xccO\xc8\xe7f\xf2\xaf~\x8f\xf3"\x96-x\xa8}\xe5*Read09>="l\x8c\x87A\xc75\xbd"l\x8c\x87J:
webdav.stream_name$
"Test Series S01E01 - Episode 1.mp4z \x85  \x84
Ad\x87s)\xed{S\x80G\xb2\x89Y\xccO\xc8>\xde\xdf#y"\x96-x\xa8}\xe5*Read09\xbdd\xbe"l\x8c\x87A.\#l\x8c\x87J:
webdav.stream_name$
"Test Series S01E01 - Episode 1.mp4z \x85  \x84
Ad\x87s)\xed{S\x80G\xb2\x89Y\xccO\xf8\xfaoT"\x96-x\xa8}\xe5*Read09\xa1^#l\x8c\x87Av\xf9#l\x8c\x87J:
webdav.stream_name$
"Test Series S01E01 - Episode 1.mp4z \x85  \x84
Ad\x87s)\xed{S\x80G\xb2\x89Y\xccOd\x8c}\xf3"\x96-x\xa8}\xe5*Read09-\x9c\xfa#l\x8c\x87A&@\x96$l\x8c\x87J:
webdav.stream_name$
"Test Series S01E01 - Episode 1.mp4z \x85  \x84
Ad\x87s)\xed{S\x80G\xb2\x89Y\xccO\xd3a\x82\xb1\xb5\xc5PW"\x96-x\xa8}\xe5*Read09͞\x97$l\x8c\x87A\x99o5%l\x8c\x87J:
webdav.stream_name$
"Test Series S01E01 - Episode 1.mp4z \x85  \x84
Ad\x87s)\xed{S\x80G\xb2\x89Y\xccO\x9c\xb1T\xc2ɵ\xe5"\x96-x\xa8}\xe5*Read09@\xa36%l\x8c\x87A\xb4\xd4%l\x8c\x87J:
webdav.stream_name$
"Test Series S01E01 - Episode 1.mp4z \x85  \x84
Ad\x87s)\xed{S\x80G\xb2\x89Y\xccOqE+\xeah\xc5"\x96-x\xa8}\xe5*Read09\xb68\xd6%l\x8c\x87AI\xf8s&l\x8c\x87J:
webdav.stream_name$
"Test Series S01E01 - Episode 1.mp4z \x85  \x84
Ad\x87s)\xed{S\x80G\xb2\x89Y\xccO\x94n\xa8\xfeв\xbe="\x96-x\xa8}\xe5*Read09pxu&l\x8c\x87A~]'l\x8c\x87J:
webdav.stream_name$
"Test Series S01E01 - Episode 1.mp4z \x85  
Batch 10:

\xcff


service.name
xteve\xb1f

webdav\x84
Ad\x87s)\xed{S\x80G\xb2\x89Y\xccO\x80@W@\xe4\xd1M"\x96-x\xa8}\xe5*Read09\xb6'l\x8c\x87A\xedή'l\x8c\x87J:
webdav.stream_name$
"Test Series S01E01 - Episode 1.mp4z \x85  \x84
Ad\x87s)\xed{S\x80G\xb2\x89Y\xccO2k\xba\x83\x9aZ\x90["\x96-x\xa8}\xe5*Read09;\xaf'l\x8c\x87AT\xebM(l\x8c\x87J:
webdav.stream_name$
"Test Series S01E01 - Episode 1.mp4z \x85  \x84
Ad\x87s)\xed{S\x80G\xb2\x89Y\xccO\xbfy}\x97P\xf2"\x96-x\xa8}\xe5*Read09LO(l\x8c\x87A\xe0\xe1\xec(l\x8c\x87J:
webdav.stream_name$
"Test Series S01E01 - Episode 1.mp4z \x85  \x84
Ad\x87s)\xed{S\x80G\xb2\x89Y\xccO)C\xc7t\x82O\xff"\x96-x\xa8}\xe5*Read09!\xa7\xed(l\x8c\x87Aow\x8b)l\x8c\x87J:
webdav.stream_name$
"Test Series S01E01 - Episode 1.mp4z \x85  \x84
Ad\x87s)\xed{S\x80G\xb2\x89Y\xccO\xac\x8c\xf5c`r\xc4;"\x96-x\xa8}\xe5*Read09\x8fX\x8d)l\x8c\x87A5**l\x8c\x87J:
webdav.stream_name$
"Test Series S01E01 - Episode 1.mp4z \x85  \x84
Ad\x87s)\xed{S\x80G\xb2\x89Y\xccO.o#\xd7\x82n\xe4"\x96-x\xa8}\xe5*Read09\xaa+*l\x8c\x87A\x87\x8f\xc8*l\x8c\x87J:
webdav.stream_name$
"Test Series S01E01 - Episode 1.mp4z \x85  \x84
Ad\x87s)\xed{S\x80G\xb2\x89Y\xccO5\xaf\xfeP\xe0"\x96-x\xa8}\xe5*Read09\xee\x9f\xc9*l\x8c\x87AX2g+l\x8c\x87J:
webdav.stream_name$
"Test Series S01E01 - Episode 1.mp4z \x85  \x84
Ad\x87s)\xed{S\x80G\xb2\x89Y\xccO\x98\xe8rO\xc21\x8e\xb4"\x96-x\xa8}\xe5*Read09\x85\xedg+l\x8c\x87AIS,l\x8c\x87J:
webdav.stream_name$
"Test Series S01E01 - Episode 1.mp4z \x85  \x84
Ad\x87s)\xed{S\x80G\xb2\x89Y\xccO\xc1\xba\xab@\x86\x9b\xf3"\x96-x\xa8}\xe5*Read09\xb1]	,l\x8c\x87AL\xa8\xaa,l\x8c\x87J:
webdav.stream_name$
"Test Series S01E01 - Episode 1.mp4z \x85  \x84
Ad\x87s)\xed{S\x80G\xb2\x89Y\xccOzu\xf0\x87\x93^\xb9"\x96-x\xa8}\xe5*Read09\x93\xf6\xab,l\x8c\x87A\xf6UJ-l\x8c\x87J:
webdav.stream_name$
"Test Series S01E01 - Episode 1.mp4z \x85  \x84
Ad\x87s)\xed{S\x80G\xb2\x89Y\xccO\xa7\xff\xd0\xe0sG`
"\x96-x\xa8}\xe5*Read09\xb2\xbfK-l\x8c\x87A\x8c#\xe9-l\x8c\x87J:
webdav.stream_name$
"Test Series S01E01 - Episode 1.mp4z \x85  \x84
Ad\x87s)\xed{S\x80G\xb2\x89Y\xccO\x9e\xc1(\xf7\xb0ɪ\xa3"\x96-x\xa8}\xe5*Read09\xebi\xea-l\x8c\x87AȬ\x89.l\x8c\x87J:
webdav.stream_name$
"Test Series S01E01 - Episode 1.mp4z \x85  \x84
Ad\x87s)\xed{S\x80G\xb2\x89Y\xccO\xad\xefc"\x8edU"\x96-x\xa8}\xe5*Read09Y\xfc\x8a.l\x8c\x87A\x8f&)/l\x8c\x87J:
webdav.stream_name$
"Test Series S01E01 - Episode 1.mp4z \x85  \x84
Ad\x87s)\xed{S\x80G\xb2\x89Y\xccOC\x90\xe50J\xa3\xad\xc7"\x96-x\xa8}\xe5*Read09\xf5R*/l\x8c\x87AdF\xc9/l\x8c\x87J:
webdav.stream_name$
"Test Series S01E01 - Episode 1.mp4z \x85  \x84
Ad\x87s)\xed{S\x80G\xb2\x89Y\xccO\x9e\x82#\xdej\xec_"\x96-x\xa8}\xe5*Read09'\xb9\xca/l\x8c\x87A\x8cj0l\x8c\x87J:
webdav.stream_name$
"Test Series S01E01 - Episode 1.mp4z \x85  \x84
Ad\x87s)\xed{S\x80G\xb2\x89Y\xccO\xfff\xde\xfa\xa7}"\x96-x\xa8}\xe5*Read09\xe5\xeck0l\x8c\x87A\xc6	1l\x8c\x87J:
webdav.stream_name$
"Test Series S01E01 - Episode 1.mp4z \x85  \x84
Ad\x87s)\xed{S\x80G\xb2\x89Y\xccOh\xec\j^m\xe1
"\x96-x\xa8}\xe5*Read0911l\x8c\x87A\xec"\xa81l\x8c\x87J:
webdav.stream_name$
"Test Series S01E01 - Episode 1.mp4z \x85  \x84
Ad\x87s)\xed{S\x80G\xb2\x89Y\xccO\xb60\xf6\xadL\x9d+"\x96-x\xa8}\xe5*Read094:\xa91l\x8c\x87A\xccKF2l\x8c\x87J:
webdav.stream_name$
"Test Series S01E01 - Episode 1.mp4z \x85  \x84
Ad\x87s)\xed{S\x80G\xb2\x89Y\xccO'h\xa1,\xe5ذ["\x96-x\xa8}\xe5*Read09\xe0\x95G2l\x8c\x87A\xd5\xf5\xe42l\x8c\x87J:
webdav.stream_name$
"Test Series S01E01 - Episode 1.mp4z \x85  \x84
Ad\x87s)\xed{S\x80G\xb2\x89Y\xccO3\x85\x8d\xb2t\x84J|"\x96-x\xa8}\xe5*Read09\xb0\xf7\xe52l\x8c\x87A\x9c%\x843l\x8c\x87J:
webdav.stream_name$
"Test Series S01E01 - Episode 1.mp4z \x85  \x84
Ad\x87s)\xed{S\x80G\xb2\x89Y\xccO\xf5z\x99w\x81b\xeb"\x96-x\xa8}\xe5*Read09,[\x853l\x8c\x87Ap #4l\x8c\x87J:
webdav.stream_name$
"Test Series S01E01 - Episode 1.mp4z \x85  \x84
Ad\x87s)\xed{S\x80G\xb2\x89Y\xccO\xd3k\xab\x8bN\xcf\xe1|"\x96-x\xa8}\xe5*Read09C$4l\x8c\x87A\xf8\x99\xc14l\x8c\x87J:
webdav.stream_name$
"Test Series S01E01 - Episode 1.mp4z \x85  \x84
Ad\x87s)\xed{S\x80G\xb2\x89Y\xccO\xaf\xcfq!\xca"\x96-x\xa8}\xe5*Read09Z\x93\xc24l\x8c\x87Awb5l\x8c\x87J:
webdav.stream_name$
"Test Series S01E01 - Episode 1.mp4z \x85  \x84
Ad\x87s)\xed{S\x80G\xb2\x89Y\xccO\x96(ZI"\x96-x\xa8}\xe5*Read091"c5l\x8c\x87AG\xbb\xff5l\x8c\x87J:
webdav.stream_name$
"Test Series S01E01 - Episode 1.mp4z \x85  \x84
Ad\x87s)\xed{S\x80G\xb2\x89Y\xccO+\xc4x\x90\x93n$"\x96-x\xa8}\xe5*Read09\xb0\xc0 6l\x8c\x87A>\xe1\x9f6l\x8c\x87J:
webdav.stream_name$
"Test Series S01E01 - Episode 1.mp4z \x85  \x84
Ad\x87s)\xed{S\x80G\xb2\x89Y\xccOT\x98\x83\xe9\xa8x\xbb"\x96-x\xa8}\xe5*Read09\xb5 \xa16l\x8c\x87A\xa3c@7l\x8c\x87J:
webdav.stream_name$
"Test Series S01E01 - Episode 1.mp4z \x85  \x84
Ad\x87s)\xed{S\x80G\xb2\x89Y\xccO\x9f\xff\xdc~b\x99\x97"\x96-x\xa8}\xe5*Read09\x81\xa0A7l\x8c\x87AI\xdf7l\x8c\x87J:
webdav.stream_name$
"Test Series S01E01 - Episode 1.mp4z \x85  \x84
Ad\x87s)\xed{S\x80G\xb2\x89Y\xccO[,2\xe2\x99\xc2^/"\x96-x\xa8}\xe5*Read09\xed@\xe07l\x8c\x87A\xf1B8l\x8c\x87J:
webdav.stream_name$
"Test Series S01E01 - Episode 1.mp4z \x85  \x84
Ad\x87s)\xed{S\x80G\xb2\x89Y\xccO\xea\xe3\xad\xed\xb9\xfc"\x96-x\xa8}\xe5*Read090z\x808l\x8c\x87A\xa89l\x8c\x87J:
webdav.stream_name$
"Test Series S01E01 - Episode 1.mp4z \x85  \x84
Ad\x87s)\xed{S\x80G\xb2\x89Y\xccO@E\xefL}\xa5Y+"\x96-x\xa8}\xe5*Read09\xbe\xde9l\x8c\x87AD\xe0\xbc9l\x8c\x87J:
webdav.stream_name$
"Test Series S01E01 - Episode 1.mp4z \x85  \x84
Ad\x87s)\xed{S\x80G\xb2\x89Y\xccO\xef*\xf2\xdcVA\xf4"\x96-x\xa8}\xe5*Read09\xdak\xbe9l\x8c\x87Ap\xbd[:l\x8c\x87J:
webdav.stream_name$
"Test Series S01E01 - Episode 1.mp4z \x85  \x84
Ad\x87s)\xed{S\x80G\xb2\x89Y\xccO\xe8
\xbd\x87\xdaj\xe9"\x96-x\xa8}\xe5*Read09\xa31]:l\x8c\x87A\xfc\xfa:l\x8c\x87J:
webdav.stream_name$
"Test Series S01E01 - Episode 1.mp4z \x85  \x84
Ad\x87s)\xed{S\x80G\xb2\x89Y\xccO\xa9ќ\xb2<\xaa"\x96-x\xa8}\xe5*Read09 \xfb:l\x8c\x87A\x8bo\x97;l\x8c\x87J:
webdav.stream_name$
"Test Series S01E01 - Episode 1.mp4z \x85  \x84
Ad\x87s)\xed{S\x80G\xb2\x89Y\xccO1\4\xa8u\xf8\xd6"\x96-x\xa8}\xe5*Read09\x93j\x98;l\x8c\x87Aj5<l\x8c\x87J:
webdav.stream_name$
"Test Series S01E01 - Episode 1.mp4z \x85  \x84
Ad\x87s)\xed{S\x80G\xb2\x89Y\xccO0(\xad\x96\xfb\x98\x861"\x96-x\xa8}\xe5*Read09\x8cX6<l\x8c\x87A\x8e\xa6\xd4<l\x8c\x87J:
webdav.stream_name$
"Test Series S01E01 - Episode 1.mp4z \x85  \x84
Ad\x87s)\xed{S\x80G\xb2\x89Y\xccO\xa0M\xcd\xfd*\xa3\x88"\x96-x\xa8}\xe5*Read09/?\xd6<l\x8c\x87Ay\xb2s=l\x8c\x87J:
webdav.stream_name$
"Test Series S01E01 - Episode 1.mp4z \x85  \x84
Ad\x87s)\xed{S\x80G\xb2\x89Y\xccOR\xfdp\xf54"\x96-x\xa8}\xe5*Read09\xe5t=l\x8c\x87A\x9a\x8e>l\x8c\x87J:
webdav.stream_name$
"Test Series S01E01 - Episode 1.mp4z \x85  \x84
Ad\x87s)\xed{S\x80G\xb2\x89Y\xccO\xadDO\xdbS\xf0X"\x96-x\xa8}\xe5*Read09\xab\xaf>l\x8c\x87A\x80\xb1>l\x8c\x87J:
webdav.stream_name$
"Test Series S01E01 - Episode 1.mp4z \x85  \x84
Ad\x87s)\xed{S\x80G\xb2\x89Y\xccO_\xa9\xda\xe9\x82q"\x96-x\xa8}\xe5*Read09\xf7\xa5\xb2>l\x8c\x87At\xeaO?l\x8c\x87J:
webdav.stream_name$
"Test Series S01E01 - Episode 1.mp4z \x85  \x84
Ad\x87s)\xed{S\x80G\xb2\x89Y\xccO\xc3֡@q\xef"\x96-x\xa8}\xe5*Read09\xe2"Q?l\x8c\x87AH\xac\xed?l\x8c\x87J:
webdav.stream_name$
"Test Series S01E01 - Episode 1.mp4z \x85  \x84
Ad\x87s)\xed{S\x80G\xb2\x89Y\xccO\xc6B$c\xdf"\x96-x\xa8}\xe5*Read09\xbc/\xef?l\x8c\x87A\xf0n\x8b@l\x8c\x87J:
webdav.stream_name$
"Test Series S01E01 - Episode 1.mp4z \x85  \x84
Ad\x87s)\xed{S\x80G\xb2\x89Y\xccO\x81J\xb27\xa8\x81\xef"\x96-x\xa8}\xe5*Read09\\xaf\x8c@l\x8c\x87Aگ+Al\x8c\x87J:
webdav.stream_name$
"Test Series S01E01 - Episode 1.mp4z \x85  \x84
Ad\x87s)\xed{S\x80G\xb2\x89Y\xccO\xbb\xa9\xa08`l\xdbQ"\x96-x\xa8}\xe5*Read093\xe4,Al\x8c\x87A\xccW\xc9Al\x8c\x87J:
webdav.stream_name$
"Test Series S01E01 - Episode 1.mp4z \x85  \x84
Ad\x87s)\xed{S\x80G\xb2\x89Y\xccO'ڔ;\xd9"\x96-x\xa8}\xe5*Read09\xb0\x8b\xcaAl\x8c\x87A\x89\x9dgBl\x8c\x87J:
webdav.stream_name$
"Test Series S01E01 - Episode 1.mp4z \x85  \x84
Ad\x87s)\xed{S\x80G\xb2\x89Y\xccOb-f\x82\xa6\x87}"\x96-x\xa8}\xe5*Read09\xe3\xc8hBl\x8c\x87A.\xbdCl\x8c\x87J:
webdav.stream_name$
"Test Series S01E01 - Episode 1.mp4z \x85  \x84
Ad\x87s)\xed{S\x80G\xb2\x89Y\xccO\x8a\xa8|v\x93\xf4w\xfe"\x96-x\xa8}\xe5*Read09\xea\xcfCl\x8c\x87A\x81\xf9\xa4Cl\x8c\x87J:
webdav.stream_name$
"Test Series S01E01 - Episode 1.mp4z \x85  \x84
Ad\x87s)\xed{S\x80G\xb2\x89Y\xccO,)\xf6\xed.-\x8e"\x96-x\xa8}\xe5*Read09\x80\xa6Cl\x8c\x87A\xfc\x9aCDl\x8c\x87J:
webdav.stream_name$
"Test Series S01E01 - Episode 1.mp4z \x85  \x84
Ad\x87s)\xed{S\x80G\xb2\x89Y\xccO\xf0\xdd\xf1U9\xc9\xf0"\x96-x\xa8}\xe5*Read09\xaa\xd1DDl\x8c\x87A\xe2Dl\x8c\x87J:
webdav.stream_name$
"Test Series S01E01 - Episode 1.mp4z \x85  \x84
Ad\x87s)\xed{S\x80G\xb2\x89Y\xccO\xcf hiv\xf76"\x96-x\xa8}\xe5*Read09tG\xe3Dl\x8c\x87A=ƀEl\x8c\x87J:
webdav.stream_name$
"Test Series S01E01 - Episode 1.mp4z \x85  \x84
Ad\x87s)\xed{S\x80G\xb2\x89Y\xccOJL)\xf5\xfbI0l"\x96-x\xa8}\xe5*Read09G\x82El\x8c\x87An3Fl\x8c\x87J:
webdav.stream_name$
"Test Series S01E01 - Episode 1.mp4z \x85  \x84
Ad\x87s)\xed{S\x80G\xb2\x89Y\xccO\xd8!ߌ\xa1"\x96-x\xa8}\xe5*Read09\xc3S Fl\x8c\x87AY\xbdFl\x8c\x87J:
webdav.stream_name$
"Test Series S01E01 - Episode 1.mp4z \x85  \x84
Ad\x87s)\xed{S\x80G\xb2\x89Y\xccO\xccn\xfd T\xdb'"\x96-x\xa8}\xe5*Read093W\xbeFl\x8c\x87A\xeeG\Gl\x8c\x87J:
webdav.stream_name$
"Test Series S01E01 - Episode 1.mp4z \x85  \x84
Ad\x87s)\xed{S\x80G\xb2\x89Y\xccO(yʶ\xc0\xbc\xbf\xf3"\x96-x\xa8}\xe5*Read09\x95]Gl\x8c\x87A-E\xfaGl\x8c\x87J:
webdav.stream_name$
"Test Series S01E01 - Episode 1.mp4z \x85  \x84
Ad\x87s)\xed{S\x80G\xb2\x89Y\xccO\xb1wT\x87\xefZ"\x96-x\xa8}\xe5*Read09[\xc6\xfbGl\x8c\x87A\xce4\x98Hl\x8c\x87J:
webdav.stream_name$
"Test Series S01E01 - Episode 1.mp4z \x85  \x84
Ad\x87s)\xed{S\x80G\xb2\x89Y\xccOA.!\x88\x9aq\xff7"\x96-x\xa8}\xe5*Read092\\x99Hl\x8c\x87AxR6Il\x8c\x87J:
webdav.stream_name$
"Test Series S01E01 - Episode 1.mp4z \x85  \x84
Ad\x87s)\xed{S\x80G\xb2\x89Y\xccO\xac\xa4;\xe6\x99&J\xec"\x96-x\xa8}\xe5*Read09\xff\7Il\x8c\x87A\xce\xd3Il\x8c\x87J:
webdav.stream_name$
"Test Series S01E01 - Episode 1.mp4z \x85  \x84
Ad\x87s)\xed{S\x80G\xb2\x89Y\xccO5\x97\xca5\x99\xf5\x8c\x82"\x96-x\xa8}\xe5*Read09=\xf2\xd4Il\x8c\x87A\xd4\xd8qJl\x8c\x87J:
webdav.stream_name$
"Test Series S01E01 - Episode 1.mp4z \x85  \x84
Ad\x87s)\xed{S\x80G\xb2\x89Y\xccO\xdcY\xfcB\xefA"\x96-x\xa8}\xe5*Read09\xac\xf3rJl\x8c\x87A~\xfcKl\x8c\x87J:
webdav.stream_name$
"Test Series S01E01 - Episode 1.mp4z \x85  \x84
Ad\x87s)\xed{S\x80G\xb2\x89Y\xccO\xf2 \xdb
.\xe67"\x96-x\xa8}\xe5*Read09\xb1,Kl\x8c\x87AL\xaeKl\x8c\x87J:
webdav.stream_name$
"Test Series S01E01 - Episode 1.mp4z \x85  \x84
Ad\x87s)\xed{S\x80G\xb2\x89Y\xccO\xb5\x9d\xd85$\x89w\xe5"\x96-x\xa8}\xe5*Read09E\xafKl\x8c\x87A\xadILl\x8c\x87J:
webdav.stream_name$
"Test Series S01E01 - Episode 1.mp4z \x85  \x84
Ad\x87s)\xed{S\x80G\xb2\x89Y\xccO\xe5:+\xeb\xaa\xba"\x96-x\xa8}\xe5*Read09\xdd\xcbJLl\x8c\x87A`E\xe7Ll\x8c\x87J:
webdav.stream_name$
"Test Series S01E01 - Episode 1.mp4z \x85  \x84
Ad\x87s)\xed{S\x80G\xb2\x89Y\xccOCN\xb7\xcbj\x90H"\x96-x\xa8}\xe5*Read09\xeak\xe8Ll\x8c\x87Ab\xe5\x83Ml\x8c\x87J:
webdav.stream_name$
"Test Series S01E01 - Episode 1.mp4z \x85  \x84
Ad\x87s)\xed{S\x80G\xb2\x89Y\xccO\xf6!\xe8\xf7j\xbf"\x96-x\xa8}\xe5*Read09#\xf6\x84Ml\x8c\x87A\x87\x9e!Nl\x8c\x87J:
webdav.stream_name$
"Test Series S01E01 - Episode 1.mp4z \x85  \x84
Ad\x87s)\xed{S\x80G\xb2\x89Y\xccO0Q\xfa\xe1t\x9d\xc5"\x96-x\xa8}\xe5*Read09\xa1\x9c"Nl\x8c\x87A4+\xc0Nl\x8c\x87J:
webdav.stream_name$
"Test Series S01E01 - Episode 1.mp4z \x85  \x84
Ad\x87s)\xed{S\x80G\xb2\x89Y\xccO\x8b\x88?P\xb41"\x96-x\xa8}\xe5*Read09\x84|\xc1Nl\x8c\x87A\xd9e_Ol\x8c\x87J:
webdav.stream_name$
"Test Series S01E01 - Episode 1.mp4z \x85  \x84
Ad\x87s)\xed{S\x80G\xb2\x89Y\xccO\xaeX\xb7r\xf8\xac\xb1"\x96-x\xa8}\xe5*Read09\xe2q`Ol\x8c\x87A׌\xfcOl\x8c\x87J:
webdav.stream_name$
"Test Series S01E01 - Episode 1.mp4z \x85  \x84
Ad\x87s)\xed{S\x80G\xb2\x89Y\xccO\x95\x91\x99\xa1\xa7"\x96-x\xa8}\xe5*Read09\xc0\xfdOl\x8c\x87A#ǙPl\x8c\x87J:
webdav.stream_name$
"Test Series S01E01 - Episode 1.mp4z \x85  \x84
Ad\x87s)\xed{S\x80G\xb2\x89Y\xccO\xc5X\xd5^9)\xe1\xa3"\x96-x\xa8}\xe5*Read09\x95ӚPl\x8c\x87A\xa3E8Ql\x8c\x87J:
webdav.stream_name$
"Test Series S01E01 - Episode 1.mp4z \x85  \x84
Ad\x87s)\xed{S\x80G\xb2\x89Y\xccOYF~\xcd\x9dB"\x96-x\xa8}\xe5*Read09\xb4Y9Ql\x8c\x87A\x91\xac\xd4Ql\x8c\x87J:
webdav.stream_name$
"Test Series S01E01 - Episode 1.mp4z \x85  \x84
Ad\x87s)\xed{S\x80G\xb2\x89Y\xccOh9t\x80fB:"\x96-x\xa8}\xe5*Read09\xfa\x99\xd5Ql\x8c\x87A\xf3\xd7qRl\x8c\x87J:
webdav.stream_name$
"Test Series S01E01 - Episode 1.mp4z \x85  \x84
Ad\x87s)\xed{S\x80G\xb2\x89Y\xccOj\xe2kY\x9a\xbc\xca"\x96-x\xa8}\xe5*Read09VsRl\x8c\x87A\xa5^Sl\x8c\x87J:
webdav.stream_name$
"Test Series S01E01 - Episode 1.mp4z \x85  \x84
Ad\x87s)\xed{S\x80G\xb2\x89Y\xccO\xb2B\xe2\xe1/X;\xce"\x96-x\xa8}\xe5*Read09\xb8USl\x8c\x87A{\xadSl\x8c\x87J:
webdav.stream_name$
"Test Series S01E01 - Episode 1.mp4z \x85  \x84
Ad\x87s)\xed{S\x80G\xb2\x89Y\xccO$\xb1eB\xd2\xf2\\xc5"\x96-x\xa8}\xe5*Read09\xbd!\xaeSl\x8c\x87A\xb6JTl\x8c\x87J:
webdav.stream_name$
"Test Series S01E01 - Episode 1.mp4z \x85  \x84
Ad\x87s)\xed{S\x80G\xb2\x89Y\xccO\x80-\xbd\xb0\xdeΚ"\x96-x\xa8}\xe5*Read09\xe0\xc3KTl\x8c\x87A\xba{\xebTl\x8c\x87J:
webdav.stream_name$
"Test Series S01E01 - Episode 1.mp4z \x85  \x84
Ad\x87s)\xed{S\x80G\xb2\x89Y\xccO\xbf"ٍe7\xad\xd4"\x96-x\xa8}\xe5*Read09X\x8d\xecTl\x8c\x87AqN\x89Ul\x8c\x87J:
webdav.stream_name$
"Test Series S01E01 - Episode 1.mp4z \x85  \x84
Ad\x87s)\xed{S\x80G\xb2\x89Y\xccOY^r\xf46\x99\xf7"\x96-x\xa8}\xe5*Read09M\x8aUl\x8c\x87A8(Vl\x8c\x87J:
webdav.stream_name$
"Test Series S01E01 - Episode 1.mp4z \x85  \x84
Ad\x87s)\xed{S\x80G\xb2\x89Y\xccO\xb5\xcc`\xa2\xf9Gnm"\x96-x\xa8}\xe5*Read09,\xa3*Vl\x8c\x87A<)\xc6Vl\x8c\x87J:
webdav.stream_name$
"Test Series S01E01 - Episode 1.mp4z \x85  \x84
Ad\x87s)\xed{S\x80G\xb2\x89Y\xccO\xba=ʡR\x84\xc3"\x96-x\xa8}\xe5*Read09\x8d>\xc7Vl\x8c\x87Ap\xd0cWl\x8c\x87J:
webdav.stream_name$
"Test Series S01E01 - Episode 1.mp4z \x85  \x84
Ad\x87s)\xed{S\x80G\xb2\x89Y\xccO\xcd\xe8&:[\xd8"\x96-x\xa8}\xe5*Read09\xd4OeWl\x8c\x87Ae\xbbXl\x8c\x87J:
webdav.stream_name$
"Test Series S01E01 - Episode 1.mp4z \x85  \x84
Ad\x87s)\xed{S\x80G\xb2\x89Y\xccO\xfdZ\xf0SM\xf1"\x96-x\xa8}\xe5*Read09Q\xf7Xl\x8c\x87A\x87\xa0Xl\x8c\x87J:
webdav.stream_name$
"Test Series S01E01 - Episode 1.mp4z \x85  \x84
Ad\x87s)\xed{S\x80G\xb2\x89Y\xccOy\x81\xd5\xf9\xbdKZ"\x96-x\xa8}\xe5*Read09\xb2\xa1Xl\x8c\x87A}\xa2=Yl\x8c\x87J:
webdav.stream_name$
"Test Series S01E01 - Episode 1.mp4z \x85  \x84
Ad\x87s)\xed{S\x80G\xb2\x89Y\xccO\xf5e\xf7ʔ|\xa3\x91"\x96-x\xa8}\xe5*Read09?Yl\x8c\x87A\xc7\xc8\xdcYl\x8c\x87J:
webdav.stream_name$
"Test Series S01E01 - Episode 1.mp4z \x85  \x84
Ad\x87s)\xed{S\x80G\xb2\x89Y\xccOg\xb1!?h"\x96-x\xa8}\xe5*Read09\xe0\xec\xddYl\x8c\x87A\xc7\xc1zZl\x8c\x87J:
webdav.stream_name$
"Test Series S01E01 - Episode 1.mp4z \x85  \x84
Ad\x87s)\xed{S\x80G\xb2\x89Y\xccO\xf8/ؐ\xa2Je"\x96-x\xa8}\xe5*Read09\xd2\xc4{Zl\x8c\x87Ab\xb6[l\x8c\x87J:
webdav.stream_name$
"Test Series S01E01 - Episode 1.mp4z \x85  \x84
Ad\x87s)\xed{S\x80G\xb2\x89Y\xccOmޜx49\xc2J"\x96-x\xa8}\xe5*Read09\xef[l\x8c\x87A\x90\xfc\xb6[l\x8c\x87J:
webdav.stream_name$
"Test Series S01E01 - Episode 1.mp4z \x85  \x84
Ad\x87s)\xed{S\x80G\xb2\x89Y\xccO\x86iЎU\xba1P"\x96-x\xa8}\xe5*Read09\xa5\xb8[l\x8c\x87A\xe1<U\l\x8c\x87J:
webdav.stream_name$
"Test Series S01E01 - Episode 1.mp4z \x85  \x84
Ad\x87s)\xed{S\x80G\xb2\x89Y\xccO$\x9c\xca2>kt"\x96-x\xa8}\xe5*Read09\xae]V\l\x8c\x87A)\xac\xf3\l\x8c\x87J:
webdav.stream_name$
"Test Series S01E01 - Episode 1.mp4z \x85  \x84
Ad\x87s)\xed{S\x80G\xb2\x89Y\xccOB\xe3\xa6*\xcc6K
"\x96-x\xa8}\xe5*Read09?\xbf\xf4\l\x8c\x87A7.\x92]l\x8c\x87J:
webdav.stream_name$
"Test Series S01E01 - Episode 1.mp4z \x85  \x84
Ad\x87s)\xed{S\x80G\xb2\x89Y\xccO\xd1\xd0\xd00\xfbw-?"\x96-x\xa8}\xe5*Read09w\xac\x93]l\x8c\x87A\xbd.0^l\x8c\x87J:
webdav.stream_name$
"Test Series S01E01 - Episode 1.mp4z \x85  \x84
Ad\x87s)\xed{S\x80G\xb2\x89Y\xccO\xbf\xbey\xb7\xbfMv"\x96-x\xa8}\xe5*Read09\xb7g1^l\x8c\x87A\xfb\xce^l\x8c\x87J:
webdav.stream_name$
"Test Series S01E01 - Episode 1.mp4z \x85  \x84
Ad\x87s)\xed{S\x80G\xb2\x89Y\xccO%\xa3Ԃ\xbe\xe6\xbf"\x96-x\xa8}\xe5*Read09\xec\xd0^l\x8c\x87A\xed\x9fm_l\x8c\x87J:
webdav.stream_name$
"Test Series S01E01 - Episode 1.mp4z \x85  \x84
Ad\x87s)\xed{S\x80G\xb2\x89Y\xccOd\xed\xa7\x9a\x9a\xb9\x92"\x96-x\xa8}\xe5*Read097\xa6n_l\x8c\x87A`l\x8c\x87J:
webdav.stream_name$
"Test Series S01E01 - Episode 1.mp4z \x85  \x84
Ad\x87s)\xed{S\x80G\xb2\x89Y\xccO@$\x99\xfc,\xf42"\x96-x\xa8}\xe5*Read09<6`l\x8c\x87A{\xec\xaa`l\x8c\x87J:
webdav.stream_name$
"Test Series S01E01 - Episode 1.mp4z \x85  \x84
Ad\x87s)\xed{S\x80G\xb2\x89Y\xccOGe\xeb\x92	{}"\x96-x\xa8}\xe5*Read09&\xfd\xab`l\x8c\x87AһHal\x8c\x87J:
webdav.stream_name$
"Test Series S01E01 - Episode 1.mp4z \x85  \x84
Ad\x87s)\xed{S\x80G\xb2\x89Y\xccOu_\xea\xb6\xe2\xd9v"\x96-x\xa8}\xe5*Read0912Jal\x8c\x87A\xf6\xba\xe8al\x8c\x87J:
webdav.stream_name$
"Test Series S01E01 - Episode 1.mp4z \x85  \x84
Ad\x87s)\xed{S\x80G\xb2\x89Y\xccO\xae?\xd6p\x81,\xbf"\x96-x\xa8}\xe5*Read09p\xce\xe9al\x8c\x87A\xc2\x85bl\x8c\x87J:
webdav.stream_name$
"Test Series S01E01 - Episode 1.mp4z \x85  \x84
Ad\x87s)\xed{S\x80G\xb2\x89Y\xccO\xc1\x812\x903\xaf\xb6f"\x96-x\xa8}\xe5*Read09?\xa4\x86bl\x8c\x87A\xf8\xc3!cl\x8c\x87J:
webdav.stream_name$
"Test Series S01E01 - Episode 1.mp4z \x85  
Batch 11:

\xc8e


service.name
xteve\xaae

webdav\x84
Ad\x87s)\xed{S\x80G\xb2\x89Y\xccO2\xa3N\xf9\xc5b"\x96-x\xa8}\xe5*Read09\xc7\xcf"cl\x8c\x87AM\xf3\xc1cl\x8c\x87J:
webdav.stream_name$
"Test Series S01E01 - Episode 1.mp4z \x85  \x84
Ad\x87s)\xed{S\x80G\xb2\x89Y\xccO\xb5*\x9ex\x80\xa0,"\x96-x\xa8}\xe5*Read09\x81\xc3cl\x8c\x87Aki]dl\x8c\x87J:
webdav.stream_name$
"Test Series S01E01 - Episode 1.mp4z \x85  \x84
Ad\x87s)\xed{S\x80G\xb2\x89Y\xccO\x9e\xac\xa1\xeb"\xe7("\x96-x\xa8}\xe5*Read09\xcag^dl\x8c\x87A\xefE\xfadl\x8c\x87J:
webdav.stream_name$
"Test Series S01E01 - Episode 1.mp4z \x85  \x84
Ad\x87s)\xed{S\x80G\xb2\x89Y\xccOW$*\x80ok\xa7""\x96-x\xa8}\xe5*Read09kp\xfbdl\x8c\x87A\x8d\x98el\x8c\x87J:
webdav.stream_name$
"Test Series S01E01 - Episode 1.mp4z \x85  \x84
Ad\x87s)\xed{S\x80G\xb2\x89Y\xccO5O}\xc7#C\xeb\xcd"\x96-x\xa8}\xe5*Read09t.\x99el\x8c\x87A5\xd47fl\x8c\x87J:
webdav.stream_name$
"Test Series S01E01 - Episode 1.mp4z \x85  \x84
Ad\x87s)\xed{S\x80G\xb2\x89Y\xccO\xeeW\xcf\xf4\xc5\xee\xe2n"\x96-x\xa8}\xe5*Read099fl\x8c\x87A_\xdc\xd5fl\x8c\x87J:
webdav.stream_name$
"Test Series S01E01 - Episode 1.mp4z \x85  \x84
Ad\x87s)\xed{S\x80G\xb2\x89Y\xccO$\xa9"U*
"\x96-x\xa8}\xe5*Read09\xd9\xd6fl\x8c\x87ASugl\x8c\x87J:
webdav.stream_name$
"Test Series S01E01 - Episode 1.mp4z \x85  \x84
Ad\x87s)\xed{S\x80G\xb2\x89Y\xccOK\xacq\x8c\x9e4\xf16"\x96-x\xa8}\xe5*Read09\xd0,vgl\x8c\x87A\xe8hl\x8c\x87J:
webdav.stream_name$
"Test Series S01E01 - Episode 1.mp4z \x85  \x84
Ad\x87s)\xed{S\x80G\xb2\x89Y\xccO\xf8\xa6O\xd2\xf9\xee/"\x96-x\xa8}\xe5*Read09\x98\xebhl\x8c\x87A\xf3\xafhl\x8c\x87J:
webdav.stream_name$
"Test Series S01E01 - Episode 1.mp4z \x85  \x84
Ad\x87s)\xed{S\x80G\xb2\x89Y\xccO\xe9\xc0 \xf3\xe5"\x96-x\xa8}\xe5*Read09D\xb1hl\x8c\x87A\xfe\xf3Oil\x8c\x87J:
webdav.stream_name$
"Test Series S01E01 - Episode 1.mp4z \x85  \x84
Ad\x87s)\xed{S\x80G\xb2\x89Y\xccO8X\xb8\xf5\xa79\xc1"\x96-x\xa8}\xe5*Read09\xaeQil\x8c\x87A\xa5g\xeeil\x8c\x87J:
webdav.stream_name$
"Test Series S01E01 - Episode 1.mp4z \x85  \x84
Ad\x87s)\xed{S\x80G\xb2\x89Y\xccO2\x96\xc8} \x80\xc1"\x96-x\xa8}\xe5*Read09\xfa\xd7\xefil\x8c\x87A\xe1\x8ejl\x8c\x87J:
webdav.stream_name$
"Test Series S01E01 - Episode 1.mp4z \x85  \x84
Ad\x87s)\xed{S\x80G\xb2\x89Y\xccOFNv\xb2,\xebg["\x96-x\xa8}\xe5*Read09\xd6U\x8fjl\x8c\x87An\x81,kl\x8c\x87J:
webdav.stream_name$
"Test Series S01E01 - Episode 1.mp4z \x85  \x84
Ad\x87s)\xed{S\x80G\xb2\x89Y\xccO\xff@]ʊ\xd3P"\x96-x\xa8}\xe5*Read09\xe8\xe3-kl\x8c\x87AD\xd9\xcakl\x8c\x87J:
webdav.stream_name$
"Test Series S01E01 - Episode 1.mp4z \x85  \x84
Ad\x87s)\xed{S\x80G\xb2\x89Y\xccO\xb0\xe0Rv\xc0}!<"\x96-x\xa8}\xe5*Read09\x9f\xcckl\x8c\x87A\x81\x9dhll\x8c\x87J:
webdav.stream_name$
"Test Series S01E01 - Episode 1.mp4z \x85  \x84
Ad\x87s)\xed{S\x80G\xb2\x89Y\xccO8B\xaf\xaclkr"\x96-x\xa8}\xe5*Read09\xc6ill\x8c\x87A\xe9sml\x8c\x87J:
webdav.stream_name$
"Test Series S01E01 - Episode 1.mp4z \x85  \x84
Ad\x87s)\xed{S\x80G\xb2\x89Y\xccOCZ\x95LG\x9e\xec"\x96-x\xa8}\xe5*Read09anml\x8c\x87A\xf9ߥml\x8c\x87J:
webdav.stream_name$
"Test Series S01E01 - Episode 1.mp4z \x85  \x84
Ad\x87s)\xed{S\x80G\xb2\x89Y\xccO\xd2gYK> v"\x96-x\xa8}\xe5*Read097&\xa8ml\x8c\x87A]\x80Dnl\x8c\x87J:
webdav.stream_name$
"Test Series S01E01 - Episode 1.mp4z \x85  \x84
Ad\x87s)\xed{S\x80G\xb2\x89Y\xccOJ=݋\xf0-"\x96-x\xa8}\xe5*Read099\x90Enl\x8c\x87A\xaf9\xe3nl\x8c\x87J:
webdav.stream_name$
"Test Series S01E01 - Episode 1.mp4z \x85  \x84
Ad\x87s)\xed{S\x80G\xb2\x89Y\xccOG\xd8y\\xa2pR6"\x96-x\xa8}\xe5*Read09F~\xe4nl\x8c\x87A\xed\x81ol\x8c\x87J:
webdav.stream_name$
"Test Series S01E01 - Episode 1.mp4z \x85  \x84
Ad\x87s)\xed{S\x80G\xb2\x89Y\xccO\x93\xf0
.\x8b=4"\x96-x\xa8}\xe5*Read09='\x82ol\x8c\x87A\x8d- pl\x8c\x87J:
webdav.stream_name$
"Test Series S01E01 - Episode 1.mp4z \x85  \x84
Ad\x87s)\xed{S\x80G\xb2\x89Y\xccO\x90Icw\xa4s"\x96-x\xa8}\xe5*Read09\x88x!pl\x8c\x87A\xa5\xe6\xbepl\x8c\x87J:
webdav.stream_name$
"Test Series S01E01 - Episode 1.mp4z \x85  \x84
Ad\x87s)\xed{S\x80G\xb2\x89Y\xccO\x88\x82\\x87w\xee\xeeK"\x96-x\xa8}\xe5*Read09Fg\xc0pl\x8c\x87A\x82U^ql\x8c\x87J:
webdav.stream_name$
"Test Series S01E01 - Episode 1.mp4z \x85  \x84
Ad\x87s)\xed{S\x80G\xb2\x89Y\xccO\xef\xa7k\x981L8`"\x96-x\xa8}\xe5*Read09ȁ_ql\x8c\x87A\xb5\xfcql\x8c\x87J:
webdav.stream_name$
"Test Series S01E01 - Episode 1.mp4z \x85  \x84
Ad\x87s)\xed{S\x80G\xb2\x89Y\xccOT\xc0\xfd\x91\xb0\xd2"\x96-x\xa8}\xe5*Read09#;\xfdql\x8c\x87A)ݚrl\x8c\x87J:
webdav.stream_name$
"Test Series S01E01 - Episode 1.mp4z \x85  \x84
Ad\x87s)\xed{S\x80G\xb2\x89Y\xccO\xc3:\xf5 \xech"\x96-x\xa8}\xe5*Read09\x9crl\x8c\x87A6\xf39sl\x8c\x87J:
webdav.stream_name$
"Test Series S01E01 - Episode 1.mp4z \x85  \x84
Ad\x87s)\xed{S\x80G\xb2\x89Y\xccOX\xca\xf4\xado\xe2\xbf"\x96-x\xa8}\xe5*Read09\xa09;sl\x8c\x87A\xd4\xd8sl\x8c\x87J:
webdav.stream_name$
"Test Series S01E01 - Episode 1.mp4z \x85  \x84
Ad\x87s)\xed{S\x80G\xb2\x89Y\xccO\xd9ϰ\xf9\x95"\x96-x\xa8}\xe5*Read09\xebn\xdasl\x8c\x87A \xbaxtl\x8c\x87J:
webdav.stream_name$
"Test Series S01E01 - Episode 1.mp4z \x85  \x84
Ad\x87s)\xed{S\x80G\xb2\x89Y\xccOt\xe7\xbd\xf5\xcc"\xa8\xee"\x96-x\xa8}\xe5*Read09\xf3ytl\x8c\x87A\xaful\x8c\x87J:
webdav.stream_name$
"Test Series S01E01 - Episode 1.mp4z \x85  \x84
Ad\x87s)\xed{S\x80G\xb2\x89Y\xccO \x81_j\x8c5_"\x96-x\xa8}\xe5*Read09Naul\x8c\x87A\xb4\x94\xb5ul\x8c\x87J:
webdav.stream_name$
"Test Series S01E01 - Episode 1.mp4z \x85  \x84
Ad\x87s)\xed{S\x80G\xb2\x89Y\xccOS\x92\xefƍ\xc04\xb9"\x96-x\xa8}\xe5*Read09\xa1\xad\xb7ul\x8c\x87A\xb8|Uvl\x8c\x87J:
webdav.stream_name$
"Test Series S01E01 - Episode 1.mp4z \x85  \x84
Ad\x87s)\xed{S\x80G\xb2\x89Y\xccO2-(\xfb
\xe9\x8a\xda"\x96-x\xa8}\xe5*Read09\xc0\xcaVvl\x8c\x87A\xa1\xff\xf2vl\x8c\x87J:
webdav.stream_name$
"Test Series S01E01 - Episode 1.mp4z \x85  \x84
Ad\x87s)\xed{S\x80G\xb2\x89Y\xccOL\xf5L\xea1ie"\x96-x\xa8}\xe5*Read09[\xf4vl\x8c\x87A=\xb8\x90wl\x8c\x87J:
webdav.stream_name$
"Test Series S01E01 - Episode 1.mp4z \x85  \x84
Ad\x87s)\xed{S\x80G\xb2\x89Y\xccO\x93ʹ\x97\xa7\x91"\x96-x\xa8}\xe5*Read09\xdd͑wl\x8c\x87A\xdc.xl\x8c\x87J:
webdav.stream_name$
"Test Series S01E01 - Episode 1.mp4z \x85  \x84
Ad\x87s)\xed{S\x80G\xb2\x89Y\xccO\xf5J\xaf\xaa6oG"\x96-x\xa8}\xe5*Read09\xbf\xbf/xl\x8c\x87Agc\xccxl\x8c\x87J:
webdav.stream_name$
"Test Series S01E01 - Episode 1.mp4z \x85  \x84
Ad\x87s)\xed{S\x80G\xb2\x89Y\xccO\xafm\xec\x98\xdb\xdbւ"\x96-x\xa8}\xe5*Read09h\xcdxl\x8c\x87AA8kyl\x8c\x87J:
webdav.stream_name$
"Test Series S01E01 - Episode 1.mp4z \x85  \x84
Ad\x87s)\xed{S\x80G\xb2\x89Y\xccO\xfd\xfb\xcf\xf2Q\xdc"\x96-x\xa8}\xe5*Read09Klyl\x8c\x87A\x84\xc2
zl\x8c\x87J:
webdav.stream_name$
"Test Series S01E01 - Episode 1.mp4z \x85  \x84
Ad\x87s)\xed{S\x80G\xb2\x89Y\xccOա\xe4Kٟ\x83"\x96-x\xa8}\xe5*Read09	\xf3zl\x8c\x87A r\xa7zl\x8c\x87J:
webdav.stream_name$
"Test Series S01E01 - Episode 1.mp4z \x85  \x84
Ad\x87s)\xed{S\x80G\xb2\x89Y\xccOWu%\xc9A\x8fS"\x96-x\xa8}\xe5*Read09Fa\xa8zl\x8c\x87A\xa6F{l\x8c\x87J:
webdav.stream_name$
"Test Series S01E01 - Episode 1.mp4z \x85  \x84
Ad\x87s)\xed{S\x80G\xb2\x89Y\xccO\xeek\x8a\x91;\xd0\xee\x83"\x96-x\xa8}\xe5*Read09\x87H{l\x8c\x87A\x91\xe5{l\x8c\x87J:
webdav.stream_name$
"Test Series S01E01 - Episode 1.mp4z \x85  \x84
Ad\x87s)\xed{S\x80G\xb2\x89Y\xccOe^s|kM6"\x96-x\xa8}\xe5*Read09\x89\x84\xe6{l\x8c\x87ArɅ|l\x8c\x87J:
webdav.stream_name$
"Test Series S01E01 - Episode 1.mp4z \x85  \x84
Ad\x87s)\xed{S\x80G\xb2\x89Y\xccO\xb9\xdf\xce\xdbξ\xd3"\x96-x\xa8}\xe5*Read09x\xe5\x86|l\x8c\x87A(&}l\x8c\x87J:
webdav.stream_name$
"Test Series S01E01 - Episode 1.mp4z \x85  \x84
Ad\x87s)\xed{S\x80G\xb2\x89Y\xccO~<\xaac\xf9\xffA"\x96-x\xa8}\xe5*Read09\xea'}l\x8c\x87A\xbci\xc4}l\x8c\x87J:
webdav.stream_name$
"Test Series S01E01 - Episode 1.mp4z \x85  \x84
Ad\x87s)\xed{S\x80G\xb2\x89Y\xccOf4?kJ
\xe9\xf2"\x96-x\xa8}\xe5*Read09b\x8b\xc5}l\x8c\x87Ax\xaeb~l\x8c\x87J:
webdav.stream_name$
"Test Series S01E01 - Episode 1.mp4z \x85  \x84
Ad\x87s)\xed{S\x80G\xb2\x89Y\xccOR\x8b\xdcϾ"\x96-x\xa8}\xe5*Read09r\xdcc~l\x8c\x87A\x80\xa4l\x8c\x87J:
webdav.stream_name$
"Test Series S01E01 - Episode 1.mp4z \x85  \x84
Ad\x87s)\xed{S\x80G\xb2\x89Y\xccO\xe0H\x9e{\xa0U\x80""\x96-x\xa8}\xe5*Read09\xf9l\x8c\x87A\xces\xa1l\x8c\x87J:
webdav.stream_name$
"Test Series S01E01 - Episode 1.mp4z \x85  \x84
Ad\x87s)\xed{S\x80G\xb2\x89Y\xccOWۋqZS\xf6"\x96-x\xa8}\xe5*Read09Y\xa9\xa2l\x8c\x87Aذ@\x80l\x8c\x87J:
webdav.stream_name$
"Test Series S01E01 - Episode 1.mp4z \x85  \x84
Ad\x87s)\xed{S\x80G\xb2\x89Y\xccO~ڔ\xb4\xb6.2\x94"\x96-x\xa8}\xe5*Read09\x86B\x80l\x8c\x87A\xeb\xe9߀l\x8c\x87J:
webdav.stream_name$
"Test Series S01E01 - Episode 1.mp4z \x85  \x84
Ad\x87s)\xed{S\x80G\xb2\x89Y\xccO\xb5\xd6P\xbcb"\x96-x\xa8}\xe5*Read09l\xe1\x80l\x8c\x87Ax\xb9~\x81l\x8c\x87J:
webdav.stream_name$
"Test Series S01E01 - Episode 1.mp4z \x85  \x84
Ad\x87s)\xed{S\x80G\xb2\x89Y\xccOe!r\xd2=\xec"\xaf"\x96-x\xa8}\xe5*Read09Q\x80\x81l\x8c\x87Ai\xee\x82l\x8c\x87J:
webdav.stream_name$
"Test Series S01E01 - Episode 1.mp4z \x85  \x84
Ad\x87s)\xed{S\x80G\xb2\x89Y\xccOn\xf2\xa2=_\xf3\xb1\xda"\x96-x\xa8}\xe5*Read09\xcd	\x82l\x8c\x87A\x9bŽ\x82l\x8c\x87J:
webdav.stream_name$
"Test Series S01E01 - Episode 1.mp4z \x85  \x84
Ad\x87s)\xed{S\x80G\xb2\x89Y\xccO\x94\x93$\xcd{\x90{""\x96-x\xa8}\xe5*Read09 \xbf\x82l\x8c\x87A~w\\x83l\x8c\x87J:
webdav.stream_name$
"Test Series S01E01 - Episode 1.mp4z \x85  \x84
Ad\x87s)\xed{S\x80G\xb2\x89Y\xccO\xf1׶O3Y\xfd"\x96-x\xa8}\xe5*Read09\xf3x]\x83l\x8c\x87A\xe0\xa2\xfa\x83l\x8c\x87J:
webdav.stream_name$
"Test Series S01E01 - Episode 1.mp4z \x85  \x84
Ad\x87s)\xed{S\x80G\xb2\x89Y\xccOZ\xb0\x92\xf0 b[m"\x96-x\xa8}\xe5*Read09\xf4\xfa\xfb\x83l\x8c\x87As\xa5\x99\x84l\x8c\x87J:
webdav.stream_name$
"Test Series S01E01 - Episode 1.mp4z \x85  \x84
Ad\x87s)\xed{S\x80G\xb2\x89Y\xccOfAe\xde\x99"\x96-x\xa8}\xe5*Read09?\xb7\x9a\x84l\x8c\x87A+\xa88\x85l\x8c\x87J:
webdav.stream_name$
"Test Series S01E01 - Episode 1.mp4z \x85  \x84
Ad\x87s)\xed{S\x80G\xb2\x89Y\xccOF\xcbMI\x96\xbdՖ"\x96-x\xa8}\xe5*Read09C\xcc9\x85l\x8c\x87A\x90؅l\x8c\x87J:
webdav.stream_name$
"Test Series S01E01 - Episode 1.mp4z \x85  \x84
Ad\x87s)\xed{S\x80G\xb2\x89Y\xccO\x972\xd55QW"\x96-x\xa8}\xe5*Read09\x8f7څl\x8c\x87A9\x93w\x86l\x8c\x87J:
webdav.stream_name$
"Test Series S01E01 - Episode 1.mp4z \x85  \x84
Ad\x87s)\xed{S\x80G\xb2\x89Y\xccO\xfci\xd0g}\xac\xf0"\x96-x\xa8}\xe5*Read09(y\x86l\x8c\x87A\xe8C\x87l\x8c\x87J:
webdav.stream_name$
"Test Series S01E01 - Episode 1.mp4z \x85  \x84
Ad\x87s)\xed{S\x80G\xb2\x89Y\xccO\xb4\x80\xd0n'\xa2|"\x96-x\xa8}\xe5*Read09L^\x87l\x8c\x87Au\xa2\xb5\x87l\x8c\x87J:
webdav.stream_name$
"Test Series S01E01 - Episode 1.mp4z \x85  \x84
Ad\x87s)\xed{S\x80G\xb2\x89Y\xccO\xcaey\xeb\x91\xd1>\xaa"\x96-x\xa8}\xe5*Read096\xb4\xb6\x87l\x8c\x87A\xc9\xf8U\x88l\x8c\x87J:
webdav.stream_name$
"Test Series S01E01 - Episode 1.mp4z \x85  \x84
Ad\x87s)\xed{S\x80G\xb2\x89Y\xccO\x9b\x98'E\xfc\xbcˏ"\x96-x\xa8}\xe5*Read09\x92^W\x88l\x8c\x87A5\x8c\xf5\x88l\x8c\x87J:
webdav.stream_name$
"Test Series S01E01 - Episode 1.mp4z \x85  \x84
Ad\x87s)\xed{S\x80G\xb2\x89Y\xccO\xf8\x81r\xa1\x88\x8aY\xdb"\x96-x\xa8}\xe5*Read09\xf8\xca\xf6\x88l\x8c\x87AX7\x96\x89l\x8c\x87J:
webdav.stream_name$
"Test Series S01E01 - Episode 1.mp4z \x85  \x84
Ad\x87s)\xed{S\x80G\xb2\x89Y\xccOS\x8a^7\x9a\xfeu"\x96-x\xa8}\xe5*Read09\xf5^\x97\x89l\x8c\x87AS\xa55\x8al\x8c\x87J:
webdav.stream_name$
"Test Series S01E01 - Episode 1.mp4z \x85  \x84
Ad\x87s)\xed{S\x80G\xb2\x89Y\xccO \xdbC+\x8d\xf9"\x96-x\xa8}\xe5*Read09[\xa76\x8al\x8c\x87A\xf3^֊l\x8c\x87J:
webdav.stream_name$
"Test Series S01E01 - Episode 1.mp4z \x85  \x84
Ad\x87s)\xed{S\x80G\xb2\x89Y\xccO}\xe8\xae{\xeb̬"\x96-x\xa8}\xe5*Read09q׊l\x8c\x87A\xb5Su\x8bl\x8c\x87J:
webdav.stream_name$
"Test Series S01E01 - Episode 1.mp4z \x85  \x84
Ad\x87s)\xed{S\x80G\xb2\x89Y\xccO\x82C\xd6ą\xee"\x96-x\xa8}\xe5*Read09\x85\x84v\x8bl\x8c\x87A\xc6\xd8\x8cl\x8c\x87J:
webdav.stream_name$
"Test Series S01E01 - Episode 1.mp4z \x85  \x84
Ad\x87s)\xed{S\x80G\xb2\x89Y\xccO\x94\x84Se\xf6\xb6"\x96-x\xa8}\xe5*Read09\x91\xda\x8cl\x8c\x87A\x9aY\xb1\x8cl\x8c\x87J:
webdav.stream_name$
"Test Series S01E01 - Episode 1.mp4z \x85  \x84
Ad\x87s)\xed{S\x80G\xb2\x89Y\xccO\x9ci=\xb6\xcd{"\x96-x\xa8}\xe5*Read09\xa8|\xb2\x8cl\x8c\x87A\xa5aQ\x8dl\x8c\x87J:
webdav.stream_name$
"Test Series S01E01 - Episode 1.mp4z \x85  \x84
Ad\x87s)\xed{S\x80G\xb2\x89Y\xccO6\xb3\xd5-/S\xee"\x96-x\xa8}\xe5*Read09uiR\x8dl\x8c\x87A\xa0\xce\xf0\x8dl\x8c\x87J:
webdav.stream_name$
"Test Series S01E01 - Episode 1.mp4z \x85  \x84
Ad\x87s)\xed{S\x80G\xb2\x89Y\xccO)\xf2\x800=\xd8\xee"\x96-x\xa8}\xe5*Read09\xe3\xf2\x8dl\x8c\x87A\xceϑ\x8el\x8c\x87J:
webdav.stream_name$
"Test Series S01E01 - Episode 1.mp4z \x85  \x84
Ad\x87s)\xed{S\x80G\xb2\x89Y\xccOgU3\x8a⿃"\x96-x\xa8}\xe5*Read09\xa9A\x93\x8el\x8c\x87A1\x8fl\x8c\x87J:
webdav.stream_name$
"Test Series S01E01 - Episode 1.mp4z \x85  \x84
Ad\x87s)\xed{S\x80G\xb2\x89Y\xccO\xe5!"\xb0\xb3\xf20"\x96-x\xa8}\xe5*Read09<\x8a2\x8fl\x8c\x87A\xa6\xcfΏl\x8c\x87J:
webdav.stream_name$
"Test Series S01E01 - Episode 1.mp4z \x85  \x84
Ad\x87s)\xed{S\x80G\xb2\x89Y\xccOVа\x91VW\x89:"\x96-x\xa8}\xe5*Read09\xd0VЏl\x8c\x87A_m\x90l\x8c\x87J:
webdav.stream_name$
"Test Series S01E01 - Episode 1.mp4z \x85  \x84
Ad\x87s)\xed{S\x80G\xb2\x89Y\xccOQ/\x9d^\xce`\xff\x80"\x96-x\xa8}\xe5*Read09\xd5wn\x90l\x8c\x87Au\xa8
\x91l\x8c\x87J:
webdav.stream_name$
"Test Series S01E01 - Episode 1.mp4z \x85  \x84
Ad\x87s)\xed{S\x80G\xb2\x89Y\xccO\xf0\xceF\xc3{\xea\xd3\xfd"\x96-x\xa8}\xe5*Read09*\xec\x91l\x8c\x87A\xe4\xaa\x91l\x8c\x87J:
webdav.stream_name$
"Test Series S01E01 - Episode 1.mp4z \x85  \x84
Ad\x87s)\xed{S\x80G\xb2\x89Y\xccO\x9b\xf8\xa8\xd86\xd9\xc4I"\x96-x\xa8}\xe5*Read09˧\xab\x91l\x8c\x87A7H\x92l\x8c\x87J:
webdav.stream_name$
"Test Series S01E01 - Episode 1.mp4z \x85  \x84
Ad\x87s)\xed{S\x80G\xb2\x89Y\xccO\xf0\x8e\xd7\x95"\x96-x\xa8}\xe5*Read09\xbf\x90I\x92l\x8c\x87A\xaa\xe7\x92l\x8c\x87J:
webdav.stream_name$
"Test Series S01E01 - Episode 1.mp4z \x85  \x84
Ad\x87s)\xed{S\x80G\xb2\x89Y\xccO\x83\xea\xfd~\xfe\xf2\xc1"\x96-x\xa8}\xe5*Read09\xba\xe9\x92l\x8c\x87A*>\x85\x93l\x8c\x87J:
webdav.stream_name$
"Test Series S01E01 - Episode 1.mp4z \x85  \x84
Ad\x87s)\xed{S\x80G\xb2\x89Y\xccO\xa7S\xaf\xd5\xca%"\x96-x\xa8}\xe5*Read09\x93j\x86\x93l\x8c\x87A0$\x94l\x8c\x87J:
webdav.stream_name$
"Test Series S01E01 - Episode 1.mp4z \x85  \x84
Ad\x87s)\xed{S\x80G\xb2\x89Y\xccO\x86\xab\xb8\xf0\x84\xe6X["\x96-x\xa8}\xe5*Read09\xd1D%\x94l\x8c\x87AָÔl\x8c\x87J:
webdav.stream_name$
"Test Series S01E01 - Episode 1.mp4z \x85  \x84
Ad\x87s)\xed{S\x80G\xb2\x89Y\xccO7\xccX\xde\x9e\xba\x90"\x96-x\xa8}\xe5*Read09\xdf\xd8Ĕl\x8c\x87A\xfab\x95l\x8c\x87J:
webdav.stream_name$
"Test Series S01E01 - Episode 1.mp4z \x85  \x84
Ad\x87s)\xed{S\x80G\xb2\x89Y\xccO\xcc\xd1})51"\x96-x\xa8}\xe5*Read09\xa3\x88d\x95l\x8c\x87A\x91G\x96l\x8c\x87J:
webdav.stream_name$
"Test Series S01E01 - Episode 1.mp4z \x85  \x84
Ad\x87s)\xed{S\x80G\xb2\x89Y\xccO2\xa1\xdd\xc0\xe1\xe5"\x96-x\xa8}\xe5*Read09\xce\x96l\x8c\x87A\xb1۠\x96l\x8c\x87J:
webdav.stream_name$
"Test Series S01E01 - Episode 1.mp4z \x85  \x84
Ad\x87s)\xed{S\x80G\xb2\x89Y\xccO\xbcTe9\xac\xadc"\x96-x\xa8}\xe5*Read09E\xa2\x96l\x8c\x87A\xf9?\x97l\x8c\x87J:
webdav.stream_name$
"Test Series S01E01 - Episode 1.mp4z \x85  \x84
Ad\x87s)\xed{S\x80G\xb2\x89Y\xccO?\xc3%*"}"\x96-x\xa8}\xe5*Read09\xfe\x83A\x97l\x8c\x87AHqޗl\x8c\x87J:
webdav.stream_name$
"Test Series S01E01 - Episode 1.mp4z \x85  \x84
Ad\x87s)\xed{S\x80G\xb2\x89Y\xccO\xa7\xbc\\xa5\xac\x90"\x96-x\xa8}\xe5*Read09L\xb0ߗl\x8c\x87AO\xc2}\x98l\x8c\x87J:
webdav.stream_name$
"Test Series S01E01 - Episode 1.mp4z \x85  \x84
Ad\x87s)\xed{S\x80G\xb2\x89Y\xccO\x8c\xc9_=t\xd7\xc3Z"\x96-x\xa8}\xe5*Read09M\xce~\x98l\x8c\x87A\x99\xd4\x99l\x8c\x87J:
webdav.stream_name$
"Test Series S01E01 - Episode 1.mp4z \x85  \x84
Ad\x87s)\xed{S\x80G\xb2\x89Y\xccO\xf9\xcc\xe0\xf8\xb7p\xff"\x96-x\xa8}\xe5*Read09]\xe0\x99l\x8c\x87A\xa94\xb8\x99l\x8c\x87J:
webdav.stream_name$
"Test Series S01E01 - Episode 1.mp4z \x85  \x84
Ad\x87s)\xed{S\x80G\xb2\x89Y\xccO\x92Uɗ˵
Y"\x96-x\xa8}\xe5*Read09\xda5\xb9\x99l\x8c\x87A#@V\x9al\x8c\x87J:
webdav.stream_name$
"Test Series S01E01 - Episode 1.mp4z \x85  \x84
Ad\x87s)\xed{S\x80G\xb2\x89Y\xccODoZ\xbfļ\xe8\xc2"\x96-x\xa8}\xe5*Read09\x91UW\x9al\x8c\x87A\xbe4\xf4\x9al\x8c\x87J:
webdav.stream_name$
"Test Series S01E01 - Episode 1.mp4z \x85  \x84
Ad\x87s)\xed{S\x80G\xb2\x89Y\xccOP\xf9۸\x93u"\x96-x\xa8}\xe5*Read09\xe6#\xf5\x9al\x8c\x87A\xc7\x93\x9bl\x8c\x87J:
webdav.stream_name$
"Test Series S01E01 - Episode 1.mp4z \x85  \x84
Ad\x87s)\xed{S\x80G\xb2\x89Y\xccO\xb0|\x89\xca\xc3N\x8e"\x96-x\xa8}\xe5*Read09\xa0P\x94\x9bl\x8c\x87A}\xe31\x9cl\x8c\x87J:
webdav.stream_name$
"Test Series S01E01 - Episode 1.mp4z \x85  \x84
Ad\x87s)\xed{S\x80G\xb2\x89Y\xccO\x9b\x9d\xb3\xf6|:\x8e\xe9"\x96-x\xa8}\xe5*Read09V\xf22\x9cl\x8c\x87A\x8c_ќl\x8c\x87J:
webdav.stream_name$
"Test Series S01E01 - Episode 1.mp4z \x85  \x84
Ad\x87s)\xed{S\x80G\xb2\x89Y\xccOIǗ\x88\xec\x8f]="\x96-x\xa8}\xe5*Read09\x8cҜl\x8c\x87AQsp\x9dl\x8c\x87J:
webdav.stream_name$
"Test Series S01E01 - Episode 1.mp4z \x85  \x84
Ad\x87s)\xed{S\x80G\xb2\x89Y\xccO\xcc\xf2\xa6\xb7\xd73P"\x96-x\xa8}\xe5*Read09\x8e\x93q\x9dl\x8c\x87A
g\x9el\x8c\x87J:
webdav.stream_name$
"Test Series S01E01 - Episode 1.mp4z \x85  \x84
Ad\x87s)\xed{S\x80G\xb2\x89Y\xccOq\xed8_\xfc\x9c "\x96-x\xa8}\xe5*Read09\x93\xf5\x9el\x8c\x87A\xc3\xae\x9el\x8c\x87J:
webdav.stream_name$
"Test Series S01E01 - Episode 1.mp4z \x85  
Batch 12:

\xc8e


service.name
xteve\xaae

webdav\x84
Ad\x87s)\xed{S\x80G\xb2\x89Y\xccO\xc5D\xb5/@\xe3\x88"\x96-x\xa8}\xe5*Read09\x901\xaf\x9el\x8c\x87AB\xf6J\x9fl\x8c\x87J:
webdav.stream_name$
"Test Series S01E01 - Episode 1.mp4z \x85  \x84
Ad\x87s)\xed{S\x80G\xb2\x89Y\xccO{d0\xec\xd1\xd3\xdc"\x96-x\xa8}\xe5*Read09\x84L\x9fl\x8c\x87A\xdcD\xea\x9fl\x8c\x87J:
webdav.stream_name$
"Test Series S01E01 - Episode 1.mp4z \x85  \x84
Ad\x87s)\xed{S\x80G\xb2\x89Y\xccO\x99n\xb2Q*"\x96-x\xa8}\xe5*Read09\xb47\xeb\x9fl\x8c\x87A⪈\xa0l\x8c\x87J:
webdav.stream_name$
"Test Series S01E01 - Episode 1.mp4z \x85  \x84
Ad\x87s)\xed{S\x80G\xb2\x89Y\xccO\xac@)} \xdf"\x96-x\xa8}\xe5*Read09ʧ\x89\xa0l\x8c\x87A\xb1H'\xa1l\x8c\x87J:
webdav.stream_name$
"Test Series S01E01 - Episode 1.mp4z \x85  \x84
Ad\x87s)\xed{S\x80G\xb2\x89Y\xccOj\xfa\xdc\xdao\xef\xb6"\x96-x\xa8}\xe5*Read09?^(\xa1l\x8c\x87A\xc8\xc5ơl\x8c\x87J:
webdav.stream_name$
"Test Series S01E01 - Episode 1.mp4z \x85  \x84
Ad\x87s)\xed{S\x80G\xb2\x89Y\xccO\xaeI\xa6\xb1,\xaaX\xfa"\x96-x\xa8}\xe5*Read09)\xdaǡl\x8c\x87AT\xfbd\xa2l\x8c\x87J:
webdav.stream_name$
"Test Series S01E01 - Episode 1.mp4z \x85  \x84
Ad\x87s)\xed{S\x80G\xb2\x89Y\xccOΠ\xd1\xf8o\xf4"\x96-x\xa8}\xe5*Read09\xc8f\xa2l\x8c\x87A]a\xa3l\x8c\x87J:
webdav.stream_name$
"Test Series S01E01 - Episode 1.mp4z \x85  \x84
Ad\x87s)\xed{S\x80G\xb2\x89Y\xccO\xa9樂\x8ck\x92"\x96-x\xa8}\xe5*Read09ez\xa3l\x8c\x87A\x97k\xa1\xa3l\x8c\x87J:
webdav.stream_name$
"Test Series S01E01 - Episode 1.mp4z \x85  \x84
Ad\x87s)\xed{S\x80G\xb2\x89Y\xccO\xf0\x8e!\x9b@}"\x96-x\xa8}\xe5*Read09Nj\xa2\xa3l\x8c\x87Aj\xe2@\xa4l\x8c\x87J:
webdav.stream_name$
"Test Series S01E01 - Episode 1.mp4z \x85  \x84
Ad\x87s)\xed{S\x80G\xb2\x89Y\xccOFY$\x8d| w2"\x96-x\xa8}\xe5*Read095B\xa4l\x8c\x87A;\x8cޤl\x8c\x87J:
webdav.stream_name$
"Test Series S01E01 - Episode 1.mp4z \x85  \x84
Ad\x87s)\xed{S\x80G\xb2\x89Y\xccO\x8c8}w\xb2s\xc1"\x96-x\xa8}\xe5*Read09i\x98ߤl\x8c\x87AG\x95|\xa5l\x8c\x87J:
webdav.stream_name$
"Test Series S01E01 - Episode 1.mp4z \x85  \x84
Ad\x87s)\xed{S\x80G\xb2\x89Y\xccO.\xcd䤛i"\x96-x\xa8}\xe5*Read09A\xae}\xa5l\x8c\x87Aw:\xa6l\x8c\x87J:
webdav.stream_name$
"Test Series S01E01 - Episode 1.mp4z \x85  \x84
Ad\x87s)\xed{S\x80G\xb2\x89Y\xccO\xae\xa4n\x8a\xa8q\xc40"\x96-x\xa8}\xe5*Read09\xbe@\xa6l\x8c\x87A\xd1B\xba\xa6l\x8c\x87J:
webdav.stream_name$
"Test Series S01E01 - Episode 1.mp4z \x85  \x84
Ad\x87s)\xed{S\x80G\xb2\x89Y\xccO\xc6m1\xa3A\\xce`"\x96-x\xa8}\xe5*Read09ei\xbb\xa6l\x8c\x87A&X\xa7l\x8c\x87J:
webdav.stream_name$
"Test Series S01E01 - Episode 1.mp4z \x85  \x84
Ad\x87s)\xed{S\x80G\xb2\x89Y\xccO|\xde$\xf8\xf4\x99"\x96-x\xa8}\xe5*Read09\x82cY\xa7l\x8c\x87A\xb2\xa8\xf7\xa7l\x8c\x87J:
webdav.stream_name$
"Test Series S01E01 - Episode 1.mp4z \x85  \x84
Ad\x87s)\xed{S\x80G\xb2\x89Y\xccO\xf7\xa6\xcbQ\xa8E\xb1"\x96-x\xa8}\xe5*Read09{\xba\xf8\xa7l\x8c\x87A|\xf1\x96\xa8l\x8c\x87J:
webdav.stream_name$
"Test Series S01E01 - Episode 1.mp4z \x85  \x84
Ad\x87s)\xed{S\x80G\xb2\x89Y\xccO\xee^\x8c\xe7}\xb3\x88"\x96-x\xa8}\xe5*Read09\xe9\x98\xa8l\x8c\x87A7\xa9l\x8c\x87J:
webdav.stream_name$
"Test Series S01E01 - Episode 1.mp4z \x85  \x84
Ad\x87s)\xed{S\x80G\xb2\x89Y\xccO\x86\x82\xb8\xd24Se%"\x96-x\xa8}\xe5*Read09$z8\xa9l\x8c\x87A`wթl\x8c\x87J:
webdav.stream_name$
"Test Series S01E01 - Episode 1.mp4z \x85  \x84
Ad\x87s)\xed{S\x80G\xb2\x89Y\xccOd\x9b\xe5k\x90*E"\x96-x\xa8}\xe5*Read09\xe3\x9b֩l\x8c\x87A\xd2Ut\xaal\x8c\x87J:
webdav.stream_name$
"Test Series S01E01 - Episode 1.mp4z \x85  \x84
Ad\x87s)\xed{S\x80G\xb2\x89Y\xccO\xcd\xfd0\xf7v[\x91\xd2"\x96-x\xa8}\xe5*Read09@uu\xaal\x8c\x87A\xdf&\xabl\x8c\x87J:
webdav.stream_name$
"Test Series S01E01 - Episode 1.mp4z \x85  \x84
Ad\x87s)\xed{S\x80G\xb2\x89Y\xccOA*
\x81\xc9]b"\x96-x\xa8}\xe5*Read09\xf90\xabl\x8c\x87A\xd2@\xaf\xabl\x8c\x87J:
webdav.stream_name$
"Test Series S01E01 - Episode 1.mp4z \x85  \x84
Ad\x87s)\xed{S\x80G\xb2\x89Y\xccO\xeb\xabS\x93j\x9d\x96"\x96-x\xa8}\xe5*Read09\xe6x\xb0\xabl\x8c\x87A\x9cN\xacl\x8c\x87J:
webdav.stream_name$
"Test Series S01E01 - Episode 1.mp4z \x85  \x84
Ad\x87s)\xed{S\x80G\xb2\x89Y\xccO
iGgլ\xfcj"\x96-x\xa8}\xe5*Read09\x94\x9cO\xacl\x8c\x87A\xb2\xec\xacl\x8c\x87J:
webdav.stream_name$
"Test Series S01E01 - Episode 1.mp4z \x85  \x84
Ad\x87s)\xed{S\x80G\xb2\x89Y\xccO~\xec\x88q\x9a\xb1\x96\xae"\x96-x\xa8}\xe5*Read09\xba\xed\xacl\x8c\x87A\xda[\x8b\xadl\x8c\x87J:
webdav.stream_name$
"Test Series S01E01 - Episode 1.mp4z \x85  \x84
Ad\x87s)\xed{S\x80G\xb2\x89Y\xccO\xe7\xec\xdesq@\x82~"\x96-x\xa8}\xe5*Read09<Č\xadl\x8c\x87AA\xd9)\xael\x8c\x87J:
webdav.stream_name$
"Test Series S01E01 - Episode 1.mp4z \x85  \x84
Ad\x87s)\xed{S\x80G\xb2\x89Y\xccO\xef\xff/f*\xd5"\x96-x\xa8}\xe5*Read09y\xf9*\xael\x8c\x87AR\xfcȮl\x8c\x87J:
webdav.stream_name$
"Test Series S01E01 - Episode 1.mp4z \x85  \x84
Ad\x87s)\xed{S\x80G\xb2\x89Y\xccOS\x84\x97\xd24}"\x96-x\xa8}\xe5*Read09jʮl\x8c\x87Aϔh\xafl\x8c\x87J:
webdav.stream_name$
"Test Series S01E01 - Episode 1.mp4z \x85  \x84
Ad\x87s)\xed{S\x80G\xb2\x89Y\xccOY\xfc\xe6{\x8c\xb0("\x96-x\xa8}\xe5*Read09\xe9\xa2i\xafl\x8c\x87A\xc6\xb0l\x8c\x87J:
webdav.stream_name$
"Test Series S01E01 - Episode 1.mp4z \x85  \x84
Ad\x87s)\xed{S\x80G\xb2\x89Y\xccOU\xcc1\xb0\xd4<"\x96-x\xa8}\xe5*Read09\x85\xb0l\x8c\x87A\xfdT\xa5\xb0l\x8c\x87J:
webdav.stream_name$
"Test Series S01E01 - Episode 1.mp4z \x85  \x84
Ad\x87s)\xed{S\x80G\xb2\x89Y\xccOB0\x98\xe4\xed`\xa1"\x96-x\xa8}\xe5*Read09\xb1x\xa7\xb0l\x8c\x87A\xff\x8cC\xb1l\x8c\x87J:
webdav.stream_name$
"Test Series S01E01 - Episode 1.mp4z \x85  \x84
Ad\x87s)\xed{S\x80G\xb2\x89Y\xccO\xf5\xe3\xef_\xa2\xb4R"\x96-x\xa8}\xe5*Read09\xd9>E\xb1l\x8c\x87A\x82\xc6\xe1\xb1l\x8c\x87J:
webdav.stream_name$
"Test Series S01E01 - Episode 1.mp4z \x85  \x84
Ad\x87s)\xed{S\x80G\xb2\x89Y\xccOȫ\xbd\xd8[\xd8["\x96-x\xa8}\xe5*Read09u\xb5\xe2\xb1l\x8c\x87AgA\x81\xb2l\x8c\x87J:
webdav.stream_name$
"Test Series S01E01 - Episode 1.mp4z \x85  \x84
Ad\x87s)\xed{S\x80G\xb2\x89Y\xccO\xbe-]\xa46:\xbf"\x96-x\xa8}\xe5*Read09Q^\x82\xb2l\x8c\x87Anx\xb3l\x8c\x87J:
webdav.stream_name$
"Test Series S01E01 - Episode 1.mp4z \x85  \x84
Ad\x87s)\xed{S\x80G\xb2\x89Y\xccOޥV7y\xb6\x86P"\x96-x\xa8}\xe5*Read09\xa9M \xb3l\x8c\x87AW\xbe\xb3l\x8c\x87J:
webdav.stream_name$
"Test Series S01E01 - Episode 1.mp4z \x85  \x84
Ad\x87s)\xed{S\x80G\xb2\x89Y\xccO \x9c$\xa4m>\xbd"\x96-x\xa8}\xe5*Read09	\xaf\xbf\xb3l\x8c\x87A,Q]\xb4l\x8c\x87J:
webdav.stream_name$
"Test Series S01E01 - Episode 1.mp4z \x85  \x84
Ad\x87s)\xed{S\x80G\xb2\x89Y\xccO\xbc\xe5~\x9fD\xa4"\x96-x\xa8}\xe5*Read093P^\xb4l\x8c\x87AU\xfc\xb4l\x8c\x87J:
webdav.stream_name$
"Test Series S01E01 - Episode 1.mp4z \x85  \x84
Ad\x87s)\xed{S\x80G\xb2\x89Y\xccO\xac\xc4\xee\xe1O\xbc"\x96-x\xa8}\xe5*Read09J\xfd\xb4l\x8c\x87A\xe7ӛ\xb5l\x8c\x87J:
webdav.stream_name$
"Test Series S01E01 - Episode 1.mp4z \x85  \x84
Ad\x87s)\xed{S\x80G\xb2\x89Y\xccO|\xab*yӖ\x8bC"\x96-x\xa8}\xe5*Read09\xd2䜵l\x8c\x87Au\xce:\xb6l\x8c\x87J:
webdav.stream_name$
"Test Series S01E01 - Episode 1.mp4z \x85  \x84
Ad\x87s)\xed{S\x80G\xb2\x89Y\xccOw\xb5{+p\x8f/"\x96-x\xa8}\xe5*Read09\xbb1<\xb6l\x8c\x87A1Qضl\x8c\x87J:
webdav.stream_name$
"Test Series S01E01 - Episode 1.mp4z \x85  \x84
Ad\x87s)\xed{S\x80G\xb2\x89Y\xccO\x9fy\xf5-\xa3\xa7"\x96-x\xa8}\xe5*Read09X\xf6ٶl\x8c\x87Aw\xb7l\x8c\x87J:
webdav.stream_name$
"Test Series S01E01 - Episode 1.mp4z \x85  \x84
Ad\x87s)\xed{S\x80G\xb2\x89Y\xccO\xa9/\xa7f\xbf /\xfa"\x96-x\xa8}\xe5*Read09\xc6x\xb7l\x8c\x87AnB\xb8l\x8c\x87J:
webdav.stream_name$
"Test Series S01E01 - Episode 1.mp4z \x85  \x84
Ad\x87s)\xed{S\x80G\xb2\x89Y\xccOH#jv}\xe9%\x86"\x96-x\xa8}\xe5*Read09\xd3m\xb8l\x8c\x87A\xac\xbd\xb2\xb8l\x8c\x87J:
webdav.stream_name$
"Test Series S01E01 - Episode 1.mp4z \x85  \x84
Ad\x87s)\xed{S\x80G\xb2\x89Y\xccOԠ\xb7OT=6Y"\x96-x\xa8}\xe5*Read09h\xb0\xb3\xb8l\x8c\x87AqaQ\xb9l\x8c\x87J:
webdav.stream_name$
"Test Series S01E01 - Episode 1.mp4z \x85  \x84
Ad\x87s)\xed{S\x80G\xb2\x89Y\xccO\xd0:\xdacZf<\xe3"\x96-x\xa8}\xe5*Read09\xacVR\xb9l\x8c\x87A1\xf1\xb9l\x8c\x87J:
webdav.stream_name$
"Test Series S01E01 - Episode 1.mp4z \x85  \x84
Ad\x87s)\xed{S\x80G\xb2\x89Y\xccO\xc0\xbb\xbbN\xcc\xeb"\x96-x\xa8}\xe5*Read09ۗ\xf2\xb9l\x8c\x87Aa\x8f\xbal\x8c\x87J:
webdav.stream_name$
"Test Series S01E01 - Episode 1.mp4z \x85  \x84
Ad\x87s)\xed{S\x80G\xb2\x89Y\xccO{\xf7G\xfb\xc2J{\x9f"\x96-x\xa8}\xe5*Read09󃐺l\x8c\x87AJ\xb1.\xbbl\x8c\x87J:
webdav.stream_name$
"Test Series S01E01 - Episode 1.mp4z \x85  \x84
Ad\x87s)\xed{S\x80G\xb2\x89Y\xccO\xaaX\xa3қ"\x96-x\xa8}\xe5*Read09B\xb2/\xbbl\x8c\x87A\xc8uλl\x8c\x87J:
webdav.stream_name$
"Test Series S01E01 - Episode 1.mp4z \x85  \x84
Ad\x87s)\xed{S\x80G\xb2\x89Y\xccO\xbehM\xa3\x9e8\xfe\x81"\x96-x\xa8}\xe5*Read09j\xc0ϻl\x8c\x87A\x87Rn\xbcl\x8c\x87J:
webdav.stream_name$
"Test Series S01E01 - Episode 1.mp4z \x85  \x84
Ad\x87s)\xed{S\x80G\xb2\x89Y\xccO\xac\x91"\xdb\xe8B\x8c"\x96-x\xa8}\xe5*Read09oo\xbcl\x8c\x87A\xf3\xbdl\x8c\x87J:
webdav.stream_name$
"Test Series S01E01 - Episode 1.mp4z \x85  \x84
Ad\x87s)\xed{S\x80G\xb2\x89Y\xccOCƅ\xb2\xc6x\xbe"\x96-x\xa8}\xe5*Read09\xe55\xbdl\x8c\x87A\x98+\xab\xbdl\x8c\x87J:
webdav.stream_name$
"Test Series S01E01 - Episode 1.mp4z \x85  \x84
Ad\x87s)\xed{S\x80G\xb2\x89Y\xccO\xd1\xf8Μv\xe2\x8c"\x96-x\xa8}\xe5*Read09fD\xac\xbdl\x8c\x87A75L\xbel\x8c\x87J:
webdav.stream_name$
"Test Series S01E01 - Episode 1.mp4z \x85  \x84
Ad\x87s)\xed{S\x80G\xb2\x89Y\xccO\xa2\xba\xbc+\x90:\xf3"\x96-x\xa8}\xe5*Read09\xa1\x89M\xbel\x8c\x87A\xa2\xdf\xe9\xbel\x8c\x87J:
webdav.stream_name$
"Test Series S01E01 - Episode 1.mp4z \x85  \x84
Ad\x87s)\xed{S\x80G\xb2\x89Y\xccO(\xa2\x9eE\xe4\xd3\xcb"\x96-x\xa8}\xe5*Read09U\xd0\xea\xbel\x8c\x87ANh\x8a\xbfl\x8c\x87J:
webdav.stream_name$
"Test Series S01E01 - Episode 1.mp4z \x85  \x84
Ad\x87s)\xed{S\x80G\xb2\x89Y\xccOb}\xf0\xf6s_y\xb8"\x96-x\xa8}\xe5*Read09\xbdΌ\xbfl\x8c\x87A&)\xc0l\x8c\x87J:
webdav.stream_name$
"Test Series S01E01 - Episode 1.mp4z \x85  \x84
Ad\x87s)\xed{S\x80G\xb2\x89Y\xccO|&\xfeT\x8ei/"\x96-x\xa8}\xe5*Read09i*\xc0l\x8c\x87A\xf4\xad\xc7\xc0l\x8c\x87J:
webdav.stream_name$
"Test Series S01E01 - Episode 1.mp4z \x85  \x84
Ad\x87s)\xed{S\x80G\xb2\x89Y\xccOh\xfa\x95\x8ba\x9cg?"\x96-x\xa8}\xe5*Read09Z\xec\xc8\xc0l\x8c\x87A\x8f\x8cf\xc1l\x8c\x87J:
webdav.stream_name$
"Test Series S01E01 - Episode 1.mp4z \x85  \x84
Ad\x87s)\xed{S\x80G\xb2\x89Y\xccO\x81A5\x99\x97h\xec"\x96-x\xa8}\xe5*Read09\xa5g\xc1l\x8c\x87Af\xdd\xc2l\x8c\x87J:
webdav.stream_name$
"Test Series S01E01 - Episode 1.mp4z \x85  \x84
Ad\x87s)\xed{S\x80G\xb2\x89Y\xccOQk\x90\xab
`\xff\xfb"\x96-x\xa8}\xe5*Read09\xbd\xc2l\x8c\x87A\x90|\xa5\xc2l\x8c\x87J:
webdav.stream_name$
"Test Series S01E01 - Episode 1.mp4z \x85  \x84
Ad\x87s)\xed{S\x80G\xb2\x89Y\xccO\xb2\x9a\x82j`\xba""\x96-x\xa8}\xe5*Read09%\xa7\xc2l\x8c\x87Av\xe9C\xc3l\x8c\x87J:
webdav.stream_name$
"Test Series S01E01 - Episode 1.mp4z \x85  \x84
Ad\x87s)\xed{S\x80G\xb2\x89Y\xccOS*\xccٙ'\xee\xdd"\x96-x\xa8}\xe5*Read09a
E\xc3l\x8c\x87A\xc4\xe3\xc3l\x8c\x87J:
webdav.stream_name$
"Test Series S01E01 - Episode 1.mp4z \x85  \x84
Ad\x87s)\xed{S\x80G\xb2\x89Y\xccOa\xb7'h]\xe7\xc4"\x96-x\xa8}\xe5*Read09\xbe/\xe4\xc3l\x8c\x87A\xe04\x81\xc4l\x8c\x87J:
webdav.stream_name$
"Test Series S01E01 - Episode 1.mp4z \x85  \x84
Ad\x87s)\xed{S\x80G\xb2\x89Y\xccO\xf7؝w\x81/\xc8"\x96-x\xa8}\xe5*Read09\xd1I\x82\xc4l\x8c\x87Aq \xc5l\x8c\x87J:
webdav.stream_name$
"Test Series S01E01 - Episode 1.mp4z \x85  \x84
Ad\x87s)\xed{S\x80G\xb2\x89Y\xccO\xed\xb9\x90 O\xac"\x96-x\xa8}\xe5*Read09\xdc!\xc5l\x8c\x87A\xbeX\xc0\xc5l\x8c\x87J:
webdav.stream_name$
"Test Series S01E01 - Episode 1.mp4z \x85  \x84
Ad\x87s)\xed{S\x80G\xb2\x89Y\xccO\xc7\xec\xab\xeaI\x97K^"\x96-x\xa8}\xe5*Read09\xfcR\xc1\xc5l\x8c\x87A[^\xc6l\x8c\x87J:
webdav.stream_name$
"Test Series S01E01 - Episode 1.mp4z \x85  \x84
Ad\x87s)\xed{S\x80G\xb2\x89Y\xccO_\xf4\xb5\xb2w\xe8\xee"\x96-x\xa8}\xe5*Read09\xa3y_\xc6l\x8c\x87A՜\xfe\xc6l\x8c\x87J:
webdav.stream_name$
"Test Series S01E01 - Episode 1.mp4z \x85  \x84
Ad\x87s)\xed{S\x80G\xb2\x89Y\xccOě`;\xd3[\x81\xa0"\x96-x\xa8}\xe5*Read09\x81\xc6 \xc7l\x8c\x87A\xff\x86\x9c\xc7l\x8c\x87J:
webdav.stream_name$
"Test Series S01E01 - Episode 1.mp4z \x85  \x84
Ad\x87s)\xed{S\x80G\xb2\x89Y\xccO\xb7\xde\x8aW\zO"\x96-x\xa8}\xe5*Read09k\x91\x9d\xc7l\x8c\x87A>;\xc8l\x8c\x87J:
webdav.stream_name$
"Test Series S01E01 - Episode 1.mp4z \x85  \x84
Ad\x87s)\xed{S\x80G\xb2\x89Y\xccOH\xc7tS\x96\xecl"\x96-x\xa8}\xe5*Read09	f<\xc8l\x8c\x87A<w\xda\xc8l\x8c\x87J:
webdav.stream_name$
"Test Series S01E01 - Episode 1.mp4z \x85  \x84
Ad\x87s)\xed{S\x80G\xb2\x89Y\xccO9~\xab\xb1Ұ"\x96-x\xa8}\xe5*Read09\xf9\x87\xdb\xc8l\x8c\x87A\xb4Cz\xc9l\x8c\x87J:
webdav.stream_name$
"Test Series S01E01 - Episode 1.mp4z \x85  \x84
Ad\x87s)\xed{S\x80G\xb2\x89Y\xccOM\x9a௭\xde{;"\x96-x\xa8}\xe5*Read09\x86|{\xc9l\x8c\x87Aa\xf6\xcal\x8c\x87J:
webdav.stream_name$
"Test Series S01E01 - Episode 1.mp4z \x85  \x84
Ad\x87s)\xed{S\x80G\xb2\x89Y\xccOQ\x8fnmw
U"\x96-x\xa8}\xe5*Read09\x9f\xcal\x8c\x87A\xb5\xed\xb7\xcal\x8c\x87J:
webdav.stream_name$
"Test Series S01E01 - Episode 1.mp4z \x85  \x84
Ad\x87s)\xed{S\x80G\xb2\x89Y\xccO\x81$L\xaa\x86\x99"\x96-x\xa8}\xe5*Read09 \xb9\xcal\x8c\x87A\xfbW\xcbl\x8c\x87J:
webdav.stream_name$
"Test Series S01E01 - Episode 1.mp4z \x85  \x84
Ad\x87s)\xed{S\x80G\xb2\x89Y\xccO`9\xf5I{\x84"\x96-x\xa8}\xe5*Read09\xb23Y\xcbl\x8c\x87A!\xfd\xf5\xcbl\x8c\x87J:
webdav.stream_name$
"Test Series S01E01 - Episode 1.mp4z \x85  \x84
Ad\x87s)\xed{S\x80G\xb2\x89Y\xccO\x82N@uH\xf1\xd0"\x96-x\xa8}\xe5*Read09\xa8\\xf7\xcbl\x8c\x87A탕\xccl\x8c\x87J:
webdav.stream_name$
"Test Series S01E01 - Episode 1.mp4z \x85  \x84
Ad\x87s)\xed{S\x80G\xb2\x89Y\xccO=eAA\xf0"\x96-x\xa8}\xe5*Read09;\x9e\x96\xccl\x8c\x87A\x8d<4\xcdl\x8c\x87J:
webdav.stream_name$
"Test Series S01E01 - Episode 1.mp4z \x85  \x84
Ad\x87s)\xed{S\x80G\xb2\x89Y\xccO\x9f\x80\x92\x85\xc9\xd9"\x96-x\xa8}\xe5*Read09[\xb15\xcdl\x8c\x87AV\xd2\xcdl\x8c\x87J:
webdav.stream_name$
"Test Series S01E01 - Episode 1.mp4z \x85  \x84
Ad\x87s)\xed{S\x80G\xb2\x89Y\xccO\xa4\x9d\x90\xe9\xba\xdf"\x96-x\xa8}\xe5*Read09\xd2\xe2\xd3\xcdl\x8c\x87A \xcep\xcel\x8c\x87J:
webdav.stream_name$
"Test Series S01E01 - Episode 1.mp4z \x85  \x84
Ad\x87s)\xed{S\x80G\xb2\x89Y\xccON\xa1\xe2!\x9e\xca"\x96-x\xa8}\xe5*Read096r\xcel\x8c\x87A\xf3\xa2\xcfl\x8c\x87J:
webdav.stream_name$
"Test Series S01E01 - Episode 1.mp4z \x85  \x84
Ad\x87s)\xed{S\x80G\xb2\x89Y\xccO\xe1\xec\xf1\xbd\xaf\x84J"\x96-x\xa8}\xe5*Read09\xa3\xcd\xcfl\x8c\x87A\xd5O\xaf\xcfl\x8c\x87J:
webdav.stream_name$
"Test Series S01E01 - Episode 1.mp4z \x85  \x84
Ad\x87s)\xed{S\x80G\xb2\x89Y\xccO\xfe\xc0\x81\xfd'R"\x96-x\xa8}\xe5*Read09̅\xb0\xcfl\x8c\x87AmFO\xd0l\x8c\x87J:
webdav.stream_name$
"Test Series S01E01 - Episode 1.mp4z \x85  \x84
Ad\x87s)\xed{S\x80G\xb2\x89Y\xccOefQ`k\("\x96-x\xa8}\xe5*Read09,\x83P\xd0l\x8c\x87A\xe3\xa9\xef\xd0l\x8c\x87J:
webdav.stream_name$
"Test Series S01E01 - Episode 1.mp4z \x85  \x84
Ad\x87s)\xed{S\x80G\xb2\x89Y\xccOcn\xebG\x96\x8b-"\x96-x\xa8}\xe5*Read09o\x9c\xf1\xd0l\x8c\x87A\x9d\x8d\xd1l\x8c\x87J:
webdav.stream_name$
"Test Series S01E01 - Episode 1.mp4z \x85  \x84
Ad\x87s)\xed{S\x80G\xb2\x89Y\xccO]p\x9e\xb5Z\x90\xfb\xef"\x96-x\xa8}\xe5*Read09\xdbʎ\xd1l\x8c\x87A-\xaf,\xd2l\x8c\x87J:
webdav.stream_name$
"Test Series S01E01 - Episode 1.mp4z \x85  \x84
Ad\x87s)\xed{S\x80G\xb2\x89Y\xccOӲ[\x8ex\xe5o"\x96-x\xa8}\xe5*Read09|\xdd-\xd2l\x8c\x87A'\xcb\xd2l\x8c\x87J:
webdav.stream_name$
"Test Series S01E01 - Episode 1.mp4z \x85  \x84
Ad\x87s)\xed{S\x80G\xb2\x89Y\xccO\xb8\xe1>\xef:b"\x96-x\xa8}\xe5*Read09\x88F\xcc\xd2l\x8c\x87AVi\xd3l\x8c\x87J:
webdav.stream_name$
"Test Series S01E01 - Episode 1.mp4z \x85  \x84
Ad\x87s)\xed{S\x80G\xb2\x89Y\xccO\xb6\xa1\xa2\xb90!\xa8"\x96-x\xa8}\xe5*Read09\xf5k\xd3l\x8c\x87A#R\xd4l\x8c\x87J:
webdav.stream_name$
"Test Series S01E01 - Episode 1.mp4z \x85  \x84
Ad\x87s)\xed{S\x80G\xb2\x89Y\xccO\xbdZR\xe8\x83R"\x96-x\xa8}\xe5*Read09	M\xd4l\x8c\x87AD-\xa5\xd4l\x8c\x87J:
webdav.stream_name$
"Test Series S01E01 - Episode 1.mp4z \x85  \x84
Ad\x87s)\xed{S\x80G\xb2\x89Y\xccOS\xae\xe9g6k\xa3"\x96-x\xa8}\xe5*Read09\xa9\xa7\xa6\xd4l\x8c\x87A\xd2aC\xd5l\x8c\x87J:
webdav.stream_name$
"Test Series S01E01 - Episode 1.mp4z \x85  \x84
Ad\x87s)\xed{S\x80G\xb2\x89Y\xccO\xf0ۘw\xc3=\xbe "\x96-x\xa8}\xe5*Read09	UD\xd5l\x8c\x87A[\xe2\xe0\xd5l\x8c\x87J:
webdav.stream_name$
"Test Series S01E01 - Episode 1.mp4z \x85  \x84
Ad\x87s)\xed{S\x80G\xb2\x89Y\xccO#j#\xe5\xfc\xd9\xc6"\x96-x\xa8}\xe5*Read09\xdd\xe2\xd5l\x8c\x87A\x9c\x87~\xd6l\x8c\x87J:
webdav.stream_name$
"Test Series S01E01 - Episode 1.mp4z \x85  \x84
Ad\x87s)\xed{S\x80G\xb2\x89Y\xccO\x93\xbb\xab\xb1\xa4?\x90"\x96-x\xa8}\xe5*Read09\xcc\xce\xd6l\x8c\x87A\xa1O\xd7l\x8c\x87J:
webdav.stream_name$
"Test Series S01E01 - Episode 1.mp4z \x85  \x84
Ad\x87s)\xed{S\x80G\xb2\x89Y\xccOت\x82d\xfc G4"\x96-x\xa8}\xe5*Read09\x9b\x9e\xd7l\x8c\x87A6\xed\xbd\xd7l\x8c\x87J:
webdav.stream_name$
"Test Series S01E01 - Episode 1.mp4z \x85  \x84
Ad\x87s)\xed{S\x80G\xb2\x89Y\xccO+\x9d\x9b\x9a8Q\x83\xeb"\x96-x\xa8}\xe5*Read09\xcc\xfa\xbe\xd7l\x8c\x87A\x9a~[\xd8l\x8c\x87J:
webdav.stream_name$
"Test Series S01E01 - Episode 1.mp4z \x85  \x84
Ad\x87s)\xed{S\x80G\xb2\x89Y\xccO\xef[Uk*\xebS\xcb"\x96-x\xa8}\xe5*Read09^\x9c\\xd8l\x8c\x87A\xf5)\xfc\xd8l\x8c\x87J:
webdav.stream_name$
"Test Series S01E01 - Episode 1.mp4z \x85  \x84
Ad\x87s)\xed{S\x80G\xb2\x89Y\xccOx[\xe7\xea\xac\xef7"\x96-x\xa8}\xe5*Read09\xc4G\xfd\xd8l\x8c\x87Adt\x9a\xd9l\x8c\x87J:
webdav.stream_name$
"Test Series S01E01 - Episode 1.mp4z \x85  \x84
Ad\x87s)\xed{S\x80G\xb2\x89Y\xccO\xee\xc9np"\x96-x\xa8}\xe5*Read09\xa4\xa7\x9b\xd9l\x8c\x87A0\x877\xdal\x8c\x87J:
webdav.stream_name$
"Test Series S01E01 - Episode 1.mp4z \x85  
Batch 13:

\xc8e


service.name
xteve\xaae

webdav\x84
Ad\x87s)\xed{S\x80G\xb2\x89Y\xccO\xa22\xdeZF["\x96-x\xa8}\xe5*Read09Y\x9b8\xdal\x8c\x87A\xc4^\xd5\xdal\x8c\x87J:
webdav.stream_name$
"Test Series S01E01 - Episode 1.mp4z \x85  \x84
Ad\x87s)\xed{S\x80G\xb2\x89Y\xccOՊ\xb6:\x8bƸ"\x96-x\xa8}\xe5*Read09\xb0\xaa\xd6\xdal\x8c\x87A\xb6\xdcu\xdbl\x8c\x87J:
webdav.stream_name$
"Test Series S01E01 - Episode 1.mp4z \x85  \x84
Ad\x87s)\xed{S\x80G\xb2\x89Y\xccO\x82l\x83\xd2
\xfe\x9f"\x96-x\xa8}\xe5*Read09\xfdv\xdbl\x8c\x87Aqp\xdcl\x8c\x87J:
webdav.stream_name$
"Test Series S01E01 - Episode 1.mp4z \x85  \x84
Ad\x87s)\xed{S\x80G\xb2\x89Y\xccO[c\xcb\xe6\x9fWj\xc0"\x96-x\xa8}\xe5*Read09\xe8\xc1\xdcl\x8c\x87A\xd2س\xdcl\x8c\x87J:
webdav.stream_name$
"Test Series S01E01 - Episode 1.mp4z \x85  \x84
Ad\x87s)\xed{S\x80G\xb2\x89Y\xccOVp\xf9Ir\xb0"\x96-x\xa8}\xe5*Read09[\xfb\xb4\xdcl\x8c\x87AR\xddl\x8c\x87J:
webdav.stream_name$
"Test Series S01E01 - Episode 1.mp4z \x85  \x84
Ad\x87s)\xed{S\x80G\xb2\x89Y\xccOݣ*\xae\xa9Qz"\x96-x\xa8}\xe5*Read09\xecOS\xddl\x8c\x87A\x9d\xc7\xf0\xddl\x8c\x87J:
webdav.stream_name$
"Test Series S01E01 - Episode 1.mp4z \x85  \x84
Ad\x87s)\xed{S\x80G\xb2\x89Y\xccOc\x91n\xe9+b\xa2\xac"\x96-x\xa8}\xe5*Read09\xdf\xfb\xf1\xddl\x8c\x87A\xf4ӏ\xdel\x8c\x87J:
webdav.stream_name$
"Test Series S01E01 - Episode 1.mp4z \x85  \x84
Ad\x87s)\xed{S\x80G\xb2\x89Y\xccOu\.i\x98"\x96-x\xa8}\xe5*Read09\x96\x91\xdel\x8c\x87A\x91/\xdfl\x8c\x87J:
webdav.stream_name$
"Test Series S01E01 - Episode 1.mp4z \x85  \x84
Ad\x87s)\xed{S\x80G\xb2\x89Y\xccO\xe3\xf7\xd1\xd7\xf6\xa4	"\x96-x\xa8}\xe5*Read09b\x930\xdfl\x8c\x87A \xa4\xcd\xdfl\x8c\x87J:
webdav.stream_name$
"Test Series S01E01 - Episode 1.mp4z \x85  \x84
Ad\x87s)\xed{S\x80G\xb2\x89Y\xccOؿ%\x91\xf1w\xf9"\x96-x\xa8}\xe5*Read09\xd1\xce\xdfl\x8c\x87AIm\xe0l\x8c\x87J:
webdav.stream_name$
"Test Series S01E01 - Episode 1.mp4z \x85  \x84
Ad\x87s)\xed{S\x80G\xb2\x89Y\xccO\xf0\x9d%\x99g'\xa1"\x96-x\xa8}\xe5*Read09CEn\xe0l\x8c\x87AI\xa4\xe1l\x8c\x87J:
webdav.stream_name$
"Test Series S01E01 - Episode 1.mp4z \x85  \x84
Ad\x87s)\xed{S\x80G\xb2\x89Y\xccOz\x9e\x9f\xa7\xcaqL"\x96-x\xa8}\xe5*Read09`\xc8\xe1l\x8c\x87AB
\xad\xe1l\x8c\x87J:
webdav.stream_name$
"Test Series S01E01 - Episode 1.mp4z \x85  \x84
Ad\x87s)\xed{S\x80G\xb2\x89Y\xccOu\xc5k\xfe[\xc7"\x96-x\xa8}\xe5*Read09Q\x9b\xae\xe1l\x8c\x87A\x90K\xe2l\x8c\x87J:
webdav.stream_name$
"Test Series S01E01 - Episode 1.mp4z \x85  \x84
Ad\x87s)\xed{S\x80G\xb2\x89Y\xccO\xa7k"&ٝ\xdb"\x96-x\xa8}\xe5*Read09\xab\xcbL\xe2l\x8c\x87A\xea\xa9\xeb\xe2l\x8c\x87J:
webdav.stream_name$
"Test Series S01E01 - Episode 1.mp4z \x85  \x84
Ad\x87s)\xed{S\x80G\xb2\x89Y\xccO>\xc1\xbb\xab\xdcst"\x96-x\xa8}\xe5*Read09v8\xed\xe2l\x8c\x87A\xd3g\x89\xe3l\x8c\x87J:
webdav.stream_name$
"Test Series S01E01 - Episode 1.mp4z \x85  \x84
Ad\x87s)\xed{S\x80G\xb2\x89Y\xccOZ'\xfcl\xcfN\xf9\xcd"\x96-x\xa8}\xe5*Read09\x8a\xe3l\x8c\x87A\xe26)\xe4l\x8c\x87J:
webdav.stream_name$
"Test Series S01E01 - Episode 1.mp4z \x85  \x84
Ad\x87s)\xed{S\x80G\xb2\x89Y\xccO\x8d\x821:\xfe"\x96-x\xa8}\xe5*Read09\xcf<*\xe4l\x8c\x87A{x\xc7\xe4l\x8c\x87J:
webdav.stream_name$
"Test Series S01E01 - Episode 1.mp4z \x85  \x84
Ad\x87s)\xed{S\x80G\xb2\x89Y\xccO*\\x88n\xe1\x9c\xdfe"\x96-x\xa8}\xe5*Read09\xa3\x8c\xc8\xe4l\x8c\x87A\xe0\xc1g\xe5l\x8c\x87J:
webdav.stream_name$
"Test Series S01E01 - Episode 1.mp4z \x85  \x84
Ad\x87s)\xed{S\x80G\xb2\x89Y\xccO\xf5{\xdaa͈T\xc5"\x96-x\xa8}\xe5*Read09\xcah\xe5l\x8c\x87A	\xa0\xe6l\x8c\x87J:
webdav.stream_name$
"Test Series S01E01 - Episode 1.mp4z \x85  \x84
Ad\x87s)\xed{S\x80G\xb2\x89Y\xccOKE\xb2\xed\xfb\xbaJ"\x96-x\xa8}\xe5*Read09i\xe6l\x8c\x87A\xa6\xe6l\x8c\x87J:
webdav.stream_name$
"Test Series S01E01 - Episode 1.mp4z \x85  \x84
Ad\x87s)\xed{S\x80G\xb2\x89Y\xccO\xe2,\xcf\xca\xfe\x8d"\x96-x\xa8}\xe5*Read09\x83\xa7\xe6l\x8c\x87A\xe5\xfaD\xe7l\x8c\x87J:
webdav.stream_name$
"Test Series S01E01 - Episode 1.mp4z \x85  \x84
Ad\x87s)\xed{S\x80G\xb2\x89Y\xccO\xd9\xafҶQ\xd3m"\x96-x\xa8}\xe5*Read09f\xf8E\xe7l\x8c\x87A\xc0V\xe4\xe7l\x8c\x87J:
webdav.stream_name$
"Test Series S01E01 - Episode 1.mp4z \x85  \x84
Ad\x87s)\xed{S\x80G\xb2\x89Y\xccO\xe5Ŏvi\xdfP"\x96-x\xa8}\xe5*Read09\4\xe5\xe7l\x8c\x87AR;\x84\xe8l\x8c\x87J:
webdav.stream_name$
"Test Series S01E01 - Episode 1.mp4z \x85  \x84
Ad\x87s)\xed{S\x80G\xb2\x89Y\xccO\xc9S2\xcb7t"\x96-x\xa8}\xe5*Read09\xf1f\x85\xe8l\x8c\x87AI\xc2!\xe9l\x8c\x87J:
webdav.stream_name$
"Test Series S01E01 - Episode 1.mp4z \x85  \x84
Ad\x87s)\xed{S\x80G\xb2\x89Y\xccO6ӫa\xe7G"\x96-x\xa8}\xe5*Read09ѿ"\xe9l\x8c\x87A\xf1\xb8\xc2\xe9l\x8c\x87J:
webdav.stream_name$
"Test Series S01E01 - Episode 1.mp4z \x85  \x84
Ad\x87s)\xed{S\x80G\xb2\x89Y\xccO\xc75d\x93\x95x"\x96-x\xa8}\xe5*Read09\xb4\xd7\xc3\xe9l\x8c\x87Aj\xb0a\xeal\x8c\x87J:
webdav.stream_name$
"Test Series S01E01 - Episode 1.mp4z \x85  \x84
Ad\x87s)\xed{S\x80G\xb2\x89Y\xccO\xee\xce,\xff\xf6\xb5\xb6"\x96-x\xa8}\xe5*Read09\xed\xe2b\xeal\x8c\x87A\xa8\xa2 \xebl\x8c\x87J:
webdav.stream_name$
"Test Series S01E01 - Episode 1.mp4z \x85  \x84
Ad\x87s)\xed{S\x80G\xb2\x89Y\xccO\xbb\xe1\xd6<V,\xfd"\x96-x\xa8}\xe5*Read09\xd9\xd9\xebl\x8c\x87A\xc7\xe1\x9f\xebl\x8c\x87J:
webdav.stream_name$
"Test Series S01E01 - Episode 1.mp4z \x85  \x84
Ad\x87s)\xed{S\x80G\xb2\x89Y\xccO)\xdd\xe0\xc5\xd4L\xee\xb9"\x96-x\xa8}\xe5*Read09X\xa1\xebl\x8c\x87A\xe6\x87?\xecl\x8c\x87J:
webdav.stream_name$
"Test Series S01E01 - Episode 1.mp4z \x85  \x84
Ad\x87s)\xed{S\x80G\xb2\x89Y\xccO-xVD2z\x87\x92"\x96-x\xa8}\xe5*Read09ZJA\xecl\x8c\x87A\xb4|\xdf\xecl\x8c\x87J:
webdav.stream_name$
"Test Series S01E01 - Episode 1.mp4z \x85  \x84
Ad\x87s)\xed{S\x80G\xb2\x89Y\xccO-\xd3\xdbL\x8bg\xa2\xcc"\x96-x\xa8}\xe5*Read09\xc5\xe0\xecl\x8c\x87A\x9eF~\xedl\x8c\x87J:
webdav.stream_name$
"Test Series S01E01 - Episode 1.mp4z \x85  \x84
Ad\x87s)\xed{S\x80G\xb2\x89Y\xccO\xf4qj\xa4\xdd\xe3á"\x96-x\xa8}\xe5*Read09P\x9b\xedl\x8c\x87AC\x95\xeel\x8c\x87J:
webdav.stream_name$
"Test Series S01E01 - Episode 1.mp4z \x85  \x84
Ad\x87s)\xed{S\x80G\xb2\x89Y\xccO\xae\xf3_9\x88\xc5Q"\x96-x\xa8}\xe5*Read09K\xe6\xeel\x8c\x87A\xfa\xf8\xbd\xeel\x8c\x87J:
webdav.stream_name$
"Test Series S01E01 - Episode 1.mp4z \x85  \x84
Ad\x87s)\xed{S\x80G\xb2\x89Y\xccO\x94l\xc6\xca\xef"\x96-x\xa8}\xe5*Read094\xbf\xeel\x8c\x87A"w]\xefl\x8c\x87J:
webdav.stream_name$
"Test Series S01E01 - Episode 1.mp4z \x85  \x84
Ad\x87s)\xed{S\x80G\xb2\x89Y\xccO,\xe7l-%/"\x96-x\xa8}\xe5*Read09\xc1k^\xefl\x8c\x87An\xfd\xefl\x8c\x87J:
webdav.stream_name$
"Test Series S01E01 - Episode 1.mp4z \x85  \x84
Ad\x87s)\xed{S\x80G\xb2\x89Y\xccOXG \xef,\xb3P"\x96-x\xa8}\xe5*Read09S\xfe\xefl\x8c\x87A`l\x9c\xf0l\x8c\x87J:
webdav.stream_name$
"Test Series S01E01 - Episode 1.mp4z \x85  \x84
Ad\x87s)\xed{S\x80G\xb2\x89Y\xccO܂\xb7\x91\xf9,:"\x96-x\xa8}\xe5*Read09\xb9}\x9d\xf0l\x8c\x87A\xd1\xfe;\xf1l\x8c\x87J:
webdav.stream_name$
"Test Series S01E01 - Episode 1.mp4z \x85  \x84
Ad\x87s)\xed{S\x80G\xb2\x89Y\xccO8\xfb련\x9d\xc7"\x96-x\xa8}\xe5*Read09f=\xf1l\x8c\x87A\xaa\xd0\xda\xf1l\x8c\x87J:
webdav.stream_name$
"Test Series S01E01 - Episode 1.mp4z \x85  \x84
Ad\x87s)\xed{S\x80G\xb2\x89Y\xccO\xbc\xc3~\xc43\x80
\xce"\x96-x\xa8}\xe5*Read09\xa2P\xdc\xf1l\x8c\x87AUy\xf2l\x8c\x87J:
webdav.stream_name$
"Test Series S01E01 - Episode 1.mp4z \x85  \x84
Ad\x87s)\xed{S\x80G\xb2\x89Y\xccO]\xf0\x96[\xe3\xaf\xf3"\x96-x\xa8}\xe5*Read09Ixz\xf2l\x8c\x87AK3\xf3l\x8c\x87J:
webdav.stream_name$
"Test Series S01E01 - Episode 1.mp4z \x85  \x84
Ad\x87s)\xed{S\x80G\xb2\x89Y\xccO\x93j\x9d\x85\xad\xcd\xf3\xcc"\x96-x\xa8}\xe5*Read09=]\xf3l\x8c\x87Aޓ\xb7\xf3l\x8c\x87J:
webdav.stream_name$
"Test Series S01E01 - Episode 1.mp4z \x85  \x84
Ad\x87s)\xed{S\x80G\xb2\x89Y\xccOw߈\xac\xdcvL\xf2"\x96-x\xa8}\xe5*Read09=и\xf3l\x8c\x87A\xbdU\xf4l\x8c\x87J:
webdav.stream_name$
"Test Series S01E01 - Episode 1.mp4z \x85  \x84
Ad\x87s)\xed{S\x80G\xb2\x89Y\xccO-) \xac\xdf\xc0L"\x96-x\xa8}\xe5*Read09,\xd8V\xf4l\x8c\x87A.9\xf4\xf4l\x8c\x87J:
webdav.stream_name$
"Test Series S01E01 - Episode 1.mp4z \x85  \x84
Ad\x87s)\xed{S\x80G\xb2\x89Y\xccO<-K\xc3"\x96-x\xa8}\xe5*Read09\xe8t\xf5\xf4l\x8c\x87A\xa0<\x97\xf5l\x8c\x87J:
webdav.stream_name$
"Test Series S01E01 - Episode 1.mp4z \x85  \x84
Ad\x87s)\xed{S\x80G\xb2\x89Y\xccO\xc1:`\xef\xabCH"\x96-x\xa8}\xe5*Read09퍘\xf5l\x8c\x87Am\xb0;\xf6l\x8c\x87J:
webdav.stream_name$
"Test Series S01E01 - Episode 1.mp4z \x85  \x84
Ad\x87s)\xed{S\x80G\xb2\x89Y\xccO\xbaK\xdd2u\xf7J"\x96-x\xa8}\xe5*Read09F>=\xf6l\x8c\x87A#.\xd9\xf6l\x8c\x87J:
webdav.stream_name$
"Test Series S01E01 - Episode 1.mp4z \x85  \x84
Ad\x87s)\xed{S\x80G\xb2\x89Y\xccO=Ή\xb5\x9f_'"\x96-x\xa8}\xe5*Read09\\xda\xf6l\x8c\x87A/\xd8y\xf7l\x8c\x87J:
webdav.stream_name$
"Test Series S01E01 - Episode 1.mp4z \x85  \x84
Ad\x87s)\xed{S\x80G\xb2\x89Y\xccO]\xb8\x9eA\x8d?F"\x96-x\xa8}\xe5*Read09\xfa{\xf7l\x8c\x87AW\xc1\xf8l\x8c\x87J:
webdav.stream_name$
"Test Series S01E01 - Episode 1.mp4z \x85  \x84
Ad\x87s)\xed{S\x80G\xb2\x89Y\xccO\xc2\x9e\xe1\xbdw"\x96-x\xa8}\xe5*Read09\xb9@\xf8l\x8c\x87A\xc4\xfd\xb7\xf8l\x8c\x87J:
webdav.stream_name$
"Test Series S01E01 - Episode 1.mp4z \x85  \x84
Ad\x87s)\xed{S\x80G\xb2\x89Y\xccON\xadGt\xed("\x96-x\xa8}\xe5*Read09.A\xb9\xf8l\x8c\x87A<jV\xf9l\x8c\x87J:
webdav.stream_name$
"Test Series S01E01 - Episode 1.mp4z \x85  \x84
Ad\x87s)\xed{S\x80G\xb2\x89Y\xccO\xa1܇\x854.C"\x96-x\xa8}\xe5*Read09\xa9\x8bW\xf9l\x8c\x87A\x97\x99\xf6\xf9l\x8c\x87J:
webdav.stream_name$
"Test Series S01E01 - Episode 1.mp4z \x85  \x84
Ad\x87s)\xed{S\x80G\xb2\x89Y\xccO\x8d\xdacR\xb7\xd2"\x96-x\xa8}\xe5*Read09\x96\xcd\xf7\xf9l\x8c\x87Aœ\xfal\x8c\x87J:
webdav.stream_name$
"Test Series S01E01 - Episode 1.mp4z \x85  \x84
Ad\x87s)\xed{S\x80G\xb2\x89Y\xccO\xbc>Q8֋\xbe"\x96-x\xa8}\xe5*Read09޾\x94\xfal\x8c\x87A\xe2\xae2\xfbl\x8c\x87J:
webdav.stream_name$
"Test Series S01E01 - Episode 1.mp4z \x85  \x84
Ad\x87s)\xed{S\x80G\xb2\x89Y\xccO\xec\xca\xd0y\xbb7\"\x96-x\xa8}\xe5*Read09\xa1\xd93\xfbl\x8c\x87A4=\xd2\xfbl\x8c\x87J:
webdav.stream_name$
"Test Series S01E01 - Episode 1.mp4z \x85  \x84
Ad\x87s)\xed{S\x80G\xb2\x89Y\xccO\x91\xb9\x99\xb0m\xff"\x96-x\xa8}\xe5*Read09\xcdg\xd3\xfbl\x8c\x87A\xedq\xfcl\x8c\x87J:
webdav.stream_name$
"Test Series S01E01 - Episode 1.mp4z \x85  \x84
Ad\x87s)\xed{S\x80G\xb2\x89Y\xccO\x8dq\xc6׌\xbfN\xd7"\x96-x\xa8}\xe5*Read09\x81#s\xfcl\x8c\x87AX\xe5\xfdl\x8c\x87J:
webdav.stream_name$
"Test Series S01E01 - Episode 1.mp4z \x85  \x84
Ad\x87s)\xed{S\x80G\xb2\x89Y\xccO\xde9>M\xd6
*D"\x96-x\xa8}\xe5*Read09&\xfdl\x8c\x87Ao%\xb1\xfdl\x8c\x87J:
webdav.stream_name$
"Test Series S01E01 - Episode 1.mp4z \x85  \x84
Ad\x87s)\xed{S\x80G\xb2\x89Y\xccO}6v\xb9\xc4j{\xc7"\x96-x\xa8}\xe5*Read09K\xb2\xfdl\x8c\x87A\xaeLQ\xfel\x8c\x87J:
webdav.stream_name$
"Test Series S01E01 - Episode 1.mp4z \x85  \x84
Ad\x87s)\xed{S\x80G\xb2\x89Y\xccO\xb9Ѕ\xadȍ\xd2"\x96-x\xa8}\xe5*Read09\x97lR\xfel\x8c\x87A\x8a\xd8\xef\xfel\x8c\x87J:
webdav.stream_name$
"Test Series S01E01 - Episode 1.mp4z \x85  \x84
Ad\x87s)\xed{S\x80G\xb2\x89Y\xccO\x9d\xe3\xc8f\x8c\x9a\x91\xa4"\x96-x\xa8}\xe5*Read09g\xf1\xfel\x8c\x87A\xc4=\x8f\xffl\x8c\x87J:
webdav.stream_name$
"Test Series S01E01 - Episode 1.mp4z \x85  \x84
Ad\x87s)\xed{S\x80G\xb2\x89Y\xccO\x86!\xb3r\xe5\xf2\xac"\x96-x\xa8}\xe5*Read09\xcdy\x90\xffl\x8c\x87A\xc4\xc2. m\x8c\x87J:
webdav.stream_name$
"Test Series S01E01 - Episode 1.mp4z \x85  \x84
Ad\x87s)\xed{S\x80G\xb2\x89Y\xccO\x99\xc0\xae\x9e\x96W"\x96-x\xa8}\xe5*Read09u0 m\x8c\x87A\xba\xf5\xcd m\x8c\x87J:
webdav.stream_name$
"Test Series S01E01 - Episode 1.mp4z \x85  \x84
Ad\x87s)\xed{S\x80G\xb2\x89Y\xccOƃ{\x83\x82\xbe\x8f"\x96-x\xa8}\xe5*Read09\x90\xcf m\x8c\x87A\x92mm\x8c\x87J:
webdav.stream_name$
"Test Series S01E01 - Episode 1.mp4z \x85  \x84
Ad\x87s)\xed{S\x80G\xb2\x89Y\xccOPV\xd4,_6\xe0"\x96-x\xa8}\xe5*Read09t+om\x8c\x87A\xa7,m\x8c\x87J:
webdav.stream_name$
"Test Series S01E01 - Episode 1.mp4z \x85  \x84
Ad\x87s)\xed{S\x80G\xb2\x89Y\xccOz\xed\xc7\xd4hZR"\x96-x\xa8}\xe5*Read09I_m\x8c\x87A\xe9جm\x8c\x87J:
webdav.stream_name$
"Test Series S01E01 - Episode 1.mp4z \x85  \x84
Ad\x87s)\xed{S\x80G\xb2\x89Y\xccO\x91\xb2\x9d\x80\xd1&\xc0"\x96-x\xa8}\xe5*Read09\xf9\xaem\x8c\x87A\xc6\xd1Lm\x8c\x87J:
webdav.stream_name$
"Test Series S01E01 - Episode 1.mp4z \x85  \x84
Ad\x87s)\xed{S\x80G\xb2\x89Y\xccO\xec`\xc4.\xd6د\xd5"\x96-x\xa8}\xe5*Read09z#Nm\x8c\x87A\x83E\xecm\x8c\x87J:
webdav.stream_name$
"Test Series S01E01 - Episode 1.mp4z \x85  \x84
Ad\x87s)\xed{S\x80G\xb2\x89Y\xccO\xcce\xee\xef\xeb\xb45\xa6"\x96-x\xa8}\xe5*Read09=\x92\xedm\x8c\x87A\x8bm\x8c\x87J:
webdav.stream_name$
"Test Series S01E01 - Episode 1.mp4z \x85  \x84
Ad\x87s)\xed{S\x80G\xb2\x89Y\xccO\x98\x86\xa1m\xc2<O\xeb"\x96-x\xa8}\xe5*Read09\x8d<\x8cm\x8c\x87A\x99\xdc*m\x8c\x87J:
webdav.stream_name$
"Test Series S01E01 - Episode 1.mp4z \x85  \x84
Ad\x87s)\xed{S\x80G\xb2\x89Y\xccO\xa5\x94\xb8E\xa8\x85Y"\x96-x\xa8}\xe5*Read09L\x90,m\x8c\x87AZ\xcam\x8c\x87J:
webdav.stream_name$
"Test Series S01E01 - Episode 1.mp4z \x85  \x84
Ad\x87s)\xed{S\x80G\xb2\x89Y\xccO~~\xc3\xf3ʮ\xe5"\x96-x\xa8}\xe5*Read09\xed}\xcbm\x8c\x87A\xe7\xe7hm\x8c\x87J:
webdav.stream_name$
"Test Series S01E01 - Episode 1.mp4z \x85  \x84
Ad\x87s)\xed{S\x80G\xb2\x89Y\xccO\xcc[̂b\xb2\xf9}"\x96-x\xa8}\xe5*Read09\xc2Jjm\x8c\x87A\xca\xddm\x8c\x87J:
webdav.stream_name$
"Test Series S01E01 - Episode 1.mp4z \x85  \x84
Ad\x87s)\xed{S\x80G\xb2\x89Y\xccO\xa4Q\x9d\xc1Ӎ!\xa9"\x96-x\xa8}\xe5*Read09\xef	m\x8c\x87A\xdbϧm\x8c\x87J:
webdav.stream_name$
"Test Series S01E01 - Episode 1.mp4z \x85  \x84
Ad\x87s)\xed{S\x80G\xb2\x89Y\xccOH1\xb1\xe1LZ\x82"\x96-x\xa8}\xe5*Read09 \xa9m\x8c\x87A[Hm\x8c\x87J:
webdav.stream_name$
"Test Series S01E01 - Episode 1.mp4z \x85  \x84
Ad\x87s)\xed{S\x80G\xb2\x89Y\xccO\xa8M\xed\xff\x9c7"\x96-x\xa8}\xe5*Read09D\x8cIm\x8c\x87A2\xca\xe8m\x8c\x87J:
webdav.stream_name$
"Test Series S01E01 - Episode 1.mp4z \x85  \x84
Ad\x87s)\xed{S\x80G\xb2\x89Y\xccO\xf04L\x88$8`"\x96-x\xa8}\xe5*Read09\x9b\xeam\x8c\x87Ac\x88	m\x8c\x87J:
webdav.stream_name$
"Test Series S01E01 - Episode 1.mp4z \x85  \x84
Ad\x87s)\xed{S\x80G\xb2\x89Y\xccO\xf38UR\xf3\x80J"\x96-x\xa8}\xe5*Read09\xb4]\x89	m\x8c\x87AZq%
m\x8c\x87J:
webdav.stream_name$
"Test Series S01E01 - Episode 1.mp4z \x85  \x84
Ad\x87s)\xed{S\x80G\xb2\x89Y\xccO\x91S\x9eMV\xd9"\x96-x\xa8}\xe5*Read09\x89\xe1&
m\x8c\x87A\xd1\xc9\xc3
m\x8c\x87J:
webdav.stream_name$
"Test Series S01E01 - Episode 1.mp4z \x85  \x84
Ad\x87s)\xed{S\x80G\xb2\x89Y\xccO\x888\xe9\xd1jYٞ"\x96-x\xa8}\xe5*Read09V\xc5
m\x8c\x87Aѥcm\x8c\x87J:
webdav.stream_name$
"Test Series S01E01 - Episode 1.mp4z \x85  \x84
Ad\x87s)\xed{S\x80G\xb2\x89Y\xccO\xc9S.u\x8bs{"\x96-x\xa8}\xe5*Read09\x84\xcadm\x8c\x87A\x88\xddm\x8c\x87J:
webdav.stream_name$
"Test Series S01E01 - Episode 1.mp4z \x85  \x84
Ad\x87s)\xed{S\x80G\xb2\x89Y\xccOnU\x8b)w	\xf0"\x96-x\xa8}\xe5*Read09xRm\x8c\x87A$\x91\xa2m\x8c\x87J:
webdav.stream_name$
"Test Series S01E01 - Episode 1.mp4z \x85  \x84
Ad\x87s)\xed{S\x80G\xb2\x89Y\xccOt\xb9\xe4\xfcK\xcb4"\x96-x\xa8}\xe5*Read09Z\xb2\xa3m\x8c\x87At\xbfAm\x8c\x87J:
webdav.stream_name$
"Test Series S01E01 - Episode 1.mp4z \x85  \x84
Ad\x87s)\xed{S\x80G\xb2\x89Y\xccOh\x91.\xe5\xdbl\x9e"\x96-x\xa8}\xe5*Read09\x95\xd3Bm\x8c\x87A\xb6\xe0m\x8c\x87J:
webdav.stream_name$
"Test Series S01E01 - Episode 1.mp4z \x85  \x84
Ad\x87s)\xed{S\x80G\xb2\x89Y\xccOt\xe1CK\xf3g"\x96-x\xa8}\xe5*Read09\xd4\xe1m\x8c\x87AhLm\x8c\x87J:
webdav.stream_name$
"Test Series S01E01 - Episode 1.mp4z \x85  \x84
Ad\x87s)\xed{S\x80G\xb2\x89Y\xccOd\xb4\xd4|{\x89 "\x96-x\xa8}\xe5*Read09\xe7\xe9\x80m\x8c\x87A\xa1]m\x8c\x87J:
webdav.stream_name$
"Test Series S01E01 - Episode 1.mp4z \x85  \x84
Ad\x87s)\xed{S\x80G\xb2\x89Y\xccO	Z\xfd\xb4?\xc3\xdf"\x96-x\xa8}\xe5*Read09\xdb m\x8c\x87Aib\xbcm\x8c\x87J:
webdav.stream_name$
"Test Series S01E01 - Episode 1.mp4z \x85  \x84
Ad\x87s)\xed{S\x80G\xb2\x89Y\xccO\x8c{\xf6Q\xc0k""\x96-x\xa8}\xe5*Read09/u\xbdm\x8c\x87A\xdfZm\x8c\x87J:
webdav.stream_name$
"Test Series S01E01 - Episode 1.mp4z \x85  \x84
Ad\x87s)\xed{S\x80G\xb2\x89Y\xccO:y\x84\xa1D\xf0_"\x96-x\xa8}\xe5*Read09\xf3[m\x8c\x87A\xa4\xfam\x8c\x87J:
webdav.stream_name$
"Test Series S01E01 - Episode 1.mp4z \x85  \x84
Ad\x87s)\xed{S\x80G\xb2\x89Y\xccO\xd9N\x97U\xea$:\xb5"\x96-x\xa8}\xe5*Read09\xb5\xff\xfam\x8c\x87A\x9bV\x97m\x8c\x87J:
webdav.stream_name$
"Test Series S01E01 - Episode 1.mp4z \x85  \x84
Ad\x87s)\xed{S\x80G\xb2\x89Y\xccO\x95\xd7C\xe9\x8e'Ҙ"\x96-x\xa8}\xe5*Read09\xd7a\x98m\x8c\x87A6m\x8c\x87J:
webdav.stream_name$
"Test Series S01E01 - Episode 1.mp4z \x85  \x84
Ad\x87s)\xed{S\x80G\xb2\x89Y\xccO\xa3]=0\x86\xeb""\x96-x\xa8}\xe5*Read09\x897m\x8c\x87A\xff[\xd5m\x8c\x87J:
webdav.stream_name$
"Test Series S01E01 - Episode 1.mp4z \x85  \x84
Ad\x87s)\xed{S\x80G\xb2\x89Y\xccO\\x85\x9e\xe5\xe5F\xbcx"\x96-x\xa8}\xe5*Read09\xe6|\xd6m\x8c\x87AĖsm\x8c\x87J:
webdav.stream_name$
"Test Series S01E01 - Episode 1.mp4z \x85  \x84
Ad\x87s)\xed{S\x80G\xb2\x89Y\xccO_\xb0/\xa9\x95\x8f\xc2"\x96-x\xa8}\xe5*Read09\xcb\xdctm\x8c\x87A\xd7\xf9m\x8c\x87J:
webdav.stream_name$
"Test Series S01E01 - Episode 1.mp4z \x85  \x84
Ad\x87s)\xed{S\x80G\xb2\x89Y\xccO\xf3\x97\xd5\xe0tQ"\x96-x\xa8}\xe5*Read09\x91m\x8c\x87A\x84\x9b\xb2m\x8c\x87J:
webdav.stream_name$
"Test Series S01E01 - Episode 1.mp4z \x85  \x84
Ad\x87s)\xed{S\x80G\xb2\x89Y\xccO\xcdl\x81\xcePp"\x96-x\xa8}\xe5*Read09M\xb5\xb3m\x8c\x87A\xa5\x98Om\x8c\x87J:
webdav.stream_name$
"Test Series S01E01 - Episode 1.mp4z \x85  \x84
Ad\x87s)\xed{S\x80G\xb2\x89Y\xccO\xac\x89xCiT\x8f"\x96-x\xa8}\xe5*Read09D\xc1Pm\x8c\x87AH\x97\xefm\x8c\x87J:
webdav.stream_name$
"Test Series S01E01 - Episode 1.mp4z \x85  
Batch 14:

\xc8e


service.name
xteve\xaae

webdav\x84
Ad\x87s)\xed{S\x80G\xb2\x89Y\xccO\xa1\xd3\xce\xd2W\xf6\xf1K"\x96-x\xa8}\xe5*Read09ɚ\xf0m\x8c\x87A`\xed\x8cm\x8c\x87J:
webdav.stream_name$
"Test Series S01E01 - Episode 1.mp4z \x85  \x84
Ad\x87s)\xed{S\x80G\xb2\x89Y\xccOn\x94Q{(	"\x96-x\xa8}\xe5*Read09\xf4\xef\x8em\x8c\x87AX%,m\x8c\x87J:
webdav.stream_name$
"Test Series S01E01 - Episode 1.mp4z \x85  \x84
Ad\x87s)\xed{S\x80G\xb2\x89Y\xccO\xcb\xde?\xf4+\\x86\xf9"\x96-x\xa8}\xe5*Read09S-m\x8c\x87AC\xbc\xcam\x8c\x87J:
webdav.stream_name$
"Test Series S01E01 - Episode 1.mp4z \x85  \x84
Ad\x87s)\xed{S\x80G\xb2\x89Y\xccOo~˖\xfa\xf8\xe7\xa9"\x96-x\xa8}\xe5*Read09\x96\xce\xcbm\x8c\x87A\xfdsim\x8c\x87J:
webdav.stream_name$
"Test Series S01E01 - Episode 1.mp4z \x85  \x84
Ad\x87s)\xed{S\x80G\xb2\x89Y\xccO-\xaa\x93\xa3ٷ\xc4"\x96-x\xa8}\xe5*Read09+\xadjm\x8c\x87A\x8e\xeam\x8c\x87J:
webdav.stream_name$
"Test Series S01E01 - Episode 1.mp4z \x85  \x84
Ad\x87s)\xed{S\x80G\xb2\x89Y\xccO\xa2*\xcf#\x80KR"\x96-x\xa8}\xe5*Read09\xce\xfam\x8c\x87A!ۥm\x8c\x87J:
webdav.stream_name$
"Test Series S01E01 - Episode 1.mp4z \x85  \x84
Ad\x87s)\xed{S\x80G\xb2\x89Y\xccO\xb9\xe9$\xa5,\xa3\xa2i"\x96-x\xa8}\xe5*Read09\xebӦm\x8c\x87A&Em\x8c\x87J:
webdav.stream_name$
"Test Series S01E01 - Episode 1.mp4z \x85  \x84
Ad\x87s)\xed{S\x80G\xb2\x89Y\xccO*Xv\xdd	\x97;M"\x96-x\xa8}\xe5*Read09\xb0.Fm\x8c\x87A\xe0\x8e\xe4m\x8c\x87J:
webdav.stream_name$
"Test Series S01E01 - Episode 1.mp4z \x85  \x84
Ad\x87s)\xed{S\x80G\xb2\x89Y\xccO/\xbe\xde\xb0m\xc6w"\x96-x\xa8}\xe5*Read09\xaf\xba\xe5m\x8c\x87Ad5\x83m\x8c\x87J:
webdav.stream_name$
"Test Series S01E01 - Episode 1.mp4z \x85  \x84
Ad\x87s)\xed{S\x80G\xb2\x89Y\xccO\xa5\xc1"\xde\xd1;Y"\x96-x\xa8}\xe5*Read09\x8e\xc1\x84m\x8c\x87A\x82#m\x8c\x87J:
webdav.stream_name$
"Test Series S01E01 - Episode 1.mp4z \x85  \x84
Ad\x87s)\xed{S\x80G\xb2\x89Y\xccOiA\x86?\xe1\xd4n"\x96-x\xa8}\xe5*Read09\xc3$m\x8c\x87Ae\xdc\xc8m\x8c\x87J:
webdav.stream_name$
"Test Series S01E01 - Episode 1.mp4z \x85  \x84
Ad\x87s)\xed{S\x80G\xb2\x89Y\xccO\x82\xd4\xea\xd9"}\xa2\xf1"\x96-x\xa8}\xe5*Read09\x93J\xcam\x8c\x87At>bm\x8c\x87J:
webdav.stream_name$
"Test Series S01E01 - Episode 1.mp4z \x85  \x84
Ad\x87s)\xed{S\x80G\xb2\x89Y\xccOwc\xa0\x8c\xc6"\x96-x\xa8}\xe5*Read09y\xaacm\x8c\x87Ao\xd6 m\x8c\x87J:
webdav.stream_name$
"Test Series S01E01 - Episode 1.mp4z \x85  \x84
Ad\x87s)\xed{S\x80G\xb2\x89Y\xccO\xca0\xf6\x8cF\x92\xfa\xa8"\x96-x\xa8}\xe5*Read09#[m\x8c\x87A\xf8B\xa1m\x8c\x87J:
webdav.stream_name$
"Test Series S01E01 - Episode 1.mp4z \x85  \x84
Ad\x87s)\xed{S\x80G\xb2\x89Y\xccO\xda0 \x99\xec"\x96-x\xa8}\xe5*Read09[\x93\xa2m\x8c\x87Ad,?m\x8c\x87J:
webdav.stream_name$
"Test Series S01E01 - Episode 1.mp4z \x85  \x84
Ad\x87s)\xed{S\x80G\xb2\x89Y\xccO\x82f\xbf\x8c\xa4֭l"\x96-x\xa8}\xe5*Read09\x9a\x90@m\x8c\x87Au\xe0m\x8c\x87J:
webdav.stream_name$
"Test Series S01E01 - Episode 1.mp4z \x85  \x84
Ad\x87s)\xed{S\x80G\xb2\x89Y\xccO\xa0\xecJ\xf0\xd3w"\x96-x\xa8}\xe5*Read09\xe2\xb3\xe1m\x8c\x87AX\xa0} m\x8c\x87J:
webdav.stream_name$
"Test Series S01E01 - Episode 1.mp4z \x85  \x84
Ad\x87s)\xed{S\x80G\xb2\x89Y\xccO\x84W\xd7\x81\xef\xa3n"\x96-x\xa8}\xe5*Read09# m\x8c\x87A\xbe;!m\x8c\x87J:
webdav.stream_name$
"Test Series S01E01 - Episode 1.mp4z \x85  \x84
Ad\x87s)\xed{S\x80G\xb2\x89Y\xccOa \x8dK\x98\xaf"\x96-x\xa8}\xe5*Read09\xac\x9b!m\x8c\x87A-?\xbe!m\x8c\x87J:
webdav.stream_name$
"Test Series S01E01 - Episode 1.mp4z \x85  \x84
Ad\x87s)\xed{S\x80G\xb2\x89Y\xccOvLqW\xd2\x82"\x96-x\xa8}\xe5*Read09\xc9\xfd\xc0!m\x8c\x87AQ\x9a^"m\x8c\x87J:
webdav.stream_name$
"Test Series S01E01 - Episode 1.mp4z \x85  \x84
Ad\x87s)\xed{S\x80G\xb2\x89Y\xccO$\xeetb\xb0\xbe\xa3"\x96-x\xa8}\xe5*Read09,\xcd_"m\x8c\x87AY\xfd"m\x8c\x87J:
webdav.stream_name$
"Test Series S01E01 - Episode 1.mp4z \x85  \x84
Ad\x87s)\xed{S\x80G\xb2\x89Y\xccO;3\xb2\xb3\x96vo"\x96-x\xa8}\xe5*Read09\x97H\xfe"m\x8c\x87A\xe4y\x9c#m\x8c\x87J:
webdav.stream_name$
"Test Series S01E01 - Episode 1.mp4z \x85  \x84
Ad\x87s)\xed{S\x80G\xb2\x89Y\xccO\xc0o\x9ai=\xc3\xfe"\x96-x\xa8}\xe5*Read09\xf9\x92\x9d#m\x8c\x87A\xd6:$m\x8c\x87J:
webdav.stream_name$
"Test Series S01E01 - Episode 1.mp4z \x85  \x84
Ad\x87s)\xed{S\x80G\xb2\x89Y\xccOǙ*Ďw\xfc\xed"\x96-x\xa8}\xe5*Read09<$m\x8c\x87AtL\xd9$m\x8c\x87J:
webdav.stream_name$
"Test Series S01E01 - Episode 1.mp4z \x85  \x84
Ad\x87s)\xed{S\x80G\xb2\x89Y\xccOk\xf1\xea\xf7\xbc\xd9"\x96-x\xa8}\xe5*Read09\xbaO\xda$m\x8c\x87A<\xbbw%m\x8c\x87J:
webdav.stream_name$
"Test Series S01E01 - Episode 1.mp4z \x85  \x84
Ad\x87s)\xed{S\x80G\xb2\x89Y\xccO\xdd\xe3&\xd8`e"\x96-x\xa8}\xe5*Read09E\xcex%m\x8c\x87A\xd8N&m\x8c\x87J:
webdav.stream_name$
"Test Series S01E01 - Episode 1.mp4z \x85  \x84
Ad\x87s)\xed{S\x80G\xb2\x89Y\xccO\x82\xef ]9\xf5\xbd"\x96-x\xa8}\xe5*Read09$R&m\x8c\x87A糵&m\x8c\x87J:
webdav.stream_name$
"Test Series S01E01 - Episode 1.mp4z \x85  \x84
Ad\x87s)\xed{S\x80G\xb2\x89Y\xccOԂ\xe7\x8ca\x9b\x82\xf1"\x96-x\xa8}\xe5*Read09nŶ&m\x8c\x87A\x86,T'm\x8c\x87J:
webdav.stream_name$
"Test Series S01E01 - Episode 1.mp4z \x85  \x84
Ad\x87s)\xed{S\x80G\xb2\x89Y\xccOb\x85הx4\xf4\x8f"\x96-x\xa8}\xe5*Read09"U'm\x8c\x87A\xefk\xf2'm\x8c\x87J:
webdav.stream_name$
"Test Series S01E01 - Episode 1.mp4z \x85  \x84
Ad\x87s)\xed{S\x80G\xb2\x89Y\xccO\xa0\xe8=\xa7""\x96-x\xa8}\xe5*Read09ۋ\xf3'm\x8c\x87AV\xef\x91(m\x8c\x87J:
webdav.stream_name$
"Test Series S01E01 - Episode 1.mp4z \x85  \x84
Ad\x87s)\xed{S\x80G\xb2\x89Y\xccO\x8d\x92;?\xf3\xe0"\x96-x\xa8}\xe5*Read09\xad\\x93(m\x8c\x87A\xa8\x930)m\x8c\x87J:
webdav.stream_name$
"Test Series S01E01 - Episode 1.mp4z \x85  \x84
Ad\x87s)\xed{S\x80G\xb2\x89Y\xccO;Ԗ\x96`\x9e{"\x96-x\xa8}\xe5*Read09Q\x9e1)m\x8c\x87A\x82\xb6\xce)m\x8c\x87J:
webdav.stream_name$
"Test Series S01E01 - Episode 1.mp4z \x85  \x84
Ad\x87s)\xed{S\x80G\xb2\x89Y\xccO\xe0fL\xfcX}{\x9d"\x96-x\xa8}\xe5*Read09\xaak\xd0)m\x8c\x87A\xf0\x9fm*m\x8c\x87J:
webdav.stream_name$
"Test Series S01E01 - Episode 1.mp4z \x85  \x84
Ad\x87s)\xed{S\x80G\xb2\x89Y\xccOe\xe3szD\xea\x91"\x96-x\xa8}\xe5*Read09>\xb6n*m\x8c\x87A\x904+m\x8c\x87J:
webdav.stream_name$
"Test Series S01E01 - Episode 1.mp4z \x85  \x84
Ad\x87s)\xed{S\x80G\xb2\x89Y\xccO\xdad7\xe2\xf5\xfb\xd6"\x96-x\xa8}\xe5*Read090H+m\x8c\x87A\xf0#\xaa+m\x8c\x87J:
webdav.stream_name$
"Test Series S01E01 - Episode 1.mp4z \x85  \x84
Ad\x87s)\xed{S\x80G\xb2\x89Y\xccO@V\x93wǺ!\xbe"\x96-x\xa8}\xe5*Read09\xce9\xab+m\x8c\x87A\xe5bJ,m\x8c\x87J:
webdav.stream_name$
"Test Series S01E01 - Episode 1.mp4z \x85  \x84
Ad\x87s)\xed{S\x80G\xb2\x89Y\xccOA9P\xb6nҌ\xe4"\x96-x\xa8}\xe5*Read09\xe1_K,m\x8c\x87A\x95\xdb\xe9,m\x8c\x87J:
webdav.stream_name$
"Test Series S01E01 - Episode 1.mp4z \x85  \x84
Ad\x87s)\xed{S\x80G\xb2\x89Y\xccO\xfa\x84\xa6E
)z"\x96-x\xa8}\xe5*Read09xB\xeb,m\x8c\x87A\xa55\x88-m\x8c\x87J:
webdav.stream_name$
"Test Series S01E01 - Episode 1.mp4z \x85  \x84
Ad\x87s)\xed{S\x80G\xb2\x89Y\xccO\xacl\x97f\xafdD"\x96-x\xa8}\xe5*Read09\xdb>\x89-m\x8c\x87A\x9fu&.m\x8c\x87J:
webdav.stream_name$
"Test Series S01E01 - Episode 1.mp4z \x85  \x84
Ad\x87s)\xed{S\x80G\xb2\x89Y\xccO\xb7\xb6\x9f\x85\xaa_\x89"\x96-x\xa8}\xe5*Read09\xbc'.m\x8c\x87A:\x9e\xc3.m\x8c\x87J:
webdav.stream_name$
"Test Series S01E01 - Episode 1.mp4z \x85  \x84
Ad\x87s)\xed{S\x80G\xb2\x89Y\xccO\x9c"\xafp\xba\xb5\xc1\xd5"\x96-x\xa8}\xe5*Read09\xa8\xd3\xc4.m\x8c\x87A.\xeba/m\x8c\x87J:
webdav.stream_name$
"Test Series S01E01 - Episode 1.mp4z \x85  \x84
Ad\x87s)\xed{S\x80G\xb2\x89Y\xccO#aa\xe5/I\xf7\x86"\x96-x\xa8}\xe5*Read09\xa2\xfbb/m\x8c\x87Aw\x84 0m\x8c\x87J:
webdav.stream_name$
"Test Series S01E01 - Episode 1.mp4z \x85  \x84
Ad\x87s)\xed{S\x80G\xb2\x89Y\xccO\xfa6\x94;r\x98"\x96-x\xa8}\xe5*Read097\x960m\x8c\x87A\xd9;\x9f0m\x8c\x87J:
webdav.stream_name$
"Test Series S01E01 - Episode 1.mp4z \x85  \x84
Ad\x87s)\xed{S\x80G\xb2\x89Y\xccOe\xbb\x82\xccm\xf7\xf7"\x96-x\xa8}\xe5*Read09L\xa00m\x8c\x87A>1m\x8c\x87J:
webdav.stream_name$
"Test Series S01E01 - Episode 1.mp4z \x85  \x84
Ad\x87s)\xed{S\x80G\xb2\x89Y\xccO"\x9fuWz\xdf	\xc4"\x96-x\xa8}\xe5*Read09\xa1?1m\x8c\x87A\x8a\xc1\xdd1m\x8c\x87J:
webdav.stream_name$
"Test Series S01E01 - Episode 1.mp4z \x85  \x84
Ad\x87s)\xed{S\x80G\xb2\x89Y\xccO\xe1r\xb7\x83mҏ"\x96-x\xa8}\xe5*Read09\xb7\xce\xde1m\x8c\x87A\xbb4}2m\x8c\x87J:
webdav.stream_name$
"Test Series S01E01 - Episode 1.mp4z \x85  \x84
Ad\x87s)\xed{S\x80G\xb2\x89Y\xccO\xf3B\xb4/\xa4\x90\xc8y"\x96-x\xa8}\xe5*Read099I~2m\x8c\x87A[{3m\x8c\x87J:
webdav.stream_name$
"Test Series S01E01 - Episode 1.mp4z \x85  \x84
Ad\x87s)\xed{S\x80G\xb2\x89Y\xccO\xe7r?\xe1\xec\xb5\xd0A"\x96-x\xa8}\xe5*Read09\x97\x923m\x8c\x87Aa\xbb3m\x8c\x87J:
webdav.stream_name$
"Test Series S01E01 - Episode 1.mp4z \x85  \x84
Ad\x87s)\xed{S\x80G\xb2\x89Y\xccO\xd5xy\xe9Fy\x8f\xe1"\x96-x\xa8}\xe5*Read09\x86\xbc3m\x8c\x87AC\xbfZ4m\x8c\x87J:
webdav.stream_name$
"Test Series S01E01 - Episode 1.mp4z \x85  \x84
Ad\x87s)\xed{S\x80G\xb2\x89Y\xccO\xe2\xa46\xc7!\xac"\x96-x\xa8}\xe5*Read09\xbb2\4m\x8c\x87AHt\xf74m\x8c\x87J:
webdav.stream_name$
"Test Series S01E01 - Episode 1.mp4z \x85  \x84
Ad\x87s)\xed{S\x80G\xb2\x89Y\xccOj\xf5\xbd:\xaev"\x96-x\xa8}\xe5*Read09\xa1\x8f\xf84m\x8c\x87A+\x89\x965m\x8c\x87J:
webdav.stream_name$
"Test Series S01E01 - Episode 1.mp4z \x85  \x84
Ad\x87s)\xed{S\x80G\xb2\x89Y\xccO"9M\x90HH\xbe"\x96-x\xa8}\xe5*Read09S\xb9\x975m\x8c\x87A=~56m\x8c\x87J:
webdav.stream_name$
"Test Series S01E01 - Episode 1.mp4z \x85  \x84
Ad\x87s)\xed{S\x80G\xb2\x89Y\xccOIC>!N\xf6\xb8o"\x96-x\xa8}\xe5*Read098\xa966m\x8c\x87A\x857\xd46m\x8c\x87J:
webdav.stream_name$
"Test Series S01E01 - Episode 1.mp4z \x85  \x84
Ad\x87s)\xed{S\x80G\xb2\x89Y\xccOB\xa04\x94
\xd2\xe0"\x96-x\xa8}\xe5*Read097Q\xd56m\x8c\x87A\xad\xccs7m\x8c\x87J:
webdav.stream_name$
"Test Series S01E01 - Episode 1.mp4z \x85  \x84
Ad\x87s)\xed{S\x80G\xb2\x89Y\xccOO
\xe4\xba\xb4\xd7"\x96-x\xa8}\xe5*Read09H\xd0t7m\x8c\x87A\xd5\xfc8m\x8c\x87J:
webdav.stream_name$
"Test Series S01E01 - Episode 1.mp4z \x85  \x84
Ad\x87s)\xed{S\x80G\xb2\x89Y\xccO\xdb5\xe9(\xa5\xc8"\x96-x\xa8}\xe5*Read09?8m\x8c\x87Aj\x88\xb18m\x8c\x87J:
webdav.stream_name$
"Test Series S01E01 - Episode 1.mp4z \x85  \x84
Ad\x87s)\xed{S\x80G\xb2\x89Y\xccO\xe1X\xf7\x91`\x83"\x96-x\xa8}\xe5*Read09K\x89\xb28m\x8c\x87Am\xe8Q9m\x8c\x87J:
webdav.stream_name$
"Test Series S01E01 - Episode 1.mp4z \x85  \x84
Ad\x87s)\xed{S\x80G\xb2\x89Y\xccO\xb9X\xd5b\x93\x88\xe2\x9f"\x96-x\xa8}\xe5*Read09MgS9m\x8c\x87A<\x96\xf09m\x8c\x87J:
webdav.stream_name$
"Test Series S01E01 - Episode 1.mp4z \x85  \x84
Ad\x87s)\xed{S\x80G\xb2\x89Y\xccO\xa8\xf9\x97\x9em"\x96-x\xa8}\xe5*Read09\xe5\xaa\xf19m\x8c\x87A\xbb"\x91:m\x8c\x87J:
webdav.stream_name$
"Test Series S01E01 - Episode 1.mp4z \x85  \x84
Ad\x87s)\xed{S\x80G\xb2\x89Y\xccO\x91ȅ\xa0\xfd\xa4!d"\x96-x\xa8}\xe5*Read093\xf4\x92:m\x8c\x87A\xc4\xd0/;m\x8c\x87J:
webdav.stream_name$
"Test Series S01E01 - Episode 1.mp4z \x85  \x84
Ad\x87s)\xed{S\x80G\xb2\x89Y\xccO\xef\xf7\xf0Xf\xfd"\x96-x\xa8}\xe5*Read09\xf4\xd20;m\x8c\x87A\xf4\xc7\xce;m\x8c\x87J:
webdav.stream_name$
"Test Series S01E01 - Episode 1.mp4z \x85  \x84
Ad\x87s)\xed{S\x80G\xb2\x89Y\xccO\x94\xa2՝\x89#\x97]"\x96-x\xa8}\xe5*Read09 \xaf\xcf;m\x8c\x87A\x9e\x88m<m\x8c\x87J:
webdav.stream_name$
"Test Series S01E01 - Episode 1.mp4z \x85  \x84
Ad\x87s)\xed{S\x80G\xb2\x89Y\xccO\x96\x8d}\xe8\x9d\xd7"\x96-x\xa8}\xe5*Read09\xb3Qn<m\x8c\x87AX=m\x8c\x87J:
webdav.stream_name$
"Test Series S01E01 - Episode 1.mp4z \x85  \x84
Ad\x87s)\xed{S\x80G\xb2\x89Y\xccO\x8b\x96*d\xcc"\x96-x\xa8}\xe5*Read09?=m\x8c\x87AG\xaf=m\x8c\x87J:
webdav.stream_name$
"Test Series S01E01 - Episode 1.mp4z \x85  \x84
Ad\x87s)\xed{S\x80G\xb2\x89Y\xccOE\x96/\xd4L&z\xe9"\x96-x\xa8}\xe5*Read09\xddD\xb0=m\x8c\x87A^O>m\x8c\x87J:
webdav.stream_name$
"Test Series S01E01 - Episode 1.mp4z \x85  \x84
Ad\x87s)\xed{S\x80G\xb2\x89Y\xccO|\xa3\xb5\xa3y\xc6QR"\x96-x\xa8}\xe5*Read09GP>m\x8c\x87AM&\xef>m\x8c\x87J:
webdav.stream_name$
"Test Series S01E01 - Episode 1.mp4z \x85  \x84
Ad\x87s)\xed{S\x80G\xb2\x89Y\xccO \xe7K\x93\x82"\x96-x\xa8}\xe5*Read09S\xfe\xf0>m\x8c\x87A\xf3\x9f\x90?m\x8c\x87J:
webdav.stream_name$
"Test Series S01E01 - Episode 1.mp4z \x85  \x84
Ad\x87s)\xed{S\x80G\xb2\x89Y\xccO\xc6FyQ\xfc\xe1\xe2\xed"\x96-x\xa8}\xe5*Read09b\xe7\x91?m\x8c\x87A&\xb20@m\x8c\x87J:
webdav.stream_name$
"Test Series S01E01 - Episode 1.mp4z \x85  \x84
Ad\x87s)\xed{S\x80G\xb2\x89Y\xccOt\x89rV\xb2s\xa1\xad"\x96-x\xa8}\xe5*Read09*\xf01@m\x8c\x87A]\xd0@m\x8c\x87J:
webdav.stream_name$
"Test Series S01E01 - Episode 1.mp4z \x85  \x84
Ad\x87s)\xed{S\x80G\xb2\x89Y\xccO\xfc \xfc\xcft\xad"\x96-x\xa8}\xe5*Read09L\x86\xd1@m\x8c\x87A\x8cBoAm\x8c\x87J:
webdav.stream_name$
"Test Series S01E01 - Episode 1.mp4z \x85  \x84
Ad\x87s)\xed{S\x80G\xb2\x89Y\xccOA\x8f\xa4"\x96-x\xa8}\xe5*Read09DwpAm\x8c\x87A\xc7|Bm\x8c\x87J:
webdav.stream_name$
"Test Series S01E01 - Episode 1.mp4z \x85  \x84
Ad\x87s)\xed{S\x80G\xb2\x89Y\xccOw\xf6\xb9\x8d\xecWO"\x96-x\xa8}\xe5*Read09O\xc3Bm\x8c\x87A\xbb\xa1\xadBm\x8c\x87J:
webdav.stream_name$
"Test Series S01E01 - Episode 1.mp4z \x85  \x84
Ad\x87s)\xed{S\x80G\xb2\x89Y\xccO˸\x83<\xcb|x\x93"\x96-x\xa8}\xe5*Read09\xafBm\x8c\x87A'\xd2KCm\x8c\x87J:
webdav.stream_name$
"Test Series S01E01 - Episode 1.mp4z \x85  \x84
Ad\x87s)\xed{S\x80G\xb2\x89Y\xccO%R`\xe8и\xf3~"\x96-x\xa8}\xe5*Read09uMCm\x8c\x87A\x95\xdc\xeaCm\x8c\x87J:
webdav.stream_name$
"Test Series S01E01 - Episode 1.mp4z \x85  \x84
Ad\x87s)\xed{S\x80G\xb2\x89Y\xccO\xb4\x92\xa2=\x89}\xd0"\x96-x\xa8}\xe5*Read09+\xfc\xebCm\x8c\x87A\x94\x8bDm\x8c\x87J:
webdav.stream_name$
"Test Series S01E01 - Episode 1.mp4z \x85  \x84
Ad\x87s)\xed{S\x80G\xb2\x89Y\xccO\xcc\xe2\xa3\xdau2a\xd6"\x96-x\xa8}\xe5*Read09\xf5όDm\x8c\x87A\xb4m+Em\x8c\x87J:
webdav.stream_name$
"Test Series S01E01 - Episode 1.mp4z \x85  \x84
Ad\x87s)\xed{S\x80G\xb2\x89Y\xccO\xc4?3\xaa\xc1_\x89\x8b"\x96-x\xa8}\xe5*Read09ϕ,Em\x8c\x87A]\xe4\xcbEm\x8c\x87J:
webdav.stream_name$
"Test Series S01E01 - Episode 1.mp4z \x85  \x84
Ad\x87s)\xed{S\x80G\xb2\x89Y\xccO\xeb̃d\xac"\x96-x\xa8}\xe5*Read09\xc3\xcdEm\x8c\x87A\xa5kFm\x8c\x87J:
webdav.stream_name$
"Test Series S01E01 - Episode 1.mp4z \x85  \x84
Ad\x87s)\xed{S\x80G\xb2\x89Y\xccO\xfa\xf0\xdcb\xd9"\x96-x\xa8}\xe5*Read09\xcf3lFm\x8c\x87A\xa43
Gm\x8c\x87J:
webdav.stream_name$
"Test Series S01E01 - Episode 1.mp4z \x85  \x84
Ad\x87s)\xed{S\x80G\xb2\x89Y\xccO\x81uPj\xa8M\xd6%"\x96-x\xa8}\xe5*Read09{\x84Gm\x8c\x87A\xb1\xa8Gm\x8c\x87J:
webdav.stream_name$
"Test Series S01E01 - Episode 1.mp4z \x85  \x84
Ad\x87s)\xed{S\x80G\xb2\x89Y\xccO\x9dWl\x83\xec\xfa\xf7\xa7"\x96-x\xa8}\xe5*Read09k\xed\xa9Gm\x8c\x87Ab\xe4GHm\x8c\x87J:
webdav.stream_name$
"Test Series S01E01 - Episode 1.mp4z \x85  \x84
Ad\x87s)\xed{S\x80G\xb2\x89Y\xccO[\xc1gm\x8c\xb8^\xdd"\x96-x\xa8}\xe5*Read09\xb3\x97IHm\x8c\x87A2q\xe5Hm\x8c\x87J:
webdav.stream_name$
"Test Series S01E01 - Episode 1.mp4z \x85  \x84
Ad\x87s)\xed{S\x80G\xb2\x89Y\xccO7\xce\xea\xccF\xa1E"\x96-x\xa8}\xe5*Read09\x91\x8d\xe6Hm\x8c\x87Ab\xfc\x84Im\x8c\x87J:
webdav.stream_name$
"Test Series S01E01 - Episode 1.mp4z \x85  \x84
Ad\x87s)\xed{S\x80G\xb2\x89Y\xccO,\xd4q\xa3\xa0\xbe9\xa4"\x96-x\xa8}\xe5*Read090!\x86Im\x8c\x87A{"%Jm\x8c\x87J:
webdav.stream_name$
"Test Series S01E01 - Episode 1.mp4z \x85  \x84
Ad\x87s)\xed{S\x80G\xb2\x89Y\xccO\x96M\xac0
\xb4Hq"\x96-x\xa8}\xe5*Read09\x89}&Jm\x8c\x87Aw\xc6\xc3Jm\x8c\x87J:
webdav.stream_name$
"Test Series S01E01 - Episode 1.mp4z \x85  \x84
Ad\x87s)\xed{S\x80G\xb2\x89Y\xccOӑj\xf1eoR"\x96-x\xa8}\xe5*Read09/\xc5Jm\x8c\x87AEVcKm\x8c\x87J:
webdav.stream_name$
"Test Series S01E01 - Episode 1.mp4z \x85  \x84
Ad\x87s)\xed{S\x80G\xb2\x89Y\xccO\xd3-\xf7\xd5A\xbb"\x96-x\xa8}\xe5*Read09\xb7\x85dKm\x8c\x87A\xf9\x9eLm\x8c\x87J:
webdav.stream_name$
"Test Series S01E01 - Episode 1.mp4z \x85  \x84
Ad\x87s)\xed{S\x80G\xb2\x89Y\xccO\xc1/\xfa\xe8&\x96\xb7"\x96-x\xa8}\xe5*Read09B\xd9Lm\x8c\x87AU>\xa0Lm\x8c\x87J:
webdav.stream_name$
"Test Series S01E01 - Episode 1.mp4z \x85  \x84
Ad\x87s)\xed{S\x80G\xb2\x89Y\xccO;\xddֹ\xb9\xe5"\x96-x\xa8}\xe5*Read09Rh\xa1Lm\x8c\x87AR=?Mm\x8c\x87J:
webdav.stream_name$
"Test Series S01E01 - Episode 1.mp4z \x85  \x84
Ad\x87s)\xed{S\x80G\xb2\x89Y\xccO_\xaa\xfa\xad\xd2"\x96-x\xa8}\xe5*Read09At@Mm\x8c\x87Ac\xd1\xdeMm\x8c\x87J:
webdav.stream_name$
"Test Series S01E01 - Episode 1.mp4z \x85  \x84
Ad\x87s)\xed{S\x80G\xb2\x89Y\xccO\x9d>|"\xfe\xad\xbb\xf9"\x96-x\xa8}\xe5*Read09\xb6\xfd\xdfMm\x8c\x87A\x91\x85~Nm\x8c\x87J:
webdav.stream_name$
"Test Series S01E01 - Episode 1.mp4z \x85  \x84
Ad\x87s)\xed{S\x80G\xb2\x89Y\xccO))#\xef@\xf8:\xf1"\x96-x\xa8}\xe5*Read097\xb9Nm\x8c\x87A\x8coOm\x8c\x87J:
webdav.stream_name$
"Test Series S01E01 - Episode 1.mp4z \x85  \x84
Ad\x87s)\xed{S\x80G\xb2\x89Y\xccO\x91 j\x8dO\x89\x9b"\x96-x\xa8}\xe5*Read09"\xe0Om\x8c\x87A\xc2ܽOm\x8c\x87J:
webdav.stream_name$
"Test Series S01E01 - Episode 1.mp4z \x85  \x84
Ad\x87s)\xed{S\x80G\xb2\x89Y\xccO@\xea\x83j^y\xe7"\x96-x\xa8}\xe5*Read098-\xbfOm\x8c\x87A?\xdf]Pm\x8c\x87J:
webdav.stream_name$
"Test Series S01E01 - Episode 1.mp4z \x85  \x84
Ad\x87s)\xed{S\x80G\xb2\x89Y\xccO\xdf\x97f\x83""\x96-x\xa8}\xe5*Read09S`Pm\x8c\x87AWU\xfePm\x8c\x87J:
webdav.stream_name$
"Test Series S01E01 - Episode 1.mp4z \x85  \x84
Ad\x87s)\xed{S\x80G\xb2\x89Y\xccO\xe9(\x96\x872'\xae"\x96-x\xa8}\xe5*Read09\xc5U\xffPm\x8c\x87A7\xff\x9eQm\x8c\x87J:
webdav.stream_name$
"Test Series S01E01 - Episode 1.mp4z \x85  
Batch 15:

\xb97


service.name
xteve\x8e%

webdav\x84
Ad\x87s)\xed{S\x80G\xb2\x89Y\xccO\xee\xb3\xf3\x90c\xefQ"\x96-x\xa8}\xe5*Read09\xda\xe6\x9fQm\x8c\x87AS\xc3;Rm\x8c\x87J:
webdav.stream_name$
"Test Series S01E01 - Episode 1.mp4z \x85  \x84
Ad\x87s)\xed{S\x80G\xb2\x89Y\xccO=\xcaU
\xb6\x89\xda"\x96-x\xa8}\xe5*Read09 \xe0<Rm\x8c\x87AA\xd2\xdaRm\x8c\x87J:
webdav.stream_name$
"Test Series S01E01 - Episode 1.mp4z \x85  \x84
Ad\x87s)\xed{S\x80G\xb2\x89Y\xccO\xb2\xe2U\xccj\xbf\xb2#"\x96-x\xa8}\xe5*Read09\x8f\xc9\xdbRm\x8c\x87A$\xd6xSm\x8c\x87J:
webdav.stream_name$
"Test Series S01E01 - Episode 1.mp4z \x85  \x84
Ad\x87s)\xed{S\x80G\xb2\x89Y\xccOi?IRAf"\x96-x\xa8}\xe5*Read09\x95\xf8ySm\x8c\x87ADzTm\x8c\x87J:
webdav.stream_name$
"Test Series S01E01 - Episode 1.mp4z \x85  \x84
Ad\x87s)\xed{S\x80G\xb2\x89Y\xccOڞ|R\xff\xfa\xdb\xd1"\x96-x\xa8}\xe5*Read09j\xa9Tm\x8c\x87A\xde\xe5\xb7Tm\x8c\x87J:
webdav.stream_name$
"Test Series S01E01 - Episode 1.mp4z \x85  \x84
Ad\x87s)\xed{S\x80G\xb2\x89Y\xccO\xd3mט\xee\xc28\xbb"\x96-x\xa8}\xe5*Read0927\xb9Tm\x8c\x87A~lXUm\x8c\x87J:
webdav.stream_name$
"Test Series S01E01 - Episode 1.mp4z \x85  \x84
Ad\x87s)\xed{S\x80G\xb2\x89Y\xccOC\xcb$\xa5\x94\xb5\xff\xfd"\x96-x\xa8}\xe5*Read090\xdbYUm\x8c\x87A\xd8\xe8\xf6Um\x8c\x87J:
webdav.stream_name$
"Test Series S01E01 - Episode 1.mp4z \x85  \x84
Ad\x87s)\xed{S\x80G\xb2\x89Y\xccO\xfc\x81vP{c"\x96-x\xa8}\xe5*Read09V\xf8Um\x8c\x87A\xa6\x8d\x95Vm\x8c\x87J:
webdav.stream_name$
"Test Series S01E01 - Episode 1.mp4z \x85  \x84
Ad\x87s)\xed{S\x80G\xb2\x89Y\xccO/\xf6ӻ\xcc"\x96-x\xa8}\xe5*Read09|\x81\x96Vm\x8c\x87A\x96=3Wm\x8c\x87J:
webdav.stream_name$
"Test Series S01E01 - Episode 1.mp4z \x85  \x84
Ad\x87s)\xed{S\x80G\xb2\x89Y\xccO\x8c\xa7Olz\xa4+\xe4"\x96-x\xa8}\xe5*Read09\xfca4Wm\x8c\x87A%\xe6\xd1Wm\x8c\x87J:
webdav.stream_name$
"Test Series S01E01 - Episode 1.mp4z \x85  \x84
Ad\x87s)\xed{S\x80G\xb2\x89Y\xccO\x8f\xd2I\xe69vbK"\x96-x\xa8}\xe5*Read09\xff\xeb\xd2Wm\x8c\x87AI\xabpXm\x8c\x87J:
webdav.stream_name$
"Test Series S01E01 - Episode 1.mp4z \x85  \x84
Ad\x87s)\xed{S\x80G\xb2\x89Y\xccO\xa0wq'\xde\xf7"\x96-x\xa8}\xe5*Read099\xcdqXm\x8c\x87A\x94nYm\x8c\x87J:
webdav.stream_name$
"Test Series S01E01 - Episode 1.mp4z \x85  \x84
Ad\x87s)\xed{S\x80G\xb2\x89Y\xccOW̙\xc9;\xc7'"\x96-x\xa8}\xe5*Read09E2Ym\x8c\x87Af\xaf\xadYm\x8c\x87J:
webdav.stream_name$
"Test Series S01E01 - Episode 1.mp4z \x85  \x84
Ad\x87s)\xed{S\x80G\xb2\x89Y\xccO\xfb\xaf\xe8y\xd3}\x91 "\x96-x\xa8}\xe5*Read09O\xe3\xaeYm\x8c\x87A\x99NZm\x8c\x87J:
webdav.stream_name$
"Test Series S01E01 - Episode 1.mp4z \x85  \x84
Ad\x87s)\xed{S\x80G\xb2\x89Y\xccO\xfc\xd7r'p%x3"\x96-x\xa8}\xe5*Read09\x95OZm\x8c\x87Af\x9f\xebZm\x8c\x87J:
webdav.stream_name$
"Test Series S01E01 - Episode 1.mp4z \x85  \x84
Ad\x87s)\xed{S\x80G\xb2\x89Y\xccOZ	\xbd\xdb:똛"\x96-x\xa8}\xe5*Read09\xee\xe7\xecZm\x8c\x87A:\xaf\x8a[m\x8c\x87J:
webdav.stream_name$
"Test Series S01E01 - Episode 1.mp4z \x85  \x84
Ad\x87s)\xed{S\x80G\xb2\x89Y\xccO\x8al\xbe>\xb5X!\x98"\x96-x\xa8}\xe5*Read09[ˋ[m\x8c\x87A\x99\x80'\m\x8c\x87J:
webdav.stream_name$
"Test Series S01E01 - Episode 1.mp4z \x85  \x84
Ad\x87s)\xed{S\x80G\xb2\x89Y\xccO\x82\xfab\xe1\x91_"\x96-x\xa8}\xe5*Read09T\xb2(\m\x8c\x87A\c\xc6\m\x8c\x87J:
webdav.stream_name$
"Test Series S01E01 - Episode 1.mp4z \x85  \x84
Ad\x87s)\xed{S\x80G\xb2\x89Y\xccOwL\xd6k\x85i"\x96-x\xa8}\xe5*Read09s}\xc7\m\x8c\x87A\x8c6d]m\x8c\x87J:
webdav.stream_name$
"Test Series S01E01 - Episode 1.mp4z \x85  \x84
Ad\x87s)\xed{S\x80G\xb2\x89Y\xccO\xc1q\xd8EI̢\x9e"\x96-x\xa8}\xe5*Read09\xf1_e]m\x8c\x87A\xff?^m\x8c\x87J:
webdav.stream_name$
"Test Series S01E01 - Episode 1.mp4z \x85  \x84
Ad\x87s)\xed{S\x80G\xb2\x89Y\xccO\xe1\xa6ZP\xc42\x83\xfa"\x96-x\xa8}\xe5*Read09\xd6h^m\x8c\x87A@ɡ^m\x8c\x87J:
webdav.stream_name$
"Test Series S01E01 - Episode 1.mp4z \x85  \x84
Ad\x87s)\xed{S\x80G\xb2\x89Y\xccO\(\xf6Y\R\xb0"\x96-x\xa8}\xe5*Read09V\x85\xa3^m\x8c\x87A=\x8b@_m\x8c\x87J:
webdav.stream_name$
"Test Series S01E01 - Episode 1.mp4z \x85  \x84
Ad\x87s)\xed{S\x80G\xb2\x89Y\xccO\xbdч\x82<\xa9"\x96-x\xa8}\xe5*Read09LB_m\x8c\x87A\x9f\xd7\xdf_m\x8c\x87J:
webdav.stream_name$
"Test Series S01E01 - Episode 1.mp4z \x85  \x84
Ad\x87s)\xed{S\x80G\xb2\x89Y\xccO\xad'\xdcjTb\xd2"\x96-x\xa8}\xe5*Read09\xc5"\xe1_m\x8c\x87A\xf0~`m\x8c\x87J:
webdav.stream_name$
"Test Series S01E01 - Episode 1.mp4z \x85  \x84
Ad\x87s)\xed{S\x80G\xb2\x89Y\xccOpa\x9eEͧ.:"\x96-x\xa8}\xe5*Read09\xe25`m\x8c\x87A\xf7\x89am\x8c\x87J:
webdav.stream_name$
"Test Series S01E01 - Episode 1.mp4z \x85  \x84
Ad\x87s)\xed{S\x80G\xb2\x89Y\xccO\xe3j\x8fЧG!\x8b"\x96-x\xa8}\xe5*Read09\xa7\xe5am\x8c\x87A6\xe7\xbaam\x8c\x87J:
webdav.stream_name$
"Test Series S01E01 - Episode 1.mp4z \x85  \x84
Ad\x87s)\xed{S\x80G\xb2\x89Y\xccO͕h\xe0Pm["\x96-x\xa8}\xe5*Read09\xf2 \xbcam\x8c\x87Ac%Ybm\x8c\x87J:
webdav.stream_name$
"Test Series S01E01 - Episode 1.mp4z \x85  \x84
Ad\x87s)\xed{S\x80G\xb2\x89Y\xccO\xb4D\xbf\xa3\x9b\xaf\x99f"\x96-x\xa8}\xe5*Read095FZbm\x8c\x87A\xa1\xf7bm\x8c\x87J:
webdav.stream_name$
"Test Series S01E01 - Episode 1.mp4z \x85  \x84
Ad\x87s)\xed{S\x80G\xb2\x89Y\xccOY\x8aT\x9b?0"\x96-x\xa8}\xe5*Read09\x9f\xf8bm\x8c\x87A\x93h\x96cm\x8c\x87J:
webdav.stream_name$
"Test Series S01E01 - Episode 1.mp4z \x85  \x84
Ad\x87s)\xed{S\x80G\xb2\x89Y\xccOt\x9a\xec\xf0F\xe2\x8f"\x96-x\xa8}\xe5*Read09\x89\xa6\x97cm\x8c\x87AZ4dm\x8c\x87J:
webdav.stream_name$
"Test Series S01E01 - Episode 1.mp4z \x85  \x84
Ad\x87s)\xed{S\x80G\xb2\x89Y\xccO뭾\xd8lZO\x82"\x96-x\xa8}\xe5*Read09\x94h5dm\x8c\x87A\xef\xd5\xd2dm\x8c\x87J:
webdav.stream_name$
"Test Series S01E01 - Episode 1.mp4z \x85  \x84
Ad\x87s)\xed{S\x80G\xb2\x89Y\xccO\xab\xc3\xf12SJI"\x96-x\xa8}\xe5*Read09u\xd4dm\x8c\x87AW\x81pem\x8c\x87J:
webdav.stream_name$
"Test Series S01E01 - Episode 1.mp4z \x85  \x85
Ad\x87s)\xed{S\x80G\xb2\x89Y\xccO\xc3p1Y\xdcAi\xf0"\x96-x\xa8}\xe5*Close092*qem\x8c\x87A>=qem\x8c\x87J:
webdav.stream_name$
"Test Series S01E01 - Episode 1.mp4z \x85  _
L\xe1\x9cC7\xa2\xad\xdb\xd9\xcblm\xe0\xd0%\xb2\xdf\xeduK&y
"\xc0[8`\xd4.\x9bi*OpenFile09\x8d]\x96em\x8c\x87A\xd5c\x96em\x8c\x87J
webdav.path
 z \x85  [
L\xe1\x9cC7\xa2\xad\xdb\xd9\xcblm\xe0\xd0%\xb23\xc9J\x99\xcc\xeb"\xdf\xeduK&y
*Stat09Hs\x96em\x8c\x87A\xb7v\x96em\x8c\x87J
webdav.path
 z \x85  \
L\xe1\x9cC7\xa2\xad\xdb\xd9\xcblm\xe0\xd0%\xb2a\xacZ\xbc\x8a;}"\xdf\xeduK&y
*Close09\xa9|\x96em\x8c\x87A\xbb\x81\x96em\x8c\x87J
webdav.path
 z \x85  \xb2
G
=go.opentelemetry.io/contrib/instrumentation/net/http/otelhttp0.64.0\x94
Ad\x87s)\xed{S\x80G\xb2\x89Y\xccO\x97zx\x90\xd2\xfej"R\xfa-\xd1\xdc<\xe8\x93*HTTP GET093\xc8nh\x8c\x87A\xc4apem\x8c\x87J
http.request.method
GETJ0
url.full$
"http://localhost:8080/stream/5.mp4J
server.address
	localhostJ
server.port\x90?J!
network.protocol.version
1.1J
http.response.status_code\xc8z \x85  \xfd
Ad\x87s)\xed{S\x80G\xb2\x89Y\xccO.)\x9c\xe0AB*/09\x9a\x86\xbfnh\x8c\x87A\xa2-rem\x8c\x87J
server.address
	localhostJ
http.request.method
GETJ

url.scheme
httpJ
server.port\xe0\x8cJ
network.peer.address
::1J
network.peer.portؠJ+
user_agent.original
Go-http-client/1.1J
client.address
::1J|
url.pathp
n/dav/MNBEA4J26IP21E08TUAE/On Demand/Test Series/Series/Test Series/Season 1/Test Series S01E01 - Episode 1.mp4J!
network.protocol.version
1.1J

http.route
/dav/J
http.response.status_code\xc8z \x85  \xb3
L\xe1\x9cC7\xa2\xad\xdb\xd9\xcblm\xe0\xd0%\xb2\xc0[8`\xd4.\x9bi*/09(
\x96em\x8c\x87A\xb7ߖem\x8c\x87J
server.address
	localhostJ
http.request.method
GETJ

url.scheme
httpJ
server.port\xe0\x8cJ
network.peer.address
::1J
network.peer.portؠJ+
user_agent.original
Go-http-client/1.1J
client.address
::1J
url.path
/dav/J!
network.protocol.version
1.1J

http.route
/dav/J
http.response.body.sizeJ
http.response.status_code\x95z \x85  \xbd
W\x8aōG\xa2\xae\x9b\xc1ȟ6\xdc$7\x8cf\xbdzWT
*/09n\x80\xa1em\x8c\x87A\xa1\xf8\xa5em\x8c\x87J
server.address
	localhostJ
http.request.method
GETJ

url.scheme
httpJ
server.port\xe0\x8cJ
network.peer.address
::1J
network.peer.portؠJ+
user_agent.original
Go-http-client/1.1J
client.address
::1J
url.path
/m3u/xteve.m3uJ!
network.protocol.version
1.1J

http.route
/m3u/J
http.response.body.size\xacJ
http.response.status_code\xc8z \x85  \xd9
!\x83\x9bm\x8c\xb7\xa5	{\x9e\xc8O9\x9e<\xaf\xfe\x94v\xf0hE*/09\x89\xfb\xacem\x8c\x87A\x89֯em\x8c\x87J
server.address
	localhostJ
http.request.method
GETJ

url.scheme
httpJ
server.port\xe0\x8cJ
network.peer.address
::1J
network.peer.portؠJ+
user_agent.original
Go-http-client/1.1J
client.address
::1J6
url.path*
(/stream/d106a6f973fe4842764af46ab9fc1a77J!
network.protocol.version
1.1J

http.route

/stream/J
http.response.body.size>J
http.response.status_code\xaez \x85  V

	webserverG
W\x8aōG\xa2\xae\x9b\xc1ȟ6\xdc$7\x9e\xf2\xa8ڑ\xb7{l"\x8cf\xbdzWT
*m3u09\xe4\xa1em\x8c\x87A\xb0?\xa5em\x8c\x87z \x85  
-----------------------------
2026/01/04 14:09:50 E2E test failed: WebDAV no metadata test failed: download failed with status: 500
exit status 1
