Trace collector started on http://127.0.0.1:33271
Building helper commands...
Building xteve-status...
Building xteve-inactive...
Building streamer_binary...
Starting streamer...
Waiting for server to be ready...
Generating 1048476 bytes of valid MPEG-TS test data for 7 streams...
Starting streaming server on port 8080...
Server is ready.
Starting xteve server...
Waiting for server to be ready...
Server is ready.
Running tests...
Running status test...
Status test passed (server running).
Adding M3U playlist from http://localhost:8080/test.m3u...
Running WebDAV series test...
Found M3U hash: M0BK57HPI0FAWQPXK34T
Listing series directory: http://localhost:34400/dav/M0BK57HPI0FAWQPXK34T/On%20Demand/Test%20Series/Series/Test%20Series/Season%201/
Found file URL: /dav/M0BK57HPI0FAWQPXK34T/On%20Demand/Test%20Series/Series/Test%20Series/Season%201/Test%20Series%20S01E01%20-%20Episode%201.mp4
Downloading file from http://localhost:34400/dav/M0BK57HPI0FAWQPXK34T/On%20Demand/Test%20Series/Series/Test%20Series/Season%201/Test%20Series%20S01E01%20-%20Episode%201.mp4
WebDAV series test passed.
Running Redirect Stream Test...
Streaming redirect stream from http://localhost:34400/stream/34c1477d4f04465bb507d5955f071969
Redirect stream test passed.
Running WebDAV No Metadata Test...
Testing file with no metadata: http://localhost:34400/dav/M0BK57HPI0FAWQPXK34T/On%20Demand/Test/Individual/Test%20NoMeta%20Stream%207.mp4
PROPFIND Response: <?xml version="1.0" encoding="UTF-8"?><D:multistatus xmlns:D="DAV:"><D:response><D:href>/dav/M0BK57HPI0FAWQPXK34T/On%20Demand/Test/Individual/Test%20NoMeta%20Stream%207.mp4</D:href><D:propstat><D:prop><D:displayname>Test NoMeta Stream 7.mp4</D:displayname><D:getcontentlength>0</D:getcontentlength><D:resourcetype></D:resourcetype><D:getlastmodified>Sun, 04 Jan 2026 14:35:00 GMT</D:getlastmodified><D:getcontenttype>video/mp4</D:getcontenttype><D:getetag>"18878dcf43cbff7b0"</D:getetag><D:supportedlock><D:lockentry xmlns:D="DAV:"><D:lockscope><D:exclusive/></D:lockscope><D:locktype><D:write/></D:locktype></D:lockentry></D:supportedlock></D:prop><D:status>HTTP/1.1 200 OK</D:status></D:propstat></D:response></D:multistatus>
Downloading file (sequential read)...
Download Content-Length: 1099511627776
Stopping xteve server...
Stopping streamer...
Running status test...
Status test passed (server not running).
Running inactive test...
Inactive test passed (server not running).
Test failure detected.
Pausing for 60s to allow manual debugging...
------ xTeVe Logs (Last 100 lines) ------
Setting up OpenTelemetry with exporter: otlp-http
For help run: bin/xteve -h

[0m2026/01/04 14:34:59 [xTeVe] Version:                3.1 Build: 0
[0m[0m2026/01/04 14:34:59 [xTeVe] Database Version:       2.3.0
[0m[0m2026/01/04 14:34:59 [xTeVe] System Folder:          .xteve/
[0m[0m2026/01/04 14:34:59 [xTeVe] Load Settings:          .xteve/settings.json
[0m[0m2026/01/04 14:34:59 [xTeVe] System IP Addresses:    IPv4: 3 | IPv6: 2
[0m[0m2026/01/04 14:34:59 [xTeVe] Hostname:               devbox
[0m[0m2026/01/04 14:34:59 [xTeVe] Temporary Folder:       /tmp/xteve/2026-01-0A0Y-1PLHTM/
[0m[0m2026/01/04 14:34:59 [xTeVe] SSDP / DLNA:            true
[0m[0m2026/01/04 14:34:59 [xTeVe] UUID:                   2026-01-0A0Y-1PLHTM
[0m[0m2026/01/04 14:34:59 [xTeVe] Tuner (Plex / Emby):    1
[0m[0m2026/01/04 14:34:59 [xTeVe] EPG Source:             PMS
[0m[0m2026/01/04 14:34:59 [xTeVe] Plex Channel Limit:     480
[0m[0m2026/01/04 14:34:59 [xTeVe] All streams:            0
[0m[0m2026/01/04 14:34:59 [xTeVe] Active streams:         0
[0m[0m2026/01/04 14:34:59 [xTeVe] Filter:                 0
[0m[0m2026/01/04 14:34:59 [xTeVe] Web server:             Starting
[0m[0m2026/01/04 14:34:59 [xTeVe] DVR IP:                 192.168.0.2:34400
[0m[32m2026/01/04 14:34:59 [xTeVe] Web Interface:          http://192.168.0.2:34400/web/ | xTeVe is also available via the other 4 IP's.
[0m2026/01/04 14:35:00 API Status: Found 0 active tuners.
2026/01/04 14:35:00 Received command: saveFilesM3U
[0m2026/01/04 14:35:00 [xTeVe] Download:               http://localhost:8080/test.m3u
[0m[0m2026/01/04 14:35:00 [xTeVe] Check File:             http://localhost:8080/test.m3u
[0m[0m2026/01/04 14:35:00 [xTeVe] Save File:              http://localhost:8080/test.m3u [ID: M0BK57HPI0FAWQPXK34T]
[0m[0m2026/01/04 14:35:00 [xTeVe] All streams:            7
[0m[0m2026/01/04 14:35:00 [xTeVe] Active streams:         7
[0m[0m2026/01/04 14:35:00 [xTeVe] Filter:                 0
[0m{"Resource":[{"Key":"service.name","Value":{"Type":"STRING","Value":"unknown_service:xteve"}},{"Key":"telemetry.sdk.language","Value":{"Type":"STRING","Value":"go"}},{"Key":"telemetry.sdk.name","Value":{"Type":"STRING","Value":"opentelemetry"}},{"Key":"telemetry.sdk.version","Value":{"Type":"STRING","Value":"1.39.0"}}],"ScopeMetrics":[{"Scope":{"Name":"go.opentelemetry.io/contrib/instrumentation/net/http/otelhttp","Version":"0.64.0","SchemaURL":"","Attributes":null},"Metrics":[{"Name":"http.client.request.body.size","Description":"Size of HTTP client request bodies.","Unit":"By","Data":{"DataPoints":[{"Attributes":[{"Key":"http.request.method","Value":{"Type":"STRING","Value":"GET"}},{"Key":"http.response.status_code","Value":{"Type":"INT64","Value":200}},{"Key":"network.protocol.name","Value":{"Type":"STRING","Value":"http"}},{"Key":"network.protocol.version","Value":{"Type":"STRING","Value":"1.1"}},{"Key":"server.address","Value":{"Type":"STRING","Value":"localhost"}},{"Key":"server.port","Value":{"Type":"INT64","Value":8080}},{"Key":"url.scheme","Value":{"Type":"STRING","Value":"http"}}],"StartTime":"2026-01-04T14:34:59.09830608Z","Time":"2026-01-04T14:35:02.098648607Z","Count":1,"Bounds":[0,5,10,25,50,75,100,250,500,750,1000,2500,5000,7500,10000],"BucketCounts":[1,0,0,0,0,0,0,0,0,0,0,0,0,0,0,0],"Min":0,"Max":0,"Sum":0,"Exemplars":[{"FilteredAttributes":null,"Time":"2026-01-04T14:35:00.105379921Z","Value":0,"SpanID":"qUadcVprPsg=","TraceID":"y85VejOn3t0E7cfY6+1kRQ=="}]}],"Temporality":"CumulativeTemporality"}},{"Name":"http.client.request.duration","Description":"Duration of HTTP client requests.","Unit":"s","Data":{"DataPoints":[{"Attributes":[{"Key":"http.request.method","Value":{"Type":"STRING","Value":"GET"}},{"Key":"http.response.status_code","Value":{"Type":"INT64","Value":200}},{"Key":"network.protocol.name","Value":{"Type":"STRING","Value":"http"}},{"Key":"network.protocol.version","Value":{"Type":"STRING","Value":"1.1"}},{"Key":"server.address","Value":{"Type":"STRING","Value":"localhost"}},{"Key":"server.port","Value":{"Type":"INT64","Value":8080}},{"Key":"url.scheme","Value":{"Type":"STRING","Value":"http"}}],"StartTime":"2026-01-04T14:34:59.098321501Z","Time":"2026-01-04T14:35:02.098694986Z","Count":1,"Bounds":[0.005,0.01,0.025,0.05,0.075,0.1,0.25,0.5,0.75,1,2.5,5,7.5,10],"BucketCounts":[1,0,0,0,0,0,0,0,0,0,0,0,0,0,0],"Min":0.0011447229999999998,"Max":0.0011447229999999998,"Sum":0.0011447229999999998,"Exemplars":[{"FilteredAttributes":null,"Time":"2026-01-04T14:35:00.105385914Z","Value":0.0011447229999999998,"SpanID":"qUadcVprPsg=","TraceID":"y85VejOn3t0E7cfY6+1kRQ=="}]}],"Temporality":"CumulativeTemporality"}},{"Name":"http.server.request.body.size","Description":"Size of HTTP server request bodies.","Unit":"By","Data":{"DataPoints":[{"Attributes":[{"Key":"http.request.method","Value":{"Type":"STRING","Value":"POST"}},{"Key":"http.response.status_code","Value":{"Type":"INT64","Value":200}},{"Key":"http.route","Value":{"Type":"STRING","Value":"/api/"}},{"Key":"network.protocol.name","Value":{"Type":"STRING","Value":"http"}},{"Key":"network.protocol.version","Value":{"Type":"STRING","Value":"1.1"}},{"Key":"server.address","Value":{"Type":"STRING","Value":"localhost"}},{"Key":"server.port","Value":{"Type":"INT64","Value":34400}},{"Key":"url.scheme","Value":{"Type":"STRING","Value":"http"}}],"StartTime":"2026-01-04T14:34:59.102560844Z","Time":"2026-01-04T14:35:02.098715294Z","Count":1,"Bounds":[0,5,10,25,50,75,100,250,500,750,1000,2500,5000,7500,10000],"BucketCounts":[0,0,0,0,0,1,0,0,0,0,0,0,0,0,0,0],"Min":55,"Max":55,"Sum":55,"Exemplars":[{"FilteredAttributes":null,"Time":"2026-01-04T14:35:00.100781751Z","Value":55,"SpanID":"/4WVA++HxYg=","TraceID":"Td9tVtLVTcz3+PK4egcHyw=="}]},{"Attributes":[{"Key":"http.request.method","Value":{"Type":"STRING","Value":"GET"}},{"Key":"http.response.status_code","Value":{"Type":"INT64","Value":200}},{"Key":"http.route","Value":{"Type":"STRING","Value":"/web/"}},{"Key":"network.protocol.name","Value":{"Type":"STRING","Value":"http"}},{"Key":"network.protocol.version","Value":{"Type":"STRING","Value":"1.1"}},{"Key":"server.address","Value":{"Type":"STRING","Value":"localhost"}},{"Key":"server.port","Value":{"Type":"INT64","Value":34400}},{"Key":"url.scheme","Value":{"Type":"STRING","Value":"http"}}],"StartTime":"2026-01-04T14:34:59.102560844Z","Time":"2026-01-04T14:35:02.098715294Z","Count":1,"Bounds":[0,5,10,25,50,75,100,250,500,750,1000,2500,5000,7500,10000],"BucketCounts":[1,0,0,0,0,0,0,0,0,0,0,0,0,0,0,0],"Min":0,"Max":0,"Sum":0,"Exemplars":[{"FilteredAttributes":null,"Time":"2026-01-04T14:35:00.090999452Z","Value":0,"SpanID":"RWLLeZXf39E=","TraceID":"vBFCVhx8Dsc91zE7v6tTBg=="}]}],"Temporality":"CumulativeTemporality"}},{"Name":"http.server.response.body.size","Description":"Size of HTTP server response bodies.","Unit":"By","Data":{"DataPoints":[{"Attributes":[{"Key":"http.request.method","Value":{"Type":"STRING","Value":"GET"}},{"Key":"http.response.status_code","Value":{"Type":"INT64","Value":200}},{"Key":"http.route","Value":{"Type":"STRING","Value":"/web/"}},{"Key":"network.protocol.name","Value":{"Type":"STRING","Value":"http"}},{"Key":"network.protocol.version","Value":{"Type":"STRING","Value":"1.1"}},{"Key":"server.address","Value":{"Type":"STRING","Value":"localhost"}},{"Key":"server.port","Value":{"Type":"INT64","Value":34400}},{"Key":"url.scheme","Value":{"Type":"STRING","Value":"http"}}],"StartTime":"2026-01-04T14:34:59.102574885Z","Time":"2026-01-04T14:35:02.098724347Z","Count":1,"Bounds":[0,5,10,25,50,75,100,250,500,750,1000,2500,5000,7500,10000],"BucketCounts":[0,0,0,0,0,0,0,0,0,0,0,1,0,0,0,0],"Min":1920,"Max":1920,"Sum":1920,"Exemplars":[{"FilteredAttributes":null,"Time":"2026-01-04T14:35:00.091005829Z","Value":1920,"SpanID":"RWLLeZXf39E=","TraceID":"vBFCVhx8Dsc91zE7v6tTBg=="}]},{"Attributes":[{"Key":"http.request.method","Value":{"Type":"STRING","Value":"POST"}},{"Key":"http.response.status_code","Value":{"Type":"INT64","Value":200}},{"Key":"http.route","Value":{"Type":"STRING","Value":"/api/"}},{"Key":"network.protocol.name","Value":{"Type":"STRING","Value":"http"}},{"Key":"network.protocol.version","Value":{"Type":"STRING","Value":"1.1"}},{"Key":"server.address","Value":{"Type":"STRING","Value":"localhost"}},{"Key":"server.port","Value":{"Type":"INT64","Value":34400}},{"Key":"url.scheme","Value":{"Type":"STRING","Value":"http"}}],"StartTime":"2026-01-04T14:34:59.102574885Z","Time":"2026-01-04T14:35:02.098724347Z","Count":1,"Bounds":[0,5,10,25,50,75,100,250,500,750,1000,2500,5000,7500,10000],"BucketCounts":[0,0,0,0,0,0,0,0,1,0,0,0,0,0,0,0],"Min":374,"Max":374,"Sum":374,"Exemplars":[{"FilteredAttributes":null,"Time":"2026-01-04T14:35:00.100790609Z","Value":374,"SpanID":"/4WVA++HxYg=","TraceID":"Td9tVtLVTcz3+PK4egcHyw=="}]}],"Temporality":"CumulativeTemporality"}},{"Name":"http.server.request.duration","Description":"Duration of HTTP server requests.","Unit":"s","Data":{"DataPoints":[{"Attributes":[{"Key":"http.request.method","Value":{"Type":"STRING","Value":"GET"}},{"Key":"http.response.status_code","Value":{"Type":"INT64","Value":200}},{"Key":"http.route","Value":{"Type":"STRING","Value":"/web/"}},{"Key":"network.protocol.name","Value":{"Type":"STRING","Value":"http"}},{"Key":"network.protocol.version","Value":{"Type":"STRING","Value":"1.1"}},{"Key":"server.address","Value":{"Type":"STRING","Value":"localhost"}},{"Key":"server.port","Value":{"Type":"INT64","Value":34400}},{"Key":"url.scheme","Value":{"Type":"STRING","Value":"http"}}],"StartTime":"2026-01-04T14:34:59.102583194Z","Time":"2026-01-04T14:35:02.09872709Z","Count":1,"Bounds":[0.005,0.01,0.025,0.05,0.075,0.1,0.25,0.5,0.75,1,2.5,5,7.5,10],"BucketCounts":[1,0,0,0,0,0,0,0,0,0,0,0,0,0,0],"Min":0.0009576550000000001,"Max":0.0009576550000000001,"Sum":0.0009576550000000001,"Exemplars":[{"FilteredAttributes":null,"Time":"2026-01-04T14:35:00.091011746Z","Value":0.0009576550000000001,"SpanID":"RWLLeZXf39E=","TraceID":"vBFCVhx8Dsc91zE7v6tTBg=="}]},{"Attributes":[{"Key":"http.request.method","Value":{"Type":"STRING","Value":"POST"}},{"Key":"http.response.status_code","Value":{"Type":"INT64","Value":200}},{"Key":"http.route","Value":{"Type":"STRING","Value":"/api/"}},{"Key":"network.protocol.name","Value":{"Type":"STRING","Value":"http"}},{"Key":"network.protocol.version","Value":{"Type":"STRING","Value":"1.1"}},{"Key":"server.address","Value":{"Type":"STRING","Value":"localhost"}},{"Key":"server.port","Value":{"Type":"INT64","Value":34400}},{"Key":"url.scheme","Value":{"Type":"STRING","Value":"http"}}],"StartTime":"2026-01-04T14:34:59.102583194Z","Time":"2026-01-04T14:35:02.09872709Z","Count":1,"Bounds":[0.005,0.01,0.025,0.05,0.075,0.1,0.25,0.5,0.75,1,2.5,5,7.5,10],"BucketCounts":[1,0,0,0,0,0,0,0,0,0,0,0,0,0,0],"Min":0.000270237,"Max":0.000270237,"Sum":0.000270237,"Exemplars":[{"FilteredAttributes":null,"Time":"2026-01-04T14:35:00.100823751Z","Value":0.000270237,"SpanID":"/4WVA++HxYg=","TraceID":"Td9tVtLVTcz3+PK4egcHyw=="}]}],"Temporality":"CumulativeTemporality"}}]}]}
{"Resource":[{"Key":"service.name","Value":{"Type":"STRING","Value":"unknown_service:xteve"}},{"Key":"telemetry.sdk.language","Value":{"Type":"STRING","Value":"go"}},{"Key":"telemetry.sdk.name","Value":{"Type":"STRING","Value":"opentelemetry"}},{"Key":"telemetry.sdk.version","Value":{"Type":"STRING","Value":"1.39.0"}}],"ScopeMetrics":[{"Scope":{"Name":"go.opentelemetry.io/contrib/instrumentation/net/http/otelhttp","Version":"0.64.0","SchemaURL":"","Attributes":null},"Metrics":[{"Name":"http.client.request.body.size","Description":"Size of HTTP client request bodies.","Unit":"By","Data":{"DataPoints":[{"Attributes":[{"Key":"http.request.method","Value":{"Type":"STRING","Value":"GET"}},{"Key":"http.response.status_code","Value":{"Type":"INT64","Value":200}},{"Key":"network.protocol.name","Value":{"Type":"STRING","Value":"http"}},{"Key":"network.protocol.version","Value":{"Type":"STRING","Value":"1.1"}},{"Key":"server.address","Value":{"Type":"STRING","Value":"localhost"}},{"Key":"server.port","Value":{"Type":"INT64","Value":8080}},{"Key":"url.scheme","Value":{"Type":"STRING","Value":"http"}}],"StartTime":"2026-01-04T14:34:59.09830608Z","Time":"2026-01-04T14:35:05.098987648Z","Count":1,"Bounds":[0,5,10,25,50,75,100,250,500,750,1000,2500,5000,7500,10000],"BucketCounts":[1,0,0,0,0,0,0,0,0,0,0,0,0,0,0,0],"Min":0,"Max":0,"Sum":0,"Exemplars":[{"FilteredAttributes":null,"Time":"2026-01-04T14:35:00.105379921Z","Value":0,"SpanID":"qUadcVprPsg=","TraceID":"y85VejOn3t0E7cfY6+1kRQ=="}]}],"Temporality":"CumulativeTemporality"}},{"Name":"http.client.request.duration","Description":"Duration of HTTP client requests.","Unit":"s","Data":{"DataPoints":[{"Attributes":[{"Key":"http.request.method","Value":{"Type":"STRING","Value":"GET"}},{"Key":"http.response.status_code","Value":{"Type":"INT64","Value":200}},{"Key":"network.protocol.name","Value":{"Type":"STRING","Value":"http"}},{"Key":"network.protocol.version","Value":{"Type":"STRING","Value":"1.1"}},{"Key":"server.address","Value":{"Type":"STRING","Value":"localhost"}},{"Key":"server.port","Value":{"Type":"INT64","Value":8080}},{"Key":"url.scheme","Value":{"Type":"STRING","Value":"http"}}],"StartTime":"2026-01-04T14:34:59.098321501Z","Time":"2026-01-04T14:35:05.099057818Z","Count":1,"Bounds":[0.005,0.01,0.025,0.05,0.075,0.1,0.25,0.5,0.75,1,2.5,5,7.5,10],"BucketCounts":[1,0,0,0,0,0,0,0,0,0,0,0,0,0,0],"Min":0.0011447229999999998,"Max":0.0011447229999999998,"Sum":0.0011447229999999998,"Exemplars":[{"FilteredAttributes":null,"Time":"2026-01-04T14:35:00.105385914Z","Value":0.0011447229999999998,"SpanID":"qUadcVprPsg=","TraceID":"y85VejOn3t0E7cfY6+1kRQ=="}]}],"Temporality":"CumulativeTemporality"}},{"Name":"http.server.request.body.size","Description":"Size of HTTP server request bodies.","Unit":"By","Data":{"DataPoints":[{"Attributes":[{"Key":"http.request.method","Value":{"Type":"STRING","Value":"POST"}},{"Key":"http.response.status_code","Value":{"Type":"INT64","Value":200}},{"Key":"http.route","Value":{"Type":"STRING","Value":"/api/"}},{"Key":"network.protocol.name","Value":{"Type":"STRING","Value":"http"}},{"Key":"network.protocol.version","Value":{"Type":"STRING","Value":"1.1"}},{"Key":"server.address","Value":{"Type":"STRING","Value":"localhost"}},{"Key":"server.port","Value":{"Type":"INT64","Value":34400}},{"Key":"url.scheme","Value":{"Type":"STRING","Value":"http"}}],"StartTime":"2026-01-04T14:34:59.102560844Z","Time":"2026-01-04T14:35:05.099062837Z","Count":1,"Bounds":[0,5,10,25,50,75,100,250,500,750,1000,2500,5000,7500,10000],"BucketCounts":[0,0,0,0,0,1,0,0,0,0,0,0,0,0,0,0],"Min":55,"Max":55,"Sum":55,"Exemplars":[{"FilteredAttributes":null,"Time":"2026-01-04T14:35:00.100781751Z","Value":55,"SpanID":"/4WVA++HxYg=","TraceID":"Td9tVtLVTcz3+PK4egcHyw=="}]},{"Attributes":[{"Key":"http.request.method","Value":{"Type":"STRING","Value":"GET"}},{"Key":"http.response.status_code","Value":{"Type":"INT64","Value":200}},{"Key":"http.route","Value":{"Type":"STRING","Value":"/web/"}},{"Key":"network.protocol.name","Value":{"Type":"STRING","Value":"http"}},{"Key":"network.protocol.version","Value":{"Type":"STRING","Value":"1.1"}},{"Key":"server.address","Value":{"Type":"STRING","Value":"localhost"}},{"Key":"server.port","Value":{"Type":"INT64","Value":34400}},{"Key":"url.scheme","Value":{"Type":"STRING","Value":"http"}}],"StartTime":"2026-01-04T14:34:59.102560844Z","Time":"2026-01-04T14:35:05.099062837Z","Count":1,"Bounds":[0,5,10,25,50,75,100,250,500,750,1000,2500,5000,7500,10000],"BucketCounts":[1,0,0,0,0,0,0,0,0,0,0,0,0,0,0,0],"Min":0,"Max":0,"Sum":0,"Exemplars":[{"FilteredAttributes":null,"Time":"2026-01-04T14:35:00.090999452Z","Value":0,"SpanID":"RWLLeZXf39E=","TraceID":"vBFCVhx8Dsc91zE7v6tTBg=="}]}],"Temporality":"CumulativeTemporality"}},{"Name":"http.server.response.body.size","Description":"Size of HTTP server response bodies.","Unit":"By","Data":{"DataPoints":[{"Attributes":[{"Key":"http.request.method","Value":{"Type":"STRING","Value":"GET"}},{"Key":"http.response.status_code","Value":{"Type":"INT64","Value":200}},{"Key":"http.route","Value":{"Type":"STRING","Value":"/web/"}},{"Key":"network.protocol.name","Value":{"Type":"STRING","Value":"http"}},{"Key":"network.protocol.version","Value":{"Type":"STRING","Value":"1.1"}},{"Key":"server.address","Value":{"Type":"STRING","Value":"localhost"}},{"Key":"server.port","Value":{"Type":"INT64","Value":34400}},{"Key":"url.scheme","Value":{"Type":"STRING","Value":"http"}}],"StartTime":"2026-01-04T14:34:59.102574885Z","Time":"2026-01-04T14:35:05.099077288Z","Count":1,"Bounds":[0,5,10,25,50,75,100,250,500,750,1000,2500,5000,7500,10000],"BucketCounts":[0,0,0,0,0,0,0,0,0,0,0,1,0,0,0,0],"Min":1920,"Max":1920,"Sum":1920,"Exemplars":[{"FilteredAttributes":null,"Time":"2026-01-04T14:35:00.091005829Z","Value":1920,"SpanID":"RWLLeZXf39E=","TraceID":"vBFCVhx8Dsc91zE7v6tTBg=="}]},{"Attributes":[{"Key":"http.request.method","Value":{"Type":"STRING","Value":"POST"}},{"Key":"http.response.status_code","Value":{"Type":"INT64","Value":200}},{"Key":"http.route","Value":{"Type":"STRING","Value":"/api/"}},{"Key":"network.protocol.name","Value":{"Type":"STRING","Value":"http"}},{"Key":"network.protocol.version","Value":{"Type":"STRING","Value":"1.1"}},{"Key":"server.address","Value":{"Type":"STRING","Value":"localhost"}},{"Key":"server.port","Value":{"Type":"INT64","Value":34400}},{"Key":"url.scheme","Value":{"Type":"STRING","Value":"http"}}],"StartTime":"2026-01-04T14:34:59.102574885Z","Time":"2026-01-04T14:35:05.099077288Z","Count":1,"Bounds":[0,5,10,25,50,75,100,250,500,750,1000,2500,5000,7500,10000],"BucketCounts":[0,0,0,0,0,0,0,0,1,0,0,0,0,0,0,0],"Min":374,"Max":374,"Sum":374,"Exemplars":[{"FilteredAttributes":null,"Time":"2026-01-04T14:35:00.100790609Z","Value":374,"SpanID":"/4WVA++HxYg=","TraceID":"Td9tVtLVTcz3+PK4egcHyw=="}]}],"Temporality":"CumulativeTemporality"}},{"Name":"http.server.request.duration","Description":"Duration of HTTP server requests.","Unit":"s","Data":{"DataPoints":[{"Attributes":[{"Key":"http.request.method","Value":{"Type":"STRING","Value":"GET"}},{"Key":"http.response.status_code","Value":{"Type":"INT64","Value":200}},{"Key":"http.route","Value":{"Type":"STRING","Value":"/web/"}},{"Key":"network.protocol.name","Value":{"Type":"STRING","Value":"http"}},{"Key":"network.protocol.version","Value":{"Type":"STRING","Value":"1.1"}},{"Key":"server.address","Value":{"Type":"STRING","Value":"localhost"}},{"Key":"server.port","Value":{"Type":"INT64","Value":34400}},{"Key":"url.scheme","Value":{"Type":"STRING","Value":"http"}}],"StartTime":"2026-01-04T14:34:59.102583194Z","Time":"2026-01-04T14:35:05.099083007Z","Count":1,"Bounds":[0.005,0.01,0.025,0.05,0.075,0.1,0.25,0.5,0.75,1,2.5,5,7.5,10],"BucketCounts":[1,0,0,0,0,0,0,0,0,0,0,0,0,0,0],"Min":0.0009576550000000001,"Max":0.0009576550000000001,"Sum":0.0009576550000000001,"Exemplars":[{"FilteredAttributes":null,"Time":"2026-01-04T14:35:00.091011746Z","Value":0.0009576550000000001,"SpanID":"RWLLeZXf39E=","TraceID":"vBFCVhx8Dsc91zE7v6tTBg=="}]},{"Attributes":[{"Key":"http.request.method","Value":{"Type":"STRING","Value":"POST"}},{"Key":"http.response.status_code","Value":{"Type":"INT64","Value":200}},{"Key":"http.route","Value":{"Type":"STRING","Value":"/api/"}},{"Key":"network.protocol.name","Value":{"Type":"STRING","Value":"http"}},{"Key":"network.protocol.version","Value":{"Type":"STRING","Value":"1.1"}},{"Key":"server.address","Value":{"Type":"STRING","Value":"localhost"}},{"Key":"server.port","Value":{"Type":"INT64","Value":34400}},{"Key":"url.scheme","Value":{"Type":"STRING","Value":"http"}}],"StartTime":"2026-01-04T14:34:59.102583194Z","Time":"2026-01-04T14:35:05.099083007Z","Count":1,"Bounds":[0.005,0.01,0.025,0.05,0.075,0.1,0.25,0.5,0.75,1,2.5,5,7.5,10],"BucketCounts":[1,0,0,0,0,0,0,0,0,0,0,0,0,0,0],"Min":0.000270237,"Max":0.000270237,"Sum":0.000270237,"Exemplars":[{"FilteredAttributes":null,"Time":"2026-01-04T14:35:00.100823751Z","Value":0.000270237,"SpanID":"/4WVA++HxYg=","TraceID":"Td9tVtLVTcz3+PK4egcHyw=="}]}],"Temporality":"CumulativeTemporality"}}]}]}
2026/01/04 14:35:05 Received command: updateFileM3U
{"Resource":[{"Key":"service.name","Value":{"Type":"STRING","Value":"unknown_service:xteve"}},{"Key":"telemetry.sdk.language","Value":{"Type":"STRING","Value":"go"}},{"Key":"telemetry.sdk.name","Value":{"Type":"STRING","Value":"opentelemetry"}},{"Key":"telemetry.sdk.version","Value":{"Type":"STRING","Value":"1.39.0"}}],"ScopeMetrics":[{"Scope":{"Name":"go.opentelemetry.io/contrib/instrumentation/net/http/otelhttp","Version":"0.64.0","SchemaURL":"","Attributes":null},"Metrics":[{"Name":"http.client.request.body.size","Description":"Size of HTTP client request bodies.","Unit":"By","Data":{"DataPoints":[{"Attributes":[{"Key":"http.request.method","Value":{"Type":"STRING","Value":"GET"}},{"Key":"http.response.status_code","Value":{"Type":"INT64","Value":200}},{"Key":"network.protocol.name","Value":{"Type":"STRING","Value":"http"}},{"Key":"network.protocol.version","Value":{"Type":"STRING","Value":"1.1"}},{"Key":"server.address","Value":{"Type":"STRING","Value":"localhost"}},{"Key":"server.port","Value":{"Type":"INT64","Value":8080}},{"Key":"url.scheme","Value":{"Type":"STRING","Value":"http"}}],"StartTime":"2026-01-04T14:34:59.09830608Z","Time":"2026-01-04T14:35:08.098969122Z","Count":1,"Bounds":[0,5,10,25,50,75,100,250,500,750,1000,2500,5000,7500,10000],"BucketCounts":[1,0,0,0,0,0,0,0,0,0,0,0,0,0,0,0],"Min":0,"Max":0,"Sum":0,"Exemplars":[{"FilteredAttributes":null,"Time":"2026-01-04T14:35:00.105379921Z","Value":0,"SpanID":"qUadcVprPsg=","TraceID":"y85VejOn3t0E7cfY6+1kRQ=="}]}],"Temporality":"CumulativeTemporality"}},{"Name":"http.client.request.duration","Description":"Duration of HTTP client requests.","Unit":"s","Data":{"DataPoints":[{"Attributes":[{"Key":"http.request.method","Value":{"Type":"STRING","Value":"GET"}},{"Key":"http.response.status_code","Value":{"Type":"INT64","Value":200}},{"Key":"network.protocol.name","Value":{"Type":"STRING","Value":"http"}},{"Key":"network.protocol.version","Value":{"Type":"STRING","Value":"1.1"}},{"Key":"server.address","Value":{"Type":"STRING","Value":"localhost"}},{"Key":"server.port","Value":{"Type":"INT64","Value":8080}},{"Key":"url.scheme","Value":{"Type":"STRING","Value":"http"}}],"StartTime":"2026-01-04T14:34:59.098321501Z","Time":"2026-01-04T14:35:08.098977488Z","Count":1,"Bounds":[0.005,0.01,0.025,0.05,0.075,0.1,0.25,0.5,0.75,1,2.5,5,7.5,10],"BucketCounts":[1,0,0,0,0,0,0,0,0,0,0,0,0,0,0],"Min":0.0011447229999999998,"Max":0.0011447229999999998,"Sum":0.0011447229999999998,"Exemplars":[{"FilteredAttributes":null,"Time":"2026-01-04T14:35:00.105385914Z","Value":0.0011447229999999998,"SpanID":"qUadcVprPsg=","TraceID":"y85VejOn3t0E7cfY6+1kRQ=="}]}],"Temporality":"CumulativeTemporality"}},{"Name":"http.server.request.body.size","Description":"Size of HTTP server request bodies.","Unit":"By","Data":{"DataPoints":[{"Attributes":[{"Key":"http.request.method","Value":{"Type":"STRING","Value":"GET"}},{"Key":"http.response.status_code","Value":{"Type":"INT64","Value":200}},{"Key":"http.route","Value":{"Type":"STRING","Value":"/web/"}},{"Key":"network.protocol.name","Value":{"Type":"STRING","Value":"http"}},{"Key":"network.protocol.version","Value":{"Type":"STRING","Value":"1.1"}},{"Key":"server.address","Value":{"Type":"STRING","Value":"localhost"}},{"Key":"server.port","Value":{"Type":"INT64","Value":34400}},{"Key":"url.scheme","Value":{"Type":"STRING","Value":"http"}}],"StartTime":"2026-01-04T14:34:59.102560844Z","Time":"2026-01-04T14:35:08.098980728Z","Count":1,"Bounds":[0,5,10,25,50,75,100,250,500,750,1000,2500,5000,7500,10000],"BucketCounts":[1,0,0,0,0,0,0,0,0,0,0,0,0,0,0,0],"Min":0,"Max":0,"Sum":0,"Exemplars":[{"FilteredAttributes":null,"Time":"2026-01-04T14:35:00.090999452Z","Value":0,"SpanID":"RWLLeZXf39E=","TraceID":"vBFCVhx8Dsc91zE7v6tTBg=="}]},{"Attributes":[{"Key":"http.request.method","Value":{"Type":"STRING","Value":"POST"}},{"Key":"http.response.status_code","Value":{"Type":"INT64","Value":200}},{"Key":"http.route","Value":{"Type":"STRING","Value":"/api/"}},{"Key":"network.protocol.name","Value":{"Type":"STRING","Value":"http"}},{"Key":"network.protocol.version","Value":{"Type":"STRING","Value":"1.1"}},{"Key":"server.address","Value":{"Type":"STRING","Value":"localhost"}},{"Key":"server.port","Value":{"Type":"INT64","Value":34400}},{"Key":"url.scheme","Value":{"Type":"STRING","Value":"http"}}],"StartTime":"2026-01-04T14:34:59.102560844Z","Time":"2026-01-04T14:35:08.098980728Z","Count":1,"Bounds":[0,5,10,25,50,75,100,250,500,750,1000,2500,5000,7500,10000],"BucketCounts":[0,0,0,0,0,1,0,0,0,0,0,0,0,0,0,0],"Min":55,"Max":55,"Sum":55,"Exemplars":[{"FilteredAttributes":null,"Time":"2026-01-04T14:35:00.100781751Z","Value":55,"SpanID":"/4WVA++HxYg=","TraceID":"Td9tVtLVTcz3+PK4egcHyw=="}]}],"Temporality":"CumulativeTemporality"}},{"Name":"http.server.response.body.size","Description":"Size of HTTP server response bodies.","Unit":"By","Data":{"DataPoints":[{"Attributes":[{"Key":"http.request.method","Value":{"Type":"STRING","Value":"GET"}},{"Key":"http.response.status_code","Value":{"Type":"INT64","Value":200}},{"Key":"http.route","Value":{"Type":"STRING","Value":"/web/"}},{"Key":"network.protocol.name","Value":{"Type":"STRING","Value":"http"}},{"Key":"network.protocol.version","Value":{"Type":"STRING","Value":"1.1"}},{"Key":"server.address","Value":{"Type":"STRING","Value":"localhost"}},{"Key":"server.port","Value":{"Type":"INT64","Value":34400}},{"Key":"url.scheme","Value":{"Type":"STRING","Value":"http"}}],"StartTime":"2026-01-04T14:34:59.102574885Z","Time":"2026-01-04T14:35:08.098985226Z","Count":1,"Bounds":[0,5,10,25,50,75,100,250,500,750,1000,2500,5000,7500,10000],"BucketCounts":[0,0,0,0,0,0,0,0,0,0,0,1,0,0,0,0],"Min":1920,"Max":1920,"Sum":1920,"Exemplars":[{"FilteredAttributes":null,"Time":"2026-01-04T14:35:00.091005829Z","Value":1920,"SpanID":"RWLLeZXf39E=","TraceID":"vBFCVhx8Dsc91zE7v6tTBg=="}]},{"Attributes":[{"Key":"http.request.method","Value":{"Type":"STRING","Value":"POST"}},{"Key":"http.response.status_code","Value":{"Type":"INT64","Value":200}},{"Key":"http.route","Value":{"Type":"STRING","Value":"/api/"}},{"Key":"network.protocol.name","Value":{"Type":"STRING","Value":"http"}},{"Key":"network.protocol.version","Value":{"Type":"STRING","Value":"1.1"}},{"Key":"server.address","Value":{"Type":"STRING","Value":"localhost"}},{"Key":"server.port","Value":{"Type":"INT64","Value":34400}},{"Key":"url.scheme","Value":{"Type":"STRING","Value":"http"}}],"StartTime":"2026-01-04T14:34:59.102574885Z","Time":"2026-01-04T14:35:08.098985226Z","Count":1,"Bounds":[0,5,10,25,50,75,100,250,500,750,1000,2500,5000,7500,10000],"BucketCounts":[0,0,0,0,0,0,0,0,1,0,0,0,0,0,0,0],"Min":374,"Max":374,"Sum":374,"Exemplars":[{"FilteredAttributes":null,"Time":"2026-01-04T14:35:00.100790609Z","Value":374,"SpanID":"/4WVA++HxYg=","TraceID":"Td9tVtLVTcz3+PK4egcHyw=="}]}],"Temporality":"CumulativeTemporality"}},{"Name":"http.server.request.duration","Description":"Duration of HTTP server requests.","Unit":"s","Data":{"DataPoints":[{"Attributes":[{"Key":"http.request.method","Value":{"Type":"STRING","Value":"GET"}},{"Key":"http.response.status_code","Value":{"Type":"INT64","Value":200}},{"Key":"http.route","Value":{"Type":"STRING","Value":"/web/"}},{"Key":"network.protocol.name","Value":{"Type":"STRING","Value":"http"}},{"Key":"network.protocol.version","Value":{"Type":"STRING","Value":"1.1"}},{"Key":"server.address","Value":{"Type":"STRING","Value":"localhost"}},{"Key":"server.port","Value":{"Type":"INT64","Value":34400}},{"Key":"url.scheme","Value":{"Type":"STRING","Value":"http"}}],"StartTime":"2026-01-04T14:34:59.102583194Z","Time":"2026-01-04T14:35:08.098987996Z","Count":1,"Bounds":[0.005,0.01,0.025,0.05,0.075,0.1,0.25,0.5,0.75,1,2.5,5,7.5,10],"BucketCounts":[1,0,0,0,0,0,0,0,0,0,0,0,0,0,0],"Min":0.0009576550000000001,"Max":0.0009576550000000001,"Sum":0.0009576550000000001,"Exemplars":[{"FilteredAttributes":null,"Time":"2026-01-04T14:35:00.091011746Z","Value":0.0009576550000000001,"SpanID":"RWLLeZXf39E=","TraceID":"vBFCVhx8Dsc91zE7v6tTBg=="}]},{"Attributes":[{"Key":"http.request.method","Value":{"Type":"STRING","Value":"POST"}},{"Key":"http.response.status_code","Value":{"Type":"INT64","Value":200}},{"Key":"http.route","Value":{"Type":"STRING","Value":"/api/"}},{"Key":"network.protocol.name","Value":{"Type":"STRING","Value":"http"}},{"Key":"network.protocol.version","Value":{"Type":"STRING","Value":"1.1"}},{"Key":"server.address","Value":{"Type":"STRING","Value":"localhost"}},{"Key":"server.port","Value":{"Type":"INT64","Value":34400}},{"Key":"url.scheme","Value":{"Type":"STRING","Value":"http"}}],"StartTime":"2026-01-04T14:34:59.102583194Z","Time":"2026-01-04T14:35:08.098987996Z","Count":1,"Bounds":[0.005,0.01,0.025,0.05,0.075,0.1,0.25,0.5,0.75,1,2.5,5,7.5,10],"BucketCounts":[1,0,0,0,0,0,0,0,0,0,0,0,0,0,0],"Min":0.000270237,"Max":0.000270237,"Sum":0.000270237,"Exemplars":[{"FilteredAttributes":null,"Time":"2026-01-04T14:35:00.100823751Z","Value":0.000270237,"SpanID":"/4WVA++HxYg=","TraceID":"Td9tVtLVTcz3+PK4egcHyw=="}]}],"Temporality":"CumulativeTemporality"}}]}]}
{"Resource":[{"Key":"service.name","Value":{"Type":"STRING","Value":"unknown_service:xteve"}},{"Key":"telemetry.sdk.language","Value":{"Type":"STRING","Value":"go"}},{"Key":"telemetry.sdk.name","Value":{"Type":"STRING","Value":"opentelemetry"}},{"Key":"telemetry.sdk.version","Value":{"Type":"STRING","Value":"1.39.0"}}],"ScopeMetrics":[{"Scope":{"Name":"go.opentelemetry.io/contrib/instrumentation/net/http/otelhttp","Version":"0.64.0","SchemaURL":"","Attributes":null},"Metrics":[{"Name":"http.client.request.body.size","Description":"Size of HTTP client request bodies.","Unit":"By","Data":{"DataPoints":[{"Attributes":[{"Key":"http.request.method","Value":{"Type":"STRING","Value":"GET"}},{"Key":"http.response.status_code","Value":{"Type":"INT64","Value":200}},{"Key":"network.protocol.name","Value":{"Type":"STRING","Value":"http"}},{"Key":"network.protocol.version","Value":{"Type":"STRING","Value":"1.1"}},{"Key":"server.address","Value":{"Type":"STRING","Value":"localhost"}},{"Key":"server.port","Value":{"Type":"INT64","Value":8080}},{"Key":"url.scheme","Value":{"Type":"STRING","Value":"http"}}],"StartTime":"2026-01-04T14:34:59.09830608Z","Time":"2026-01-04T14:35:11.099094596Z","Count":2,"Bounds":[0,5,10,25,50,75,100,250,500,750,1000,2500,5000,7500,10000],"BucketCounts":[2,0,0,0,0,0,0,0,0,0,0,0,0,0,0,0],"Min":0,"Max":0,"Sum":0,"Exemplars":[{"FilteredAttributes":null,"Time":"2026-01-04T14:35:10.125685589Z","Value":0,"SpanID":"4X9xeHYp36I=","TraceID":"jY1sibBnMqOo7LvbedhB2w=="}]},{"Attributes":[{"Key":"http.request.method","Value":{"Type":"STRING","Value":"HEAD"}},{"Key":"http.response.status_code","Value":{"Type":"INT64","Value":200}},{"Key":"http.route","Value":{"Type":"STRING","Value":"/dav/"}},{"Key":"network.protocol.name","Value":{"Type":"STRING","Value":"http"}},{"Key":"network.protocol.version","Value":{"Type":"STRING","Value":"1.1"}},{"Key":"server.address","Value":{"Type":"STRING","Value":"localhost"}},{"Key":"server.port","Value":{"Type":"INT64","Value":8080}},{"Key":"url.scheme","Value":{"Type":"STRING","Value":"http"}}],"StartTime":"2026-01-04T14:34:59.09830608Z","Time":"2026-01-04T14:35:11.099094596Z","Count":1,"Bounds":[0,5,10,25,50,75,100,250,500,750,1000,2500,5000,7500,10000],"BucketCounts":[1,0,0,0,0,0,0,0,0,0,0,0,0,0,0,0],"Min":0,"Max":0,"Sum":0,"Exemplars":[{"FilteredAttributes":null,"Time":"2026-01-04T14:35:10.121678885Z","Value":0,"SpanID":"iMZEw0LTSbo=","TraceID":"34Vdj5jA5RpKfjWxilmd6w=="}]}],"Temporality":"CumulativeTemporality"}},{"Name":"http.client.request.duration","Description":"Duration of HTTP client requests.","Unit":"s","Data":{"DataPoints":[{"Attributes":[{"Key":"http.request.method","Value":{"Type":"STRING","Value":"GET"}},{"Key":"http.response.status_code","Value":{"Type":"INT64","Value":200}},{"Key":"network.protocol.name","Value":{"Type":"STRING","Value":"http"}},{"Key":"network.protocol.version","Value":{"Type":"STRING","Value":"1.1"}},{"Key":"server.address","Value":{"Type":"STRING","Value":"localhost"}},{"Key":"server.port","Value":{"Type":"INT64","Value":8080}},{"Key":"url.scheme","Value":{"Type":"STRING","Value":"http"}}],"StartTime":"2026-01-04T14:34:59.098321501Z","Time":"2026-01-04T14:35:11.09912448Z","Count":2,"Bounds":[0.005,0.01,0.025,0.05,0.075,0.1,0.25,0.5,0.75,1,2.5,5,7.5,10],"BucketCounts":[2,0,0,0,0,0,0,0,0,0,0,0,0,0,0],"Min":0.0011447229999999998,"Max":0.001567234,"Sum":0.002711957,"Exemplars":[{"FilteredAttributes":null,"Time":"2026-01-04T14:35:10.125687718Z","Value":0.001567234,"SpanID":"4X9xeHYp36I=","TraceID":"jY1sibBnMqOo7LvbedhB2w=="}]},{"Attributes":[{"Key":"http.request.method","Value":{"Type":"STRING","Value":"HEAD"}},{"Key":"http.response.status_code","Value":{"Type":"INT64","Value":200}},{"Key":"http.route","Value":{"Type":"STRING","Value":"/dav/"}},{"Key":"network.protocol.name","Value":{"Type":"STRING","Value":"http"}},{"Key":"network.protocol.version","Value":{"Type":"STRING","Value":"1.1"}},{"Key":"server.address","Value":{"Type":"STRING","Value":"localhost"}},{"Key":"server.port","Value":{"Type":"INT64","Value":8080}},{"Key":"url.scheme","Value":{"Type":"STRING","Value":"http"}}],"StartTime":"2026-01-04T14:34:59.098321501Z","Time":"2026-01-04T14:35:11.09912448Z","Count":1,"Bounds":[0.005,0.01,0.025,0.05,0.075,0.1,0.25,0.5,0.75,1,2.5,5,7.5,10],"BucketCounts":[1,0,0,0,0,0,0,0,0,0,0,0,0,0,0],"Min":0.000534118,"Max":0.000534118,"Sum":0.000534118,"Exemplars":[{"FilteredAttributes":null,"Time":"2026-01-04T14:35:10.121684173Z","Value":0.000534118,"SpanID":"iMZEw0LTSbo=","TraceID":"34Vdj5jA5RpKfjWxilmd6w=="}]}],"Temporality":"CumulativeTemporality"}},{"Name":"http.server.request.body.size","Description":"Size of HTTP server request bodies.","Unit":"By","Data":{"DataPoints":[{"Attributes":[{"Key":"http.request.method","Value":{"Type":"STRING","Value":"GET"}},{"Key":"http.response.status_code","Value":{"Type":"INT64","Value":405}},{"Key":"http.route","Value":{"Type":"STRING","Value":"/dav/"}},{"Key":"network.protocol.name","Value":{"Type":"STRING","Value":"http"}},{"Key":"network.protocol.version","Value":{"Type":"STRING","Value":"1.1"}},{"Key":"server.address","Value":{"Type":"STRING","Value":"localhost"}},{"Key":"server.port","Value":{"Type":"INT64","Value":34400}},{"Key":"url.scheme","Value":{"Type":"STRING","Value":"http"}}],"StartTime":"2026-01-04T14:34:59.102560844Z","Time":"2026-01-04T14:35:11.099132478Z","Count":1,"Bounds":[0,5,10,25,50,75,100,250,500,750,1000,2500,5000,7500,10000],"BucketCounts":[1,0,0,0,0,0,0,0,0,0,0,0,0,0,0,0],"Min":0,"Max":0,"Sum":0,"Exemplars":[{"FilteredAttributes":null,"Time":"2026-01-04T14:35:10.120121651Z","Value":0,"SpanID":"ONq2Y4Uug+E=","TraceID":"1kFSelktxYrAeqy/k1mOcQ=="}]},{"Attributes":[{"Key":"http.request.method","Value":{"Type":"STRING","Value":"_OTHER"}},{"Key":"http.response.status_code","Value":{"Type":"INT64","Value":207}},{"Key":"http.route","Value":{"Type":"STRING","Value":"/dav/"}},{"Key":"network.protocol.name","Value":{"Type":"STRING","Value":"http"}},{"Key":"network.protocol.version","Value":{"Type":"STRING","Value":"1.1"}},{"Key":"server.address","Value":{"Type":"STRING","Value":"localhost"}},{"Key":"server.port","Value":{"Type":"INT64","Value":34400}},{"Key":"url.scheme","Value":{"Type":"STRING","Value":"http"}}],"StartTime":"2026-01-04T14:34:59.102560844Z","Time":"2026-01-04T14:35:11.099132478Z","Count":1,"Bounds":[0,5,10,25,50,75,100,250,500,750,1000,2500,5000,7500,10000],"BucketCounts":[1,0,0,0,0,0,0,0,0,0,0,0,0,0,0,0],"Min":0,"Max":0,"Sum":0,"Exemplars":[{"FilteredAttributes":null,"Time":"2026-01-04T14:35:10.121867675Z","Value":0,"SpanID":"dnjXs0vBk2U=","TraceID":"34Vdj5jA5RpKfjWxilmd6w=="}]},{"Attributes":[{"Key":"http.request.method","Value":{"Type":"STRING","Value":"GET"}},{"Key":"http.response.status_code","Value":{"Type":"INT64","Value":200}},{"Key":"http.route","Value":{"Type":"STRING","Value":"/web/"}},{"Key":"network.protocol.name","Value":{"Type":"STRING","Value":"http"}},{"Key":"network.protocol.version","Value":{"Type":"STRING","Value":"1.1"}},{"Key":"server.address","Value":{"Type":"STRING","Value":"localhost"}},{"Key":"server.port","Value":{"Type":"INT64","Value":34400}},{"Key":"url.scheme","Value":{"Type":"STRING","Value":"http"}}],"StartTime":"2026-01-04T14:34:59.102560844Z","Time":"2026-01-04T14:35:11.099132478Z","Count":1,"Bounds":[0,5,10,25,50,75,100,250,500,750,1000,2500,5000,7500,10000],"BucketCounts":[1,0,0,0,0,0,0,0,0,0,0,0,0,0,0,0],"Min":0,"Max":0,"Sum":0,"Exemplars":[{"FilteredAttributes":null,"Time":"2026-01-04T14:35:00.090999452Z","Value":0,"SpanID":"RWLLeZXf39E=","TraceID":"vBFCVhx8Dsc91zE7v6tTBg=="}]},{"Attributes":[{"Key":"http.request.method","Value":{"Type":"STRING","Value":"POST"}},{"Key":"http.response.status_code","Value":{"Type":"INT64","Value":200}},{"Key":"http.route","Value":{"Type":"STRING","Value":"/api/"}},{"Key":"network.protocol.name","Value":{"Type":"STRING","Value":"http"}},{"Key":"network.protocol.version","Value":{"Type":"STRING","Value":"1.1"}},{"Key":"server.address","Value":{"Type":"STRING","Value":"localhost"}},{"Key":"server.port","Value":{"Type":"INT64","Value":34400}},{"Key":"url.scheme","Value":{"Type":"STRING","Value":"http"}}],"StartTime":"2026-01-04T14:34:59.102560844Z","Time":"2026-01-04T14:35:11.099132478Z","Count":1,"Bounds":[0,5,10,25,50,75,100,250,500,750,1000,2500,5000,7500,10000],"BucketCounts":[0,0,0,0,0,1,0,0,0,0,0,0,0,0,0,0],"Min":55,"Max":55,"Sum":55,"Exemplars":[{"FilteredAttributes":null,"Time":"2026-01-04T14:35:00.100781751Z","Value":55,"SpanID":"/4WVA++HxYg=","TraceID":"Td9tVtLVTcz3+PK4egcHyw=="}]}],"Temporality":"CumulativeTemporality"}},{"Name":"http.server.response.body.size","Description":"Size of HTTP server response bodies.","Unit":"By","Data":{"DataPoints":[{"Attributes":[{"Key":"http.request.method","Value":{"Type":"STRING","Value":"GET"}},{"Key":"http.response.status_code","Value":{"Type":"INT64","Value":405}},{"Key":"http.route","Value":{"Type":"STRING","Value":"/dav/"}},{"Key":"network.protocol.name","Value":{"Type":"STRING","Value":"http"}},{"Key":"network.protocol.version","Value":{"Type":"STRING","Value":"1.1"}},{"Key":"server.address","Value":{"Type":"STRING","Value":"localhost"}},{"Key":"server.port","Value":{"Type":"INT64","Value":34400}},{"Key":"url.scheme","Value":{"Type":"STRING","Value":"http"}}],"StartTime":"2026-01-04T14:34:59.102574885Z","Time":"2026-01-04T14:35:11.099153802Z","Count":1,"Bounds":[0,5,10,25,50,75,100,250,500,750,1000,2500,5000,7500,10000],"BucketCounts":[0,0,0,1,0,0,0,0,0,0,0,0,0,0,0,0],"Min":18,"Max":18,"Sum":18,"Exemplars":[{"FilteredAttributes":null,"Time":"2026-01-04T14:35:10.120195825Z","Value":18,"SpanID":"ONq2Y4Uug+E=","TraceID":"1kFSelktxYrAeqy/k1mOcQ=="}]},{"Attributes":[{"Key":"http.request.method","Value":{"Type":"STRING","Value":"_OTHER"}},{"Key":"http.response.status_code","Value":{"Type":"INT64","Value":207}},{"Key":"http.route","Value":{"Type":"STRING","Value":"/dav/"}},{"Key":"network.protocol.name","Value":{"Type":"STRING","Value":"http"}},{"Key":"network.protocol.version","Value":{"Type":"STRING","Value":"1.1"}},{"Key":"server.address","Value":{"Type":"STRING","Value":"localhost"}},{"Key":"server.port","Value":{"Type":"INT64","Value":34400}},{"Key":"url.scheme","Value":{"Type":"STRING","Value":"http"}}],"StartTime":"2026-01-04T14:34:59.102574885Z","Time":"2026-01-04T14:35:11.099153802Z","Count":1,"Bounds":[0,5,10,25,50,75,100,250,500,750,1000,2500,5000,7500,10000],"BucketCounts":[0,0,0,0,0,0,0,0,0,0,0,1,0,0,0,0],"Min":1318,"Max":1318,"Sum":1318,"Exemplars":[{"FilteredAttributes":null,"Time":"2026-01-04T14:35:10.12187007Z","Value":1318,"SpanID":"dnjXs0vBk2U=","TraceID":"34Vdj5jA5RpKfjWxilmd6w=="}]},{"Attributes":[{"Key":"http.request.method","Value":{"Type":"STRING","Value":"GET"}},{"Key":"http.response.status_code","Value":{"Type":"INT64","Value":200}},{"Key":"http.route","Value":{"Type":"STRING","Value":"/web/"}},{"Key":"network.protocol.name","Value":{"Type":"STRING","Value":"http"}},{"Key":"network.protocol.version","Value":{"Type":"STRING","Value":"1.1"}},{"Key":"server.address","Value":{"Type":"STRING","Value":"localhost"}},{"Key":"server.port","Value":{"Type":"INT64","Value":34400}},{"Key":"url.scheme","Value":{"Type":"STRING","Value":"http"}}],"StartTime":"2026-01-04T14:34:59.102574885Z","Time":"2026-01-04T14:35:11.099153802Z","Count":1,"Bounds":[0,5,10,25,50,75,100,250,500,750,1000,2500,5000,7500,10000],"BucketCounts":[0,0,0,0,0,0,0,0,0,0,0,1,0,0,0,0],"Min":1920,"Max":1920,"Sum":1920,"Exemplars":[{"FilteredAttributes":null,"Time":"2026-01-04T14:35:00.091005829Z","Value":1920,"SpanID":"RWLLeZXf39E=","TraceID":"vBFCVhx8Dsc91zE7v6tTBg=="}]},{"Attributes":[{"Key":"http.request.method","Value":{"Type":"STRING","Value":"POST"}},{"Key":"http.response.status_code","Value":{"Type":"INT64","Value":200}},{"Key":"http.route","Value":{"Type":"STRING","Value":"/api/"}},{"Key":"network.protocol.name","Value":{"Type":"STRING","Value":"http"}},{"Key":"network.protocol.version","Value":{"Type":"STRING","Value":"1.1"}},{"Key":"server.address","Value":{"Type":"STRING","Value":"localhost"}},{"Key":"server.port","Value":{"Type":"INT64","Value":34400}},{"Key":"url.scheme","Value":{"Type":"STRING","Value":"http"}}],"StartTime":"2026-01-04T14:34:59.102574885Z","Time":"2026-01-04T14:35:11.099153802Z","Count":1,"Bounds":[0,5,10,25,50,75,100,250,500,750,1000,2500,5000,7500,10000],"BucketCounts":[0,0,0,0,0,0,0,0,1,0,0,0,0,0,0,0],"Min":374,"Max":374,"Sum":374,"Exemplars":[{"FilteredAttributes":null,"Time":"2026-01-04T14:35:00.100790609Z","Value":374,"SpanID":"/4WVA++HxYg=","TraceID":"Td9tVtLVTcz3+PK4egcHyw=="}]}],"Temporality":"CumulativeTemporality"}},{"Name":"http.server.request.duration","Description":"Duration of HTTP server requests.","Unit":"s","Data":{"DataPoints":[{"Attributes":[{"Key":"http.request.method","Value":{"Type":"STRING","Value":"GET"}},{"Key":"http.response.status_code","Value":{"Type":"INT64","Value":200}},{"Key":"http.route","Value":{"Type":"STRING","Value":"/web/"}},{"Key":"network.protocol.name","Value":{"Type":"STRING","Value":"http"}},{"Key":"network.protocol.version","Value":{"Type":"STRING","Value":"1.1"}},{"Key":"server.address","Value":{"Type":"STRING","Value":"localhost"}},{"Key":"server.port","Value":{"Type":"INT64","Value":34400}},{"Key":"url.scheme","Value":{"Type":"STRING","Value":"http"}}],"StartTime":"2026-01-04T14:34:59.102583194Z","Time":"2026-01-04T14:35:11.099164868Z","Count":1,"Bounds":[0.005,0.01,0.025,0.05,0.075,0.1,0.25,0.5,0.75,1,2.5,5,7.5,10],"BucketCounts":[1,0,0,0,0,0,0,0,0,0,0,0,0,0,0],"Min":0.0009576550000000001,"Max":0.0009576550000000001,"Sum":0.0009576550000000001,"Exemplars":[{"FilteredAttributes":null,"Time":"2026-01-04T14:35:00.091011746Z","Value":0.0009576550000000001,"SpanID":"RWLLeZXf39E=","TraceID":"vBFCVhx8Dsc91zE7v6tTBg=="}]},{"Attributes":[{"Key":"http.request.method","Value":{"Type":"STRING","Value":"POST"}},{"Key":"http.response.status_code","Value":{"Type":"INT64","Value":200}},{"Key":"http.route","Value":{"Type":"STRING","Value":"/api/"}},{"Key":"network.protocol.name","Value":{"Type":"STRING","Value":"http"}},{"Key":"network.protocol.version","Value":{"Type":"STRING","Value":"1.1"}},{"Key":"server.address","Value":{"Type":"STRING","Value":"localhost"}},{"Key":"server.port","Value":{"Type":"INT64","Value":34400}},{"Key":"url.scheme","Value":{"Type":"STRING","Value":"http"}}],"StartTime":"2026-01-04T14:34:59.102583194Z","Time":"2026-01-04T14:35:11.099164868Z","Count":1,"Bounds":[0.005,0.01,0.025,0.05,0.075,0.1,0.25,0.5,0.75,1,2.5,5,7.5,10],"BucketCounts":[1,0,0,0,0,0,0,0,0,0,0,0,0,0,0],"Min":0.000270237,"Max":0.000270237,"Sum":0.000270237,"Exemplars":[{"FilteredAttributes":null,"Time":"2026-01-04T14:35:00.100823751Z","Value":0.000270237,"SpanID":"/4WVA++HxYg=","TraceID":"Td9tVtLVTcz3+PK4egcHyw=="}]},{"Attributes":[{"Key":"http.request.method","Value":{"Type":"STRING","Value":"GET"}},{"Key":"http.response.status_code","Value":{"Type":"INT64","Value":405}},{"Key":"http.route","Value":{"Type":"STRING","Value":"/dav/"}},{"Key":"network.protocol.name","Value":{"Type":"STRING","Value":"http"}},{"Key":"network.protocol.version","Value":{"Type":"STRING","Value":"1.1"}},{"Key":"server.address","Value":{"Type":"STRING","Value":"localhost"}},{"Key":"server.port","Value":{"Type":"INT64","Value":34400}},{"Key":"url.scheme","Value":{"Type":"STRING","Value":"http"}}],"StartTime":"2026-01-04T14:34:59.102583194Z","Time":"2026-01-04T14:35:11.099164868Z","Count":1,"Bounds":[0.005,0.01,0.025,0.05,0.075,0.1,0.25,0.5,0.75,1,2.5,5,7.5,10],"BucketCounts":[1,0,0,0,0,0,0,0,0,0,0,0,0,0,0],"Min":0.000158283,"Max":0.000158283,"Sum":0.000158283,"Exemplars":[{"FilteredAttributes":null,"Time":"2026-01-04T14:35:10.120201339Z","Value":0.000158283,"SpanID":"ONq2Y4Uug+E=","TraceID":"1kFSelktxYrAeqy/k1mOcQ=="}]},{"Attributes":[{"Key":"http.request.method","Value":{"Type":"STRING","Value":"_OTHER"}},{"Key":"http.response.status_code","Value":{"Type":"INT64","Value":207}},{"Key":"http.route","Value":{"Type":"STRING","Value":"/dav/"}},{"Key":"network.protocol.name","Value":{"Type":"STRING","Value":"http"}},{"Key":"network.protocol.version","Value":{"Type":"STRING","Value":"1.1"}},{"Key":"server.address","Value":{"Type":"STRING","Value":"localhost"}},{"Key":"server.port","Value":{"Type":"INT64","Value":34400}},{"Key":"url.scheme","Value":{"Type":"STRING","Value":"http"}}],"StartTime":"2026-01-04T14:34:59.102583194Z","Time":"2026-01-04T14:35:11.099164868Z","Count":1,"Bounds":[0.005,0.01,0.025,0.05,0.075,0.1,0.25,0.5,0.75,1,2.5,5,7.5,10],"BucketCounts":[1,0,0,0,0,0,0,0,0,0,0,0,0,0,0],"Min":0.001155172,"Max":0.001155172,"Sum":0.001155172,"Exemplars":[{"FilteredAttributes":null,"Time":"2026-01-04T14:35:10.121873583Z","Value":0.001155172,"SpanID":"dnjXs0vBk2U=","TraceID":"34Vdj5jA5RpKfjWxilmd6w=="}]}],"Temporality":"CumulativeTemporality"}}]}]}
{"Resource":[{"Key":"service.name","Value":{"Type":"STRING","Value":"unknown_service:xteve"}},{"Key":"telemetry.sdk.language","Value":{"Type":"STRING","Value":"go"}},{"Key":"telemetry.sdk.name","Value":{"Type":"STRING","Value":"opentelemetry"}},{"Key":"telemetry.sdk.version","Value":{"Type":"STRING","Value":"1.39.0"}}],"ScopeMetrics":[{"Scope":{"Name":"go.opentelemetry.io/contrib/instrumentation/net/http/otelhttp","Version":"0.64.0","SchemaURL":"","Attributes":null},"Metrics":[{"Name":"http.client.request.body.size","Description":"Size of HTTP client request bodies.","Unit":"By","Data":{"DataPoints":[{"Attributes":[{"Key":"http.request.method","Value":{"Type":"STRING","Value":"GET"}},{"Key":"http.response.status_code","Value":{"Type":"INT64","Value":200}},{"Key":"network.protocol.name","Value":{"Type":"STRING","Value":"http"}},{"Key":"network.protocol.version","Value":{"Type":"STRING","Value":"1.1"}},{"Key":"server.address","Value":{"Type":"STRING","Value":"localhost"}},{"Key":"server.port","Value":{"Type":"INT64","Value":8080}},{"Key":"url.scheme","Value":{"Type":"STRING","Value":"http"}}],"StartTime":"2026-01-04T14:34:59.09830608Z","Time":"2026-01-04T14:35:14.098961239Z","Count":2,"Bounds":[0,5,10,25,50,75,100,250,500,750,1000,2500,5000,7500,10000],"BucketCounts":[2,0,0,0,0,0,0,0,0,0,0,0,0,0,0,0],"Min":0,"Max":0,"Sum":0,"Exemplars":[{"FilteredAttributes":null,"Time":"2026-01-04T14:35:10.125685589Z","Value":0,"SpanID":"4X9xeHYp36I=","TraceID":"jY1sibBnMqOo7LvbedhB2w=="}]},{"Attributes":[{"Key":"http.request.method","Value":{"Type":"STRING","Value":"HEAD"}},{"Key":"http.response.status_code","Value":{"Type":"INT64","Value":200}},{"Key":"http.route","Value":{"Type":"STRING","Value":"/dav/"}},{"Key":"network.protocol.name","Value":{"Type":"STRING","Value":"http"}},{"Key":"network.protocol.version","Value":{"Type":"STRING","Value":"1.1"}},{"Key":"server.address","Value":{"Type":"STRING","Value":"localhost"}},{"Key":"server.port","Value":{"Type":"INT64","Value":8080}},{"Key":"url.scheme","Value":{"Type":"STRING","Value":"http"}}],"StartTime":"2026-01-04T14:34:59.09830608Z","Time":"2026-01-04T14:35:14.098961239Z","Count":1,"Bounds":[0,5,10,25,50,75,100,250,500,750,1000,2500,5000,7500,10000],"BucketCounts":[1,0,0,0,0,0,0,0,0,0,0,0,0,0,0,0],"Min":0,"Max":0,"Sum":0,"Exemplars":[{"FilteredAttributes":null,"Time":"2026-01-04T14:35:10.121678885Z","Value":0,"SpanID":"iMZEw0LTSbo=","TraceID":"34Vdj5jA5RpKfjWxilmd6w=="}]}],"Temporality":"CumulativeTemporality"}},{"Name":"http.client.request.duration","Description":"Duration of HTTP client requests.","Unit":"s","Data":{"DataPoints":[{"Attributes":[{"Key":"http.request.method","Value":{"Type":"STRING","Value":"GET"}},{"Key":"http.response.status_code","Value":{"Type":"INT64","Value":200}},{"Key":"network.protocol.name","Value":{"Type":"STRING","Value":"http"}},{"Key":"network.protocol.version","Value":{"Type":"STRING","Value":"1.1"}},{"Key":"server.address","Value":{"Type":"STRING","Value":"localhost"}},{"Key":"server.port","Value":{"Type":"INT64","Value":8080}},{"Key":"url.scheme","Value":{"Type":"STRING","Value":"http"}}],"StartTime":"2026-01-04T14:34:59.098321501Z","Time":"2026-01-04T14:35:14.098987323Z","Count":2,"Bounds":[0.005,0.01,0.025,0.05,0.075,0.1,0.25,0.5,0.75,1,2.5,5,7.5,10],"BucketCounts":[2,0,0,0,0,0,0,0,0,0,0,0,0,0,0],"Min":0.0011447229999999998,"Max":0.001567234,"Sum":0.002711957,"Exemplars":[{"FilteredAttributes":null,"Time":"2026-01-04T14:35:10.125687718Z","Value":0.001567234,"SpanID":"4X9xeHYp36I=","TraceID":"jY1sibBnMqOo7LvbedhB2w=="}]},{"Attributes":[{"Key":"http.request.method","Value":{"Type":"STRING","Value":"HEAD"}},{"Key":"http.response.status_code","Value":{"Type":"INT64","Value":200}},{"Key":"http.route","Value":{"Type":"STRING","Value":"/dav/"}},{"Key":"network.protocol.name","Value":{"Type":"STRING","Value":"http"}},{"Key":"network.protocol.version","Value":{"Type":"STRING","Value":"1.1"}},{"Key":"server.address","Value":{"Type":"STRING","Value":"localhost"}},{"Key":"server.port","Value":{"Type":"INT64","Value":8080}},{"Key":"url.scheme","Value":{"Type":"STRING","Value":"http"}}],"StartTime":"2026-01-04T14:34:59.098321501Z","Time":"2026-01-04T14:35:14.098987323Z","Count":1,"Bounds":[0.005,0.01,0.025,0.05,0.075,0.1,0.25,0.5,0.75,1,2.5,5,7.5,10],"BucketCounts":[1,0,0,0,0,0,0,0,0,0,0,0,0,0,0],"Min":0.000534118,"Max":0.000534118,"Sum":0.000534118,"Exemplars":[{"FilteredAttributes":null,"Time":"2026-01-04T14:35:10.121684173Z","Value":0.000534118,"SpanID":"iMZEw0LTSbo=","TraceID":"34Vdj5jA5RpKfjWxilmd6w=="}]}],"Temporality":"CumulativeTemporality"}},{"Name":"http.server.request.body.size","Description":"Size of HTTP server request bodies.","Unit":"By","Data":{"DataPoints":[{"Attributes":[{"Key":"http.request.method","Value":{"Type":"STRING","Value":"GET"}},{"Key":"http.response.status_code","Value":{"Type":"INT64","Value":405}},{"Key":"http.route","Value":{"Type":"STRING","Value":"/dav/"}},{"Key":"network.protocol.name","Value":{"Type":"STRING","Value":"http"}},{"Key":"network.protocol.version","Value":{"Type":"STRING","Value":"1.1"}},{"Key":"server.address","Value":{"Type":"STRING","Value":"localhost"}},{"Key":"server.port","Value":{"Type":"INT64","Value":34400}},{"Key":"url.scheme","Value":{"Type":"STRING","Value":"http"}}],"StartTime":"2026-01-04T14:34:59.102560844Z","Time":"2026-01-04T14:35:14.098992542Z","Count":1,"Bounds":[0,5,10,25,50,75,100,250,500,750,1000,2500,5000,7500,10000],"BucketCounts":[1,0,0,0,0,0,0,0,0,0,0,0,0,0,0,0],"Min":0,"Max":0,"Sum":0,"Exemplars":[{"FilteredAttributes":null,"Time":"2026-01-04T14:35:10.120121651Z","Value":0,"SpanID":"ONq2Y4Uug+E=","TraceID":"1kFSelktxYrAeqy/k1mOcQ=="}]},{"Attributes":[{"Key":"http.request.method","Value":{"Type":"STRING","Value":"_OTHER"}},{"Key":"http.response.status_code","Value":{"Type":"INT64","Value":207}},{"Key":"http.route","Value":{"Type":"STRING","Value":"/dav/"}},{"Key":"network.protocol.name","Value":{"Type":"STRING","Value":"http"}},{"Key":"network.protocol.version","Value":{"Type":"STRING","Value":"1.1"}},{"Key":"server.address","Value":{"Type":"STRING","Value":"localhost"}},{"Key":"server.port","Value":{"Type":"INT64","Value":34400}},{"Key":"url.scheme","Value":{"Type":"STRING","Value":"http"}}],"StartTime":"2026-01-04T14:34:59.102560844Z","Time":"2026-01-04T14:35:14.098992542Z","Count":1,"Bounds":[0,5,10,25,50,75,100,250,500,750,1000,2500,5000,7500,10000],"BucketCounts":[1,0,0,0,0,0,0,0,0,0,0,0,0,0,0,0],"Min":0,"Max":0,"Sum":0,"Exemplars":[{"FilteredAttributes":null,"Time":"2026-01-04T14:35:10.121867675Z","Value":0,"SpanID":"dnjXs0vBk2U=","TraceID":"34Vdj5jA5RpKfjWxilmd6w=="}]},{"Attributes":[{"Key":"http.request.method","Value":{"Type":"STRING","Value":"GET"}},{"Key":"http.response.status_code","Value":{"Type":"INT64","Value":200}},{"Key":"http.route","Value":{"Type":"STRING","Value":"/web/"}},{"Key":"network.protocol.name","Value":{"Type":"STRING","Value":"http"}},{"Key":"network.protocol.version","Value":{"Type":"STRING","Value":"1.1"}},{"Key":"server.address","Value":{"Type":"STRING","Value":"localhost"}},{"Key":"server.port","Value":{"Type":"INT64","Value":34400}},{"Key":"url.scheme","Value":{"Type":"STRING","Value":"http"}}],"StartTime":"2026-01-04T14:34:59.102560844Z","Time":"2026-01-04T14:35:14.098992542Z","Count":1,"Bounds":[0,5,10,25,50,75,100,250,500,750,1000,2500,5000,7500,10000],"BucketCounts":[1,0,0,0,0,0,0,0,0,0,0,0,0,0,0,0],"Min":0,"Max":0,"Sum":0,"Exemplars":[{"FilteredAttributes":null,"Time":"2026-01-04T14:35:00.090999452Z","Value":0,"SpanID":"RWLLeZXf39E=","TraceID":"vBFCVhx8Dsc91zE7v6tTBg=="}]},{"Attributes":[{"Key":"http.request.method","Value":{"Type":"STRING","Value":"POST"}},{"Key":"http.response.status_code","Value":{"Type":"INT64","Value":200}},{"Key":"http.route","Value":{"Type":"STRING","Value":"/api/"}},{"Key":"network.protocol.name","Value":{"Type":"STRING","Value":"http"}},{"Key":"network.protocol.version","Value":{"Type":"STRING","Value":"1.1"}},{"Key":"server.address","Value":{"Type":"STRING","Value":"localhost"}},{"Key":"server.port","Value":{"Type":"INT64","Value":34400}},{"Key":"url.scheme","Value":{"Type":"STRING","Value":"http"}}],"StartTime":"2026-01-04T14:34:59.102560844Z","Time":"2026-01-04T14:35:14.098992542Z","Count":1,"Bounds":[0,5,10,25,50,75,100,250,500,750,1000,2500,5000,7500,10000],"BucketCounts":[0,0,0,0,0,1,0,0,0,0,0,0,0,0,0,0],"Min":55,"Max":55,"Sum":55,"Exemplars":[{"FilteredAttributes":null,"Time":"2026-01-04T14:35:00.100781751Z","Value":55,"SpanID":"/4WVA++HxYg=","TraceID":"Td9tVtLVTcz3+PK4egcHyw=="}]}],"Temporality":"CumulativeTemporality"}},{"Name":"http.server.response.body.size","Description":"Size of HTTP server response bodies.","Unit":"By","Data":{"DataPoints":[{"Attributes":[{"Key":"http.request.method","Value":{"Type":"STRING","Value":"GET"}},{"Key":"http.response.status_code","Value":{"Type":"INT64","Value":200}},{"Key":"http.route","Value":{"Type":"STRING","Value":"/web/"}},{"Key":"network.protocol.name","Value":{"Type":"STRING","Value":"http"}},{"Key":"network.protocol.version","Value":{"Type":"STRING","Value":"1.1"}},{"Key":"server.address","Value":{"Type":"STRING","Value":"localhost"}},{"Key":"server.port","Value":{"Type":"INT64","Value":34400}},{"Key":"url.scheme","Value":{"Type":"STRING","Value":"http"}}],"StartTime":"2026-01-04T14:34:59.102574885Z","Time":"2026-01-04T14:35:14.099025259Z","Count":1,"Bounds":[0,5,10,25,50,75,100,250,500,750,1000,2500,5000,7500,10000],"BucketCounts":[0,0,0,0,0,0,0,0,0,0,0,1,0,0,0,0],"Min":1920,"Max":1920,"Sum":1920,"Exemplars":[{"FilteredAttributes":null,"Time":"2026-01-04T14:35:00.091005829Z","Value":1920,"SpanID":"RWLLeZXf39E=","TraceID":"vBFCVhx8Dsc91zE7v6tTBg=="}]},{"Attributes":[{"Key":"http.request.method","Value":{"Type":"STRING","Value":"POST"}},{"Key":"http.response.status_code","Value":{"Type":"INT64","Value":200}},{"Key":"http.route","Value":{"Type":"STRING","Value":"/api/"}},{"Key":"network.protocol.name","Value":{"Type":"STRING","Value":"http"}},{"Key":"network.protocol.version","Value":{"Type":"STRING","Value":"1.1"}},{"Key":"server.address","Value":{"Type":"STRING","Value":"localhost"}},{"Key":"server.port","Value":{"Type":"INT64","Value":34400}},{"Key":"url.scheme","Value":{"Type":"STRING","Value":"http"}}],"StartTime":"2026-01-04T14:34:59.102574885Z","Time":"2026-01-04T14:35:14.099025259Z","Count":1,"Bounds":[0,5,10,25,50,75,100,250,500,750,1000,2500,5000,7500,10000],"BucketCounts":[0,0,0,0,0,0,0,0,1,0,0,0,0,0,0,0],"Min":374,"Max":374,"Sum":374,"Exemplars":[{"FilteredAttributes":null,"Time":"2026-01-04T14:35:00.100790609Z","Value":374,"SpanID":"/4WVA++HxYg=","TraceID":"Td9tVtLVTcz3+PK4egcHyw=="}]},{"Attributes":[{"Key":"http.request.method","Value":{"Type":"STRING","Value":"GET"}},{"Key":"http.response.status_code","Value":{"Type":"INT64","Value":405}},{"Key":"http.route","Value":{"Type":"STRING","Value":"/dav/"}},{"Key":"network.protocol.name","Value":{"Type":"STRING","Value":"http"}},{"Key":"network.protocol.version","Value":{"Type":"STRING","Value":"1.1"}},{"Key":"server.address","Value":{"Type":"STRING","Value":"localhost"}},{"Key":"server.port","Value":{"Type":"INT64","Value":34400}},{"Key":"url.scheme","Value":{"Type":"STRING","Value":"http"}}],"StartTime":"2026-01-04T14:34:59.102574885Z","Time":"2026-01-04T14:35:14.099025259Z","Count":1,"Bounds":[0,5,10,25,50,75,100,250,500,750,1000,2500,5000,7500,10000],"BucketCounts":[0,0,0,1,0,0,0,0,0,0,0,0,0,0,0,0],"Min":18,"Max":18,"Sum":18,"Exemplars":[{"FilteredAttributes":null,"Time":"2026-01-04T14:35:10.120195825Z","Value":18,"SpanID":"ONq2Y4Uug+E=","TraceID":"1kFSelktxYrAeqy/k1mOcQ=="}]},{"Attributes":[{"Key":"http.request.method","Value":{"Type":"STRING","Value":"_OTHER"}},{"Key":"http.response.status_code","Value":{"Type":"INT64","Value":207}},{"Key":"http.route","Value":{"Type":"STRING","Value":"/dav/"}},{"Key":"network.protocol.name","Value":{"Type":"STRING","Value":"http"}},{"Key":"network.protocol.version","Value":{"Type":"STRING","Value":"1.1"}},{"Key":"server.address","Value":{"Type":"STRING","Value":"localhost"}},{"Key":"server.port","Value":{"Type":"INT64","Value":34400}},{"Key":"url.scheme","Value":{"Type":"STRING","Value":"http"}}],"StartTime":"2026-01-04T14:34:59.102574885Z","Time":"2026-01-04T14:35:14.099025259Z","Count":1,"Bounds":[0,5,10,25,50,75,100,250,500,750,1000,2500,5000,7500,10000],"BucketCounts":[0,0,0,0,0,0,0,0,0,0,0,1,0,0,0,0],"Min":1318,"Max":1318,"Sum":1318,"Exemplars":[{"FilteredAttributes":null,"Time":"2026-01-04T14:35:10.12187007Z","Value":1318,"SpanID":"dnjXs0vBk2U=","TraceID":"34Vdj5jA5RpKfjWxilmd6w=="}]}],"Temporality":"CumulativeTemporality"}},{"Name":"http.server.request.duration","Description":"Duration of HTTP server requests.","Unit":"s","Data":{"DataPoints":[{"Attributes":[{"Key":"http.request.method","Value":{"Type":"STRING","Value":"POST"}},{"Key":"http.response.status_code","Value":{"Type":"INT64","Value":200}},{"Key":"http.route","Value":{"Type":"STRING","Value":"/api/"}},{"Key":"network.protocol.name","Value":{"Type":"STRING","Value":"http"}},{"Key":"network.protocol.version","Value":{"Type":"STRING","Value":"1.1"}},{"Key":"server.address","Value":{"Type":"STRING","Value":"localhost"}},{"Key":"server.port","Value":{"Type":"INT64","Value":34400}},{"Key":"url.scheme","Value":{"Type":"STRING","Value":"http"}}],"StartTime":"2026-01-04T14:34:59.102583194Z","Time":"2026-01-04T14:35:14.099033945Z","Count":1,"Bounds":[0.005,0.01,0.025,0.05,0.075,0.1,0.25,0.5,0.75,1,2.5,5,7.5,10],"BucketCounts":[1,0,0,0,0,0,0,0,0,0,0,0,0,0,0],"Min":0.000270237,"Max":0.000270237,"Sum":0.000270237,"Exemplars":[{"FilteredAttributes":null,"Time":"2026-01-04T14:35:00.100823751Z","Value":0.000270237,"SpanID":"/4WVA++HxYg=","TraceID":"Td9tVtLVTcz3+PK4egcHyw=="}]},{"Attributes":[{"Key":"http.request.method","Value":{"Type":"STRING","Value":"GET"}},{"Key":"http.response.status_code","Value":{"Type":"INT64","Value":405}},{"Key":"http.route","Value":{"Type":"STRING","Value":"/dav/"}},{"Key":"network.protocol.name","Value":{"Type":"STRING","Value":"http"}},{"Key":"network.protocol.version","Value":{"Type":"STRING","Value":"1.1"}},{"Key":"server.address","Value":{"Type":"STRING","Value":"localhost"}},{"Key":"server.port","Value":{"Type":"INT64","Value":34400}},{"Key":"url.scheme","Value":{"Type":"STRING","Value":"http"}}],"StartTime":"2026-01-04T14:34:59.102583194Z","Time":"2026-01-04T14:35:14.099033945Z","Count":1,"Bounds":[0.005,0.01,0.025,0.05,0.075,0.1,0.25,0.5,0.75,1,2.5,5,7.5,10],"BucketCounts":[1,0,0,0,0,0,0,0,0,0,0,0,0,0,0],"Min":0.000158283,"Max":0.000158283,"Sum":0.000158283,"Exemplars":[{"FilteredAttributes":null,"Time":"2026-01-04T14:35:10.120201339Z","Value":0.000158283,"SpanID":"ONq2Y4Uug+E=","TraceID":"1kFSelktxYrAeqy/k1mOcQ=="}]},{"Attributes":[{"Key":"http.request.method","Value":{"Type":"STRING","Value":"_OTHER"}},{"Key":"http.response.status_code","Value":{"Type":"INT64","Value":207}},{"Key":"http.route","Value":{"Type":"STRING","Value":"/dav/"}},{"Key":"network.protocol.name","Value":{"Type":"STRING","Value":"http"}},{"Key":"network.protocol.version","Value":{"Type":"STRING","Value":"1.1"}},{"Key":"server.address","Value":{"Type":"STRING","Value":"localhost"}},{"Key":"server.port","Value":{"Type":"INT64","Value":34400}},{"Key":"url.scheme","Value":{"Type":"STRING","Value":"http"}}],"StartTime":"2026-01-04T14:34:59.102583194Z","Time":"2026-01-04T14:35:14.099033945Z","Count":1,"Bounds":[0.005,0.01,0.025,0.05,0.075,0.1,0.25,0.5,0.75,1,2.5,5,7.5,10],"BucketCounts":[1,0,0,0,0,0,0,0,0,0,0,0,0,0,0],"Min":0.001155172,"Max":0.001155172,"Sum":0.001155172,"Exemplars":[{"FilteredAttributes":null,"Time":"2026-01-04T14:35:10.121873583Z","Value":0.001155172,"SpanID":"dnjXs0vBk2U=","TraceID":"34Vdj5jA5RpKfjWxilmd6w=="}]},{"Attributes":[{"Key":"http.request.method","Value":{"Type":"STRING","Value":"GET"}},{"Key":"http.response.status_code","Value":{"Type":"INT64","Value":200}},{"Key":"http.route","Value":{"Type":"STRING","Value":"/web/"}},{"Key":"network.protocol.name","Value":{"Type":"STRING","Value":"http"}},{"Key":"network.protocol.version","Value":{"Type":"STRING","Value":"1.1"}},{"Key":"server.address","Value":{"Type":"STRING","Value":"localhost"}},{"Key":"server.port","Value":{"Type":"INT64","Value":34400}},{"Key":"url.scheme","Value":{"Type":"STRING","Value":"http"}}],"StartTime":"2026-01-04T14:34:59.102583194Z","Time":"2026-01-04T14:35:14.099033945Z","Count":1,"Bounds":[0.005,0.01,0.025,0.05,0.075,0.1,0.25,0.5,0.75,1,2.5,5,7.5,10],"BucketCounts":[1,0,0,0,0,0,0,0,0,0,0,0,0,0,0],"Min":0.0009576550000000001,"Max":0.0009576550000000001,"Sum":0.0009576550000000001,"Exemplars":[{"FilteredAttributes":null,"Time":"2026-01-04T14:35:00.091011746Z","Value":0.0009576550000000001,"SpanID":"RWLLeZXf39E=","TraceID":"vBFCVhx8Dsc91zE7v6tTBg=="}]}],"Temporality":"CumulativeTemporality"}}]}]}
{"Resource":[{"Key":"service.name","Value":{"Type":"STRING","Value":"unknown_service:xteve"}},{"Key":"telemetry.sdk.language","Value":{"Type":"STRING","Value":"go"}},{"Key":"telemetry.sdk.name","Value":{"Type":"STRING","Value":"opentelemetry"}},{"Key":"telemetry.sdk.version","Value":{"Type":"STRING","Value":"1.39.0"}}],"ScopeMetrics":[{"Scope":{"Name":"go.opentelemetry.io/contrib/instrumentation/net/http/otelhttp","Version":"0.64.0","SchemaURL":"","Attributes":null},"Metrics":[{"Name":"http.client.request.body.size","Description":"Size of HTTP client request bodies.","Unit":"By","Data":{"DataPoints":[{"Attributes":[{"Key":"http.request.method","Value":{"Type":"STRING","Value":"GET"}},{"Key":"http.response.status_code","Value":{"Type":"INT64","Value":200}},{"Key":"network.protocol.name","Value":{"Type":"STRING","Value":"http"}},{"Key":"network.protocol.version","Value":{"Type":"STRING","Value":"1.1"}},{"Key":"server.address","Value":{"Type":"STRING","Value":"localhost"}},{"Key":"server.port","Value":{"Type":"INT64","Value":8080}},{"Key":"url.scheme","Value":{"Type":"STRING","Value":"http"}}],"StartTime":"2026-01-04T14:34:59.09830608Z","Time":"2026-01-04T14:35:17.099140284Z","Count":2,"Bounds":[0,5,10,25,50,75,100,250,500,750,1000,2500,5000,7500,10000],"BucketCounts":[2,0,0,0,0,0,0,0,0,0,0,0,0,0,0,0],"Min":0,"Max":0,"Sum":0,"Exemplars":[{"FilteredAttributes":null,"Time":"2026-01-04T14:35:10.125685589Z","Value":0,"SpanID":"4X9xeHYp36I=","TraceID":"jY1sibBnMqOo7LvbedhB2w=="}]},{"Attributes":[{"Key":"http.request.method","Value":{"Type":"STRING","Value":"HEAD"}},{"Key":"http.response.status_code","Value":{"Type":"INT64","Value":200}},{"Key":"http.route","Value":{"Type":"STRING","Value":"/dav/"}},{"Key":"network.protocol.name","Value":{"Type":"STRING","Value":"http"}},{"Key":"network.protocol.version","Value":{"Type":"STRING","Value":"1.1"}},{"Key":"server.address","Value":{"Type":"STRING","Value":"localhost"}},{"Key":"server.port","Value":{"Type":"INT64","Value":8080}},{"Key":"url.scheme","Value":{"Type":"STRING","Value":"http"}}],"StartTime":"2026-01-04T14:34:59.09830608Z","Time":"2026-01-04T14:35:17.099140284Z","Count":1,"Bounds":[0,5,10,25,50,75,100,250,500,750,1000,2500,5000,7500,10000],"BucketCounts":[1,0,0,0,0,0,0,0,0,0,0,0,0,0,0,0],"Min":0,"Max":0,"Sum":0,"Exemplars":[{"FilteredAttributes":null,"Time":"2026-01-04T14:35:10.121678885Z","Value":0,"SpanID":"iMZEw0LTSbo=","TraceID":"34Vdj5jA5RpKfjWxilmd6w=="}]}],"Temporality":"CumulativeTemporality"}},{"Name":"http.client.request.duration","Description":"Duration of HTTP client requests.","Unit":"s","Data":{"DataPoints":[{"Attributes":[{"Key":"http.request.method","Value":{"Type":"STRING","Value":"GET"}},{"Key":"http.response.status_code","Value":{"Type":"INT64","Value":200}},{"Key":"network.protocol.name","Value":{"Type":"STRING","Value":"http"}},{"Key":"network.protocol.version","Value":{"Type":"STRING","Value":"1.1"}},{"Key":"server.address","Value":{"Type":"STRING","Value":"localhost"}},{"Key":"server.port","Value":{"Type":"INT64","Value":8080}},{"Key":"url.scheme","Value":{"Type":"STRING","Value":"http"}}],"StartTime":"2026-01-04T14:34:59.098321501Z","Time":"2026-01-04T14:35:17.099178628Z","Count":2,"Bounds":[0.005,0.01,0.025,0.05,0.075,0.1,0.25,0.5,0.75,1,2.5,5,7.5,10],"BucketCounts":[2,0,0,0,0,0,0,0,0,0,0,0,0,0,0],"Min":0.0011447229999999998,"Max":0.001567234,"Sum":0.002711957,"Exemplars":[{"FilteredAttributes":null,"Time":"2026-01-04T14:35:10.125687718Z","Value":0.001567234,"SpanID":"4X9xeHYp36I=","TraceID":"jY1sibBnMqOo7LvbedhB2w=="}]},{"Attributes":[{"Key":"http.request.method","Value":{"Type":"STRING","Value":"HEAD"}},{"Key":"http.response.status_code","Value":{"Type":"INT64","Value":200}},{"Key":"http.route","Value":{"Type":"STRING","Value":"/dav/"}},{"Key":"network.protocol.name","Value":{"Type":"STRING","Value":"http"}},{"Key":"network.protocol.version","Value":{"Type":"STRING","Value":"1.1"}},{"Key":"server.address","Value":{"Type":"STRING","Value":"localhost"}},{"Key":"server.port","Value":{"Type":"INT64","Value":8080}},{"Key":"url.scheme","Value":{"Type":"STRING","Value":"http"}}],"StartTime":"2026-01-04T14:34:59.098321501Z","Time":"2026-01-04T14:35:17.099178628Z","Count":1,"Bounds":[0.005,0.01,0.025,0.05,0.075,0.1,0.25,0.5,0.75,1,2.5,5,7.5,10],"BucketCounts":[1,0,0,0,0,0,0,0,0,0,0,0,0,0,0],"Min":0.000534118,"Max":0.000534118,"Sum":0.000534118,"Exemplars":[{"FilteredAttributes":null,"Time":"2026-01-04T14:35:10.121684173Z","Value":0.000534118,"SpanID":"iMZEw0LTSbo=","TraceID":"34Vdj5jA5RpKfjWxilmd6w=="}]}],"Temporality":"CumulativeTemporality"}},{"Name":"http.server.request.body.size","Description":"Size of HTTP server request bodies.","Unit":"By","Data":{"DataPoints":[{"Attributes":[{"Key":"http.request.method","Value":{"Type":"STRING","Value":"GET"}},{"Key":"http.response.status_code","Value":{"Type":"INT64","Value":200}},{"Key":"http.route","Value":{"Type":"STRING","Value":"/web/"}},{"Key":"network.protocol.name","Value":{"Type":"STRING","Value":"http"}},{"Key":"network.protocol.version","Value":{"Type":"STRING","Value":"1.1"}},{"Key":"server.address","Value":{"Type":"STRING","Value":"localhost"}},{"Key":"server.port","Value":{"Type":"INT64","Value":34400}},{"Key":"url.scheme","Value":{"Type":"STRING","Value":"http"}}],"StartTime":"2026-01-04T14:34:59.102560844Z","Time":"2026-01-04T14:35:17.099187681Z","Count":1,"Bounds":[0,5,10,25,50,75,100,250,500,750,1000,2500,5000,7500,10000],"BucketCounts":[1,0,0,0,0,0,0,0,0,0,0,0,0,0,0,0],"Min":0,"Max":0,"Sum":0,"Exemplars":[{"FilteredAttributes":null,"Time":"2026-01-04T14:35:00.090999452Z","Value":0,"SpanID":"RWLLeZXf39E=","TraceID":"vBFCVhx8Dsc91zE7v6tTBg=="}]},{"Attributes":[{"Key":"http.request.method","Value":{"Type":"STRING","Value":"POST"}},{"Key":"http.response.status_code","Value":{"Type":"INT64","Value":200}},{"Key":"http.route","Value":{"Type":"STRING","Value":"/api/"}},{"Key":"network.protocol.name","Value":{"Type":"STRING","Value":"http"}},{"Key":"network.protocol.version","Value":{"Type":"STRING","Value":"1.1"}},{"Key":"server.address","Value":{"Type":"STRING","Value":"localhost"}},{"Key":"server.port","Value":{"Type":"INT64","Value":34400}},{"Key":"url.scheme","Value":{"Type":"STRING","Value":"http"}}],"StartTime":"2026-01-04T14:34:59.102560844Z","Time":"2026-01-04T14:35:17.099187681Z","Count":1,"Bounds":[0,5,10,25,50,75,100,250,500,750,1000,2500,5000,7500,10000],"BucketCounts":[0,0,0,0,0,1,0,0,0,0,0,0,0,0,0,0],"Min":55,"Max":55,"Sum":55,"Exemplars":[{"FilteredAttributes":null,"Time":"2026-01-04T14:35:00.100781751Z","Value":55,"SpanID":"/4WVA++HxYg=","TraceID":"Td9tVtLVTcz3+PK4egcHyw=="}]},{"Attributes":[{"Key":"http.request.method","Value":{"Type":"STRING","Value":"GET"}},{"Key":"http.response.status_code","Value":{"Type":"INT64","Value":405}},{"Key":"http.route","Value":{"Type":"STRING","Value":"/dav/"}},{"Key":"network.protocol.name","Value":{"Type":"STRING","Value":"http"}},{"Key":"network.protocol.version","Value":{"Type":"STRING","Value":"1.1"}},{"Key":"server.address","Value":{"Type":"STRING","Value":"localhost"}},{"Key":"server.port","Value":{"Type":"INT64","Value":34400}},{"Key":"url.scheme","Value":{"Type":"STRING","Value":"http"}}],"StartTime":"2026-01-04T14:34:59.102560844Z","Time":"2026-01-04T14:35:17.099187681Z","Count":1,"Bounds":[0,5,10,25,50,75,100,250,500,750,1000,2500,5000,7500,10000],"BucketCounts":[1,0,0,0,0,0,0,0,0,0,0,0,0,0,0,0],"Min":0,"Max":0,"Sum":0,"Exemplars":[{"FilteredAttributes":null,"Time":"2026-01-04T14:35:10.120121651Z","Value":0,"SpanID":"ONq2Y4Uug+E=","TraceID":"1kFSelktxYrAeqy/k1mOcQ=="}]},{"Attributes":[{"Key":"http.request.method","Value":{"Type":"STRING","Value":"_OTHER"}},{"Key":"http.response.status_code","Value":{"Type":"INT64","Value":207}},{"Key":"http.route","Value":{"Type":"STRING","Value":"/dav/"}},{"Key":"network.protocol.name","Value":{"Type":"STRING","Value":"http"}},{"Key":"network.protocol.version","Value":{"Type":"STRING","Value":"1.1"}},{"Key":"server.address","Value":{"Type":"STRING","Value":"localhost"}},{"Key":"server.port","Value":{"Type":"INT64","Value":34400}},{"Key":"url.scheme","Value":{"Type":"STRING","Value":"http"}}],"StartTime":"2026-01-04T14:34:59.102560844Z","Time":"2026-01-04T14:35:17.099187681Z","Count":1,"Bounds":[0,5,10,25,50,75,100,250,500,750,1000,2500,5000,7500,10000],"BucketCounts":[1,0,0,0,0,0,0,0,0,0,0,0,0,0,0,0],"Min":0,"Max":0,"Sum":0,"Exemplars":[{"FilteredAttributes":null,"Time":"2026-01-04T14:35:10.121867675Z","Value":0,"SpanID":"dnjXs0vBk2U=","TraceID":"34Vdj5jA5RpKfjWxilmd6w=="}]}],"Temporality":"CumulativeTemporality"}},{"Name":"http.server.response.body.size","Description":"Size of HTTP server response bodies.","Unit":"By","Data":{"DataPoints":[{"Attributes":[{"Key":"http.request.method","Value":{"Type":"STRING","Value":"GET"}},{"Key":"http.response.status_code","Value":{"Type":"INT64","Value":200}},{"Key":"http.route","Value":{"Type":"STRING","Value":"/web/"}},{"Key":"network.protocol.name","Value":{"Type":"STRING","Value":"http"}},{"Key":"network.protocol.version","Value":{"Type":"STRING","Value":"1.1"}},{"Key":"server.address","Value":{"Type":"STRING","Value":"localhost"}},{"Key":"server.port","Value":{"Type":"INT64","Value":34400}},{"Key":"url.scheme","Value":{"Type":"STRING","Value":"http"}}],"StartTime":"2026-01-04T14:34:59.102574885Z","Time":"2026-01-04T14:35:17.099204748Z","Count":1,"Bounds":[0,5,10,25,50,75,100,250,500,750,1000,2500,5000,7500,10000],"BucketCounts":[0,0,0,0,0,0,0,0,0,0,0,1,0,0,0,0],"Min":1920,"Max":1920,"Sum":1920,"Exemplars":[{"FilteredAttributes":null,"Time":"2026-01-04T14:35:00.091005829Z","Value":1920,"SpanID":"RWLLeZXf39E=","TraceID":"vBFCVhx8Dsc91zE7v6tTBg=="}]},{"Attributes":[{"Key":"http.request.method","Value":{"Type":"STRING","Value":"POST"}},{"Key":"http.response.status_code","Value":{"Type":"INT64","Value":200}},{"Key":"http.route","Value":{"Type":"STRING","Value":"/api/"}},{"Key":"network.protocol.name","Value":{"Type":"STRING","Value":"http"}},{"Key":"network.protocol.version","Value":{"Type":"STRING","Value":"1.1"}},{"Key":"server.address","Value":{"Type":"STRING","Value":"localhost"}},{"Key":"server.port","Value":{"Type":"INT64","Value":34400}},{"Key":"url.scheme","Value":{"Type":"STRING","Value":"http"}}],"StartTime":"2026-01-04T14:34:59.102574885Z","Time":"2026-01-04T14:35:17.099204748Z","Count":1,"Bounds":[0,5,10,25,50,75,100,250,500,750,1000,2500,5000,7500,10000],"BucketCounts":[0,0,0,0,0,0,0,0,1,0,0,0,0,0,0,0],"Min":374,"Max":374,"Sum":374,"Exemplars":[{"FilteredAttributes":null,"Time":"2026-01-04T14:35:00.100790609Z","Value":374,"SpanID":"/4WVA++HxYg=","TraceID":"Td9tVtLVTcz3+PK4egcHyw=="}]},{"Attributes":[{"Key":"http.request.method","Value":{"Type":"STRING","Value":"GET"}},{"Key":"http.response.status_code","Value":{"Type":"INT64","Value":405}},{"Key":"http.route","Value":{"Type":"STRING","Value":"/dav/"}},{"Key":"network.protocol.name","Value":{"Type":"STRING","Value":"http"}},{"Key":"network.protocol.version","Value":{"Type":"STRING","Value":"1.1"}},{"Key":"server.address","Value":{"Type":"STRING","Value":"localhost"}},{"Key":"server.port","Value":{"Type":"INT64","Value":34400}},{"Key":"url.scheme","Value":{"Type":"STRING","Value":"http"}}],"StartTime":"2026-01-04T14:34:59.102574885Z","Time":"2026-01-04T14:35:17.099204748Z","Count":1,"Bounds":[0,5,10,25,50,75,100,250,500,750,1000,2500,5000,7500,10000],"BucketCounts":[0,0,0,1,0,0,0,0,0,0,0,0,0,0,0,0],"Min":18,"Max":18,"Sum":18,"Exemplars":[{"FilteredAttributes":null,"Time":"2026-01-04T14:35:10.120195825Z","Value":18,"SpanID":"ONq2Y4Uug+E=","TraceID":"1kFSelktxYrAeqy/k1mOcQ=="}]},{"Attributes":[{"Key":"http.request.method","Value":{"Type":"STRING","Value":"_OTHER"}},{"Key":"http.response.status_code","Value":{"Type":"INT64","Value":207}},{"Key":"http.route","Value":{"Type":"STRING","Value":"/dav/"}},{"Key":"network.protocol.name","Value":{"Type":"STRING","Value":"http"}},{"Key":"network.protocol.version","Value":{"Type":"STRING","Value":"1.1"}},{"Key":"server.address","Value":{"Type":"STRING","Value":"localhost"}},{"Key":"server.port","Value":{"Type":"INT64","Value":34400}},{"Key":"url.scheme","Value":{"Type":"STRING","Value":"http"}}],"StartTime":"2026-01-04T14:34:59.102574885Z","Time":"2026-01-04T14:35:17.099204748Z","Count":1,"Bounds":[0,5,10,25,50,75,100,250,500,750,1000,2500,5000,7500,10000],"BucketCounts":[0,0,0,0,0,0,0,0,0,0,0,1,0,0,0,0],"Min":1318,"Max":1318,"Sum":1318,"Exemplars":[{"FilteredAttributes":null,"Time":"2026-01-04T14:35:10.12187007Z","Value":1318,"SpanID":"dnjXs0vBk2U=","TraceID":"34Vdj5jA5RpKfjWxilmd6w=="}]}],"Temporality":"CumulativeTemporality"}},{"Name":"http.server.request.duration","Description":"Duration of HTTP server requests.","Unit":"s","Data":{"DataPoints":[{"Attributes":[{"Key":"http.request.method","Value":{"Type":"STRING","Value":"POST"}},{"Key":"http.response.status_code","Value":{"Type":"INT64","Value":200}},{"Key":"http.route","Value":{"Type":"STRING","Value":"/api/"}},{"Key":"network.protocol.name","Value":{"Type":"STRING","Value":"http"}},{"Key":"network.protocol.version","Value":{"Type":"STRING","Value":"1.1"}},{"Key":"server.address","Value":{"Type":"STRING","Value":"localhost"}},{"Key":"server.port","Value":{"Type":"INT64","Value":34400}},{"Key":"url.scheme","Value":{"Type":"STRING","Value":"http"}}],"StartTime":"2026-01-04T14:34:59.102583194Z","Time":"2026-01-04T14:35:17.09921627Z","Count":1,"Bounds":[0.005,0.01,0.025,0.05,0.075,0.1,0.25,0.5,0.75,1,2.5,5,7.5,10],"BucketCounts":[1,0,0,0,0,0,0,0,0,0,0,0,0,0,0],"Min":0.000270237,"Max":0.000270237,"Sum":0.000270237,"Exemplars":[{"FilteredAttributes":null,"Time":"2026-01-04T14:35:00.100823751Z","Value":0.000270237,"SpanID":"/4WVA++HxYg=","TraceID":"Td9tVtLVTcz3+PK4egcHyw=="}]},{"Attributes":[{"Key":"http.request.method","Value":{"Type":"STRING","Value":"GET"}},{"Key":"http.response.status_code","Value":{"Type":"INT64","Value":405}},{"Key":"http.route","Value":{"Type":"STRING","Value":"/dav/"}},{"Key":"network.protocol.name","Value":{"Type":"STRING","Value":"http"}},{"Key":"network.protocol.version","Value":{"Type":"STRING","Value":"1.1"}},{"Key":"server.address","Value":{"Type":"STRING","Value":"localhost"}},{"Key":"server.port","Value":{"Type":"INT64","Value":34400}},{"Key":"url.scheme","Value":{"Type":"STRING","Value":"http"}}],"StartTime":"2026-01-04T14:34:59.102583194Z","Time":"2026-01-04T14:35:17.09921627Z","Count":1,"Bounds":[0.005,0.01,0.025,0.05,0.075,0.1,0.25,0.5,0.75,1,2.5,5,7.5,10],"BucketCounts":[1,0,0,0,0,0,0,0,0,0,0,0,0,0,0],"Min":0.000158283,"Max":0.000158283,"Sum":0.000158283,"Exemplars":[{"FilteredAttributes":null,"Time":"2026-01-04T14:35:10.120201339Z","Value":0.000158283,"SpanID":"ONq2Y4Uug+E=","TraceID":"1kFSelktxYrAeqy/k1mOcQ=="}]},{"Attributes":[{"Key":"http.request.method","Value":{"Type":"STRING","Value":"_OTHER"}},{"Key":"http.response.status_code","Value":{"Type":"INT64","Value":207}},{"Key":"http.route","Value":{"Type":"STRING","Value":"/dav/"}},{"Key":"network.protocol.name","Value":{"Type":"STRING","Value":"http"}},{"Key":"network.protocol.version","Value":{"Type":"STRING","Value":"1.1"}},{"Key":"server.address","Value":{"Type":"STRING","Value":"localhost"}},{"Key":"server.port","Value":{"Type":"INT64","Value":34400}},{"Key":"url.scheme","Value":{"Type":"STRING","Value":"http"}}],"StartTime":"2026-01-04T14:34:59.102583194Z","Time":"2026-01-04T14:35:17.09921627Z","Count":1,"Bounds":[0.005,0.01,0.025,0.05,0.075,0.1,0.25,0.5,0.75,1,2.5,5,7.5,10],"BucketCounts":[1,0,0,0,0,0,0,0,0,0,0,0,0,0,0],"Min":0.001155172,"Max":0.001155172,"Sum":0.001155172,"Exemplars":[{"FilteredAttributes":null,"Time":"2026-01-04T14:35:10.121873583Z","Value":0.001155172,"SpanID":"dnjXs0vBk2U=","TraceID":"34Vdj5jA5RpKfjWxilmd6w=="}]},{"Attributes":[{"Key":"http.request.method","Value":{"Type":"STRING","Value":"GET"}},{"Key":"http.response.status_code","Value":{"Type":"INT64","Value":200}},{"Key":"http.route","Value":{"Type":"STRING","Value":"/web/"}},{"Key":"network.protocol.name","Value":{"Type":"STRING","Value":"http"}},{"Key":"network.protocol.version","Value":{"Type":"STRING","Value":"1.1"}},{"Key":"server.address","Value":{"Type":"STRING","Value":"localhost"}},{"Key":"server.port","Value":{"Type":"INT64","Value":34400}},{"Key":"url.scheme","Value":{"Type":"STRING","Value":"http"}}],"StartTime":"2026-01-04T14:34:59.102583194Z","Time":"2026-01-04T14:35:17.09921627Z","Count":1,"Bounds":[0.005,0.01,0.025,0.05,0.075,0.1,0.25,0.5,0.75,1,2.5,5,7.5,10],"BucketCounts":[1,0,0,0,0,0,0,0,0,0,0,0,0,0,0],"Min":0.0009576550000000001,"Max":0.0009576550000000001,"Sum":0.0009576550000000001,"Exemplars":[{"FilteredAttributes":null,"Time":"2026-01-04T14:35:00.091011746Z","Value":0.0009576550000000001,"SpanID":"RWLLeZXf39E=","TraceID":"vBFCVhx8Dsc91zE7v6tTBg=="}]}],"Temporality":"CumulativeTemporality"}}]}]}
{"Resource":[{"Key":"service.name","Value":{"Type":"STRING","Value":"unknown_service:xteve"}},{"Key":"telemetry.sdk.language","Value":{"Type":"STRING","Value":"go"}},{"Key":"telemetry.sdk.name","Value":{"Type":"STRING","Value":"opentelemetry"}},{"Key":"telemetry.sdk.version","Value":{"Type":"STRING","Value":"1.39.0"}}],"ScopeMetrics":[{"Scope":{"Name":"go.opentelemetry.io/contrib/instrumentation/net/http/otelhttp","Version":"0.64.0","SchemaURL":"","Attributes":null},"Metrics":[{"Name":"http.client.request.body.size","Description":"Size of HTTP client request bodies.","Unit":"By","Data":{"DataPoints":[{"Attributes":[{"Key":"http.request.method","Value":{"Type":"STRING","Value":"GET"}},{"Key":"http.response.status_code","Value":{"Type":"INT64","Value":200}},{"Key":"network.protocol.name","Value":{"Type":"STRING","Value":"http"}},{"Key":"network.protocol.version","Value":{"Type":"STRING","Value":"1.1"}},{"Key":"server.address","Value":{"Type":"STRING","Value":"localhost"}},{"Key":"server.port","Value":{"Type":"INT64","Value":8080}},{"Key":"url.scheme","Value":{"Type":"STRING","Value":"http"}}],"StartTime":"2026-01-04T14:34:59.09830608Z","Time":"2026-01-04T14:35:20.09887178Z","Count":2,"Bounds":[0,5,10,25,50,75,100,250,500,750,1000,2500,5000,7500,10000],"BucketCounts":[2,0,0,0,0,0,0,0,0,0,0,0,0,0,0,0],"Min":0,"Max":0,"Sum":0,"Exemplars":[{"FilteredAttributes":null,"Time":"2026-01-04T14:35:10.125685589Z","Value":0,"SpanID":"4X9xeHYp36I=","TraceID":"jY1sibBnMqOo7LvbedhB2w=="}]},{"Attributes":[{"Key":"http.request.method","Value":{"Type":"STRING","Value":"HEAD"}},{"Key":"http.response.status_code","Value":{"Type":"INT64","Value":200}},{"Key":"http.route","Value":{"Type":"STRING","Value":"/dav/"}},{"Key":"network.protocol.name","Value":{"Type":"STRING","Value":"http"}},{"Key":"network.protocol.version","Value":{"Type":"STRING","Value":"1.1"}},{"Key":"server.address","Value":{"Type":"STRING","Value":"localhost"}},{"Key":"server.port","Value":{"Type":"INT64","Value":8080}},{"Key":"url.scheme","Value":{"Type":"STRING","Value":"http"}}],"StartTime":"2026-01-04T14:34:59.09830608Z","Time":"2026-01-04T14:35:20.09887178Z","Count":1,"Bounds":[0,5,10,25,50,75,100,250,500,750,1000,2500,5000,7500,10000],"BucketCounts":[1,0,0,0,0,0,0,0,0,0,0,0,0,0,0,0],"Min":0,"Max":0,"Sum":0,"Exemplars":[{"FilteredAttributes":null,"Time":"2026-01-04T14:35:10.121678885Z","Value":0,"SpanID":"iMZEw0LTSbo=","TraceID":"34Vdj5jA5RpKfjWxilmd6w=="}]}],"Temporality":"CumulativeTemporality"}},{"Name":"http.client.request.duration","Description":"Duration of HTTP client requests.","Unit":"s","Data":{"DataPoints":[{"Attributes":[{"Key":"http.request.method","Value":{"Type":"STRING","Value":"GET"}},{"Key":"http.response.status_code","Value":{"Type":"INT64","Value":200}},{"Key":"network.protocol.name","Value":{"Type":"STRING","Value":"http"}},{"Key":"network.protocol.version","Value":{"Type":"STRING","Value":"1.1"}},{"Key":"server.address","Value":{"Type":"STRING","Value":"localhost"}},{"Key":"server.port","Value":{"Type":"INT64","Value":8080}},{"Key":"url.scheme","Value":{"Type":"STRING","Value":"http"}}],"StartTime":"2026-01-04T14:34:59.098321501Z","Time":"2026-01-04T14:35:20.098911933Z","Count":2,"Bounds":[0.005,0.01,0.025,0.05,0.075,0.1,0.25,0.5,0.75,1,2.5,5,7.5,10],"BucketCounts":[2,0,0,0,0,0,0,0,0,0,0,0,0,0,0],"Min":0.0011447229999999998,"Max":0.001567234,"Sum":0.002711957,"Exemplars":[{"FilteredAttributes":null,"Time":"2026-01-04T14:35:10.125687718Z","Value":0.001567234,"SpanID":"4X9xeHYp36I=","TraceID":"jY1sibBnMqOo7LvbedhB2w=="}]},{"Attributes":[{"Key":"http.request.method","Value":{"Type":"STRING","Value":"HEAD"}},{"Key":"http.response.status_code","Value":{"Type":"INT64","Value":200}},{"Key":"http.route","Value":{"Type":"STRING","Value":"/dav/"}},{"Key":"network.protocol.name","Value":{"Type":"STRING","Value":"http"}},{"Key":"network.protocol.version","Value":{"Type":"STRING","Value":"1.1"}},{"Key":"server.address","Value":{"Type":"STRING","Value":"localhost"}},{"Key":"server.port","Value":{"Type":"INT64","Value":8080}},{"Key":"url.scheme","Value":{"Type":"STRING","Value":"http"}}],"StartTime":"2026-01-04T14:34:59.098321501Z","Time":"2026-01-04T14:35:20.098911933Z","Count":1,"Bounds":[0.005,0.01,0.025,0.05,0.075,0.1,0.25,0.5,0.75,1,2.5,5,7.5,10],"BucketCounts":[1,0,0,0,0,0,0,0,0,0,0,0,0,0,0],"Min":0.000534118,"Max":0.000534118,"Sum":0.000534118,"Exemplars":[{"FilteredAttributes":null,"Time":"2026-01-04T14:35:10.121684173Z","Value":0.000534118,"SpanID":"iMZEw0LTSbo=","TraceID":"34Vdj5jA5RpKfjWxilmd6w=="}]}],"Temporality":"CumulativeTemporality"}},{"Name":"http.server.request.body.size","Description":"Size of HTTP server request bodies.","Unit":"By","Data":{"DataPoints":[{"Attributes":[{"Key":"http.request.method","Value":{"Type":"STRING","Value":"_OTHER"}},{"Key":"http.response.status_code","Value":{"Type":"INT64","Value":207}},{"Key":"http.route","Value":{"Type":"STRING","Value":"/dav/"}},{"Key":"network.protocol.name","Value":{"Type":"STRING","Value":"http"}},{"Key":"network.protocol.version","Value":{"Type":"STRING","Value":"1.1"}},{"Key":"server.address","Value":{"Type":"STRING","Value":"localhost"}},{"Key":"server.port","Value":{"Type":"INT64","Value":34400}},{"Key":"url.scheme","Value":{"Type":"STRING","Value":"http"}}],"StartTime":"2026-01-04T14:34:59.102560844Z","Time":"2026-01-04T14:35:20.098917611Z","Count":1,"Bounds":[0,5,10,25,50,75,100,250,500,750,1000,2500,5000,7500,10000],"BucketCounts":[1,0,0,0,0,0,0,0,0,0,0,0,0,0,0,0],"Min":0,"Max":0,"Sum":0,"Exemplars":[{"FilteredAttributes":null,"Time":"2026-01-04T14:35:10.121867675Z","Value":0,"SpanID":"dnjXs0vBk2U=","TraceID":"34Vdj5jA5RpKfjWxilmd6w=="}]},{"Attributes":[{"Key":"http.request.method","Value":{"Type":"STRING","Value":"GET"}},{"Key":"http.response.status_code","Value":{"Type":"INT64","Value":200}},{"Key":"http.route","Value":{"Type":"STRING","Value":"/web/"}},{"Key":"network.protocol.name","Value":{"Type":"STRING","Value":"http"}},{"Key":"network.protocol.version","Value":{"Type":"STRING","Value":"1.1"}},{"Key":"server.address","Value":{"Type":"STRING","Value":"localhost"}},{"Key":"server.port","Value":{"Type":"INT64","Value":34400}},{"Key":"url.scheme","Value":{"Type":"STRING","Value":"http"}}],"StartTime":"2026-01-04T14:34:59.102560844Z","Time":"2026-01-04T14:35:20.098917611Z","Count":1,"Bounds":[0,5,10,25,50,75,100,250,500,750,1000,2500,5000,7500,10000],"BucketCounts":[1,0,0,0,0,0,0,0,0,0,0,0,0,0,0,0],"Min":0,"Max":0,"Sum":0,"Exemplars":[{"FilteredAttributes":null,"Time":"2026-01-04T14:35:00.090999452Z","Value":0,"SpanID":"RWLLeZXf39E=","TraceID":"vBFCVhx8Dsc91zE7v6tTBg=="}]},{"Attributes":[{"Key":"http.request.method","Value":{"Type":"STRING","Value":"POST"}},{"Key":"http.response.status_code","Value":{"Type":"INT64","Value":200}},{"Key":"http.route","Value":{"Type":"STRING","Value":"/api/"}},{"Key":"network.protocol.name","Value":{"Type":"STRING","Value":"http"}},{"Key":"network.protocol.version","Value":{"Type":"STRING","Value":"1.1"}},{"Key":"server.address","Value":{"Type":"STRING","Value":"localhost"}},{"Key":"server.port","Value":{"Type":"INT64","Value":34400}},{"Key":"url.scheme","Value":{"Type":"STRING","Value":"http"}}],"StartTime":"2026-01-04T14:34:59.102560844Z","Time":"2026-01-04T14:35:20.098917611Z","Count":1,"Bounds":[0,5,10,25,50,75,100,250,500,750,1000,2500,5000,7500,10000],"BucketCounts":[0,0,0,0,0,1,0,0,0,0,0,0,0,0,0,0],"Min":55,"Max":55,"Sum":55,"Exemplars":[{"FilteredAttributes":null,"Time":"2026-01-04T14:35:00.100781751Z","Value":55,"SpanID":"/4WVA++HxYg=","TraceID":"Td9tVtLVTcz3+PK4egcHyw=="}]},{"Attributes":[{"Key":"http.request.method","Value":{"Type":"STRING","Value":"GET"}},{"Key":"http.response.status_code","Value":{"Type":"INT64","Value":405}},{"Key":"http.route","Value":{"Type":"STRING","Value":"/dav/"}},{"Key":"network.protocol.name","Value":{"Type":"STRING","Value":"http"}},{"Key":"network.protocol.version","Value":{"Type":"STRING","Value":"1.1"}},{"Key":"server.address","Value":{"Type":"STRING","Value":"localhost"}},{"Key":"server.port","Value":{"Type":"INT64","Value":34400}},{"Key":"url.scheme","Value":{"Type":"STRING","Value":"http"}}],"StartTime":"2026-01-04T14:34:59.102560844Z","Time":"2026-01-04T14:35:20.098917611Z","Count":1,"Bounds":[0,5,10,25,50,75,100,250,500,750,1000,2500,5000,7500,10000],"BucketCounts":[1,0,0,0,0,0,0,0,0,0,0,0,0,0,0,0],"Min":0,"Max":0,"Sum":0,"Exemplars":[{"FilteredAttributes":null,"Time":"2026-01-04T14:35:10.120121651Z","Value":0,"SpanID":"ONq2Y4Uug+E=","TraceID":"1kFSelktxYrAeqy/k1mOcQ=="}]}],"Temporality":"CumulativeTemporality"}},{"Name":"http.server.response.body.size","Description":"Size of HTTP server response bodies.","Unit":"By","Data":{"DataPoints":[{"Attributes":[{"Key":"http.request.method","Value":{"Type":"STRING","Value":"GET"}},{"Key":"http.response.status_code","Value":{"Type":"INT64","Value":200}},{"Key":"http.route","Value":{"Type":"STRING","Value":"/web/"}},{"Key":"network.protocol.name","Value":{"Type":"STRING","Value":"http"}},{"Key":"network.protocol.version","Value":{"Type":"STRING","Value":"1.1"}},{"Key":"server.address","Value":{"Type":"STRING","Value":"localhost"}},{"Key":"server.port","Value":{"Type":"INT64","Value":34400}},{"Key":"url.scheme","Value":{"Type":"STRING","Value":"http"}}],"StartTime":"2026-01-04T14:34:59.102574885Z","Time":"2026-01-04T14:35:20.098925127Z","Count":1,"Bounds":[0,5,10,25,50,75,100,250,500,750,1000,2500,5000,7500,10000],"BucketCounts":[0,0,0,0,0,0,0,0,0,0,0,1,0,0,0,0],"Min":1920,"Max":1920,"Sum":1920,"Exemplars":[{"FilteredAttributes":null,"Time":"2026-01-04T14:35:00.091005829Z","Value":1920,"SpanID":"RWLLeZXf39E=","TraceID":"vBFCVhx8Dsc91zE7v6tTBg=="}]},{"Attributes":[{"Key":"http.request.method","Value":{"Type":"STRING","Value":"POST"}},{"Key":"http.response.status_code","Value":{"Type":"INT64","Value":200}},{"Key":"http.route","Value":{"Type":"STRING","Value":"/api/"}},{"Key":"network.protocol.name","Value":{"Type":"STRING","Value":"http"}},{"Key":"network.protocol.version","Value":{"Type":"STRING","Value":"1.1"}},{"Key":"server.address","Value":{"Type":"STRING","Value":"localhost"}},{"Key":"server.port","Value":{"Type":"INT64","Value":34400}},{"Key":"url.scheme","Value":{"Type":"STRING","Value":"http"}}],"StartTime":"2026-01-04T14:34:59.102574885Z","Time":"2026-01-04T14:35:20.098925127Z","Count":1,"Bounds":[0,5,10,25,50,75,100,250,500,750,1000,2500,5000,7500,10000],"BucketCounts":[0,0,0,0,0,0,0,0,1,0,0,0,0,0,0,0],"Min":374,"Max":374,"Sum":374,"Exemplars":[{"FilteredAttributes":null,"Time":"2026-01-04T14:35:00.100790609Z","Value":374,"SpanID":"/4WVA++HxYg=","TraceID":"Td9tVtLVTcz3+PK4egcHyw=="}]},{"Attributes":[{"Key":"http.request.method","Value":{"Type":"STRING","Value":"GET"}},{"Key":"http.response.status_code","Value":{"Type":"INT64","Value":405}},{"Key":"http.route","Value":{"Type":"STRING","Value":"/dav/"}},{"Key":"network.protocol.name","Value":{"Type":"STRING","Value":"http"}},{"Key":"network.protocol.version","Value":{"Type":"STRING","Value":"1.1"}},{"Key":"server.address","Value":{"Type":"STRING","Value":"localhost"}},{"Key":"server.port","Value":{"Type":"INT64","Value":34400}},{"Key":"url.scheme","Value":{"Type":"STRING","Value":"http"}}],"StartTime":"2026-01-04T14:34:59.102574885Z","Time":"2026-01-04T14:35:20.098925127Z","Count":1,"Bounds":[0,5,10,25,50,75,100,250,500,750,1000,2500,5000,7500,10000],"BucketCounts":[0,0,0,1,0,0,0,0,0,0,0,0,0,0,0,0],"Min":18,"Max":18,"Sum":18,"Exemplars":[{"FilteredAttributes":null,"Time":"2026-01-04T14:35:10.120195825Z","Value":18,"SpanID":"ONq2Y4Uug+E=","TraceID":"1kFSelktxYrAeqy/k1mOcQ=="}]},{"Attributes":[{"Key":"http.request.method","Value":{"Type":"STRING","Value":"_OTHER"}},{"Key":"http.response.status_code","Value":{"Type":"INT64","Value":207}},{"Key":"http.route","Value":{"Type":"STRING","Value":"/dav/"}},{"Key":"network.protocol.name","Value":{"Type":"STRING","Value":"http"}},{"Key":"network.protocol.version","Value":{"Type":"STRING","Value":"1.1"}},{"Key":"server.address","Value":{"Type":"STRING","Value":"localhost"}},{"Key":"server.port","Value":{"Type":"INT64","Value":34400}},{"Key":"url.scheme","Value":{"Type":"STRING","Value":"http"}}],"StartTime":"2026-01-04T14:34:59.102574885Z","Time":"2026-01-04T14:35:20.098925127Z","Count":1,"Bounds":[0,5,10,25,50,75,100,250,500,750,1000,2500,5000,7500,10000],"BucketCounts":[0,0,0,0,0,0,0,0,0,0,0,1,0,0,0,0],"Min":1318,"Max":1318,"Sum":1318,"Exemplars":[{"FilteredAttributes":null,"Time":"2026-01-04T14:35:10.12187007Z","Value":1318,"SpanID":"dnjXs0vBk2U=","TraceID":"34Vdj5jA5RpKfjWxilmd6w=="}]}],"Temporality":"CumulativeTemporality"}},{"Name":"http.server.request.duration","Description":"Duration of HTTP server requests.","Unit":"s","Data":{"DataPoints":[{"Attributes":[{"Key":"http.request.method","Value":{"Type":"STRING","Value":"GET"}},{"Key":"http.response.status_code","Value":{"Type":"INT64","Value":200}},{"Key":"http.route","Value":{"Type":"STRING","Value":"/web/"}},{"Key":"network.protocol.name","Value":{"Type":"STRING","Value":"http"}},{"Key":"network.protocol.version","Value":{"Type":"STRING","Value":"1.1"}},{"Key":"server.address","Value":{"Type":"STRING","Value":"localhost"}},{"Key":"server.port","Value":{"Type":"INT64","Value":34400}},{"Key":"url.scheme","Value":{"Type":"STRING","Value":"http"}}],"StartTime":"2026-01-04T14:34:59.102583194Z","Time":"2026-01-04T14:35:20.098929276Z","Count":1,"Bounds":[0.005,0.01,0.025,0.05,0.075,0.1,0.25,0.5,0.75,1,2.5,5,7.5,10],"BucketCounts":[1,0,0,0,0,0,0,0,0,0,0,0,0,0,0],"Min":0.0009576550000000001,"Max":0.0009576550000000001,"Sum":0.0009576550000000001,"Exemplars":[{"FilteredAttributes":null,"Time":"2026-01-04T14:35:00.091011746Z","Value":0.0009576550000000001,"SpanID":"RWLLeZXf39E=","TraceID":"vBFCVhx8Dsc91zE7v6tTBg=="}]},{"Attributes":[{"Key":"http.request.method","Value":{"Type":"STRING","Value":"POST"}},{"Key":"http.response.status_code","Value":{"Type":"INT64","Value":200}},{"Key":"http.route","Value":{"Type":"STRING","Value":"/api/"}},{"Key":"network.protocol.name","Value":{"Type":"STRING","Value":"http"}},{"Key":"network.protocol.version","Value":{"Type":"STRING","Value":"1.1"}},{"Key":"server.address","Value":{"Type":"STRING","Value":"localhost"}},{"Key":"server.port","Value":{"Type":"INT64","Value":34400}},{"Key":"url.scheme","Value":{"Type":"STRING","Value":"http"}}],"StartTime":"2026-01-04T14:34:59.102583194Z","Time":"2026-01-04T14:35:20.098929276Z","Count":1,"Bounds":[0.005,0.01,0.025,0.05,0.075,0.1,0.25,0.5,0.75,1,2.5,5,7.5,10],"BucketCounts":[1,0,0,0,0,0,0,0,0,0,0,0,0,0,0],"Min":0.000270237,"Max":0.000270237,"Sum":0.000270237,"Exemplars":[{"FilteredAttributes":null,"Time":"2026-01-04T14:35:00.100823751Z","Value":0.000270237,"SpanID":"/4WVA++HxYg=","TraceID":"Td9tVtLVTcz3+PK4egcHyw=="}]},{"Attributes":[{"Key":"http.request.method","Value":{"Type":"STRING","Value":"GET"}},{"Key":"http.response.status_code","Value":{"Type":"INT64","Value":405}},{"Key":"http.route","Value":{"Type":"STRING","Value":"/dav/"}},{"Key":"network.protocol.name","Value":{"Type":"STRING","Value":"http"}},{"Key":"network.protocol.version","Value":{"Type":"STRING","Value":"1.1"}},{"Key":"server.address","Value":{"Type":"STRING","Value":"localhost"}},{"Key":"server.port","Value":{"Type":"INT64","Value":34400}},{"Key":"url.scheme","Value":{"Type":"STRING","Value":"http"}}],"StartTime":"2026-01-04T14:34:59.102583194Z","Time":"2026-01-04T14:35:20.098929276Z","Count":1,"Bounds":[0.005,0.01,0.025,0.05,0.075,0.1,0.25,0.5,0.75,1,2.5,5,7.5,10],"BucketCounts":[1,0,0,0,0,0,0,0,0,0,0,0,0,0,0],"Min":0.000158283,"Max":0.000158283,"Sum":0.000158283,"Exemplars":[{"FilteredAttributes":null,"Time":"2026-01-04T14:35:10.120201339Z","Value":0.000158283,"SpanID":"ONq2Y4Uug+E=","TraceID":"1kFSelktxYrAeqy/k1mOcQ=="}]},{"Attributes":[{"Key":"http.request.method","Value":{"Type":"STRING","Value":"_OTHER"}},{"Key":"http.response.status_code","Value":{"Type":"INT64","Value":207}},{"Key":"http.route","Value":{"Type":"STRING","Value":"/dav/"}},{"Key":"network.protocol.name","Value":{"Type":"STRING","Value":"http"}},{"Key":"network.protocol.version","Value":{"Type":"STRING","Value":"1.1"}},{"Key":"server.address","Value":{"Type":"STRING","Value":"localhost"}},{"Key":"server.port","Value":{"Type":"INT64","Value":34400}},{"Key":"url.scheme","Value":{"Type":"STRING","Value":"http"}}],"StartTime":"2026-01-04T14:34:59.102583194Z","Time":"2026-01-04T14:35:20.098929276Z","Count":1,"Bounds":[0.005,0.01,0.025,0.05,0.075,0.1,0.25,0.5,0.75,1,2.5,5,7.5,10],"BucketCounts":[1,0,0,0,0,0,0,0,0,0,0,0,0,0,0],"Min":0.001155172,"Max":0.001155172,"Sum":0.001155172,"Exemplars":[{"FilteredAttributes":null,"Time":"2026-01-04T14:35:10.121873583Z","Value":0.001155172,"SpanID":"dnjXs0vBk2U=","TraceID":"34Vdj5jA5RpKfjWxilmd6w=="}]}],"Temporality":"CumulativeTemporality"}}]}]}
{"Resource":[{"Key":"service.name","Value":{"Type":"STRING","Value":"unknown_service:xteve"}},{"Key":"telemetry.sdk.language","Value":{"Type":"STRING","Value":"go"}},{"Key":"telemetry.sdk.name","Value":{"Type":"STRING","Value":"opentelemetry"}},{"Key":"telemetry.sdk.version","Value":{"Type":"STRING","Value":"1.39.0"}}],"ScopeMetrics":[{"Scope":{"Name":"go.opentelemetry.io/contrib/instrumentation/net/http/otelhttp","Version":"0.64.0","SchemaURL":"","Attributes":null},"Metrics":[{"Name":"http.client.request.body.size","Description":"Size of HTTP client request bodies.","Unit":"By","Data":{"DataPoints":[{"Attributes":[{"Key":"http.request.method","Value":{"Type":"STRING","Value":"GET"}},{"Key":"http.response.status_code","Value":{"Type":"INT64","Value":200}},{"Key":"network.protocol.name","Value":{"Type":"STRING","Value":"http"}},{"Key":"network.protocol.version","Value":{"Type":"STRING","Value":"1.1"}},{"Key":"server.address","Value":{"Type":"STRING","Value":"localhost"}},{"Key":"server.port","Value":{"Type":"INT64","Value":8080}},{"Key":"url.scheme","Value":{"Type":"STRING","Value":"http"}}],"StartTime":"2026-01-04T14:34:59.09830608Z","Time":"2026-01-04T14:35:23.098667014Z","Count":2,"Bounds":[0,5,10,25,50,75,100,250,500,750,1000,2500,5000,7500,10000],"BucketCounts":[2,0,0,0,0,0,0,0,0,0,0,0,0,0,0,0],"Min":0,"Max":0,"Sum":0,"Exemplars":[{"FilteredAttributes":null,"Time":"2026-01-04T14:35:10.125685589Z","Value":0,"SpanID":"4X9xeHYp36I=","TraceID":"jY1sibBnMqOo7LvbedhB2w=="}]},{"Attributes":[{"Key":"http.request.method","Value":{"Type":"STRING","Value":"HEAD"}},{"Key":"http.response.status_code","Value":{"Type":"INT64","Value":200}},{"Key":"http.route","Value":{"Type":"STRING","Value":"/dav/"}},{"Key":"network.protocol.name","Value":{"Type":"STRING","Value":"http"}},{"Key":"network.protocol.version","Value":{"Type":"STRING","Value":"1.1"}},{"Key":"server.address","Value":{"Type":"STRING","Value":"localhost"}},{"Key":"server.port","Value":{"Type":"INT64","Value":8080}},{"Key":"url.scheme","Value":{"Type":"STRING","Value":"http"}}],"StartTime":"2026-01-04T14:34:59.09830608Z","Time":"2026-01-04T14:35:23.098667014Z","Count":1,"Bounds":[0,5,10,25,50,75,100,250,500,750,1000,2500,5000,7500,10000],"BucketCounts":[1,0,0,0,0,0,0,0,0,0,0,0,0,0,0,0],"Min":0,"Max":0,"Sum":0,"Exemplars":[{"FilteredAttributes":null,"Time":"2026-01-04T14:35:10.121678885Z","Value":0,"SpanID":"iMZEw0LTSbo=","TraceID":"34Vdj5jA5RpKfjWxilmd6w=="}]},{"Attributes":[{"Key":"http.request.method","Value":{"Type":"STRING","Value":"GET"}},{"Key":"http.response.status_code","Value":{"Type":"INT64","Value":200}},{"Key":"http.route","Value":{"Type":"STRING","Value":"/dav/"}},{"Key":"network.protocol.name","Value":{"Type":"STRING","Value":"http"}},{"Key":"network.protocol.version","Value":{"Type":"STRING","Value":"1.1"}},{"Key":"server.address","Value":{"Type":"STRING","Value":"localhost"}},{"Key":"server.port","Value":{"Type":"INT64","Value":8080}},{"Key":"url.scheme","Value":{"Type":"STRING","Value":"http"}}],"StartTime":"2026-01-04T14:34:59.09830608Z","Time":"2026-01-04T14:35:23.098667014Z","Count":1,"Bounds":[0,5,10,25,50,75,100,250,500,750,1000,2500,5000,7500,10000],"BucketCounts":[1,0,0,0,0,0,0,0,0,0,0,0,0,0,0,0],"Min":0,"Max":0,"Sum":0,"Exemplars":[{"FilteredAttributes":null,"Time":"2026-01-04T14:35:21.269152449Z","Value":0,"SpanID":"ouBaQFw88qU=","TraceID":"CpjIicxYlR3l9gwLzcPjxw=="}]}],"Temporality":"CumulativeTemporality"}},{"Name":"http.client.request.duration","Description":"Duration of HTTP client requests.","Unit":"s","Data":{"DataPoints":[{"Attributes":[{"Key":"http.request.method","Value":{"Type":"STRING","Value":"GET"}},{"Key":"http.response.status_code","Value":{"Type":"INT64","Value":200}},{"Key":"network.protocol.name","Value":{"Type":"STRING","Value":"http"}},{"Key":"network.protocol.version","Value":{"Type":"STRING","Value":"1.1"}},{"Key":"server.address","Value":{"Type":"STRING","Value":"localhost"}},{"Key":"server.port","Value":{"Type":"INT64","Value":8080}},{"Key":"url.scheme","Value":{"Type":"STRING","Value":"http"}}],"StartTime":"2026-01-04T14:34:59.098321501Z","Time":"2026-01-04T14:35:23.098689427Z","Count":2,"Bounds":[0.005,0.01,0.025,0.05,0.075,0.1,0.25,0.5,0.75,1,2.5,5,7.5,10],"BucketCounts":[2,0,0,0,0,0,0,0,0,0,0,0,0,0,0],"Min":0.0011447229999999998,"Max":0.001567234,"Sum":0.002711957,"Exemplars":[{"FilteredAttributes":null,"Time":"2026-01-04T14:35:10.125687718Z","Value":0.001567234,"SpanID":"4X9xeHYp36I=","TraceID":"jY1sibBnMqOo7LvbedhB2w=="}]},{"Attributes":[{"Key":"http.request.method","Value":{"Type":"STRING","Value":"HEAD"}},{"Key":"http.response.status_code","Value":{"Type":"INT64","Value":200}},{"Key":"http.route","Value":{"Type":"STRING","Value":"/dav/"}},{"Key":"network.protocol.name","Value":{"Type":"STRING","Value":"http"}},{"Key":"network.protocol.version","Value":{"Type":"STRING","Value":"1.1"}},{"Key":"server.address","Value":{"Type":"STRING","Value":"localhost"}},{"Key":"server.port","Value":{"Type":"INT64","Value":8080}},{"Key":"url.scheme","Value":{"Type":"STRING","Value":"http"}}],"StartTime":"2026-01-04T14:34:59.098321501Z","Time":"2026-01-04T14:35:23.098689427Z","Count":1,"Bounds":[0.005,0.01,0.025,0.05,0.075,0.1,0.25,0.5,0.75,1,2.5,5,7.5,10],"BucketCounts":[1,0,0,0,0,0,0,0,0,0,0,0,0,0,0],"Min":0.000534118,"Max":0.000534118,"Sum":0.000534118,"Exemplars":[{"FilteredAttributes":null,"Time":"2026-01-04T14:35:10.121684173Z","Value":0.000534118,"SpanID":"iMZEw0LTSbo=","TraceID":"34Vdj5jA5RpKfjWxilmd6w=="}]},{"Attributes":[{"Key":"http.request.method","Value":{"Type":"STRING","Value":"GET"}},{"Key":"http.response.status_code","Value":{"Type":"INT64","Value":200}},{"Key":"http.route","Value":{"Type":"STRING","Value":"/dav/"}},{"Key":"network.protocol.name","Value":{"Type":"STRING","Value":"http"}},{"Key":"network.protocol.version","Value":{"Type":"STRING","Value":"1.1"}},{"Key":"server.address","Value":{"Type":"STRING","Value":"localhost"}},{"Key":"server.port","Value":{"Type":"INT64","Value":8080}},{"Key":"url.scheme","Value":{"Type":"STRING","Value":"http"}}],"StartTime":"2026-01-04T14:34:59.098321501Z","Time":"2026-01-04T14:35:23.098689427Z","Count":1,"Bounds":[0.005,0.01,0.025,0.05,0.075,0.1,0.25,0.5,0.75,1,2.5,5,7.5,10],"BucketCounts":[0,0,0,0,0,0,0,0,0,0,0,0,0,0,1],"Min":11.145195777000001,"Max":11.145195777000001,"Sum":11.145195777000001,"Exemplars":[{"FilteredAttributes":null,"Time":"2026-01-04T14:35:21.269157987Z","Value":11.145195777000001,"SpanID":"ouBaQFw88qU=","TraceID":"CpjIicxYlR3l9gwLzcPjxw=="}]}],"Temporality":"CumulativeTemporality"}},{"Name":"http.server.request.body.size","Description":"Size of HTTP server request bodies.","Unit":"By","Data":{"DataPoints":[{"Attributes":[{"Key":"http.request.method","Value":{"Type":"STRING","Value":"GET"}},{"Key":"http.response.status_code","Value":{"Type":"INT64","Value":200}},{"Key":"http.route","Value":{"Type":"STRING","Value":"/web/"}},{"Key":"network.protocol.name","Value":{"Type":"STRING","Value":"http"}},{"Key":"network.protocol.version","Value":{"Type":"STRING","Value":"1.1"}},{"Key":"server.address","Value":{"Type":"STRING","Value":"localhost"}},{"Key":"server.port","Value":{"Type":"INT64","Value":34400}},{"Key":"url.scheme","Value":{"Type":"STRING","Value":"http"}}],"StartTime":"2026-01-04T14:34:59.102560844Z","Time":"2026-01-04T14:35:23.098697458Z","Count":1,"Bounds":[0,5,10,25,50,75,100,250,500,750,1000,2500,5000,7500,10000],"BucketCounts":[1,0,0,0,0,0,0,0,0,0,0,0,0,0,0,0],"Min":0,"Max":0,"Sum":0,"Exemplars":[{"FilteredAttributes":null,"Time":"2026-01-04T14:35:00.090999452Z","Value":0,"SpanID":"RWLLeZXf39E=","TraceID":"vBFCVhx8Dsc91zE7v6tTBg=="}]},{"Attributes":[{"Key":"http.request.method","Value":{"Type":"STRING","Value":"POST"}},{"Key":"http.response.status_code","Value":{"Type":"INT64","Value":200}},{"Key":"http.route","Value":{"Type":"STRING","Value":"/api/"}},{"Key":"network.protocol.name","Value":{"Type":"STRING","Value":"http"}},{"Key":"network.protocol.version","Value":{"Type":"STRING","Value":"1.1"}},{"Key":"server.address","Value":{"Type":"STRING","Value":"localhost"}},{"Key":"server.port","Value":{"Type":"INT64","Value":34400}},{"Key":"url.scheme","Value":{"Type":"STRING","Value":"http"}}],"StartTime":"2026-01-04T14:34:59.102560844Z","Time":"2026-01-04T14:35:23.098697458Z","Count":1,"Bounds":[0,5,10,25,50,75,100,250,500,750,1000,2500,5000,7500,10000],"BucketCounts":[0,0,0,0,0,1,0,0,0,0,0,0,0,0,0,0],"Min":55,"Max":55,"Sum":55,"Exemplars":[{"FilteredAttributes":null,"Time":"2026-01-04T14:35:00.100781751Z","Value":55,"SpanID":"/4WVA++HxYg=","TraceID":"Td9tVtLVTcz3+PK4egcHyw=="}]},{"Attributes":[{"Key":"http.request.method","Value":{"Type":"STRING","Value":"GET"}},{"Key":"http.response.status_code","Value":{"Type":"INT64","Value":405}},{"Key":"http.route","Value":{"Type":"STRING","Value":"/dav/"}},{"Key":"network.protocol.name","Value":{"Type":"STRING","Value":"http"}},{"Key":"network.protocol.version","Value":{"Type":"STRING","Value":"1.1"}},{"Key":"server.address","Value":{"Type":"STRING","Value":"localhost"}},{"Key":"server.port","Value":{"Type":"INT64","Value":34400}},{"Key":"url.scheme","Value":{"Type":"STRING","Value":"http"}}],"StartTime":"2026-01-04T14:34:59.102560844Z","Time":"2026-01-04T14:35:23.098697458Z","Count":1,"Bounds":[0,5,10,25,50,75,100,250,500,750,1000,2500,5000,7500,10000],"BucketCounts":[1,0,0,0,0,0,0,0,0,0,0,0,0,0,0,0],"Min":0,"Max":0,"Sum":0,"Exemplars":[{"FilteredAttributes":null,"Time":"2026-01-04T14:35:10.120121651Z","Value":0,"SpanID":"ONq2Y4Uug+E=","TraceID":"1kFSelktxYrAeqy/k1mOcQ=="}]},{"Attributes":[{"Key":"http.request.method","Value":{"Type":"STRING","Value":"_OTHER"}},{"Key":"http.response.status_code","Value":{"Type":"INT64","Value":207}},{"Key":"http.route","Value":{"Type":"STRING","Value":"/dav/"}},{"Key":"network.protocol.name","Value":{"Type":"STRING","Value":"http"}},{"Key":"network.protocol.version","Value":{"Type":"STRING","Value":"1.1"}},{"Key":"server.address","Value":{"Type":"STRING","Value":"localhost"}},{"Key":"server.port","Value":{"Type":"INT64","Value":34400}},{"Key":"url.scheme","Value":{"Type":"STRING","Value":"http"}}],"StartTime":"2026-01-04T14:34:59.102560844Z","Time":"2026-01-04T14:35:23.098697458Z","Count":1,"Bounds":[0,5,10,25,50,75,100,250,500,750,1000,2500,5000,7500,10000],"BucketCounts":[1,0,0,0,0,0,0,0,0,0,0,0,0,0,0,0],"Min":0,"Max":0,"Sum":0,"Exemplars":[{"FilteredAttributes":null,"Time":"2026-01-04T14:35:10.121867675Z","Value":0,"SpanID":"dnjXs0vBk2U=","TraceID":"34Vdj5jA5RpKfjWxilmd6w=="}]}],"Temporality":"CumulativeTemporality"}},{"Name":"http.server.response.body.size","Description":"Size of HTTP server response bodies.","Unit":"By","Data":{"DataPoints":[{"Attributes":[{"Key":"http.request.method","Value":{"Type":"STRING","Value":"_OTHER"}},{"Key":"http.response.status_code","Value":{"Type":"INT64","Value":207}},{"Key":"http.route","Value":{"Type":"STRING","Value":"/dav/"}},{"Key":"network.protocol.name","Value":{"Type":"STRING","Value":"http"}},{"Key":"network.protocol.version","Value":{"Type":"STRING","Value":"1.1"}},{"Key":"server.address","Value":{"Type":"STRING","Value":"localhost"}},{"Key":"server.port","Value":{"Type":"INT64","Value":34400}},{"Key":"url.scheme","Value":{"Type":"STRING","Value":"http"}}],"StartTime":"2026-01-04T14:34:59.102574885Z","Time":"2026-01-04T14:35:23.098736544Z","Count":1,"Bounds":[0,5,10,25,50,75,100,250,500,750,1000,2500,5000,7500,10000],"BucketCounts":[0,0,0,0,0,0,0,0,0,0,0,1,0,0,0,0],"Min":1318,"Max":1318,"Sum":1318,"Exemplars":[{"FilteredAttributes":null,"Time":"2026-01-04T14:35:10.12187007Z","Value":1318,"SpanID":"dnjXs0vBk2U=","TraceID":"34Vdj5jA5RpKfjWxilmd6w=="}]},{"Attributes":[{"Key":"http.request.method","Value":{"Type":"STRING","Value":"GET"}},{"Key":"http.response.status_code","Value":{"Type":"INT64","Value":200}},{"Key":"http.route","Value":{"Type":"STRING","Value":"/web/"}},{"Key":"network.protocol.name","Value":{"Type":"STRING","Value":"http"}},{"Key":"network.protocol.version","Value":{"Type":"STRING","Value":"1.1"}},{"Key":"server.address","Value":{"Type":"STRING","Value":"localhost"}},{"Key":"server.port","Value":{"Type":"INT64","Value":34400}},{"Key":"url.scheme","Value":{"Type":"STRING","Value":"http"}}],"StartTime":"2026-01-04T14:34:59.102574885Z","Time":"2026-01-04T14:35:23.098736544Z","Count":1,"Bounds":[0,5,10,25,50,75,100,250,500,750,1000,2500,5000,7500,10000],"BucketCounts":[0,0,0,0,0,0,0,0,0,0,0,1,0,0,0,0],"Min":1920,"Max":1920,"Sum":1920,"Exemplars":[{"FilteredAttributes":null,"Time":"2026-01-04T14:35:00.091005829Z","Value":1920,"SpanID":"RWLLeZXf39E=","TraceID":"vBFCVhx8Dsc91zE7v6tTBg=="}]},{"Attributes":[{"Key":"http.request.method","Value":{"Type":"STRING","Value":"POST"}},{"Key":"http.response.status_code","Value":{"Type":"INT64","Value":200}},{"Key":"http.route","Value":{"Type":"STRING","Value":"/api/"}},{"Key":"network.protocol.name","Value":{"Type":"STRING","Value":"http"}},{"Key":"network.protocol.version","Value":{"Type":"STRING","Value":"1.1"}},{"Key":"server.address","Value":{"Type":"STRING","Value":"localhost"}},{"Key":"server.port","Value":{"Type":"INT64","Value":34400}},{"Key":"url.scheme","Value":{"Type":"STRING","Value":"http"}}],"StartTime":"2026-01-04T14:34:59.102574885Z","Time":"2026-01-04T14:35:23.098736544Z","Count":1,"Bounds":[0,5,10,25,50,75,100,250,500,750,1000,2500,5000,7500,10000],"BucketCounts":[0,0,0,0,0,0,0,0,1,0,0,0,0,0,0,0],"Min":374,"Max":374,"Sum":374,"Exemplars":[{"FilteredAttributes":null,"Time":"2026-01-04T14:35:00.100790609Z","Value":374,"SpanID":"/4WVA++HxYg=","TraceID":"Td9tVtLVTcz3+PK4egcHyw=="}]},{"Attributes":[{"Key":"http.request.method","Value":{"Type":"STRING","Value":"GET"}},{"Key":"http.response.status_code","Value":{"Type":"INT64","Value":405}},{"Key":"http.route","Value":{"Type":"STRING","Value":"/dav/"}},{"Key":"network.protocol.name","Value":{"Type":"STRING","Value":"http"}},{"Key":"network.protocol.version","Value":{"Type":"STRING","Value":"1.1"}},{"Key":"server.address","Value":{"Type":"STRING","Value":"localhost"}},{"Key":"server.port","Value":{"Type":"INT64","Value":34400}},{"Key":"url.scheme","Value":{"Type":"STRING","Value":"http"}}],"StartTime":"2026-01-04T14:34:59.102574885Z","Time":"2026-01-04T14:35:23.098736544Z","Count":1,"Bounds":[0,5,10,25,50,75,100,250,500,750,1000,2500,5000,7500,10000],"BucketCounts":[0,0,0,1,0,0,0,0,0,0,0,0,0,0,0,0],"Min":18,"Max":18,"Sum":18,"Exemplars":[{"FilteredAttributes":null,"Time":"2026-01-04T14:35:10.120195825Z","Value":18,"SpanID":"ONq2Y4Uug+E=","TraceID":"1kFSelktxYrAeqy/k1mOcQ=="}]}],"Temporality":"CumulativeTemporality"}},{"Name":"http.server.request.duration","Description":"Duration of HTTP server requests.","Unit":"s","Data":{"DataPoints":[{"Attributes":[{"Key":"http.request.method","Value":{"Type":"STRING","Value":"GET"}},{"Key":"http.response.status_code","Value":{"Type":"INT64","Value":405}},{"Key":"http.route","Value":{"Type":"STRING","Value":"/dav/"}},{"Key":"network.protocol.name","Value":{"Type":"STRING","Value":"http"}},{"Key":"network.protocol.version","Value":{"Type":"STRING","Value":"1.1"}},{"Key":"server.address","Value":{"Type":"STRING","Value":"localhost"}},{"Key":"server.port","Value":{"Type":"INT64","Value":34400}},{"Key":"url.scheme","Value":{"Type":"STRING","Value":"http"}}],"StartTime":"2026-01-04T14:34:59.102583194Z","Time":"2026-01-04T14:35:23.098742841Z","Count":1,"Bounds":[0.005,0.01,0.025,0.05,0.075,0.1,0.25,0.5,0.75,1,2.5,5,7.5,10],"BucketCounts":[1,0,0,0,0,0,0,0,0,0,0,0,0,0,0],"Min":0.000158283,"Max":0.000158283,"Sum":0.000158283,"Exemplars":[{"FilteredAttributes":null,"Time":"2026-01-04T14:35:10.120201339Z","Value":0.000158283,"SpanID":"ONq2Y4Uug+E=","TraceID":"1kFSelktxYrAeqy/k1mOcQ=="}]},{"Attributes":[{"Key":"http.request.method","Value":{"Type":"STRING","Value":"_OTHER"}},{"Key":"http.response.status_code","Value":{"Type":"INT64","Value":207}},{"Key":"http.route","Value":{"Type":"STRING","Value":"/dav/"}},{"Key":"network.protocol.name","Value":{"Type":"STRING","Value":"http"}},{"Key":"network.protocol.version","Value":{"Type":"STRING","Value":"1.1"}},{"Key":"server.address","Value":{"Type":"STRING","Value":"localhost"}},{"Key":"server.port","Value":{"Type":"INT64","Value":34400}},{"Key":"url.scheme","Value":{"Type":"STRING","Value":"http"}}],"StartTime":"2026-01-04T14:34:59.102583194Z","Time":"2026-01-04T14:35:23.098742841Z","Count":1,"Bounds":[0.005,0.01,0.025,0.05,0.075,0.1,0.25,0.5,0.75,1,2.5,5,7.5,10],"BucketCounts":[1,0,0,0,0,0,0,0,0,0,0,0,0,0,0],"Min":0.001155172,"Max":0.001155172,"Sum":0.001155172,"Exemplars":[{"FilteredAttributes":null,"Time":"2026-01-04T14:35:10.121873583Z","Value":0.001155172,"SpanID":"dnjXs0vBk2U=","TraceID":"34Vdj5jA5RpKfjWxilmd6w=="}]},{"Attributes":[{"Key":"http.request.method","Value":{"Type":"STRING","Value":"GET"}},{"Key":"http.response.status_code","Value":{"Type":"INT64","Value":200}},{"Key":"http.route","Value":{"Type":"STRING","Value":"/web/"}},{"Key":"network.protocol.name","Value":{"Type":"STRING","Value":"http"}},{"Key":"network.protocol.version","Value":{"Type":"STRING","Value":"1.1"}},{"Key":"server.address","Value":{"Type":"STRING","Value":"localhost"}},{"Key":"server.port","Value":{"Type":"INT64","Value":34400}},{"Key":"url.scheme","Value":{"Type":"STRING","Value":"http"}}],"StartTime":"2026-01-04T14:34:59.102583194Z","Time":"2026-01-04T14:35:23.098742841Z","Count":1,"Bounds":[0.005,0.01,0.025,0.05,0.075,0.1,0.25,0.5,0.75,1,2.5,5,7.5,10],"BucketCounts":[1,0,0,0,0,0,0,0,0,0,0,0,0,0,0],"Min":0.0009576550000000001,"Max":0.0009576550000000001,"Sum":0.0009576550000000001,"Exemplars":[{"FilteredAttributes":null,"Time":"2026-01-04T14:35:00.091011746Z","Value":0.0009576550000000001,"SpanID":"RWLLeZXf39E=","TraceID":"vBFCVhx8Dsc91zE7v6tTBg=="}]},{"Attributes":[{"Key":"http.request.method","Value":{"Type":"STRING","Value":"POST"}},{"Key":"http.response.status_code","Value":{"Type":"INT64","Value":200}},{"Key":"http.route","Value":{"Type":"STRING","Value":"/api/"}},{"Key":"network.protocol.name","Value":{"Type":"STRING","Value":"http"}},{"Key":"network.protocol.version","Value":{"Type":"STRING","Value":"1.1"}},{"Key":"server.address","Value":{"Type":"STRING","Value":"localhost"}},{"Key":"server.port","Value":{"Type":"INT64","Value":34400}},{"Key":"url.scheme","Value":{"Type":"STRING","Value":"http"}}],"StartTime":"2026-01-04T14:34:59.102583194Z","Time":"2026-01-04T14:35:23.098742841Z","Count":1,"Bounds":[0.005,0.01,0.025,0.05,0.075,0.1,0.25,0.5,0.75,1,2.5,5,7.5,10],"BucketCounts":[1,0,0,0,0,0,0,0,0,0,0,0,0,0,0],"Min":0.000270237,"Max":0.000270237,"Sum":0.000270237,"Exemplars":[{"FilteredAttributes":null,"Time":"2026-01-04T14:35:00.100823751Z","Value":0.000270237,"SpanID":"/4WVA++HxYg=","TraceID":"Td9tVtLVTcz3+PK4egcHyw=="}]}],"Temporality":"CumulativeTemporality"}}]}]}
{"Resource":[{"Key":"service.name","Value":{"Type":"STRING","Value":"unknown_service:xteve"}},{"Key":"telemetry.sdk.language","Value":{"Type":"STRING","Value":"go"}},{"Key":"telemetry.sdk.name","Value":{"Type":"STRING","Value":"opentelemetry"}},{"Key":"telemetry.sdk.version","Value":{"Type":"STRING","Value":"1.39.0"}}],"ScopeMetrics":[{"Scope":{"Name":"go.opentelemetry.io/contrib/instrumentation/net/http/otelhttp","Version":"0.64.0","SchemaURL":"","Attributes":null},"Metrics":[{"Name":"http.client.request.body.size","Description":"Size of HTTP client request bodies.","Unit":"By","Data":{"DataPoints":[{"Attributes":[{"Key":"http.request.method","Value":{"Type":"STRING","Value":"GET"}},{"Key":"http.response.status_code","Value":{"Type":"INT64","Value":200}},{"Key":"network.protocol.name","Value":{"Type":"STRING","Value":"http"}},{"Key":"network.protocol.version","Value":{"Type":"STRING","Value":"1.1"}},{"Key":"server.address","Value":{"Type":"STRING","Value":"localhost"}},{"Key":"server.port","Value":{"Type":"INT64","Value":8080}},{"Key":"url.scheme","Value":{"Type":"STRING","Value":"http"}}],"StartTime":"2026-01-04T14:34:59.09830608Z","Time":"2026-01-04T14:35:26.099272705Z","Count":2,"Bounds":[0,5,10,25,50,75,100,250,500,750,1000,2500,5000,7500,10000],"BucketCounts":[2,0,0,0,0,0,0,0,0,0,0,0,0,0,0,0],"Min":0,"Max":0,"Sum":0,"Exemplars":[{"FilteredAttributes":null,"Time":"2026-01-04T14:35:10.125685589Z","Value":0,"SpanID":"4X9xeHYp36I=","TraceID":"jY1sibBnMqOo7LvbedhB2w=="}]},{"Attributes":[{"Key":"http.request.method","Value":{"Type":"STRING","Value":"HEAD"}},{"Key":"http.response.status_code","Value":{"Type":"INT64","Value":200}},{"Key":"http.route","Value":{"Type":"STRING","Value":"/dav/"}},{"Key":"network.protocol.name","Value":{"Type":"STRING","Value":"http"}},{"Key":"network.protocol.version","Value":{"Type":"STRING","Value":"1.1"}},{"Key":"server.address","Value":{"Type":"STRING","Value":"localhost"}},{"Key":"server.port","Value":{"Type":"INT64","Value":8080}},{"Key":"url.scheme","Value":{"Type":"STRING","Value":"http"}}],"StartTime":"2026-01-04T14:34:59.09830608Z","Time":"2026-01-04T14:35:26.099272705Z","Count":1,"Bounds":[0,5,10,25,50,75,100,250,500,750,1000,2500,5000,7500,10000],"BucketCounts":[1,0,0,0,0,0,0,0,0,0,0,0,0,0,0,0],"Min":0,"Max":0,"Sum":0,"Exemplars":[{"FilteredAttributes":null,"Time":"2026-01-04T14:35:10.121678885Z","Value":0,"SpanID":"iMZEw0LTSbo=","TraceID":"34Vdj5jA5RpKfjWxilmd6w=="}]},{"Attributes":[{"Key":"http.request.method","Value":{"Type":"STRING","Value":"GET"}},{"Key":"http.response.status_code","Value":{"Type":"INT64","Value":200}},{"Key":"http.route","Value":{"Type":"STRING","Value":"/dav/"}},{"Key":"network.protocol.name","Value":{"Type":"STRING","Value":"http"}},{"Key":"network.protocol.version","Value":{"Type":"STRING","Value":"1.1"}},{"Key":"server.address","Value":{"Type":"STRING","Value":"localhost"}},{"Key":"server.port","Value":{"Type":"INT64","Value":8080}},{"Key":"url.scheme","Value":{"Type":"STRING","Value":"http"}}],"StartTime":"2026-01-04T14:34:59.09830608Z","Time":"2026-01-04T14:35:26.099272705Z","Count":1,"Bounds":[0,5,10,25,50,75,100,250,500,750,1000,2500,5000,7500,10000],"BucketCounts":[1,0,0,0,0,0,0,0,0,0,0,0,0,0,0,0],"Min":0,"Max":0,"Sum":0,"Exemplars":[{"FilteredAttributes":null,"Time":"2026-01-04T14:35:21.269152449Z","Value":0,"SpanID":"ouBaQFw88qU=","TraceID":"CpjIicxYlR3l9gwLzcPjxw=="}]}],"Temporality":"CumulativeTemporality"}},{"Name":"http.client.request.duration","Description":"Duration of HTTP client requests.","Unit":"s","Data":{"DataPoints":[{"Attributes":[{"Key":"http.request.method","Value":{"Type":"STRING","Value":"GET"}},{"Key":"http.response.status_code","Value":{"Type":"INT64","Value":200}},{"Key":"network.protocol.name","Value":{"Type":"STRING","Value":"http"}},{"Key":"network.protocol.version","Value":{"Type":"STRING","Value":"1.1"}},{"Key":"server.address","Value":{"Type":"STRING","Value":"localhost"}},{"Key":"server.port","Value":{"Type":"INT64","Value":8080}},{"Key":"url.scheme","Value":{"Type":"STRING","Value":"http"}}],"StartTime":"2026-01-04T14:34:59.098321501Z","Time":"2026-01-04T14:35:26.099339972Z","Count":2,"Bounds":[0.005,0.01,0.025,0.05,0.075,0.1,0.25,0.5,0.75,1,2.5,5,7.5,10],"BucketCounts":[2,0,0,0,0,0,0,0,0,0,0,0,0,0,0],"Min":0.0011447229999999998,"Max":0.001567234,"Sum":0.002711957,"Exemplars":[{"FilteredAttributes":null,"Time":"2026-01-04T14:35:10.125687718Z","Value":0.001567234,"SpanID":"4X9xeHYp36I=","TraceID":"jY1sibBnMqOo7LvbedhB2w=="}]},{"Attributes":[{"Key":"http.request.method","Value":{"Type":"STRING","Value":"HEAD"}},{"Key":"http.response.status_code","Value":{"Type":"INT64","Value":200}},{"Key":"http.route","Value":{"Type":"STRING","Value":"/dav/"}},{"Key":"network.protocol.name","Value":{"Type":"STRING","Value":"http"}},{"Key":"network.protocol.version","Value":{"Type":"STRING","Value":"1.1"}},{"Key":"server.address","Value":{"Type":"STRING","Value":"localhost"}},{"Key":"server.port","Value":{"Type":"INT64","Value":8080}},{"Key":"url.scheme","Value":{"Type":"STRING","Value":"http"}}],"StartTime":"2026-01-04T14:34:59.098321501Z","Time":"2026-01-04T14:35:26.099339972Z","Count":1,"Bounds":[0.005,0.01,0.025,0.05,0.075,0.1,0.25,0.5,0.75,1,2.5,5,7.5,10],"BucketCounts":[1,0,0,0,0,0,0,0,0,0,0,0,0,0,0],"Min":0.000534118,"Max":0.000534118,"Sum":0.000534118,"Exemplars":[{"FilteredAttributes":null,"Time":"2026-01-04T14:35:10.121684173Z","Value":0.000534118,"SpanID":"iMZEw0LTSbo=","TraceID":"34Vdj5jA5RpKfjWxilmd6w=="}]},{"Attributes":[{"Key":"http.request.method","Value":{"Type":"STRING","Value":"GET"}},{"Key":"http.response.status_code","Value":{"Type":"INT64","Value":200}},{"Key":"http.route","Value":{"Type":"STRING","Value":"/dav/"}},{"Key":"network.protocol.name","Value":{"Type":"STRING","Value":"http"}},{"Key":"network.protocol.version","Value":{"Type":"STRING","Value":"1.1"}},{"Key":"server.address","Value":{"Type":"STRING","Value":"localhost"}},{"Key":"server.port","Value":{"Type":"INT64","Value":8080}},{"Key":"url.scheme","Value":{"Type":"STRING","Value":"http"}}],"StartTime":"2026-01-04T14:34:59.098321501Z","Time":"2026-01-04T14:35:26.099339972Z","Count":1,"Bounds":[0.005,0.01,0.025,0.05,0.075,0.1,0.25,0.5,0.75,1,2.5,5,7.5,10],"BucketCounts":[0,0,0,0,0,0,0,0,0,0,0,0,0,0,1],"Min":11.145195777000001,"Max":11.145195777000001,"Sum":11.145195777000001,"Exemplars":[{"FilteredAttributes":null,"Time":"2026-01-04T14:35:21.269157987Z","Value":11.145195777000001,"SpanID":"ouBaQFw88qU=","TraceID":"CpjIicxYlR3l9gwLzcPjxw=="}]}],"Temporality":"CumulativeTemporality"}},{"Name":"http.server.request.body.size","Description":"Size of HTTP server request bodies.","Unit":"By","Data":{"DataPoints":[{"Attributes":[{"Key":"http.request.method","Value":{"Type":"STRING","Value":"GET"}},{"Key":"http.response.status_code","Value":{"Type":"INT64","Value":200}},{"Key":"http.route","Value":{"Type":"STRING","Value":"/web/"}},{"Key":"network.protocol.name","Value":{"Type":"STRING","Value":"http"}},{"Key":"network.protocol.version","Value":{"Type":"STRING","Value":"1.1"}},{"Key":"server.address","Value":{"Type":"STRING","Value":"localhost"}},{"Key":"server.port","Value":{"Type":"INT64","Value":34400}},{"Key":"url.scheme","Value":{"Type":"STRING","Value":"http"}}],"StartTime":"2026-01-04T14:34:59.102560844Z","Time":"2026-01-04T14:35:26.099347858Z","Count":1,"Bounds":[0,5,10,25,50,75,100,250,500,750,1000,2500,5000,7500,10000],"BucketCounts":[1,0,0,0,0,0,0,0,0,0,0,0,0,0,0,0],"Min":0,"Max":0,"Sum":0,"Exemplars":[{"FilteredAttributes":null,"Time":"2026-01-04T14:35:00.090999452Z","Value":0,"SpanID":"RWLLeZXf39E=","TraceID":"vBFCVhx8Dsc91zE7v6tTBg=="}]},{"Attributes":[{"Key":"http.request.method","Value":{"Type":"STRING","Value":"POST"}},{"Key":"http.response.status_code","Value":{"Type":"INT64","Value":200}},{"Key":"http.route","Value":{"Type":"STRING","Value":"/api/"}},{"Key":"network.protocol.name","Value":{"Type":"STRING","Value":"http"}},{"Key":"network.protocol.version","Value":{"Type":"STRING","Value":"1.1"}},{"Key":"server.address","Value":{"Type":"STRING","Value":"localhost"}},{"Key":"server.port","Value":{"Type":"INT64","Value":34400}},{"Key":"url.scheme","Value":{"Type":"STRING","Value":"http"}}],"StartTime":"2026-01-04T14:34:59.102560844Z","Time":"2026-01-04T14:35:26.099347858Z","Count":1,"Bounds":[0,5,10,25,50,75,100,250,500,750,1000,2500,5000,7500,10000],"BucketCounts":[0,0,0,0,0,1,0,0,0,0,0,0,0,0,0,0],"Min":55,"Max":55,"Sum":55,"Exemplars":[{"FilteredAttributes":null,"Time":"2026-01-04T14:35:00.100781751Z","Value":55,"SpanID":"/4WVA++HxYg=","TraceID":"Td9tVtLVTcz3+PK4egcHyw=="}]},{"Attributes":[{"Key":"http.request.method","Value":{"Type":"STRING","Value":"GET"}},{"Key":"http.response.status_code","Value":{"Type":"INT64","Value":405}},{"Key":"http.route","Value":{"Type":"STRING","Value":"/dav/"}},{"Key":"network.protocol.name","Value":{"Type":"STRING","Value":"http"}},{"Key":"network.protocol.version","Value":{"Type":"STRING","Value":"1.1"}},{"Key":"server.address","Value":{"Type":"STRING","Value":"localhost"}},{"Key":"server.port","Value":{"Type":"INT64","Value":34400}},{"Key":"url.scheme","Value":{"Type":"STRING","Value":"http"}}],"StartTime":"2026-01-04T14:34:59.102560844Z","Time":"2026-01-04T14:35:26.099347858Z","Count":1,"Bounds":[0,5,10,25,50,75,100,250,500,750,1000,2500,5000,7500,10000],"BucketCounts":[1,0,0,0,0,0,0,0,0,0,0,0,0,0,0,0],"Min":0,"Max":0,"Sum":0,"Exemplars":[{"FilteredAttributes":null,"Time":"2026-01-04T14:35:10.120121651Z","Value":0,"SpanID":"ONq2Y4Uug+E=","TraceID":"1kFSelktxYrAeqy/k1mOcQ=="}]},{"Attributes":[{"Key":"http.request.method","Value":{"Type":"STRING","Value":"_OTHER"}},{"Key":"http.response.status_code","Value":{"Type":"INT64","Value":207}},{"Key":"http.route","Value":{"Type":"STRING","Value":"/dav/"}},{"Key":"network.protocol.name","Value":{"Type":"STRING","Value":"http"}},{"Key":"network.protocol.version","Value":{"Type":"STRING","Value":"1.1"}},{"Key":"server.address","Value":{"Type":"STRING","Value":"localhost"}},{"Key":"server.port","Value":{"Type":"INT64","Value":34400}},{"Key":"url.scheme","Value":{"Type":"STRING","Value":"http"}}],"StartTime":"2026-01-04T14:34:59.102560844Z","Time":"2026-01-04T14:35:26.099347858Z","Count":1,"Bounds":[0,5,10,25,50,75,100,250,500,750,1000,2500,5000,7500,10000],"BucketCounts":[1,0,0,0,0,0,0,0,0,0,0,0,0,0,0,0],"Min":0,"Max":0,"Sum":0,"Exemplars":[{"FilteredAttributes":null,"Time":"2026-01-04T14:35:10.121867675Z","Value":0,"SpanID":"dnjXs0vBk2U=","TraceID":"34Vdj5jA5RpKfjWxilmd6w=="}]}],"Temporality":"CumulativeTemporality"}},{"Name":"http.server.response.body.size","Description":"Size of HTTP server response bodies.","Unit":"By","Data":{"DataPoints":[{"Attributes":[{"Key":"http.request.method","Value":{"Type":"STRING","Value":"GET"}},{"Key":"http.response.status_code","Value":{"Type":"INT64","Value":200}},{"Key":"http.route","Value":{"Type":"STRING","Value":"/web/"}},{"Key":"network.protocol.name","Value":{"Type":"STRING","Value":"http"}},{"Key":"network.protocol.version","Value":{"Type":"STRING","Value":"1.1"}},{"Key":"server.address","Value":{"Type":"STRING","Value":"localhost"}},{"Key":"server.port","Value":{"Type":"INT64","Value":34400}},{"Key":"url.scheme","Value":{"Type":"STRING","Value":"http"}}],"StartTime":"2026-01-04T14:34:59.102574885Z","Time":"2026-01-04T14:35:26.09935652Z","Count":1,"Bounds":[0,5,10,25,50,75,100,250,500,750,1000,2500,5000,7500,10000],"BucketCounts":[0,0,0,0,0,0,0,0,0,0,0,1,0,0,0,0],"Min":1920,"Max":1920,"Sum":1920,"Exemplars":[{"FilteredAttributes":null,"Time":"2026-01-04T14:35:00.091005829Z","Value":1920,"SpanID":"RWLLeZXf39E=","TraceID":"vBFCVhx8Dsc91zE7v6tTBg=="}]},{"Attributes":[{"Key":"http.request.method","Value":{"Type":"STRING","Value":"POST"}},{"Key":"http.response.status_code","Value":{"Type":"INT64","Value":200}},{"Key":"http.route","Value":{"Type":"STRING","Value":"/api/"}},{"Key":"network.protocol.name","Value":{"Type":"STRING","Value":"http"}},{"Key":"network.protocol.version","Value":{"Type":"STRING","Value":"1.1"}},{"Key":"server.address","Value":{"Type":"STRING","Value":"localhost"}},{"Key":"server.port","Value":{"Type":"INT64","Value":34400}},{"Key":"url.scheme","Value":{"Type":"STRING","Value":"http"}}],"StartTime":"2026-01-04T14:34:59.102574885Z","Time":"2026-01-04T14:35:26.09935652Z","Count":1,"Bounds":[0,5,10,25,50,75,100,250,500,750,1000,2500,5000,7500,10000],"BucketCounts":[0,0,0,0,0,0,0,0,1,0,0,0,0,0,0,0],"Min":374,"Max":374,"Sum":374,"Exemplars":[{"FilteredAttributes":null,"Time":"2026-01-04T14:35:00.100790609Z","Value":374,"SpanID":"/4WVA++HxYg=","TraceID":"Td9tVtLVTcz3+PK4egcHyw=="}]},{"Attributes":[{"Key":"http.request.method","Value":{"Type":"STRING","Value":"GET"}},{"Key":"http.response.status_code","Value":{"Type":"INT64","Value":405}},{"Key":"http.route","Value":{"Type":"STRING","Value":"/dav/"}},{"Key":"network.protocol.name","Value":{"Type":"STRING","Value":"http"}},{"Key":"network.protocol.version","Value":{"Type":"STRING","Value":"1.1"}},{"Key":"server.address","Value":{"Type":"STRING","Value":"localhost"}},{"Key":"server.port","Value":{"Type":"INT64","Value":34400}},{"Key":"url.scheme","Value":{"Type":"STRING","Value":"http"}}],"StartTime":"2026-01-04T14:34:59.102574885Z","Time":"2026-01-04T14:35:26.09935652Z","Count":1,"Bounds":[0,5,10,25,50,75,100,250,500,750,1000,2500,5000,7500,10000],"BucketCounts":[0,0,0,1,0,0,0,0,0,0,0,0,0,0,0,0],"Min":18,"Max":18,"Sum":18,"Exemplars":[{"FilteredAttributes":null,"Time":"2026-01-04T14:35:10.120195825Z","Value":18,"SpanID":"ONq2Y4Uug+E=","TraceID":"1kFSelktxYrAeqy/k1mOcQ=="}]},{"Attributes":[{"Key":"http.request.method","Value":{"Type":"STRING","Value":"_OTHER"}},{"Key":"http.response.status_code","Value":{"Type":"INT64","Value":207}},{"Key":"http.route","Value":{"Type":"STRING","Value":"/dav/"}},{"Key":"network.protocol.name","Value":{"Type":"STRING","Value":"http"}},{"Key":"network.protocol.version","Value":{"Type":"STRING","Value":"1.1"}},{"Key":"server.address","Value":{"Type":"STRING","Value":"localhost"}},{"Key":"server.port","Value":{"Type":"INT64","Value":34400}},{"Key":"url.scheme","Value":{"Type":"STRING","Value":"http"}}],"StartTime":"2026-01-04T14:34:59.102574885Z","Time":"2026-01-04T14:35:26.09935652Z","Count":1,"Bounds":[0,5,10,25,50,75,100,250,500,750,1000,2500,5000,7500,10000],"BucketCounts":[0,0,0,0,0,0,0,0,0,0,0,1,0,0,0,0],"Min":1318,"Max":1318,"Sum":1318,"Exemplars":[{"FilteredAttributes":null,"Time":"2026-01-04T14:35:10.12187007Z","Value":1318,"SpanID":"dnjXs0vBk2U=","TraceID":"34Vdj5jA5RpKfjWxilmd6w=="}]}],"Temporality":"CumulativeTemporality"}},{"Name":"http.server.request.duration","Description":"Duration of HTTP server requests.","Unit":"s","Data":{"DataPoints":[{"Attributes":[{"Key":"http.request.method","Value":{"Type":"STRING","Value":"_OTHER"}},{"Key":"http.response.status_code","Value":{"Type":"INT64","Value":207}},{"Key":"http.route","Value":{"Type":"STRING","Value":"/dav/"}},{"Key":"network.protocol.name","Value":{"Type":"STRING","Value":"http"}},{"Key":"network.protocol.version","Value":{"Type":"STRING","Value":"1.1"}},{"Key":"server.address","Value":{"Type":"STRING","Value":"localhost"}},{"Key":"server.port","Value":{"Type":"INT64","Value":34400}},{"Key":"url.scheme","Value":{"Type":"STRING","Value":"http"}}],"StartTime":"2026-01-04T14:34:59.102583194Z","Time":"2026-01-04T14:35:26.099361913Z","Count":1,"Bounds":[0.005,0.01,0.025,0.05,0.075,0.1,0.25,0.5,0.75,1,2.5,5,7.5,10],"BucketCounts":[1,0,0,0,0,0,0,0,0,0,0,0,0,0,0],"Min":0.001155172,"Max":0.001155172,"Sum":0.001155172,"Exemplars":[{"FilteredAttributes":null,"Time":"2026-01-04T14:35:10.121873583Z","Value":0.001155172,"SpanID":"dnjXs0vBk2U=","TraceID":"34Vdj5jA5RpKfjWxilmd6w=="}]},{"Attributes":[{"Key":"http.request.method","Value":{"Type":"STRING","Value":"GET"}},{"Key":"http.response.status_code","Value":{"Type":"INT64","Value":200}},{"Key":"http.route","Value":{"Type":"STRING","Value":"/web/"}},{"Key":"network.protocol.name","Value":{"Type":"STRING","Value":"http"}},{"Key":"network.protocol.version","Value":{"Type":"STRING","Value":"1.1"}},{"Key":"server.address","Value":{"Type":"STRING","Value":"localhost"}},{"Key":"server.port","Value":{"Type":"INT64","Value":34400}},{"Key":"url.scheme","Value":{"Type":"STRING","Value":"http"}}],"StartTime":"2026-01-04T14:34:59.102583194Z","Time":"2026-01-04T14:35:26.099361913Z","Count":1,"Bounds":[0.005,0.01,0.025,0.05,0.075,0.1,0.25,0.5,0.75,1,2.5,5,7.5,10],"BucketCounts":[1,0,0,0,0,0,0,0,0,0,0,0,0,0,0],"Min":0.0009576550000000001,"Max":0.0009576550000000001,"Sum":0.0009576550000000001,"Exemplars":[{"FilteredAttributes":null,"Time":"2026-01-04T14:35:00.091011746Z","Value":0.0009576550000000001,"SpanID":"RWLLeZXf39E=","TraceID":"vBFCVhx8Dsc91zE7v6tTBg=="}]},{"Attributes":[{"Key":"http.request.method","Value":{"Type":"STRING","Value":"POST"}},{"Key":"http.response.status_code","Value":{"Type":"INT64","Value":200}},{"Key":"http.route","Value":{"Type":"STRING","Value":"/api/"}},{"Key":"network.protocol.name","Value":{"Type":"STRING","Value":"http"}},{"Key":"network.protocol.version","Value":{"Type":"STRING","Value":"1.1"}},{"Key":"server.address","Value":{"Type":"STRING","Value":"localhost"}},{"Key":"server.port","Value":{"Type":"INT64","Value":34400}},{"Key":"url.scheme","Value":{"Type":"STRING","Value":"http"}}],"StartTime":"2026-01-04T14:34:59.102583194Z","Time":"2026-01-04T14:35:26.099361913Z","Count":1,"Bounds":[0.005,0.01,0.025,0.05,0.075,0.1,0.25,0.5,0.75,1,2.5,5,7.5,10],"BucketCounts":[1,0,0,0,0,0,0,0,0,0,0,0,0,0,0],"Min":0.000270237,"Max":0.000270237,"Sum":0.000270237,"Exemplars":[{"FilteredAttributes":null,"Time":"2026-01-04T14:35:00.100823751Z","Value":0.000270237,"SpanID":"/4WVA++HxYg=","TraceID":"Td9tVtLVTcz3+PK4egcHyw=="}]},{"Attributes":[{"Key":"http.request.method","Value":{"Type":"STRING","Value":"GET"}},{"Key":"http.response.status_code","Value":{"Type":"INT64","Value":405}},{"Key":"http.route","Value":{"Type":"STRING","Value":"/dav/"}},{"Key":"network.protocol.name","Value":{"Type":"STRING","Value":"http"}},{"Key":"network.protocol.version","Value":{"Type":"STRING","Value":"1.1"}},{"Key":"server.address","Value":{"Type":"STRING","Value":"localhost"}},{"Key":"server.port","Value":{"Type":"INT64","Value":34400}},{"Key":"url.scheme","Value":{"Type":"STRING","Value":"http"}}],"StartTime":"2026-01-04T14:34:59.102583194Z","Time":"2026-01-04T14:35:26.099361913Z","Count":1,"Bounds":[0.005,0.01,0.025,0.05,0.075,0.1,0.25,0.5,0.75,1,2.5,5,7.5,10],"BucketCounts":[1,0,0,0,0,0,0,0,0,0,0,0,0,0,0],"Min":0.000158283,"Max":0.000158283,"Sum":0.000158283,"Exemplars":[{"FilteredAttributes":null,"Time":"2026-01-04T14:35:10.120201339Z","Value":0.000158283,"SpanID":"ONq2Y4Uug+E=","TraceID":"1kFSelktxYrAeqy/k1mOcQ=="}]}],"Temporality":"CumulativeTemporality"}}]}]}
{"Resource":[{"Key":"service.name","Value":{"Type":"STRING","Value":"unknown_service:xteve"}},{"Key":"telemetry.sdk.language","Value":{"Type":"STRING","Value":"go"}},{"Key":"telemetry.sdk.name","Value":{"Type":"STRING","Value":"opentelemetry"}},{"Key":"telemetry.sdk.version","Value":{"Type":"STRING","Value":"1.39.0"}}],"ScopeMetrics":[{"Scope":{"Name":"go.opentelemetry.io/contrib/instrumentation/net/http/otelhttp","Version":"0.64.0","SchemaURL":"","Attributes":null},"Metrics":[{"Name":"http.client.request.body.size","Description":"Size of HTTP client request bodies.","Unit":"By","Data":{"DataPoints":[{"Attributes":[{"Key":"http.request.method","Value":{"Type":"STRING","Value":"GET"}},{"Key":"http.response.status_code","Value":{"Type":"INT64","Value":200}},{"Key":"network.protocol.name","Value":{"Type":"STRING","Value":"http"}},{"Key":"network.protocol.version","Value":{"Type":"STRING","Value":"1.1"}},{"Key":"server.address","Value":{"Type":"STRING","Value":"localhost"}},{"Key":"server.port","Value":{"Type":"INT64","Value":8080}},{"Key":"url.scheme","Value":{"Type":"STRING","Value":"http"}}],"StartTime":"2026-01-04T14:34:59.09830608Z","Time":"2026-01-04T14:35:29.09842291Z","Count":2,"Bounds":[0,5,10,25,50,75,100,250,500,750,1000,2500,5000,7500,10000],"BucketCounts":[2,0,0,0,0,0,0,0,0,0,0,0,0,0,0,0],"Min":0,"Max":0,"Sum":0,"Exemplars":[{"FilteredAttributes":null,"Time":"2026-01-04T14:35:10.125685589Z","Value":0,"SpanID":"4X9xeHYp36I=","TraceID":"jY1sibBnMqOo7LvbedhB2w=="}]},{"Attributes":[{"Key":"http.request.method","Value":{"Type":"STRING","Value":"HEAD"}},{"Key":"http.response.status_code","Value":{"Type":"INT64","Value":200}},{"Key":"http.route","Value":{"Type":"STRING","Value":"/dav/"}},{"Key":"network.protocol.name","Value":{"Type":"STRING","Value":"http"}},{"Key":"network.protocol.version","Value":{"Type":"STRING","Value":"1.1"}},{"Key":"server.address","Value":{"Type":"STRING","Value":"localhost"}},{"Key":"server.port","Value":{"Type":"INT64","Value":8080}},{"Key":"url.scheme","Value":{"Type":"STRING","Value":"http"}}],"StartTime":"2026-01-04T14:34:59.09830608Z","Time":"2026-01-04T14:35:29.09842291Z","Count":1,"Bounds":[0,5,10,25,50,75,100,250,500,750,1000,2500,5000,7500,10000],"BucketCounts":[1,0,0,0,0,0,0,0,0,0,0,0,0,0,0,0],"Min":0,"Max":0,"Sum":0,"Exemplars":[{"FilteredAttributes":null,"Time":"2026-01-04T14:35:10.121678885Z","Value":0,"SpanID":"iMZEw0LTSbo=","TraceID":"34Vdj5jA5RpKfjWxilmd6w=="}]},{"Attributes":[{"Key":"http.request.method","Value":{"Type":"STRING","Value":"GET"}},{"Key":"http.response.status_code","Value":{"Type":"INT64","Value":200}},{"Key":"http.route","Value":{"Type":"STRING","Value":"/dav/"}},{"Key":"network.protocol.name","Value":{"Type":"STRING","Value":"http"}},{"Key":"network.protocol.version","Value":{"Type":"STRING","Value":"1.1"}},{"Key":"server.address","Value":{"Type":"STRING","Value":"localhost"}},{"Key":"server.port","Value":{"Type":"INT64","Value":8080}},{"Key":"url.scheme","Value":{"Type":"STRING","Value":"http"}}],"StartTime":"2026-01-04T14:34:59.09830608Z","Time":"2026-01-04T14:35:29.09842291Z","Count":1,"Bounds":[0,5,10,25,50,75,100,250,500,750,1000,2500,5000,7500,10000],"BucketCounts":[1,0,0,0,0,0,0,0,0,0,0,0,0,0,0,0],"Min":0,"Max":0,"Sum":0,"Exemplars":[{"FilteredAttributes":null,"Time":"2026-01-04T14:35:21.269152449Z","Value":0,"SpanID":"ouBaQFw88qU=","TraceID":"CpjIicxYlR3l9gwLzcPjxw=="}]}],"Temporality":"CumulativeTemporality"}},{"Name":"http.client.request.duration","Description":"Duration of HTTP client requests.","Unit":"s","Data":{"DataPoints":[{"Attributes":[{"Key":"http.request.method","Value":{"Type":"STRING","Value":"HEAD"}},{"Key":"http.response.status_code","Value":{"Type":"INT64","Value":200}},{"Key":"http.route","Value":{"Type":"STRING","Value":"/dav/"}},{"Key":"network.protocol.name","Value":{"Type":"STRING","Value":"http"}},{"Key":"network.protocol.version","Value":{"Type":"STRING","Value":"1.1"}},{"Key":"server.address","Value":{"Type":"STRING","Value":"localhost"}},{"Key":"server.port","Value":{"Type":"INT64","Value":8080}},{"Key":"url.scheme","Value":{"Type":"STRING","Value":"http"}}],"StartTime":"2026-01-04T14:34:59.098321501Z","Time":"2026-01-04T14:35:29.098435481Z","Count":1,"Bounds":[0.005,0.01,0.025,0.05,0.075,0.1,0.25,0.5,0.75,1,2.5,5,7.5,10],"BucketCounts":[1,0,0,0,0,0,0,0,0,0,0,0,0,0,0],"Min":0.000534118,"Max":0.000534118,"Sum":0.000534118,"Exemplars":[{"FilteredAttributes":null,"Time":"2026-01-04T14:35:10.121684173Z","Value":0.000534118,"SpanID":"iMZEw0LTSbo=","TraceID":"34Vdj5jA5RpKfjWxilmd6w=="}]},{"Attributes":[{"Key":"http.request.method","Value":{"Type":"STRING","Value":"GET"}},{"Key":"http.response.status_code","Value":{"Type":"INT64","Value":200}},{"Key":"http.route","Value":{"Type":"STRING","Value":"/dav/"}},{"Key":"network.protocol.name","Value":{"Type":"STRING","Value":"http"}},{"Key":"network.protocol.version","Value":{"Type":"STRING","Value":"1.1"}},{"Key":"server.address","Value":{"Type":"STRING","Value":"localhost"}},{"Key":"server.port","Value":{"Type":"INT64","Value":8080}},{"Key":"url.scheme","Value":{"Type":"STRING","Value":"http"}}],"StartTime":"2026-01-04T14:34:59.098321501Z","Time":"2026-01-04T14:35:29.098435481Z","Count":1,"Bounds":[0.005,0.01,0.025,0.05,0.075,0.1,0.25,0.5,0.75,1,2.5,5,7.5,10],"BucketCounts":[0,0,0,0,0,0,0,0,0,0,0,0,0,0,1],"Min":11.145195777000001,"Max":11.145195777000001,"Sum":11.145195777000001,"Exemplars":[{"FilteredAttributes":null,"Time":"2026-01-04T14:35:21.269157987Z","Value":11.145195777000001,"SpanID":"ouBaQFw88qU=","TraceID":"CpjIicxYlR3l9gwLzcPjxw=="}]},{"Attributes":[{"Key":"http.request.method","Value":{"Type":"STRING","Value":"GET"}},{"Key":"http.response.status_code","Value":{"Type":"INT64","Value":200}},{"Key":"network.protocol.name","Value":{"Type":"STRING","Value":"http"}},{"Key":"network.protocol.version","Value":{"Type":"STRING","Value":"1.1"}},{"Key":"server.address","Value":{"Type":"STRING","Value":"localhost"}},{"Key":"server.port","Value":{"Type":"INT64","Value":8080}},{"Key":"url.scheme","Value":{"Type":"STRING","Value":"http"}}],"StartTime":"2026-01-04T14:34:59.098321501Z","Time":"2026-01-04T14:35:29.098435481Z","Count":2,"Bounds":[0.005,0.01,0.025,0.05,0.075,0.1,0.25,0.5,0.75,1,2.5,5,7.5,10],"BucketCounts":[2,0,0,0,0,0,0,0,0,0,0,0,0,0,0],"Min":0.0011447229999999998,"Max":0.001567234,"Sum":0.002711957,"Exemplars":[{"FilteredAttributes":null,"Time":"2026-01-04T14:35:10.125687718Z","Value":0.001567234,"SpanID":"4X9xeHYp36I=","TraceID":"jY1sibBnMqOo7LvbedhB2w=="}]}],"Temporality":"CumulativeTemporality"}},{"Name":"http.server.request.body.size","Description":"Size of HTTP server request bodies.","Unit":"By","Data":{"DataPoints":[{"Attributes":[{"Key":"http.request.method","Value":{"Type":"STRING","Value":"GET"}},{"Key":"http.response.status_code","Value":{"Type":"INT64","Value":200}},{"Key":"http.route","Value":{"Type":"STRING","Value":"/web/"}},{"Key":"network.protocol.name","Value":{"Type":"STRING","Value":"http"}},{"Key":"network.protocol.version","Value":{"Type":"STRING","Value":"1.1"}},{"Key":"server.address","Value":{"Type":"STRING","Value":"localhost"}},{"Key":"server.port","Value":{"Type":"INT64","Value":34400}},{"Key":"url.scheme","Value":{"Type":"STRING","Value":"http"}}],"StartTime":"2026-01-04T14:34:59.102560844Z","Time":"2026-01-04T14:35:29.098565131Z","Count":1,"Bounds":[0,5,10,25,50,75,100,250,500,750,1000,2500,5000,7500,10000],"BucketCounts":[1,0,0,0,0,0,0,0,0,0,0,0,0,0,0,0],"Min":0,"Max":0,"Sum":0,"Exemplars":[{"FilteredAttributes":null,"Time":"2026-01-04T14:35:00.090999452Z","Value":0,"SpanID":"RWLLeZXf39E=","TraceID":"vBFCVhx8Dsc91zE7v6tTBg=="}]},{"Attributes":[{"Key":"http.request.method","Value":{"Type":"STRING","Value":"POST"}},{"Key":"http.response.status_code","Value":{"Type":"INT64","Value":200}},{"Key":"http.route","Value":{"Type":"STRING","Value":"/api/"}},{"Key":"network.protocol.name","Value":{"Type":"STRING","Value":"http"}},{"Key":"network.protocol.version","Value":{"Type":"STRING","Value":"1.1"}},{"Key":"server.address","Value":{"Type":"STRING","Value":"localhost"}},{"Key":"server.port","Value":{"Type":"INT64","Value":34400}},{"Key":"url.scheme","Value":{"Type":"STRING","Value":"http"}}],"StartTime":"2026-01-04T14:34:59.102560844Z","Time":"2026-01-04T14:35:29.098565131Z","Count":1,"Bounds":[0,5,10,25,50,75,100,250,500,750,1000,2500,5000,7500,10000],"BucketCounts":[0,0,0,0,0,1,0,0,0,0,0,0,0,0,0,0],"Min":55,"Max":55,"Sum":55,"Exemplars":[{"FilteredAttributes":null,"Time":"2026-01-04T14:35:00.100781751Z","Value":55,"SpanID":"/4WVA++HxYg=","TraceID":"Td9tVtLVTcz3+PK4egcHyw=="}]},{"Attributes":[{"Key":"http.request.method","Value":{"Type":"STRING","Value":"GET"}},{"Key":"http.response.status_code","Value":{"Type":"INT64","Value":405}},{"Key":"http.route","Value":{"Type":"STRING","Value":"/dav/"}},{"Key":"network.protocol.name","Value":{"Type":"STRING","Value":"http"}},{"Key":"network.protocol.version","Value":{"Type":"STRING","Value":"1.1"}},{"Key":"server.address","Value":{"Type":"STRING","Value":"localhost"}},{"Key":"server.port","Value":{"Type":"INT64","Value":34400}},{"Key":"url.scheme","Value":{"Type":"STRING","Value":"http"}}],"StartTime":"2026-01-04T14:34:59.102560844Z","Time":"2026-01-04T14:35:29.098565131Z","Count":1,"Bounds":[0,5,10,25,50,75,100,250,500,750,1000,2500,5000,7500,10000],"BucketCounts":[1,0,0,0,0,0,0,0,0,0,0,0,0,0,0,0],"Min":0,"Max":0,"Sum":0,"Exemplars":[{"FilteredAttributes":null,"Time":"2026-01-04T14:35:10.120121651Z","Value":0,"SpanID":"ONq2Y4Uug+E=","TraceID":"1kFSelktxYrAeqy/k1mOcQ=="}]},{"Attributes":[{"Key":"http.request.method","Value":{"Type":"STRING","Value":"_OTHER"}},{"Key":"http.response.status_code","Value":{"Type":"INT64","Value":207}},{"Key":"http.route","Value":{"Type":"STRING","Value":"/dav/"}},{"Key":"network.protocol.name","Value":{"Type":"STRING","Value":"http"}},{"Key":"network.protocol.version","Value":{"Type":"STRING","Value":"1.1"}},{"Key":"server.address","Value":{"Type":"STRING","Value":"localhost"}},{"Key":"server.port","Value":{"Type":"INT64","Value":34400}},{"Key":"url.scheme","Value":{"Type":"STRING","Value":"http"}}],"StartTime":"2026-01-04T14:34:59.102560844Z","Time":"2026-01-04T14:35:29.098565131Z","Count":1,"Bounds":[0,5,10,25,50,75,100,250,500,750,1000,2500,5000,7500,10000],"BucketCounts":[1,0,0,0,0,0,0,0,0,0,0,0,0,0,0,0],"Min":0,"Max":0,"Sum":0,"Exemplars":[{"FilteredAttributes":null,"Time":"2026-01-04T14:35:10.121867675Z","Value":0,"SpanID":"dnjXs0vBk2U=","TraceID":"34Vdj5jA5RpKfjWxilmd6w=="}]}],"Temporality":"CumulativeTemporality"}},{"Name":"http.server.response.body.size","Description":"Size of HTTP server response bodies.","Unit":"By","Data":{"DataPoints":[{"Attributes":[{"Key":"http.request.method","Value":{"Type":"STRING","Value":"GET"}},{"Key":"http.response.status_code","Value":{"Type":"INT64","Value":405}},{"Key":"http.route","Value":{"Type":"STRING","Value":"/dav/"}},{"Key":"network.protocol.name","Value":{"Type":"STRING","Value":"http"}},{"Key":"network.protocol.version","Value":{"Type":"STRING","Value":"1.1"}},{"Key":"server.address","Value":{"Type":"STRING","Value":"localhost"}},{"Key":"server.port","Value":{"Type":"INT64","Value":34400}},{"Key":"url.scheme","Value":{"Type":"STRING","Value":"http"}}],"StartTime":"2026-01-04T14:34:59.102574885Z","Time":"2026-01-04T14:35:29.098572115Z","Count":1,"Bounds":[0,5,10,25,50,75,100,250,500,750,1000,2500,5000,7500,10000],"BucketCounts":[0,0,0,1,0,0,0,0,0,0,0,0,0,0,0,0],"Min":18,"Max":18,"Sum":18,"Exemplars":[{"FilteredAttributes":null,"Time":"2026-01-04T14:35:10.120195825Z","Value":18,"SpanID":"ONq2Y4Uug+E=","TraceID":"1kFSelktxYrAeqy/k1mOcQ=="}]},{"Attributes":[{"Key":"http.request.method","Value":{"Type":"STRING","Value":"_OTHER"}},{"Key":"http.response.status_code","Value":{"Type":"INT64","Value":207}},{"Key":"http.route","Value":{"Type":"STRING","Value":"/dav/"}},{"Key":"network.protocol.name","Value":{"Type":"STRING","Value":"http"}},{"Key":"network.protocol.version","Value":{"Type":"STRING","Value":"1.1"}},{"Key":"server.address","Value":{"Type":"STRING","Value":"localhost"}},{"Key":"server.port","Value":{"Type":"INT64","Value":34400}},{"Key":"url.scheme","Value":{"Type":"STRING","Value":"http"}}],"StartTime":"2026-01-04T14:34:59.102574885Z","Time":"2026-01-04T14:35:29.098572115Z","Count":1,"Bounds":[0,5,10,25,50,75,100,250,500,750,1000,2500,5000,7500,10000],"BucketCounts":[0,0,0,0,0,0,0,0,0,0,0,1,0,0,0,0],"Min":1318,"Max":1318,"Sum":1318,"Exemplars":[{"FilteredAttributes":null,"Time":"2026-01-04T14:35:10.12187007Z","Value":1318,"SpanID":"dnjXs0vBk2U=","TraceID":"34Vdj5jA5RpKfjWxilmd6w=="}]},{"Attributes":[{"Key":"http.request.method","Value":{"Type":"STRING","Value":"GET"}},{"Key":"http.response.status_code","Value":{"Type":"INT64","Value":200}},{"Key":"http.route","Value":{"Type":"STRING","Value":"/web/"}},{"Key":"network.protocol.name","Value":{"Type":"STRING","Value":"http"}},{"Key":"network.protocol.version","Value":{"Type":"STRING","Value":"1.1"}},{"Key":"server.address","Value":{"Type":"STRING","Value":"localhost"}},{"Key":"server.port","Value":{"Type":"INT64","Value":34400}},{"Key":"url.scheme","Value":{"Type":"STRING","Value":"http"}}],"StartTime":"2026-01-04T14:34:59.102574885Z","Time":"2026-01-04T14:35:29.098572115Z","Count":1,"Bounds":[0,5,10,25,50,75,100,250,500,750,1000,2500,5000,7500,10000],"BucketCounts":[0,0,0,0,0,0,0,0,0,0,0,1,0,0,0,0],"Min":1920,"Max":1920,"Sum":1920,"Exemplars":[{"FilteredAttributes":null,"Time":"2026-01-04T14:35:00.091005829Z","Value":1920,"SpanID":"RWLLeZXf39E=","TraceID":"vBFCVhx8Dsc91zE7v6tTBg=="}]},{"Attributes":[{"Key":"http.request.method","Value":{"Type":"STRING","Value":"POST"}},{"Key":"http.response.status_code","Value":{"Type":"INT64","Value":200}},{"Key":"http.route","Value":{"Type":"STRING","Value":"/api/"}},{"Key":"network.protocol.name","Value":{"Type":"STRING","Value":"http"}},{"Key":"network.protocol.version","Value":{"Type":"STRING","Value":"1.1"}},{"Key":"server.address","Value":{"Type":"STRING","Value":"localhost"}},{"Key":"server.port","Value":{"Type":"INT64","Value":34400}},{"Key":"url.scheme","Value":{"Type":"STRING","Value":"http"}}],"StartTime":"2026-01-04T14:34:59.102574885Z","Time":"2026-01-04T14:35:29.098572115Z","Count":1,"Bounds":[0,5,10,25,50,75,100,250,500,750,1000,2500,5000,7500,10000],"BucketCounts":[0,0,0,0,0,0,0,0,1,0,0,0,0,0,0,0],"Min":374,"Max":374,"Sum":374,"Exemplars":[{"FilteredAttributes":null,"Time":"2026-01-04T14:35:00.100790609Z","Value":374,"SpanID":"/4WVA++HxYg=","TraceID":"Td9tVtLVTcz3+PK4egcHyw=="}]}],"Temporality":"CumulativeTemporality"}},{"Name":"http.server.request.duration","Description":"Duration of HTTP server requests.","Unit":"s","Data":{"DataPoints":[{"Attributes":[{"Key":"http.request.method","Value":{"Type":"STRING","Value":"GET"}},{"Key":"http.response.status_code","Value":{"Type":"INT64","Value":200}},{"Key":"http.route","Value":{"Type":"STRING","Value":"/web/"}},{"Key":"network.protocol.name","Value":{"Type":"STRING","Value":"http"}},{"Key":"network.protocol.version","Value":{"Type":"STRING","Value":"1.1"}},{"Key":"server.address","Value":{"Type":"STRING","Value":"localhost"}},{"Key":"server.port","Value":{"Type":"INT64","Value":34400}},{"Key":"url.scheme","Value":{"Type":"STRING","Value":"http"}}],"StartTime":"2026-01-04T14:34:59.102583194Z","Time":"2026-01-04T14:35:29.098576707Z","Count":1,"Bounds":[0.005,0.01,0.025,0.05,0.075,0.1,0.25,0.5,0.75,1,2.5,5,7.5,10],"BucketCounts":[1,0,0,0,0,0,0,0,0,0,0,0,0,0,0],"Min":0.0009576550000000001,"Max":0.0009576550000000001,"Sum":0.0009576550000000001,"Exemplars":[{"FilteredAttributes":null,"Time":"2026-01-04T14:35:00.091011746Z","Value":0.0009576550000000001,"SpanID":"RWLLeZXf39E=","TraceID":"vBFCVhx8Dsc91zE7v6tTBg=="}]},{"Attributes":[{"Key":"http.request.method","Value":{"Type":"STRING","Value":"POST"}},{"Key":"http.response.status_code","Value":{"Type":"INT64","Value":200}},{"Key":"http.route","Value":{"Type":"STRING","Value":"/api/"}},{"Key":"network.protocol.name","Value":{"Type":"STRING","Value":"http"}},{"Key":"network.protocol.version","Value":{"Type":"STRING","Value":"1.1"}},{"Key":"server.address","Value":{"Type":"STRING","Value":"localhost"}},{"Key":"server.port","Value":{"Type":"INT64","Value":34400}},{"Key":"url.scheme","Value":{"Type":"STRING","Value":"http"}}],"StartTime":"2026-01-04T14:34:59.102583194Z","Time":"2026-01-04T14:35:29.098576707Z","Count":1,"Bounds":[0.005,0.01,0.025,0.05,0.075,0.1,0.25,0.5,0.75,1,2.5,5,7.5,10],"BucketCounts":[1,0,0,0,0,0,0,0,0,0,0,0,0,0,0],"Min":0.000270237,"Max":0.000270237,"Sum":0.000270237,"Exemplars":[{"FilteredAttributes":null,"Time":"2026-01-04T14:35:00.100823751Z","Value":0.000270237,"SpanID":"/4WVA++HxYg=","TraceID":"Td9tVtLVTcz3+PK4egcHyw=="}]},{"Attributes":[{"Key":"http.request.method","Value":{"Type":"STRING","Value":"GET"}},{"Key":"http.response.status_code","Value":{"Type":"INT64","Value":405}},{"Key":"http.route","Value":{"Type":"STRING","Value":"/dav/"}},{"Key":"network.protocol.name","Value":{"Type":"STRING","Value":"http"}},{"Key":"network.protocol.version","Value":{"Type":"STRING","Value":"1.1"}},{"Key":"server.address","Value":{"Type":"STRING","Value":"localhost"}},{"Key":"server.port","Value":{"Type":"INT64","Value":34400}},{"Key":"url.scheme","Value":{"Type":"STRING","Value":"http"}}],"StartTime":"2026-01-04T14:34:59.102583194Z","Time":"2026-01-04T14:35:29.098576707Z","Count":1,"Bounds":[0.005,0.01,0.025,0.05,0.075,0.1,0.25,0.5,0.75,1,2.5,5,7.5,10],"BucketCounts":[1,0,0,0,0,0,0,0,0,0,0,0,0,0,0],"Min":0.000158283,"Max":0.000158283,"Sum":0.000158283,"Exemplars":[{"FilteredAttributes":null,"Time":"2026-01-04T14:35:10.120201339Z","Value":0.000158283,"SpanID":"ONq2Y4Uug+E=","TraceID":"1kFSelktxYrAeqy/k1mOcQ=="}]},{"Attributes":[{"Key":"http.request.method","Value":{"Type":"STRING","Value":"_OTHER"}},{"Key":"http.response.status_code","Value":{"Type":"INT64","Value":207}},{"Key":"http.route","Value":{"Type":"STRING","Value":"/dav/"}},{"Key":"network.protocol.name","Value":{"Type":"STRING","Value":"http"}},{"Key":"network.protocol.version","Value":{"Type":"STRING","Value":"1.1"}},{"Key":"server.address","Value":{"Type":"STRING","Value":"localhost"}},{"Key":"server.port","Value":{"Type":"INT64","Value":34400}},{"Key":"url.scheme","Value":{"Type":"STRING","Value":"http"}}],"StartTime":"2026-01-04T14:34:59.102583194Z","Time":"2026-01-04T14:35:29.098576707Z","Count":1,"Bounds":[0.005,0.01,0.025,0.05,0.075,0.1,0.25,0.5,0.75,1,2.5,5,7.5,10],"BucketCounts":[1,0,0,0,0,0,0,0,0,0,0,0,0,0,0],"Min":0.001155172,"Max":0.001155172,"Sum":0.001155172,"Exemplars":[{"FilteredAttributes":null,"Time":"2026-01-04T14:35:10.121873583Z","Value":0.001155172,"SpanID":"dnjXs0vBk2U=","TraceID":"34Vdj5jA5RpKfjWxilmd6w=="}]}],"Temporality":"CumulativeTemporality"}}]}]}
[0m2026/01/04 14:35:31 [xTeVe] Buffer:                 false [-]
[0m[0m2026/01/04 14:35:31 [xTeVe] Channel Name:           Test Redirect Stream 6
[0m[0m2026/01/04 14:35:31 [xTeVe] Client User-Agent:      Go-http-client/1.1
[0m[0m2026/01/04 14:35:31 [xTeVe] Streaming URL:          http://localhost:8080/redirect-stream/6
[0m[0m2026/01/04 14:35:31 [xTeVe] Streaming Info:         URL was passed to the client.
[0m[0m2026/01/04 14:35:31 [xTeVe] Streaming Info:         xTeVe is no longer involved, the client connects directly to the streaming server.
[0m{"Resource":[{"Key":"service.name","Value":{"Type":"STRING","Value":"unknown_service:xteve"}},{"Key":"telemetry.sdk.language","Value":{"Type":"STRING","Value":"go"}},{"Key":"telemetry.sdk.name","Value":{"Type":"STRING","Value":"opentelemetry"}},{"Key":"telemetry.sdk.version","Value":{"Type":"STRING","Value":"1.39.0"}}],"ScopeMetrics":[{"Scope":{"Name":"go.opentelemetry.io/contrib/instrumentation/net/http/otelhttp","Version":"0.64.0","SchemaURL":"","Attributes":null},"Metrics":[{"Name":"http.client.request.body.size","Description":"Size of HTTP client request bodies.","Unit":"By","Data":{"DataPoints":[{"Attributes":[{"Key":"http.request.method","Value":{"Type":"STRING","Value":"HEAD"}},{"Key":"http.response.status_code","Value":{"Type":"INT64","Value":200}},{"Key":"http.route","Value":{"Type":"STRING","Value":"/dav/"}},{"Key":"network.protocol.name","Value":{"Type":"STRING","Value":"http"}},{"Key":"network.protocol.version","Value":{"Type":"STRING","Value":"1.1"}},{"Key":"server.address","Value":{"Type":"STRING","Value":"localhost"}},{"Key":"server.port","Value":{"Type":"INT64","Value":8080}},{"Key":"url.scheme","Value":{"Type":"STRING","Value":"http"}}],"StartTime":"2026-01-04T14:34:59.09830608Z","Time":"2026-01-04T14:35:32.098832586Z","Count":1,"Bounds":[0,5,10,25,50,75,100,250,500,750,1000,2500,5000,7500,10000],"BucketCounts":[1,0,0,0,0,0,0,0,0,0,0,0,0,0,0,0],"Min":0,"Max":0,"Sum":0,"Exemplars":[{"FilteredAttributes":null,"Time":"2026-01-04T14:35:10.121678885Z","Value":0,"SpanID":"iMZEw0LTSbo=","TraceID":"34Vdj5jA5RpKfjWxilmd6w=="}]},{"Attributes":[{"Key":"http.request.method","Value":{"Type":"STRING","Value":"GET"}},{"Key":"http.response.status_code","Value":{"Type":"INT64","Value":200}},{"Key":"http.route","Value":{"Type":"STRING","Value":"/dav/"}},{"Key":"network.protocol.name","Value":{"Type":"STRING","Value":"http"}},{"Key":"network.protocol.version","Value":{"Type":"STRING","Value":"1.1"}},{"Key":"server.address","Value":{"Type":"STRING","Value":"localhost"}},{"Key":"server.port","Value":{"Type":"INT64","Value":8080}},{"Key":"url.scheme","Value":{"Type":"STRING","Value":"http"}}],"StartTime":"2026-01-04T14:34:59.09830608Z","Time":"2026-01-04T14:35:32.098832586Z","Count":1,"Bounds":[0,5,10,25,50,75,100,250,500,750,1000,2500,5000,7500,10000],"BucketCounts":[1,0,0,0,0,0,0,0,0,0,0,0,0,0,0,0],"Min":0,"Max":0,"Sum":0,"Exemplars":[{"FilteredAttributes":null,"Time":"2026-01-04T14:35:21.269152449Z","Value":0,"SpanID":"ouBaQFw88qU=","TraceID":"CpjIicxYlR3l9gwLzcPjxw=="}]},{"Attributes":[{"Key":"http.request.method","Value":{"Type":"STRING","Value":"GET"}},{"Key":"http.response.status_code","Value":{"Type":"INT64","Value":200}},{"Key":"network.protocol.name","Value":{"Type":"STRING","Value":"http"}},{"Key":"network.protocol.version","Value":{"Type":"STRING","Value":"1.1"}},{"Key":"server.address","Value":{"Type":"STRING","Value":"localhost"}},{"Key":"server.port","Value":{"Type":"INT64","Value":8080}},{"Key":"url.scheme","Value":{"Type":"STRING","Value":"http"}}],"StartTime":"2026-01-04T14:34:59.09830608Z","Time":"2026-01-04T14:35:32.098832586Z","Count":2,"Bounds":[0,5,10,25,50,75,100,250,500,750,1000,2500,5000,7500,10000],"BucketCounts":[2,0,0,0,0,0,0,0,0,0,0,0,0,0,0,0],"Min":0,"Max":0,"Sum":0,"Exemplars":[{"FilteredAttributes":null,"Time":"2026-01-04T14:35:10.125685589Z","Value":0,"SpanID":"4X9xeHYp36I=","TraceID":"jY1sibBnMqOo7LvbedhB2w=="}]}],"Temporality":"CumulativeTemporality"}},{"Name":"http.client.request.duration","Description":"Duration of HTTP client requests.","Unit":"s","Data":{"DataPoints":[{"Attributes":[{"Key":"http.request.method","Value":{"Type":"STRING","Value":"HEAD"}},{"Key":"http.response.status_code","Value":{"Type":"INT64","Value":200}},{"Key":"http.route","Value":{"Type":"STRING","Value":"/dav/"}},{"Key":"network.protocol.name","Value":{"Type":"STRING","Value":"http"}},{"Key":"network.protocol.version","Value":{"Type":"STRING","Value":"1.1"}},{"Key":"server.address","Value":{"Type":"STRING","Value":"localhost"}},{"Key":"server.port","Value":{"Type":"INT64","Value":8080}},{"Key":"url.scheme","Value":{"Type":"STRING","Value":"http"}}],"StartTime":"2026-01-04T14:34:59.098321501Z","Time":"2026-01-04T14:35:32.098867044Z","Count":1,"Bounds":[0.005,0.01,0.025,0.05,0.075,0.1,0.25,0.5,0.75,1,2.5,5,7.5,10],"BucketCounts":[1,0,0,0,0,0,0,0,0,0,0,0,0,0,0],"Min":0.000534118,"Max":0.000534118,"Sum":0.000534118,"Exemplars":[{"FilteredAttributes":null,"Time":"2026-01-04T14:35:10.121684173Z","Value":0.000534118,"SpanID":"iMZEw0LTSbo=","TraceID":"34Vdj5jA5RpKfjWxilmd6w=="}]},{"Attributes":[{"Key":"http.request.method","Value":{"Type":"STRING","Value":"GET"}},{"Key":"http.response.status_code","Value":{"Type":"INT64","Value":200}},{"Key":"http.route","Value":{"Type":"STRING","Value":"/dav/"}},{"Key":"network.protocol.name","Value":{"Type":"STRING","Value":"http"}},{"Key":"network.protocol.version","Value":{"Type":"STRING","Value":"1.1"}},{"Key":"server.address","Value":{"Type":"STRING","Value":"localhost"}},{"Key":"server.port","Value":{"Type":"INT64","Value":8080}},{"Key":"url.scheme","Value":{"Type":"STRING","Value":"http"}}],"StartTime":"2026-01-04T14:34:59.098321501Z","Time":"2026-01-04T14:35:32.098867044Z","Count":1,"Bounds":[0.005,0.01,0.025,0.05,0.075,0.1,0.25,0.5,0.75,1,2.5,5,7.5,10],"BucketCounts":[0,0,0,0,0,0,0,0,0,0,0,0,0,0,1],"Min":11.145195777000001,"Max":11.145195777000001,"Sum":11.145195777000001,"Exemplars":[{"FilteredAttributes":null,"Time":"2026-01-04T14:35:21.269157987Z","Value":11.145195777000001,"SpanID":"ouBaQFw88qU=","TraceID":"CpjIicxYlR3l9gwLzcPjxw=="}]},{"Attributes":[{"Key":"http.request.method","Value":{"Type":"STRING","Value":"GET"}},{"Key":"http.response.status_code","Value":{"Type":"INT64","Value":200}},{"Key":"network.protocol.name","Value":{"Type":"STRING","Value":"http"}},{"Key":"network.protocol.version","Value":{"Type":"STRING","Value":"1.1"}},{"Key":"server.address","Value":{"Type":"STRING","Value":"localhost"}},{"Key":"server.port","Value":{"Type":"INT64","Value":8080}},{"Key":"url.scheme","Value":{"Type":"STRING","Value":"http"}}],"StartTime":"2026-01-04T14:34:59.098321501Z","Time":"2026-01-04T14:35:32.098867044Z","Count":2,"Bounds":[0.005,0.01,0.025,0.05,0.075,0.1,0.25,0.5,0.75,1,2.5,5,7.5,10],"BucketCounts":[2,0,0,0,0,0,0,0,0,0,0,0,0,0,0],"Min":0.0011447229999999998,"Max":0.001567234,"Sum":0.002711957,"Exemplars":[{"FilteredAttributes":null,"Time":"2026-01-04T14:35:10.125687718Z","Value":0.001567234,"SpanID":"4X9xeHYp36I=","TraceID":"jY1sibBnMqOo7LvbedhB2w=="}]}],"Temporality":"CumulativeTemporality"}},{"Name":"http.server.request.body.size","Description":"Size of HTTP server request bodies.","Unit":"By","Data":{"DataPoints":[{"Attributes":[{"Key":"http.request.method","Value":{"Type":"STRING","Value":"POST"}},{"Key":"http.response.status_code","Value":{"Type":"INT64","Value":200}},{"Key":"http.route","Value":{"Type":"STRING","Value":"/api/"}},{"Key":"network.protocol.name","Value":{"Type":"STRING","Value":"http"}},{"Key":"network.protocol.version","Value":{"Type":"STRING","Value":"1.1"}},{"Key":"server.address","Value":{"Type":"STRING","Value":"localhost"}},{"Key":"server.port","Value":{"Type":"INT64","Value":34400}},{"Key":"url.scheme","Value":{"Type":"STRING","Value":"http"}}],"StartTime":"2026-01-04T14:34:59.102560844Z","Time":"2026-01-04T14:35:32.098873902Z","Count":1,"Bounds":[0,5,10,25,50,75,100,250,500,750,1000,2500,5000,7500,10000],"BucketCounts":[0,0,0,0,0,1,0,0,0,0,0,0,0,0,0,0],"Min":55,"Max":55,"Sum":55,"Exemplars":[{"FilteredAttributes":null,"Time":"2026-01-04T14:35:00.100781751Z","Value":55,"SpanID":"/4WVA++HxYg=","TraceID":"Td9tVtLVTcz3+PK4egcHyw=="}]},{"Attributes":[{"Key":"http.request.method","Value":{"Type":"STRING","Value":"GET"}},{"Key":"http.response.status_code","Value":{"Type":"INT64","Value":405}},{"Key":"http.route","Value":{"Type":"STRING","Value":"/dav/"}},{"Key":"network.protocol.name","Value":{"Type":"STRING","Value":"http"}},{"Key":"network.protocol.version","Value":{"Type":"STRING","Value":"1.1"}},{"Key":"server.address","Value":{"Type":"STRING","Value":"localhost"}},{"Key":"server.port","Value":{"Type":"INT64","Value":34400}},{"Key":"url.scheme","Value":{"Type":"STRING","Value":"http"}}],"StartTime":"2026-01-04T14:34:59.102560844Z","Time":"2026-01-04T14:35:32.098873902Z","Count":2,"Bounds":[0,5,10,25,50,75,100,250,500,750,1000,2500,5000,7500,10000],"BucketCounts":[2,0,0,0,0,0,0,0,0,0,0,0,0,0,0,0],"Min":0,"Max":0,"Sum":0,"Exemplars":[{"FilteredAttributes":null,"Time":"2026-01-04T14:35:31.864176218Z","Value":0,"SpanID":"0BeqLXv3oQY=","TraceID":"1ZZp5ISTCeMoGrS/s3gdaw=="}]},{"Attributes":[{"Key":"http.request.method","Value":{"Type":"STRING","Value":"_OTHER"}},{"Key":"http.response.status_code","Value":{"Type":"INT64","Value":207}},{"Key":"http.route","Value":{"Type":"STRING","Value":"/dav/"}},{"Key":"network.protocol.name","Value":{"Type":"STRING","Value":"http"}},{"Key":"network.protocol.version","Value":{"Type":"STRING","Value":"1.1"}},{"Key":"server.address","Value":{"Type":"STRING","Value":"localhost"}},{"Key":"server.port","Value":{"Type":"INT64","Value":34400}},{"Key":"url.scheme","Value":{"Type":"STRING","Value":"http"}}],"StartTime":"2026-01-04T14:34:59.102560844Z","Time":"2026-01-04T14:35:32.098873902Z","Count":1,"Bounds":[0,5,10,25,50,75,100,250,500,750,1000,2500,5000,7500,10000],"BucketCounts":[1,0,0,0,0,0,0,0,0,0,0,0,0,0,0,0],"Min":0,"Max":0,"Sum":0,"Exemplars":[{"FilteredAttributes":null,"Time":"2026-01-04T14:35:10.121867675Z","Value":0,"SpanID":"dnjXs0vBk2U=","TraceID":"34Vdj5jA5RpKfjWxilmd6w=="}]},{"Attributes":[{"Key":"http.request.method","Value":{"Type":"STRING","Value":"GET"}},{"Key":"http.response.status_code","Value":{"Type":"INT64","Value":200}},{"Key":"http.route","Value":{"Type":"STRING","Value":"/dav/"}},{"Key":"network.protocol.name","Value":{"Type":"STRING","Value":"http"}},{"Key":"network.protocol.version","Value":{"Type":"STRING","Value":"1.1"}},{"Key":"server.address","Value":{"Type":"STRING","Value":"localhost"}},{"Key":"server.port","Value":{"Type":"INT64","Value":34400}},{"Key":"url.scheme","Value":{"Type":"STRING","Value":"http"}}],"StartTime":"2026-01-04T14:34:59.102560844Z","Time":"2026-01-04T14:35:32.098873902Z","Count":1,"Bounds":[0,5,10,25,50,75,100,250,500,750,1000,2500,5000,7500,10000],"BucketCounts":[1,0,0,0,0,0,0,0,0,0,0,0,0,0,0,0],"Min":0,"Max":0,"Sum":0,"Exemplars":[{"FilteredAttributes":null,"Time":"2026-01-04T14:35:31.861728487Z","Value":0,"SpanID":"Nwr6MtDb/Fc=","TraceID":"CpjIicxYlR3l9gwLzcPjxw=="}]},{"Attributes":[{"Key":"http.request.method","Value":{"Type":"STRING","Value":"GET"}},{"Key":"http.response.status_code","Value":{"Type":"INT64","Value":200}},{"Key":"http.route","Value":{"Type":"STRING","Value":"/m3u/"}},{"Key":"network.protocol.name","Value":{"Type":"STRING","Value":"http"}},{"Key":"network.protocol.version","Value":{"Type":"STRING","Value":"1.1"}},{"Key":"server.address","Value":{"Type":"STRING","Value":"localhost"}},{"Key":"server.port","Value":{"Type":"INT64","Value":34400}},{"Key":"url.scheme","Value":{"Type":"STRING","Value":"http"}}],"StartTime":"2026-01-04T14:34:59.102560844Z","Time":"2026-01-04T14:35:32.098873902Z","Count":1,"Bounds":[0,5,10,25,50,75,100,250,500,750,1000,2500,5000,7500,10000],"BucketCounts":[1,0,0,0,0,0,0,0,0,0,0,0,0,0,0,0],"Min":0,"Max":0,"Sum":0,"Exemplars":[{"FilteredAttributes":null,"Time":"2026-01-04T14:35:31.864812353Z","Value":0,"SpanID":"m6yD7iOFnx8=","TraceID":"/83ouML4Xszkl7t8aUBi/Q=="}]},{"Attributes":[{"Key":"http.request.method","Value":{"Type":"STRING","Value":"GET"}},{"Key":"http.response.status_code","Value":{"Type":"INT64","Value":302}},{"Key":"http.route","Value":{"Type":"STRING","Value":"/stream/"}},{"Key":"network.protocol.name","Value":{"Type":"STRING","Value":"http"}},{"Key":"network.protocol.version","Value":{"Type":"STRING","Value":"1.1"}},{"Key":"server.address","Value":{"Type":"STRING","Value":"localhost"}},{"Key":"server.port","Value":{"Type":"INT64","Value":34400}},{"Key":"url.scheme","Value":{"Type":"STRING","Value":"http"}}],"StartTime":"2026-01-04T14:34:59.102560844Z","Time":"2026-01-04T14:35:32.098873902Z","Count":1,"Bounds":[0,5,10,25,50,75,100,250,500,750,1000,2500,5000,7500,10000],"BucketCounts":[1,0,0,0,0,0,0,0,0,0,0,0,0,0,0,0],"Min":0,"Max":0,"Sum":0,"Exemplars":[{"FilteredAttributes":null,"Time":"2026-01-04T14:35:31.865390801Z","Value":0,"SpanID":"tF2YpvVsqEY=","TraceID":"x3yzfVUChEfvR3VJfZcUBg=="}]},{"Attributes":[{"Key":"http.request.method","Value":{"Type":"STRING","Value":"GET"}},{"Key":"http.response.status_code","Value":{"Type":"INT64","Value":200}},{"Key":"http.route","Value":{"Type":"STRING","Value":"/web/"}},{"Key":"network.protocol.name","Value":{"Type":"STRING","Value":"http"}},{"Key":"network.protocol.version","Value":{"Type":"STRING","Value":"1.1"}},{"Key":"server.address","Value":{"Type":"STRING","Value":"localhost"}},{"Key":"server.port","Value":{"Type":"INT64","Value":34400}},{"Key":"url.scheme","Value":{"Type":"STRING","Value":"http"}}],"StartTime":"2026-01-04T14:34:59.102560844Z","Time":"2026-01-04T14:35:32.098873902Z","Count":1,"Bounds":[0,5,10,25,50,75,100,250,500,750,1000,2500,5000,7500,10000],"BucketCounts":[1,0,0,0,0,0,0,0,0,0,0,0,0,0,0,0],"Min":0,"Max":0,"Sum":0,"Exemplars":[{"FilteredAttributes":null,"Time":"2026-01-04T14:35:00.090999452Z","Value":0,"SpanID":"RWLLeZXf39E=","TraceID":"vBFCVhx8Dsc91zE7v6tTBg=="}]}],"Temporality":"CumulativeTemporality"}},{"Name":"http.server.response.body.size","Description":"Size of HTTP server response bodies.","Unit":"By","Data":{"DataPoints":[{"Attributes":[{"Key":"http.request.method","Value":{"Type":"STRING","Value":"_OTHER"}},{"Key":"http.response.status_code","Value":{"Type":"INT64","Value":207}},{"Key":"http.route","Value":{"Type":"STRING","Value":"/dav/"}},{"Key":"network.protocol.name","Value":{"Type":"STRING","Value":"http"}},{"Key":"network.protocol.version","Value":{"Type":"STRING","Value":"1.1"}},{"Key":"server.address","Value":{"Type":"STRING","Value":"localhost"}},{"Key":"server.port","Value":{"Type":"INT64","Value":34400}},{"Key":"url.scheme","Value":{"Type":"STRING","Value":"http"}}],"StartTime":"2026-01-04T14:34:59.102574885Z","Time":"2026-01-04T14:35:32.098895458Z","Count":1,"Bounds":[0,5,10,25,50,75,100,250,500,750,1000,2500,5000,7500,10000],"BucketCounts":[0,0,0,0,0,0,0,0,0,0,0,1,0,0,0,0],"Min":1318,"Max":1318,"Sum":1318,"Exemplars":[{"FilteredAttributes":null,"Time":"2026-01-04T14:35:10.12187007Z","Value":1318,"SpanID":"dnjXs0vBk2U=","TraceID":"34Vdj5jA5RpKfjWxilmd6w=="}]},{"Attributes":[{"Key":"http.request.method","Value":{"Type":"STRING","Value":"GET"}},{"Key":"http.response.status_code","Value":{"Type":"INT64","Value":200}},{"Key":"http.route","Value":{"Type":"STRING","Value":"/dav/"}},{"Key":"network.protocol.name","Value":{"Type":"STRING","Value":"http"}},{"Key":"network.protocol.version","Value":{"Type":"STRING","Value":"1.1"}},{"Key":"server.address","Value":{"Type":"STRING","Value":"localhost"}},{"Key":"server.port","Value":{"Type":"INT64","Value":34400}},{"Key":"url.scheme","Value":{"Type":"STRING","Value":"http"}}],"StartTime":"2026-01-04T14:34:59.102574885Z","Time":"2026-01-04T14:35:32.098895458Z","Count":1,"Bounds":[0,5,10,25,50,75,100,250,500,750,1000,2500,5000,7500,10000],"BucketCounts":[1,0,0,0,0,0,0,0,0,0,0,0,0,0,0,0],"Min":0,"Max":0,"Sum":0,"Exemplars":[{"FilteredAttributes":null,"Time":"2026-01-04T14:35:31.861745879Z","Value":0,"SpanID":"Nwr6MtDb/Fc=","TraceID":"CpjIicxYlR3l9gwLzcPjxw=="}]},{"Attributes":[{"Key":"http.request.method","Value":{"Type":"STRING","Value":"GET"}},{"Key":"http.response.status_code","Value":{"Type":"INT64","Value":200}},{"Key":"http.route","Value":{"Type":"STRING","Value":"/m3u/"}},{"Key":"network.protocol.name","Value":{"Type":"STRING","Value":"http"}},{"Key":"network.protocol.version","Value":{"Type":"STRING","Value":"1.1"}},{"Key":"server.address","Value":{"Type":"STRING","Value":"localhost"}},{"Key":"server.port","Value":{"Type":"INT64","Value":34400}},{"Key":"url.scheme","Value":{"Type":"STRING","Value":"http"}}],"StartTime":"2026-01-04T14:34:59.102574885Z","Time":"2026-01-04T14:35:32.098895458Z","Count":1,"Bounds":[0,5,10,25,50,75,100,250,500,750,1000,2500,5000,7500,10000],"BucketCounts":[0,0,0,0,0,0,0,0,0,0,0,1,0,0,0,0],"Min":1580,"Max":1580,"Sum":1580,"Exemplars":[{"FilteredAttributes":null,"Time":"2026-01-04T14:35:31.864818398Z","Value":1580,"SpanID":"m6yD7iOFnx8=","TraceID":"/83ouML4Xszkl7t8aUBi/Q=="}]},{"Attributes":[{"Key":"http.request.method","Value":{"Type":"STRING","Value":"GET"}},{"Key":"http.response.status_code","Value":{"Type":"INT64","Value":302}},{"Key":"http.route","Value":{"Type":"STRING","Value":"/stream/"}},{"Key":"network.protocol.name","Value":{"Type":"STRING","Value":"http"}},{"Key":"network.protocol.version","Value":{"Type":"STRING","Value":"1.1"}},{"Key":"server.address","Value":{"Type":"STRING","Value":"localhost"}},{"Key":"server.port","Value":{"Type":"INT64","Value":34400}},{"Key":"url.scheme","Value":{"Type":"STRING","Value":"http"}}],"StartTime":"2026-01-04T14:34:59.102574885Z","Time":"2026-01-04T14:35:32.098895458Z","Count":1,"Bounds":[0,5,10,25,50,75,100,250,500,750,1000,2500,5000,7500,10000],"BucketCounts":[0,0,0,0,0,1,0,0,0,0,0,0,0,0,0,0],"Min":62,"Max":62,"Sum":62,"Exemplars":[{"FilteredAttributes":null,"Time":"2026-01-04T14:35:31.865393981Z","Value":62,"SpanID":"tF2YpvVsqEY=","TraceID":"x3yzfVUChEfvR3VJfZcUBg=="}]},{"Attributes":[{"Key":"http.request.method","Value":{"Type":"STRING","Value":"GET"}},{"Key":"http.response.status_code","Value":{"Type":"INT64","Value":200}},{"Key":"http.route","Value":{"Type":"STRING","Value":"/web/"}},{"Key":"network.protocol.name","Value":{"Type":"STRING","Value":"http"}},{"Key":"network.protocol.version","Value":{"Type":"STRING","Value":"1.1"}},{"Key":"server.address","Value":{"Type":"STRING","Value":"localhost"}},{"Key":"server.port","Value":{"Type":"INT64","Value":34400}},{"Key":"url.scheme","Value":{"Type":"STRING","Value":"http"}}],"StartTime":"2026-01-04T14:34:59.102574885Z","Time":"2026-01-04T14:35:32.098895458Z","Count":1,"Bounds":[0,5,10,25,50,75,100,250,500,750,1000,2500,5000,7500,10000],"BucketCounts":[0,0,0,0,0,0,0,0,0,0,0,1,0,0,0,0],"Min":1920,"Max":1920,"Sum":1920,"Exemplars":[{"FilteredAttributes":null,"Time":"2026-01-04T14:35:00.091005829Z","Value":1920,"SpanID":"RWLLeZXf39E=","TraceID":"vBFCVhx8Dsc91zE7v6tTBg=="}]},{"Attributes":[{"Key":"http.request.method","Value":{"Type":"STRING","Value":"POST"}},{"Key":"http.response.status_code","Value":{"Type":"INT64","Value":200}},{"Key":"http.route","Value":{"Type":"STRING","Value":"/api/"}},{"Key":"network.protocol.name","Value":{"Type":"STRING","Value":"http"}},{"Key":"network.protocol.version","Value":{"Type":"STRING","Value":"1.1"}},{"Key":"server.address","Value":{"Type":"STRING","Value":"localhost"}},{"Key":"server.port","Value":{"Type":"INT64","Value":34400}},{"Key":"url.scheme","Value":{"Type":"STRING","Value":"http"}}],"StartTime":"2026-01-04T14:34:59.102574885Z","Time":"2026-01-04T14:35:32.098895458Z","Count":1,"Bounds":[0,5,10,25,50,75,100,250,500,750,1000,2500,5000,7500,10000],"BucketCounts":[0,0,0,0,0,0,0,0,1,0,0,0,0,0,0,0],"Min":374,"Max":374,"Sum":374,"Exemplars":[{"FilteredAttributes":null,"Time":"2026-01-04T14:35:00.100790609Z","Value":374,"SpanID":"/4WVA++HxYg=","TraceID":"Td9tVtLVTcz3+PK4egcHyw=="}]},{"Attributes":[{"Key":"http.request.method","Value":{"Type":"STRING","Value":"GET"}},{"Key":"http.response.status_code","Value":{"Type":"INT64","Value":405}},{"Key":"http.route","Value":{"Type":"STRING","Value":"/dav/"}},{"Key":"network.protocol.name","Value":{"Type":"STRING","Value":"http"}},{"Key":"network.protocol.version","Value":{"Type":"STRING","Value":"1.1"}},{"Key":"server.address","Value":{"Type":"STRING","Value":"localhost"}},{"Key":"server.port","Value":{"Type":"INT64","Value":34400}},{"Key":"url.scheme","Value":{"Type":"STRING","Value":"http"}}],"StartTime":"2026-01-04T14:34:59.102574885Z","Time":"2026-01-04T14:35:32.098895458Z","Count":2,"Bounds":[0,5,10,25,50,75,100,250,500,750,1000,2500,5000,7500,10000],"BucketCounts":[0,0,0,2,0,0,0,0,0,0,0,0,0,0,0,0],"Min":18,"Max":18,"Sum":36,"Exemplars":[{"FilteredAttributes":null,"Time":"2026-01-04T14:35:31.864178927Z","Value":18,"SpanID":"0BeqLXv3oQY=","TraceID":"1ZZp5ISTCeMoGrS/s3gdaw=="}]}],"Temporality":"CumulativeTemporality"}},{"Name":"http.server.request.duration","Description":"Duration of HTTP server requests.","Unit":"s","Data":{"DataPoints":[{"Attributes":[{"Key":"http.request.method","Value":{"Type":"STRING","Value":"POST"}},{"Key":"http.response.status_code","Value":{"Type":"INT64","Value":200}},{"Key":"http.route","Value":{"Type":"STRING","Value":"/api/"}},{"Key":"network.protocol.name","Value":{"Type":"STRING","Value":"http"}},{"Key":"network.protocol.version","Value":{"Type":"STRING","Value":"1.1"}},{"Key":"server.address","Value":{"Type":"STRING","Value":"localhost"}},{"Key":"server.port","Value":{"Type":"INT64","Value":34400}},{"Key":"url.scheme","Value":{"Type":"STRING","Value":"http"}}],"StartTime":"2026-01-04T14:34:59.102583194Z","Time":"2026-01-04T14:35:32.098904609Z","Count":1,"Bounds":[0.005,0.01,0.025,0.05,0.075,0.1,0.25,0.5,0.75,1,2.5,5,7.5,10],"BucketCounts":[1,0,0,0,0,0,0,0,0,0,0,0,0,0,0],"Min":0.000270237,"Max":0.000270237,"Sum":0.000270237,"Exemplars":[{"FilteredAttributes":null,"Time":"2026-01-04T14:35:00.100823751Z","Value":0.000270237,"SpanID":"/4WVA++HxYg=","TraceID":"Td9tVtLVTcz3+PK4egcHyw=="}]},{"Attributes":[{"Key":"http.request.method","Value":{"Type":"STRING","Value":"GET"}},{"Key":"http.response.status_code","Value":{"Type":"INT64","Value":405}},{"Key":"http.route","Value":{"Type":"STRING","Value":"/dav/"}},{"Key":"network.protocol.name","Value":{"Type":"STRING","Value":"http"}},{"Key":"network.protocol.version","Value":{"Type":"STRING","Value":"1.1"}},{"Key":"server.address","Value":{"Type":"STRING","Value":"localhost"}},{"Key":"server.port","Value":{"Type":"INT64","Value":34400}},{"Key":"url.scheme","Value":{"Type":"STRING","Value":"http"}}],"StartTime":"2026-01-04T14:34:59.102583194Z","Time":"2026-01-04T14:35:32.098904609Z","Count":2,"Bounds":[0.005,0.01,0.025,0.05,0.075,0.1,0.25,0.5,0.75,1,2.5,5,7.5,10],"BucketCounts":[2,0,0,0,0,0,0,0,0,0,0,0,0,0,0],"Min":0.00009578000000000001,"Max":0.000158283,"Sum":0.000254063,"Exemplars":[{"FilteredAttributes":null,"Time":"2026-01-04T14:35:31.864181321Z","Value":0.00009578000000000001,"SpanID":"0BeqLXv3oQY=","TraceID":"1ZZp5ISTCeMoGrS/s3gdaw=="}]},{"Attributes":[{"Key":"http.request.method","Value":{"Type":"STRING","Value":"_OTHER"}},{"Key":"http.response.status_code","Value":{"Type":"INT64","Value":207}},{"Key":"http.route","Value":{"Type":"STRING","Value":"/dav/"}},{"Key":"network.protocol.name","Value":{"Type":"STRING","Value":"http"}},{"Key":"network.protocol.version","Value":{"Type":"STRING","Value":"1.1"}},{"Key":"server.address","Value":{"Type":"STRING","Value":"localhost"}},{"Key":"server.port","Value":{"Type":"INT64","Value":34400}},{"Key":"url.scheme","Value":{"Type":"STRING","Value":"http"}}],"StartTime":"2026-01-04T14:34:59.102583194Z","Time":"2026-01-04T14:35:32.098904609Z","Count":1,"Bounds":[0.005,0.01,0.025,0.05,0.075,0.1,0.25,0.5,0.75,1,2.5,5,7.5,10],"BucketCounts":[1,0,0,0,0,0,0,0,0,0,0,0,0,0,0],"Min":0.001155172,"Max":0.001155172,"Sum":0.001155172,"Exemplars":[{"FilteredAttributes":null,"Time":"2026-01-04T14:35:10.121873583Z","Value":0.001155172,"SpanID":"dnjXs0vBk2U=","TraceID":"34Vdj5jA5RpKfjWxilmd6w=="}]},{"Attributes":[{"Key":"http.request.method","Value":{"Type":"STRING","Value":"GET"}},{"Key":"http.response.status_code","Value":{"Type":"INT64","Value":200}},{"Key":"http.route","Value":{"Type":"STRING","Value":"/dav/"}},{"Key":"network.protocol.name","Value":{"Type":"STRING","Value":"http"}},{"Key":"network.protocol.version","Value":{"Type":"STRING","Value":"1.1"}},{"Key":"server.address","Value":{"Type":"STRING","Value":"localhost"}},{"Key":"server.port","Value":{"Type":"INT64","Value":34400}},{"Key":"url.scheme","Value":{"Type":"STRING","Value":"http"}}],"StartTime":"2026-01-04T14:34:59.102583194Z","Time":"2026-01-04T14:35:32.098904609Z","Count":1,"Bounds":[0.005,0.01,0.025,0.05,0.075,0.1,0.25,0.5,0.75,1,2.5,5,7.5,10],"BucketCounts":[0,0,0,0,0,0,0,0,0,0,0,0,0,0,1],"Min":21.739216915,"Max":21.739216915,"Sum":21.739216915,"Exemplars":[{"FilteredAttributes":null,"Time":"2026-01-04T14:35:31.861752135Z","Value":21.739216915,"SpanID":"Nwr6MtDb/Fc=","TraceID":"CpjIicxYlR3l9gwLzcPjxw=="}]},{"Attributes":[{"Key":"http.request.method","Value":{"Type":"STRING","Value":"GET"}},{"Key":"http.response.status_code","Value":{"Type":"INT64","Value":200}},{"Key":"http.route","Value":{"Type":"STRING","Value":"/m3u/"}},{"Key":"network.protocol.name","Value":{"Type":"STRING","Value":"http"}},{"Key":"network.protocol.version","Value":{"Type":"STRING","Value":"1.1"}},{"Key":"server.address","Value":{"Type":"STRING","Value":"localhost"}},{"Key":"server.port","Value":{"Type":"INT64","Value":34400}},{"Key":"url.scheme","Value":{"Type":"STRING","Value":"http"}}],"StartTime":"2026-01-04T14:34:59.102583194Z","Time":"2026-01-04T14:35:32.098904609Z","Count":1,"Bounds":[0.005,0.01,0.025,0.05,0.075,0.1,0.25,0.5,0.75,1,2.5,5,7.5,10],"BucketCounts":[1,0,0,0,0,0,0,0,0,0,0,0,0,0,0],"Min":0.00023685400000000002,"Max":0.00023685400000000002,"Sum":0.00023685400000000002,"Exemplars":[{"FilteredAttributes":null,"Time":"2026-01-04T14:35:31.864822309Z","Value":0.00023685400000000002,"SpanID":"m6yD7iOFnx8=","TraceID":"/83ouML4Xszkl7t8aUBi/Q=="}]},{"Attributes":[{"Key":"http.request.method","Value":{"Type":"STRING","Value":"GET"}},{"Key":"http.response.status_code","Value":{"Type":"INT64","Value":302}},{"Key":"http.route","Value":{"Type":"STRING","Value":"/stream/"}},{"Key":"network.protocol.name","Value":{"Type":"STRING","Value":"http"}},{"Key":"network.protocol.version","Value":{"Type":"STRING","Value":"1.1"}},{"Key":"server.address","Value":{"Type":"STRING","Value":"localhost"}},{"Key":"server.port","Value":{"Type":"INT64","Value":34400}},{"Key":"url.scheme","Value":{"Type":"STRING","Value":"http"}}],"StartTime":"2026-01-04T14:34:59.102583194Z","Time":"2026-01-04T14:35:32.098904609Z","Count":1,"Bounds":[0.005,0.01,0.025,0.05,0.075,0.1,0.25,0.5,0.75,1,2.5,5,7.5,10],"BucketCounts":[1,0,0,0,0,0,0,0,0,0,0,0,0,0,0],"Min":0.000144399,"Max":0.000144399,"Sum":0.000144399,"Exemplars":[{"FilteredAttributes":null,"Time":"2026-01-04T14:35:31.865397535Z","Value":0.000144399,"SpanID":"tF2YpvVsqEY=","TraceID":"x3yzfVUChEfvR3VJfZcUBg=="}]},{"Attributes":[{"Key":"http.request.method","Value":{"Type":"STRING","Value":"GET"}},{"Key":"http.response.status_code","Value":{"Type":"INT64","Value":200}},{"Key":"http.route","Value":{"Type":"STRING","Value":"/web/"}},{"Key":"network.protocol.name","Value":{"Type":"STRING","Value":"http"}},{"Key":"network.protocol.version","Value":{"Type":"STRING","Value":"1.1"}},{"Key":"server.address","Value":{"Type":"STRING","Value":"localhost"}},{"Key":"server.port","Value":{"Type":"INT64","Value":34400}},{"Key":"url.scheme","Value":{"Type":"STRING","Value":"http"}}],"StartTime":"2026-01-04T14:34:59.102583194Z","Time":"2026-01-04T14:35:32.098904609Z","Count":1,"Bounds":[0.005,0.01,0.025,0.05,0.075,0.1,0.25,0.5,0.75,1,2.5,5,7.5,10],"BucketCounts":[1,0,0,0,0,0,0,0,0,0,0,0,0,0,0],"Min":0.0009576550000000001,"Max":0.0009576550000000001,"Sum":0.0009576550000000001,"Exemplars":[{"FilteredAttributes":null,"Time":"2026-01-04T14:35:00.091011746Z","Value":0.0009576550000000001,"SpanID":"RWLLeZXf39E=","TraceID":"vBFCVhx8Dsc91zE7v6tTBg=="}]}],"Temporality":"CumulativeTemporality"}}]}]}
{"Resource":[{"Key":"service.name","Value":{"Type":"STRING","Value":"unknown_service:xteve"}},{"Key":"telemetry.sdk.language","Value":{"Type":"STRING","Value":"go"}},{"Key":"telemetry.sdk.name","Value":{"Type":"STRING","Value":"opentelemetry"}},{"Key":"telemetry.sdk.version","Value":{"Type":"STRING","Value":"1.39.0"}}],"ScopeMetrics":[{"Scope":{"Name":"go.opentelemetry.io/contrib/instrumentation/net/http/otelhttp","Version":"0.64.0","SchemaURL":"","Attributes":null},"Metrics":[{"Name":"http.client.request.body.size","Description":"Size of HTTP client request bodies.","Unit":"By","Data":{"DataPoints":[{"Attributes":[{"Key":"http.request.method","Value":{"Type":"STRING","Value":"GET"}},{"Key":"http.response.status_code","Value":{"Type":"INT64","Value":200}},{"Key":"network.protocol.name","Value":{"Type":"STRING","Value":"http"}},{"Key":"network.protocol.version","Value":{"Type":"STRING","Value":"1.1"}},{"Key":"server.address","Value":{"Type":"STRING","Value":"localhost"}},{"Key":"server.port","Value":{"Type":"INT64","Value":8080}},{"Key":"url.scheme","Value":{"Type":"STRING","Value":"http"}}],"StartTime":"2026-01-04T14:34:59.09830608Z","Time":"2026-01-04T14:35:35.098585251Z","Count":2,"Bounds":[0,5,10,25,50,75,100,250,500,750,1000,2500,5000,7500,10000],"BucketCounts":[2,0,0,0,0,0,0,0,0,0,0,0,0,0,0,0],"Min":0,"Max":0,"Sum":0,"Exemplars":[{"FilteredAttributes":null,"Time":"2026-01-04T14:35:10.125685589Z","Value":0,"SpanID":"4X9xeHYp36I=","TraceID":"jY1sibBnMqOo7LvbedhB2w=="}]},{"Attributes":[{"Key":"http.request.method","Value":{"Type":"STRING","Value":"HEAD"}},{"Key":"http.response.status_code","Value":{"Type":"INT64","Value":200}},{"Key":"http.route","Value":{"Type":"STRING","Value":"/dav/"}},{"Key":"network.protocol.name","Value":{"Type":"STRING","Value":"http"}},{"Key":"network.protocol.version","Value":{"Type":"STRING","Value":"1.1"}},{"Key":"server.address","Value":{"Type":"STRING","Value":"localhost"}},{"Key":"server.port","Value":{"Type":"INT64","Value":8080}},{"Key":"url.scheme","Value":{"Type":"STRING","Value":"http"}}],"StartTime":"2026-01-04T14:34:59.09830608Z","Time":"2026-01-04T14:35:35.098585251Z","Count":1,"Bounds":[0,5,10,25,50,75,100,250,500,750,1000,2500,5000,7500,10000],"BucketCounts":[1,0,0,0,0,0,0,0,0,0,0,0,0,0,0,0],"Min":0,"Max":0,"Sum":0,"Exemplars":[{"FilteredAttributes":null,"Time":"2026-01-04T14:35:10.121678885Z","Value":0,"SpanID":"iMZEw0LTSbo=","TraceID":"34Vdj5jA5RpKfjWxilmd6w=="}]},{"Attributes":[{"Key":"http.request.method","Value":{"Type":"STRING","Value":"GET"}},{"Key":"http.response.status_code","Value":{"Type":"INT64","Value":200}},{"Key":"http.route","Value":{"Type":"STRING","Value":"/dav/"}},{"Key":"network.protocol.name","Value":{"Type":"STRING","Value":"http"}},{"Key":"network.protocol.version","Value":{"Type":"STRING","Value":"1.1"}},{"Key":"server.address","Value":{"Type":"STRING","Value":"localhost"}},{"Key":"server.port","Value":{"Type":"INT64","Value":8080}},{"Key":"url.scheme","Value":{"Type":"STRING","Value":"http"}}],"StartTime":"2026-01-04T14:34:59.09830608Z","Time":"2026-01-04T14:35:35.098585251Z","Count":1,"Bounds":[0,5,10,25,50,75,100,250,500,750,1000,2500,5000,7500,10000],"BucketCounts":[1,0,0,0,0,0,0,0,0,0,0,0,0,0,0,0],"Min":0,"Max":0,"Sum":0,"Exemplars":[{"FilteredAttributes":null,"Time":"2026-01-04T14:35:21.269152449Z","Value":0,"SpanID":"ouBaQFw88qU=","TraceID":"CpjIicxYlR3l9gwLzcPjxw=="}]}],"Temporality":"CumulativeTemporality"}},{"Name":"http.client.request.duration","Description":"Duration of HTTP client requests.","Unit":"s","Data":{"DataPoints":[{"Attributes":[{"Key":"http.request.method","Value":{"Type":"STRING","Value":"GET"}},{"Key":"http.response.status_code","Value":{"Type":"INT64","Value":200}},{"Key":"http.route","Value":{"Type":"STRING","Value":"/dav/"}},{"Key":"network.protocol.name","Value":{"Type":"STRING","Value":"http"}},{"Key":"network.protocol.version","Value":{"Type":"STRING","Value":"1.1"}},{"Key":"server.address","Value":{"Type":"STRING","Value":"localhost"}},{"Key":"server.port","Value":{"Type":"INT64","Value":8080}},{"Key":"url.scheme","Value":{"Type":"STRING","Value":"http"}}],"StartTime":"2026-01-04T14:34:59.098321501Z","Time":"2026-01-04T14:35:35.098642469Z","Count":1,"Bounds":[0.005,0.01,0.025,0.05,0.075,0.1,0.25,0.5,0.75,1,2.5,5,7.5,10],"BucketCounts":[0,0,0,0,0,0,0,0,0,0,0,0,0,0,1],"Min":11.145195777000001,"Max":11.145195777000001,"Sum":11.145195777000001,"Exemplars":[{"FilteredAttributes":null,"Time":"2026-01-04T14:35:21.269157987Z","Value":11.145195777000001,"SpanID":"ouBaQFw88qU=","TraceID":"CpjIicxYlR3l9gwLzcPjxw=="}]},{"Attributes":[{"Key":"http.request.method","Value":{"Type":"STRING","Value":"GET"}},{"Key":"http.response.status_code","Value":{"Type":"INT64","Value":200}},{"Key":"network.protocol.name","Value":{"Type":"STRING","Value":"http"}},{"Key":"network.protocol.version","Value":{"Type":"STRING","Value":"1.1"}},{"Key":"server.address","Value":{"Type":"STRING","Value":"localhost"}},{"Key":"server.port","Value":{"Type":"INT64","Value":8080}},{"Key":"url.scheme","Value":{"Type":"STRING","Value":"http"}}],"StartTime":"2026-01-04T14:34:59.098321501Z","Time":"2026-01-04T14:35:35.098642469Z","Count":2,"Bounds":[0.005,0.01,0.025,0.05,0.075,0.1,0.25,0.5,0.75,1,2.5,5,7.5,10],"BucketCounts":[2,0,0,0,0,0,0,0,0,0,0,0,0,0,0],"Min":0.0011447229999999998,"Max":0.001567234,"Sum":0.002711957,"Exemplars":[{"FilteredAttributes":null,"Time":"2026-01-04T14:35:10.125687718Z","Value":0.001567234,"SpanID":"4X9xeHYp36I=","TraceID":"jY1sibBnMqOo7LvbedhB2w=="}]},{"Attributes":[{"Key":"http.request.method","Value":{"Type":"STRING","Value":"HEAD"}},{"Key":"http.response.status_code","Value":{"Type":"INT64","Value":200}},{"Key":"http.route","Value":{"Type":"STRING","Value":"/dav/"}},{"Key":"network.protocol.name","Value":{"Type":"STRING","Value":"http"}},{"Key":"network.protocol.version","Value":{"Type":"STRING","Value":"1.1"}},{"Key":"server.address","Value":{"Type":"STRING","Value":"localhost"}},{"Key":"server.port","Value":{"Type":"INT64","Value":8080}},{"Key":"url.scheme","Value":{"Type":"STRING","Value":"http"}}],"StartTime":"2026-01-04T14:34:59.098321501Z","Time":"2026-01-04T14:35:35.098642469Z","Count":1,"Bounds":[0.005,0.01,0.025,0.05,0.075,0.1,0.25,0.5,0.75,1,2.5,5,7.5,10],"BucketCounts":[1,0,0,0,0,0,0,0,0,0,0,0,0,0,0],"Min":0.000534118,"Max":0.000534118,"Sum":0.000534118,"Exemplars":[{"FilteredAttributes":null,"Time":"2026-01-04T14:35:10.121684173Z","Value":0.000534118,"SpanID":"iMZEw0LTSbo=","TraceID":"34Vdj5jA5RpKfjWxilmd6w=="}]}],"Temporality":"CumulativeTemporality"}},{"Name":"http.server.request.body.size","Description":"Size of HTTP server request bodies.","Unit":"By","Data":{"DataPoints":[{"Attributes":[{"Key":"http.request.method","Value":{"Type":"STRING","Value":"POST"}},{"Key":"http.response.status_code","Value":{"Type":"INT64","Value":200}},{"Key":"http.route","Value":{"Type":"STRING","Value":"/api/"}},{"Key":"network.protocol.name","Value":{"Type":"STRING","Value":"http"}},{"Key":"network.protocol.version","Value":{"Type":"STRING","Value":"1.1"}},{"Key":"server.address","Value":{"Type":"STRING","Value":"localhost"}},{"Key":"server.port","Value":{"Type":"INT64","Value":34400}},{"Key":"url.scheme","Value":{"Type":"STRING","Value":"http"}}],"StartTime":"2026-01-04T14:34:59.102560844Z","Time":"2026-01-04T14:35:35.098647895Z","Count":1,"Bounds":[0,5,10,25,50,75,100,250,500,750,1000,2500,5000,7500,10000],"BucketCounts":[0,0,0,0,0,1,0,0,0,0,0,0,0,0,0,0],"Min":55,"Max":55,"Sum":55,"Exemplars":[{"FilteredAttributes":null,"Time":"2026-01-04T14:35:00.100781751Z","Value":55,"SpanID":"/4WVA++HxYg=","TraceID":"Td9tVtLVTcz3+PK4egcHyw=="}]},{"Attributes":[{"Key":"http.request.method","Value":{"Type":"STRING","Value":"GET"}},{"Key":"http.response.status_code","Value":{"Type":"INT64","Value":405}},{"Key":"http.route","Value":{"Type":"STRING","Value":"/dav/"}},{"Key":"network.protocol.name","Value":{"Type":"STRING","Value":"http"}},{"Key":"network.protocol.version","Value":{"Type":"STRING","Value":"1.1"}},{"Key":"server.address","Value":{"Type":"STRING","Value":"localhost"}},{"Key":"server.port","Value":{"Type":"INT64","Value":34400}},{"Key":"url.scheme","Value":{"Type":"STRING","Value":"http"}}],"StartTime":"2026-01-04T14:34:59.102560844Z","Time":"2026-01-04T14:35:35.098647895Z","Count":2,"Bounds":[0,5,10,25,50,75,100,250,500,750,1000,2500,5000,7500,10000],"BucketCounts":[2,0,0,0,0,0,0,0,0,0,0,0,0,0,0,0],"Min":0,"Max":0,"Sum":0,"Exemplars":[{"FilteredAttributes":null,"Time":"2026-01-04T14:35:31.864176218Z","Value":0,"SpanID":"0BeqLXv3oQY=","TraceID":"1ZZp5ISTCeMoGrS/s3gdaw=="}]},{"Attributes":[{"Key":"http.request.method","Value":{"Type":"STRING","Value":"_OTHER"}},{"Key":"http.response.status_code","Value":{"Type":"INT64","Value":207}},{"Key":"http.route","Value":{"Type":"STRING","Value":"/dav/"}},{"Key":"network.protocol.name","Value":{"Type":"STRING","Value":"http"}},{"Key":"network.protocol.version","Value":{"Type":"STRING","Value":"1.1"}},{"Key":"server.address","Value":{"Type":"STRING","Value":"localhost"}},{"Key":"server.port","Value":{"Type":"INT64","Value":34400}},{"Key":"url.scheme","Value":{"Type":"STRING","Value":"http"}}],"StartTime":"2026-01-04T14:34:59.102560844Z","Time":"2026-01-04T14:35:35.098647895Z","Count":1,"Bounds":[0,5,10,25,50,75,100,250,500,750,1000,2500,5000,7500,10000],"BucketCounts":[1,0,0,0,0,0,0,0,0,0,0,0,0,0,0,0],"Min":0,"Max":0,"Sum":0,"Exemplars":[{"FilteredAttributes":null,"Time":"2026-01-04T14:35:10.121867675Z","Value":0,"SpanID":"dnjXs0vBk2U=","TraceID":"34Vdj5jA5RpKfjWxilmd6w=="}]},{"Attributes":[{"Key":"http.request.method","Value":{"Type":"STRING","Value":"GET"}},{"Key":"http.response.status_code","Value":{"Type":"INT64","Value":200}},{"Key":"http.route","Value":{"Type":"STRING","Value":"/dav/"}},{"Key":"network.protocol.name","Value":{"Type":"STRING","Value":"http"}},{"Key":"network.protocol.version","Value":{"Type":"STRING","Value":"1.1"}},{"Key":"server.address","Value":{"Type":"STRING","Value":"localhost"}},{"Key":"server.port","Value":{"Type":"INT64","Value":34400}},{"Key":"url.scheme","Value":{"Type":"STRING","Value":"http"}}],"StartTime":"2026-01-04T14:34:59.102560844Z","Time":"2026-01-04T14:35:35.098647895Z","Count":1,"Bounds":[0,5,10,25,50,75,100,250,500,750,1000,2500,5000,7500,10000],"BucketCounts":[1,0,0,0,0,0,0,0,0,0,0,0,0,0,0,0],"Min":0,"Max":0,"Sum":0,"Exemplars":[{"FilteredAttributes":null,"Time":"2026-01-04T14:35:31.861728487Z","Value":0,"SpanID":"Nwr6MtDb/Fc=","TraceID":"CpjIicxYlR3l9gwLzcPjxw=="}]},{"Attributes":[{"Key":"http.request.method","Value":{"Type":"STRING","Value":"GET"}},{"Key":"http.response.status_code","Value":{"Type":"INT64","Value":200}},{"Key":"http.route","Value":{"Type":"STRING","Value":"/m3u/"}},{"Key":"network.protocol.name","Value":{"Type":"STRING","Value":"http"}},{"Key":"network.protocol.version","Value":{"Type":"STRING","Value":"1.1"}},{"Key":"server.address","Value":{"Type":"STRING","Value":"localhost"}},{"Key":"server.port","Value":{"Type":"INT64","Value":34400}},{"Key":"url.scheme","Value":{"Type":"STRING","Value":"http"}}],"StartTime":"2026-01-04T14:34:59.102560844Z","Time":"2026-01-04T14:35:35.098647895Z","Count":1,"Bounds":[0,5,10,25,50,75,100,250,500,750,1000,2500,5000,7500,10000],"BucketCounts":[1,0,0,0,0,0,0,0,0,0,0,0,0,0,0,0],"Min":0,"Max":0,"Sum":0,"Exemplars":[{"FilteredAttributes":null,"Time":"2026-01-04T14:35:31.864812353Z","Value":0,"SpanID":"m6yD7iOFnx8=","TraceID":"/83ouML4Xszkl7t8aUBi/Q=="}]},{"Attributes":[{"Key":"http.request.method","Value":{"Type":"STRING","Value":"GET"}},{"Key":"http.response.status_code","Value":{"Type":"INT64","Value":302}},{"Key":"http.route","Value":{"Type":"STRING","Value":"/stream/"}},{"Key":"network.protocol.name","Value":{"Type":"STRING","Value":"http"}},{"Key":"network.protocol.version","Value":{"Type":"STRING","Value":"1.1"}},{"Key":"server.address","Value":{"Type":"STRING","Value":"localhost"}},{"Key":"server.port","Value":{"Type":"INT64","Value":34400}},{"Key":"url.scheme","Value":{"Type":"STRING","Value":"http"}}],"StartTime":"2026-01-04T14:34:59.102560844Z","Time":"2026-01-04T14:35:35.098647895Z","Count":1,"Bounds":[0,5,10,25,50,75,100,250,500,750,1000,2500,5000,7500,10000],"BucketCounts":[1,0,0,0,0,0,0,0,0,0,0,0,0,0,0,0],"Min":0,"Max":0,"Sum":0,"Exemplars":[{"FilteredAttributes":null,"Time":"2026-01-04T14:35:31.865390801Z","Value":0,"SpanID":"tF2YpvVsqEY=","TraceID":"x3yzfVUChEfvR3VJfZcUBg=="}]},{"Attributes":[{"Key":"http.request.method","Value":{"Type":"STRING","Value":"GET"}},{"Key":"http.response.status_code","Value":{"Type":"INT64","Value":200}},{"Key":"http.route","Value":{"Type":"STRING","Value":"/web/"}},{"Key":"network.protocol.name","Value":{"Type":"STRING","Value":"http"}},{"Key":"network.protocol.version","Value":{"Type":"STRING","Value":"1.1"}},{"Key":"server.address","Value":{"Type":"STRING","Value":"localhost"}},{"Key":"server.port","Value":{"Type":"INT64","Value":34400}},{"Key":"url.scheme","Value":{"Type":"STRING","Value":"http"}}],"StartTime":"2026-01-04T14:34:59.102560844Z","Time":"2026-01-04T14:35:35.098647895Z","Count":1,"Bounds":[0,5,10,25,50,75,100,250,500,750,1000,2500,5000,7500,10000],"BucketCounts":[1,0,0,0,0,0,0,0,0,0,0,0,0,0,0,0],"Min":0,"Max":0,"Sum":0,"Exemplars":[{"FilteredAttributes":null,"Time":"2026-01-04T14:35:00.090999452Z","Value":0,"SpanID":"RWLLeZXf39E=","TraceID":"vBFCVhx8Dsc91zE7v6tTBg=="}]}],"Temporality":"CumulativeTemporality"}},{"Name":"http.server.response.body.size","Description":"Size of HTTP server response bodies.","Unit":"By","Data":{"DataPoints":[{"Attributes":[{"Key":"http.request.method","Value":{"Type":"STRING","Value":"GET"}},{"Key":"http.response.status_code","Value":{"Type":"INT64","Value":302}},{"Key":"http.route","Value":{"Type":"STRING","Value":"/stream/"}},{"Key":"network.protocol.name","Value":{"Type":"STRING","Value":"http"}},{"Key":"network.protocol.version","Value":{"Type":"STRING","Value":"1.1"}},{"Key":"server.address","Value":{"Type":"STRING","Value":"localhost"}},{"Key":"server.port","Value":{"Type":"INT64","Value":34400}},{"Key":"url.scheme","Value":{"Type":"STRING","Value":"http"}}],"StartTime":"2026-01-04T14:34:59.102574885Z","Time":"2026-01-04T14:35:35.098659763Z","Count":1,"Bounds":[0,5,10,25,50,75,100,250,500,750,1000,2500,5000,7500,10000],"BucketCounts":[0,0,0,0,0,1,0,0,0,0,0,0,0,0,0,0],"Min":62,"Max":62,"Sum":62,"Exemplars":[{"FilteredAttributes":null,"Time":"2026-01-04T14:35:31.865393981Z","Value":62,"SpanID":"tF2YpvVsqEY=","TraceID":"x3yzfVUChEfvR3VJfZcUBg=="}]},{"Attributes":[{"Key":"http.request.method","Value":{"Type":"STRING","Value":"GET"}},{"Key":"http.response.status_code","Value":{"Type":"INT64","Value":200}},{"Key":"http.route","Value":{"Type":"STRING","Value":"/web/"}},{"Key":"network.protocol.name","Value":{"Type":"STRING","Value":"http"}},{"Key":"network.protocol.version","Value":{"Type":"STRING","Value":"1.1"}},{"Key":"server.address","Value":{"Type":"STRING","Value":"localhost"}},{"Key":"server.port","Value":{"Type":"INT64","Value":34400}},{"Key":"url.scheme","Value":{"Type":"STRING","Value":"http"}}],"StartTime":"2026-01-04T14:34:59.102574885Z","Time":"2026-01-04T14:35:35.098659763Z","Count":1,"Bounds":[0,5,10,25,50,75,100,250,500,750,1000,2500,5000,7500,10000],"BucketCounts":[0,0,0,0,0,0,0,0,0,0,0,1,0,0,0,0],"Min":1920,"Max":1920,"Sum":1920,"Exemplars":[{"FilteredAttributes":null,"Time":"2026-01-04T14:35:00.091005829Z","Value":1920,"SpanID":"RWLLeZXf39E=","TraceID":"vBFCVhx8Dsc91zE7v6tTBg=="}]},{"Attributes":[{"Key":"http.request.method","Value":{"Type":"STRING","Value":"POST"}},{"Key":"http.response.status_code","Value":{"Type":"INT64","Value":200}},{"Key":"http.route","Value":{"Type":"STRING","Value":"/api/"}},{"Key":"network.protocol.name","Value":{"Type":"STRING","Value":"http"}},{"Key":"network.protocol.version","Value":{"Type":"STRING","Value":"1.1"}},{"Key":"server.address","Value":{"Type":"STRING","Value":"localhost"}},{"Key":"server.port","Value":{"Type":"INT64","Value":34400}},{"Key":"url.scheme","Value":{"Type":"STRING","Value":"http"}}],"StartTime":"2026-01-04T14:34:59.102574885Z","Time":"2026-01-04T14:35:35.098659763Z","Count":1,"Bounds":[0,5,10,25,50,75,100,250,500,750,1000,2500,5000,7500,10000],"BucketCounts":[0,0,0,0,0,0,0,0,1,0,0,0,0,0,0,0],"Min":374,"Max":374,"Sum":374,"Exemplars":[{"FilteredAttributes":null,"Time":"2026-01-04T14:35:00.100790609Z","Value":374,"SpanID":"/4WVA++HxYg=","TraceID":"Td9tVtLVTcz3+PK4egcHyw=="}]},{"Attributes":[{"Key":"http.request.method","Value":{"Type":"STRING","Value":"GET"}},{"Key":"http.response.status_code","Value":{"Type":"INT64","Value":405}},{"Key":"http.route","Value":{"Type":"STRING","Value":"/dav/"}},{"Key":"network.protocol.name","Value":{"Type":"STRING","Value":"http"}},{"Key":"network.protocol.version","Value":{"Type":"STRING","Value":"1.1"}},{"Key":"server.address","Value":{"Type":"STRING","Value":"localhost"}},{"Key":"server.port","Value":{"Type":"INT64","Value":34400}},{"Key":"url.scheme","Value":{"Type":"STRING","Value":"http"}}],"StartTime":"2026-01-04T14:34:59.102574885Z","Time":"2026-01-04T14:35:35.098659763Z","Count":2,"Bounds":[0,5,10,25,50,75,100,250,500,750,1000,2500,5000,7500,10000],"BucketCounts":[0,0,0,2,0,0,0,0,0,0,0,0,0,0,0,0],"Min":18,"Max":18,"Sum":36,"Exemplars":[{"FilteredAttributes":null,"Time":"2026-01-04T14:35:31.864178927Z","Value":18,"SpanID":"0BeqLXv3oQY=","TraceID":"1ZZp5ISTCeMoGrS/s3gdaw=="}]},{"Attributes":[{"Key":"http.request.method","Value":{"Type":"STRING","Value":"_OTHER"}},{"Key":"http.response.status_code","Value":{"Type":"INT64","Value":207}},{"Key":"http.route","Value":{"Type":"STRING","Value":"/dav/"}},{"Key":"network.protocol.name","Value":{"Type":"STRING","Value":"http"}},{"Key":"network.protocol.version","Value":{"Type":"STRING","Value":"1.1"}},{"Key":"server.address","Value":{"Type":"STRING","Value":"localhost"}},{"Key":"server.port","Value":{"Type":"INT64","Value":34400}},{"Key":"url.scheme","Value":{"Type":"STRING","Value":"http"}}],"StartTime":"2026-01-04T14:34:59.102574885Z","Time":"2026-01-04T14:35:35.098659763Z","Count":1,"Bounds":[0,5,10,25,50,75,100,250,500,750,1000,2500,5000,7500,10000],"BucketCounts":[0,0,0,0,0,0,0,0,0,0,0,1,0,0,0,0],"Min":1318,"Max":1318,"Sum":1318,"Exemplars":[{"FilteredAttributes":null,"Time":"2026-01-04T14:35:10.12187007Z","Value":1318,"SpanID":"dnjXs0vBk2U=","TraceID":"34Vdj5jA5RpKfjWxilmd6w=="}]},{"Attributes":[{"Key":"http.request.method","Value":{"Type":"STRING","Value":"GET"}},{"Key":"http.response.status_code","Value":{"Type":"INT64","Value":200}},{"Key":"http.route","Value":{"Type":"STRING","Value":"/dav/"}},{"Key":"network.protocol.name","Value":{"Type":"STRING","Value":"http"}},{"Key":"network.protocol.version","Value":{"Type":"STRING","Value":"1.1"}},{"Key":"server.address","Value":{"Type":"STRING","Value":"localhost"}},{"Key":"server.port","Value":{"Type":"INT64","Value":34400}},{"Key":"url.scheme","Value":{"Type":"STRING","Value":"http"}}],"StartTime":"2026-01-04T14:34:59.102574885Z","Time":"2026-01-04T14:35:35.098659763Z","Count":1,"Bounds":[0,5,10,25,50,75,100,250,500,750,1000,2500,5000,7500,10000],"BucketCounts":[1,0,0,0,0,0,0,0,0,0,0,0,0,0,0,0],"Min":0,"Max":0,"Sum":0,"Exemplars":[{"FilteredAttributes":null,"Time":"2026-01-04T14:35:31.861745879Z","Value":0,"SpanID":"Nwr6MtDb/Fc=","TraceID":"CpjIicxYlR3l9gwLzcPjxw=="}]},{"Attributes":[{"Key":"http.request.method","Value":{"Type":"STRING","Value":"GET"}},{"Key":"http.response.status_code","Value":{"Type":"INT64","Value":200}},{"Key":"http.route","Value":{"Type":"STRING","Value":"/m3u/"}},{"Key":"network.protocol.name","Value":{"Type":"STRING","Value":"http"}},{"Key":"network.protocol.version","Value":{"Type":"STRING","Value":"1.1"}},{"Key":"server.address","Value":{"Type":"STRING","Value":"localhost"}},{"Key":"server.port","Value":{"Type":"INT64","Value":34400}},{"Key":"url.scheme","Value":{"Type":"STRING","Value":"http"}}],"StartTime":"2026-01-04T14:34:59.102574885Z","Time":"2026-01-04T14:35:35.098659763Z","Count":1,"Bounds":[0,5,10,25,50,75,100,250,500,750,1000,2500,5000,7500,10000],"BucketCounts":[0,0,0,0,0,0,0,0,0,0,0,1,0,0,0,0],"Min":1580,"Max":1580,"Sum":1580,"Exemplars":[{"FilteredAttributes":null,"Time":"2026-01-04T14:35:31.864818398Z","Value":1580,"SpanID":"m6yD7iOFnx8=","TraceID":"/83ouML4Xszkl7t8aUBi/Q=="}]}],"Temporality":"CumulativeTemporality"}},{"Name":"http.server.request.duration","Description":"Duration of HTTP server requests.","Unit":"s","Data":{"DataPoints":[{"Attributes":[{"Key":"http.request.method","Value":{"Type":"STRING","Value":"GET"}},{"Key":"http.response.status_code","Value":{"Type":"INT64","Value":200}},{"Key":"http.route","Value":{"Type":"STRING","Value":"/dav/"}},{"Key":"network.protocol.name","Value":{"Type":"STRING","Value":"http"}},{"Key":"network.protocol.version","Value":{"Type":"STRING","Value":"1.1"}},{"Key":"server.address","Value":{"Type":"STRING","Value":"localhost"}},{"Key":"server.port","Value":{"Type":"INT64","Value":34400}},{"Key":"url.scheme","Value":{"Type":"STRING","Value":"http"}}],"StartTime":"2026-01-04T14:34:59.102583194Z","Time":"2026-01-04T14:35:35.098668183Z","Count":1,"Bounds":[0.005,0.01,0.025,0.05,0.075,0.1,0.25,0.5,0.75,1,2.5,5,7.5,10],"BucketCounts":[0,0,0,0,0,0,0,0,0,0,0,0,0,0,1],"Min":21.739216915,"Max":21.739216915,"Sum":21.739216915,"Exemplars":[{"FilteredAttributes":null,"Time":"2026-01-04T14:35:31.861752135Z","Value":21.739216915,"SpanID":"Nwr6MtDb/Fc=","TraceID":"CpjIicxYlR3l9gwLzcPjxw=="}]},{"Attributes":[{"Key":"http.request.method","Value":{"Type":"STRING","Value":"GET"}},{"Key":"http.response.status_code","Value":{"Type":"INT64","Value":200}},{"Key":"http.route","Value":{"Type":"STRING","Value":"/m3u/"}},{"Key":"network.protocol.name","Value":{"Type":"STRING","Value":"http"}},{"Key":"network.protocol.version","Value":{"Type":"STRING","Value":"1.1"}},{"Key":"server.address","Value":{"Type":"STRING","Value":"localhost"}},{"Key":"server.port","Value":{"Type":"INT64","Value":34400}},{"Key":"url.scheme","Value":{"Type":"STRING","Value":"http"}}],"StartTime":"2026-01-04T14:34:59.102583194Z","Time":"2026-01-04T14:35:35.098668183Z","Count":1,"Bounds":[0.005,0.01,0.025,0.05,0.075,0.1,0.25,0.5,0.75,1,2.5,5,7.5,10],"BucketCounts":[1,0,0,0,0,0,0,0,0,0,0,0,0,0,0],"Min":0.00023685400000000002,"Max":0.00023685400000000002,"Sum":0.00023685400000000002,"Exemplars":[{"FilteredAttributes":null,"Time":"2026-01-04T14:35:31.864822309Z","Value":0.00023685400000000002,"SpanID":"m6yD7iOFnx8=","TraceID":"/83ouML4Xszkl7t8aUBi/Q=="}]},{"Attributes":[{"Key":"http.request.method","Value":{"Type":"STRING","Value":"GET"}},{"Key":"http.response.status_code","Value":{"Type":"INT64","Value":302}},{"Key":"http.route","Value":{"Type":"STRING","Value":"/stream/"}},{"Key":"network.protocol.name","Value":{"Type":"STRING","Value":"http"}},{"Key":"network.protocol.version","Value":{"Type":"STRING","Value":"1.1"}},{"Key":"server.address","Value":{"Type":"STRING","Value":"localhost"}},{"Key":"server.port","Value":{"Type":"INT64","Value":34400}},{"Key":"url.scheme","Value":{"Type":"STRING","Value":"http"}}],"StartTime":"2026-01-04T14:34:59.102583194Z","Time":"2026-01-04T14:35:35.098668183Z","Count":1,"Bounds":[0.005,0.01,0.025,0.05,0.075,0.1,0.25,0.5,0.75,1,2.5,5,7.5,10],"BucketCounts":[1,0,0,0,0,0,0,0,0,0,0,0,0,0,0],"Min":0.000144399,"Max":0.000144399,"Sum":0.000144399,"Exemplars":[{"FilteredAttributes":null,"Time":"2026-01-04T14:35:31.865397535Z","Value":0.000144399,"SpanID":"tF2YpvVsqEY=","TraceID":"x3yzfVUChEfvR3VJfZcUBg=="}]},{"Attributes":[{"Key":"http.request.method","Value":{"Type":"STRING","Value":"GET"}},{"Key":"http.response.status_code","Value":{"Type":"INT64","Value":200}},{"Key":"http.route","Value":{"Type":"STRING","Value":"/web/"}},{"Key":"network.protocol.name","Value":{"Type":"STRING","Value":"http"}},{"Key":"network.protocol.version","Value":{"Type":"STRING","Value":"1.1"}},{"Key":"server.address","Value":{"Type":"STRING","Value":"localhost"}},{"Key":"server.port","Value":{"Type":"INT64","Value":34400}},{"Key":"url.scheme","Value":{"Type":"STRING","Value":"http"}}],"StartTime":"2026-01-04T14:34:59.102583194Z","Time":"2026-01-04T14:35:35.098668183Z","Count":1,"Bounds":[0.005,0.01,0.025,0.05,0.075,0.1,0.25,0.5,0.75,1,2.5,5,7.5,10],"BucketCounts":[1,0,0,0,0,0,0,0,0,0,0,0,0,0,0],"Min":0.0009576550000000001,"Max":0.0009576550000000001,"Sum":0.0009576550000000001,"Exemplars":[{"FilteredAttributes":null,"Time":"2026-01-04T14:35:00.091011746Z","Value":0.0009576550000000001,"SpanID":"RWLLeZXf39E=","TraceID":"vBFCVhx8Dsc91zE7v6tTBg=="}]},{"Attributes":[{"Key":"http.request.method","Value":{"Type":"STRING","Value":"POST"}},{"Key":"http.response.status_code","Value":{"Type":"INT64","Value":200}},{"Key":"http.route","Value":{"Type":"STRING","Value":"/api/"}},{"Key":"network.protocol.name","Value":{"Type":"STRING","Value":"http"}},{"Key":"network.protocol.version","Value":{"Type":"STRING","Value":"1.1"}},{"Key":"server.address","Value":{"Type":"STRING","Value":"localhost"}},{"Key":"server.port","Value":{"Type":"INT64","Value":34400}},{"Key":"url.scheme","Value":{"Type":"STRING","Value":"http"}}],"StartTime":"2026-01-04T14:34:59.102583194Z","Time":"2026-01-04T14:35:35.098668183Z","Count":1,"Bounds":[0.005,0.01,0.025,0.05,0.075,0.1,0.25,0.5,0.75,1,2.5,5,7.5,10],"BucketCounts":[1,0,0,0,0,0,0,0,0,0,0,0,0,0,0],"Min":0.000270237,"Max":0.000270237,"Sum":0.000270237,"Exemplars":[{"FilteredAttributes":null,"Time":"2026-01-04T14:35:00.100823751Z","Value":0.000270237,"SpanID":"/4WVA++HxYg=","TraceID":"Td9tVtLVTcz3+PK4egcHyw=="}]},{"Attributes":[{"Key":"http.request.method","Value":{"Type":"STRING","Value":"GET"}},{"Key":"http.response.status_code","Value":{"Type":"INT64","Value":405}},{"Key":"http.route","Value":{"Type":"STRING","Value":"/dav/"}},{"Key":"network.protocol.name","Value":{"Type":"STRING","Value":"http"}},{"Key":"network.protocol.version","Value":{"Type":"STRING","Value":"1.1"}},{"Key":"server.address","Value":{"Type":"STRING","Value":"localhost"}},{"Key":"server.port","Value":{"Type":"INT64","Value":34400}},{"Key":"url.scheme","Value":{"Type":"STRING","Value":"http"}}],"StartTime":"2026-01-04T14:34:59.102583194Z","Time":"2026-01-04T14:35:35.098668183Z","Count":2,"Bounds":[0.005,0.01,0.025,0.05,0.075,0.1,0.25,0.5,0.75,1,2.5,5,7.5,10],"BucketCounts":[2,0,0,0,0,0,0,0,0,0,0,0,0,0,0],"Min":0.00009578000000000001,"Max":0.000158283,"Sum":0.000254063,"Exemplars":[{"FilteredAttributes":null,"Time":"2026-01-04T14:35:31.864181321Z","Value":0.00009578000000000001,"SpanID":"0BeqLXv3oQY=","TraceID":"1ZZp5ISTCeMoGrS/s3gdaw=="}]},{"Attributes":[{"Key":"http.request.method","Value":{"Type":"STRING","Value":"_OTHER"}},{"Key":"http.response.status_code","Value":{"Type":"INT64","Value":207}},{"Key":"http.route","Value":{"Type":"STRING","Value":"/dav/"}},{"Key":"network.protocol.name","Value":{"Type":"STRING","Value":"http"}},{"Key":"network.protocol.version","Value":{"Type":"STRING","Value":"1.1"}},{"Key":"server.address","Value":{"Type":"STRING","Value":"localhost"}},{"Key":"server.port","Value":{"Type":"INT64","Value":34400}},{"Key":"url.scheme","Value":{"Type":"STRING","Value":"http"}}],"StartTime":"2026-01-04T14:34:59.102583194Z","Time":"2026-01-04T14:35:35.098668183Z","Count":1,"Bounds":[0.005,0.01,0.025,0.05,0.075,0.1,0.25,0.5,0.75,1,2.5,5,7.5,10],"BucketCounts":[1,0,0,0,0,0,0,0,0,0,0,0,0,0,0],"Min":0.001155172,"Max":0.001155172,"Sum":0.001155172,"Exemplars":[{"FilteredAttributes":null,"Time":"2026-01-04T14:35:10.121873583Z","Value":0.001155172,"SpanID":"dnjXs0vBk2U=","TraceID":"34Vdj5jA5RpKfjWxilmd6w=="}]}],"Temporality":"CumulativeTemporality"}}]}]}
{"Resource":[{"Key":"service.name","Value":{"Type":"STRING","Value":"unknown_service:xteve"}},{"Key":"telemetry.sdk.language","Value":{"Type":"STRING","Value":"go"}},{"Key":"telemetry.sdk.name","Value":{"Type":"STRING","Value":"opentelemetry"}},{"Key":"telemetry.sdk.version","Value":{"Type":"STRING","Value":"1.39.0"}}],"ScopeMetrics":[{"Scope":{"Name":"go.opentelemetry.io/contrib/instrumentation/net/http/otelhttp","Version":"0.64.0","SchemaURL":"","Attributes":null},"Metrics":[{"Name":"http.client.request.body.size","Description":"Size of HTTP client request bodies.","Unit":"By","Data":{"DataPoints":[{"Attributes":[{"Key":"http.request.method","Value":{"Type":"STRING","Value":"GET"}},{"Key":"http.response.status_code","Value":{"Type":"INT64","Value":200}},{"Key":"http.route","Value":{"Type":"STRING","Value":"/dav/"}},{"Key":"network.protocol.name","Value":{"Type":"STRING","Value":"http"}},{"Key":"network.protocol.version","Value":{"Type":"STRING","Value":"1.1"}},{"Key":"server.address","Value":{"Type":"STRING","Value":"localhost"}},{"Key":"server.port","Value":{"Type":"INT64","Value":8080}},{"Key":"url.scheme","Value":{"Type":"STRING","Value":"http"}}],"StartTime":"2026-01-04T14:34:59.09830608Z","Time":"2026-01-04T14:35:38.099201943Z","Count":1,"Bounds":[0,5,10,25,50,75,100,250,500,750,1000,2500,5000,7500,10000],"BucketCounts":[1,0,0,0,0,0,0,0,0,0,0,0,0,0,0,0],"Min":0,"Max":0,"Sum":0,"Exemplars":[{"FilteredAttributes":null,"Time":"2026-01-04T14:35:21.269152449Z","Value":0,"SpanID":"ouBaQFw88qU=","TraceID":"CpjIicxYlR3l9gwLzcPjxw=="}]},{"Attributes":[{"Key":"http.request.method","Value":{"Type":"STRING","Value":"GET"}},{"Key":"http.response.status_code","Value":{"Type":"INT64","Value":200}},{"Key":"network.protocol.name","Value":{"Type":"STRING","Value":"http"}},{"Key":"network.protocol.version","Value":{"Type":"STRING","Value":"1.1"}},{"Key":"server.address","Value":{"Type":"STRING","Value":"localhost"}},{"Key":"server.port","Value":{"Type":"INT64","Value":8080}},{"Key":"url.scheme","Value":{"Type":"STRING","Value":"http"}}],"StartTime":"2026-01-04T14:34:59.09830608Z","Time":"2026-01-04T14:35:38.099201943Z","Count":2,"Bounds":[0,5,10,25,50,75,100,250,500,750,1000,2500,5000,7500,10000],"BucketCounts":[2,0,0,0,0,0,0,0,0,0,0,0,0,0,0,0],"Min":0,"Max":0,"Sum":0,"Exemplars":[{"FilteredAttributes":null,"Time":"2026-01-04T14:35:10.125685589Z","Value":0,"SpanID":"4X9xeHYp36I=","TraceID":"jY1sibBnMqOo7LvbedhB2w=="}]},{"Attributes":[{"Key":"http.request.method","Value":{"Type":"STRING","Value":"HEAD"}},{"Key":"http.response.status_code","Value":{"Type":"INT64","Value":200}},{"Key":"http.route","Value":{"Type":"STRING","Value":"/dav/"}},{"Key":"network.protocol.name","Value":{"Type":"STRING","Value":"http"}},{"Key":"network.protocol.version","Value":{"Type":"STRING","Value":"1.1"}},{"Key":"server.address","Value":{"Type":"STRING","Value":"localhost"}},{"Key":"server.port","Value":{"Type":"INT64","Value":8080}},{"Key":"url.scheme","Value":{"Type":"STRING","Value":"http"}}],"StartTime":"2026-01-04T14:34:59.09830608Z","Time":"2026-01-04T14:35:38.099201943Z","Count":1,"Bounds":[0,5,10,25,50,75,100,250,500,750,1000,2500,5000,7500,10000],"BucketCounts":[1,0,0,0,0,0,0,0,0,0,0,0,0,0,0,0],"Min":0,"Max":0,"Sum":0,"Exemplars":[{"FilteredAttributes":null,"Time":"2026-01-04T14:35:10.121678885Z","Value":0,"SpanID":"iMZEw0LTSbo=","TraceID":"34Vdj5jA5RpKfjWxilmd6w=="}]}],"Temporality":"CumulativeTemporality"}},{"Name":"http.client.request.duration","Description":"Duration of HTTP client requests.","Unit":"s","Data":{"DataPoints":[{"Attributes":[{"Key":"http.request.method","Value":{"Type":"STRING","Value":"GET"}},{"Key":"http.response.status_code","Value":{"Type":"INT64","Value":200}},{"Key":"network.protocol.name","Value":{"Type":"STRING","Value":"http"}},{"Key":"network.protocol.version","Value":{"Type":"STRING","Value":"1.1"}},{"Key":"server.address","Value":{"Type":"STRING","Value":"localhost"}},{"Key":"server.port","Value":{"Type":"INT64","Value":8080}},{"Key":"url.scheme","Value":{"Type":"STRING","Value":"http"}}],"StartTime":"2026-01-04T14:34:59.098321501Z","Time":"2026-01-04T14:35:38.099282819Z","Count":2,"Bounds":[0.005,0.01,0.025,0.05,0.075,0.1,0.25,0.5,0.75,1,2.5,5,7.5,10],"BucketCounts":[2,0,0,0,0,0,0,0,0,0,0,0,0,0,0],"Min":0.0011447229999999998,"Max":0.001567234,"Sum":0.002711957,"Exemplars":[{"FilteredAttributes":null,"Time":"2026-01-04T14:35:10.125687718Z","Value":0.001567234,"SpanID":"4X9xeHYp36I=","TraceID":"jY1sibBnMqOo7LvbedhB2w=="}]},{"Attributes":[{"Key":"http.request.method","Value":{"Type":"STRING","Value":"HEAD"}},{"Key":"http.response.status_code","Value":{"Type":"INT64","Value":200}},{"Key":"http.route","Value":{"Type":"STRING","Value":"/dav/"}},{"Key":"network.protocol.name","Value":{"Type":"STRING","Value":"http"}},{"Key":"network.protocol.version","Value":{"Type":"STRING","Value":"1.1"}},{"Key":"server.address","Value":{"Type":"STRING","Value":"localhost"}},{"Key":"server.port","Value":{"Type":"INT64","Value":8080}},{"Key":"url.scheme","Value":{"Type":"STRING","Value":"http"}}],"StartTime":"2026-01-04T14:34:59.098321501Z","Time":"2026-01-04T14:35:38.099282819Z","Count":1,"Bounds":[0.005,0.01,0.025,0.05,0.075,0.1,0.25,0.5,0.75,1,2.5,5,7.5,10],"BucketCounts":[1,0,0,0,0,0,0,0,0,0,0,0,0,0,0],"Min":0.000534118,"Max":0.000534118,"Sum":0.000534118,"Exemplars":[{"FilteredAttributes":null,"Time":"2026-01-04T14:35:10.121684173Z","Value":0.000534118,"SpanID":"iMZEw0LTSbo=","TraceID":"34Vdj5jA5RpKfjWxilmd6w=="}]},{"Attributes":[{"Key":"http.request.method","Value":{"Type":"STRING","Value":"GET"}},{"Key":"http.response.status_code","Value":{"Type":"INT64","Value":200}},{"Key":"http.route","Value":{"Type":"STRING","Value":"/dav/"}},{"Key":"network.protocol.name","Value":{"Type":"STRING","Value":"http"}},{"Key":"network.protocol.version","Value":{"Type":"STRING","Value":"1.1"}},{"Key":"server.address","Value":{"Type":"STRING","Value":"localhost"}},{"Key":"server.port","Value":{"Type":"INT64","Value":8080}},{"Key":"url.scheme","Value":{"Type":"STRING","Value":"http"}}],"StartTime":"2026-01-04T14:34:59.098321501Z","Time":"2026-01-04T14:35:38.099282819Z","Count":1,"Bounds":[0.005,0.01,0.025,0.05,0.075,0.1,0.25,0.5,0.75,1,2.5,5,7.5,10],"BucketCounts":[0,0,0,0,0,0,0,0,0,0,0,0,0,0,1],"Min":11.145195777000001,"Max":11.145195777000001,"Sum":11.145195777000001,"Exemplars":[{"FilteredAttributes":null,"Time":"2026-01-04T14:35:21.269157987Z","Value":11.145195777000001,"SpanID":"ouBaQFw88qU=","TraceID":"CpjIicxYlR3l9gwLzcPjxw=="}]}],"Temporality":"CumulativeTemporality"}},{"Name":"http.server.request.body.size","Description":"Size of HTTP server request bodies.","Unit":"By","Data":{"DataPoints":[{"Attributes":[{"Key":"http.request.method","Value":{"Type":"STRING","Value":"POST"}},{"Key":"http.response.status_code","Value":{"Type":"INT64","Value":200}},{"Key":"http.route","Value":{"Type":"STRING","Value":"/api/"}},{"Key":"network.protocol.name","Value":{"Type":"STRING","Value":"http"}},{"Key":"network.protocol.version","Value":{"Type":"STRING","Value":"1.1"}},{"Key":"server.address","Value":{"Type":"STRING","Value":"localhost"}},{"Key":"server.port","Value":{"Type":"INT64","Value":34400}},{"Key":"url.scheme","Value":{"Type":"STRING","Value":"http"}}],"StartTime":"2026-01-04T14:34:59.102560844Z","Time":"2026-01-04T14:35:38.099291716Z","Count":1,"Bounds":[0,5,10,25,50,75,100,250,500,750,1000,2500,5000,7500,10000],"BucketCounts":[0,0,0,0,0,1,0,0,0,0,0,0,0,0,0,0],"Min":55,"Max":55,"Sum":55,"Exemplars":[{"FilteredAttributes":null,"Time":"2026-01-04T14:35:00.100781751Z","Value":55,"SpanID":"/4WVA++HxYg=","TraceID":"Td9tVtLVTcz3+PK4egcHyw=="}]},{"Attributes":[{"Key":"http.request.method","Value":{"Type":"STRING","Value":"GET"}},{"Key":"http.response.status_code","Value":{"Type":"INT64","Value":405}},{"Key":"http.route","Value":{"Type":"STRING","Value":"/dav/"}},{"Key":"network.protocol.name","Value":{"Type":"STRING","Value":"http"}},{"Key":"network.protocol.version","Value":{"Type":"STRING","Value":"1.1"}},{"Key":"server.address","Value":{"Type":"STRING","Value":"localhost"}},{"Key":"server.port","Value":{"Type":"INT64","Value":34400}},{"Key":"url.scheme","Value":{"Type":"STRING","Value":"http"}}],"StartTime":"2026-01-04T14:34:59.102560844Z","Time":"2026-01-04T14:35:38.099291716Z","Count":2,"Bounds":[0,5,10,25,50,75,100,250,500,750,1000,2500,5000,7500,10000],"BucketCounts":[2,0,0,0,0,0,0,0,0,0,0,0,0,0,0,0],"Min":0,"Max":0,"Sum":0,"Exemplars":[{"FilteredAttributes":null,"Time":"2026-01-04T14:35:31.864176218Z","Value":0,"SpanID":"0BeqLXv3oQY=","TraceID":"1ZZp5ISTCeMoGrS/s3gdaw=="}]},{"Attributes":[{"Key":"http.request.method","Value":{"Type":"STRING","Value":"_OTHER"}},{"Key":"http.response.status_code","Value":{"Type":"INT64","Value":207}},{"Key":"http.route","Value":{"Type":"STRING","Value":"/dav/"}},{"Key":"network.protocol.name","Value":{"Type":"STRING","Value":"http"}},{"Key":"network.protocol.version","Value":{"Type":"STRING","Value":"1.1"}},{"Key":"server.address","Value":{"Type":"STRING","Value":"localhost"}},{"Key":"server.port","Value":{"Type":"INT64","Value":34400}},{"Key":"url.scheme","Value":{"Type":"STRING","Value":"http"}}],"StartTime":"2026-01-04T14:34:59.102560844Z","Time":"2026-01-04T14:35:38.099291716Z","Count":1,"Bounds":[0,5,10,25,50,75,100,250,500,750,1000,2500,5000,7500,10000],"BucketCounts":[1,0,0,0,0,0,0,0,0,0,0,0,0,0,0,0],"Min":0,"Max":0,"Sum":0,"Exemplars":[{"FilteredAttributes":null,"Time":"2026-01-04T14:35:10.121867675Z","Value":0,"SpanID":"dnjXs0vBk2U=","TraceID":"34Vdj5jA5RpKfjWxilmd6w=="}]},{"Attributes":[{"Key":"http.request.method","Value":{"Type":"STRING","Value":"GET"}},{"Key":"http.response.status_code","Value":{"Type":"INT64","Value":200}},{"Key":"http.route","Value":{"Type":"STRING","Value":"/dav/"}},{"Key":"network.protocol.name","Value":{"Type":"STRING","Value":"http"}},{"Key":"network.protocol.version","Value":{"Type":"STRING","Value":"1.1"}},{"Key":"server.address","Value":{"Type":"STRING","Value":"localhost"}},{"Key":"server.port","Value":{"Type":"INT64","Value":34400}},{"Key":"url.scheme","Value":{"Type":"STRING","Value":"http"}}],"StartTime":"2026-01-04T14:34:59.102560844Z","Time":"2026-01-04T14:35:38.099291716Z","Count":1,"Bounds":[0,5,10,25,50,75,100,250,500,750,1000,2500,5000,7500,10000],"BucketCounts":[1,0,0,0,0,0,0,0,0,0,0,0,0,0,0,0],"Min":0,"Max":0,"Sum":0,"Exemplars":[{"FilteredAttributes":null,"Time":"2026-01-04T14:35:31.861728487Z","Value":0,"SpanID":"Nwr6MtDb/Fc=","TraceID":"CpjIicxYlR3l9gwLzcPjxw=="}]},{"Attributes":[{"Key":"http.request.method","Value":{"Type":"STRING","Value":"GET"}},{"Key":"http.response.status_code","Value":{"Type":"INT64","Value":200}},{"Key":"http.route","Value":{"Type":"STRING","Value":"/m3u/"}},{"Key":"network.protocol.name","Value":{"Type":"STRING","Value":"http"}},{"Key":"network.protocol.version","Value":{"Type":"STRING","Value":"1.1"}},{"Key":"server.address","Value":{"Type":"STRING","Value":"localhost"}},{"Key":"server.port","Value":{"Type":"INT64","Value":34400}},{"Key":"url.scheme","Value":{"Type":"STRING","Value":"http"}}],"StartTime":"2026-01-04T14:34:59.102560844Z","Time":"2026-01-04T14:35:38.099291716Z","Count":1,"Bounds":[0,5,10,25,50,75,100,250,500,750,1000,2500,5000,7500,10000],"BucketCounts":[1,0,0,0,0,0,0,0,0,0,0,0,0,0,0,0],"Min":0,"Max":0,"Sum":0,"Exemplars":[{"FilteredAttributes":null,"Time":"2026-01-04T14:35:31.864812353Z","Value":0,"SpanID":"m6yD7iOFnx8=","TraceID":"/83ouML4Xszkl7t8aUBi/Q=="}]},{"Attributes":[{"Key":"http.request.method","Value":{"Type":"STRING","Value":"GET"}},{"Key":"http.response.status_code","Value":{"Type":"INT64","Value":302}},{"Key":"http.route","Value":{"Type":"STRING","Value":"/stream/"}},{"Key":"network.protocol.name","Value":{"Type":"STRING","Value":"http"}},{"Key":"network.protocol.version","Value":{"Type":"STRING","Value":"1.1"}},{"Key":"server.address","Value":{"Type":"STRING","Value":"localhost"}},{"Key":"server.port","Value":{"Type":"INT64","Value":34400}},{"Key":"url.scheme","Value":{"Type":"STRING","Value":"http"}}],"StartTime":"2026-01-04T14:34:59.102560844Z","Time":"2026-01-04T14:35:38.099291716Z","Count":1,"Bounds":[0,5,10,25,50,75,100,250,500,750,1000,2500,5000,7500,10000],"BucketCounts":[1,0,0,0,0,0,0,0,0,0,0,0,0,0,0,0],"Min":0,"Max":0,"Sum":0,"Exemplars":[{"FilteredAttributes":null,"Time":"2026-01-04T14:35:31.865390801Z","Value":0,"SpanID":"tF2YpvVsqEY=","TraceID":"x3yzfVUChEfvR3VJfZcUBg=="}]},{"Attributes":[{"Key":"http.request.method","Value":{"Type":"STRING","Value":"GET"}},{"Key":"http.response.status_code","Value":{"Type":"INT64","Value":200}},{"Key":"http.route","Value":{"Type":"STRING","Value":"/web/"}},{"Key":"network.protocol.name","Value":{"Type":"STRING","Value":"http"}},{"Key":"network.protocol.version","Value":{"Type":"STRING","Value":"1.1"}},{"Key":"server.address","Value":{"Type":"STRING","Value":"localhost"}},{"Key":"server.port","Value":{"Type":"INT64","Value":34400}},{"Key":"url.scheme","Value":{"Type":"STRING","Value":"http"}}],"StartTime":"2026-01-04T14:34:59.102560844Z","Time":"2026-01-04T14:35:38.099291716Z","Count":1,"Bounds":[0,5,10,25,50,75,100,250,500,750,1000,2500,5000,7500,10000],"BucketCounts":[1,0,0,0,0,0,0,0,0,0,0,0,0,0,0,0],"Min":0,"Max":0,"Sum":0,"Exemplars":[{"FilteredAttributes":null,"Time":"2026-01-04T14:35:00.090999452Z","Value":0,"SpanID":"RWLLeZXf39E=","TraceID":"vBFCVhx8Dsc91zE7v6tTBg=="}]}],"Temporality":"CumulativeTemporality"}},{"Name":"http.server.response.body.size","Description":"Size of HTTP server response bodies.","Unit":"By","Data":{"DataPoints":[{"Attributes":[{"Key":"http.request.method","Value":{"Type":"STRING","Value":"GET"}},{"Key":"http.response.status_code","Value":{"Type":"INT64","Value":200}},{"Key":"http.route","Value":{"Type":"STRING","Value":"/m3u/"}},{"Key":"network.protocol.name","Value":{"Type":"STRING","Value":"http"}},{"Key":"network.protocol.version","Value":{"Type":"STRING","Value":"1.1"}},{"Key":"server.address","Value":{"Type":"STRING","Value":"localhost"}},{"Key":"server.port","Value":{"Type":"INT64","Value":34400}},{"Key":"url.scheme","Value":{"Type":"STRING","Value":"http"}}],"StartTime":"2026-01-04T14:34:59.102574885Z","Time":"2026-01-04T14:35:38.099305882Z","Count":1,"Bounds":[0,5,10,25,50,75,100,250,500,750,1000,2500,5000,7500,10000],"BucketCounts":[0,0,0,0,0,0,0,0,0,0,0,1,0,0,0,0],"Min":1580,"Max":1580,"Sum":1580,"Exemplars":[{"FilteredAttributes":null,"Time":"2026-01-04T14:35:31.864818398Z","Value":1580,"SpanID":"m6yD7iOFnx8=","TraceID":"/83ouML4Xszkl7t8aUBi/Q=="}]},{"Attributes":[{"Key":"http.request.method","Value":{"Type":"STRING","Value":"GET"}},{"Key":"http.response.status_code","Value":{"Type":"INT64","Value":302}},{"Key":"http.route","Value":{"Type":"STRING","Value":"/stream/"}},{"Key":"network.protocol.name","Value":{"Type":"STRING","Value":"http"}},{"Key":"network.protocol.version","Value":{"Type":"STRING","Value":"1.1"}},{"Key":"server.address","Value":{"Type":"STRING","Value":"localhost"}},{"Key":"server.port","Value":{"Type":"INT64","Value":34400}},{"Key":"url.scheme","Value":{"Type":"STRING","Value":"http"}}],"StartTime":"2026-01-04T14:34:59.102574885Z","Time":"2026-01-04T14:35:38.099305882Z","Count":1,"Bounds":[0,5,10,25,50,75,100,250,500,750,1000,2500,5000,7500,10000],"BucketCounts":[0,0,0,0,0,1,0,0,0,0,0,0,0,0,0,0],"Min":62,"Max":62,"Sum":62,"Exemplars":[{"FilteredAttributes":null,"Time":"2026-01-04T14:35:31.865393981Z","Value":62,"SpanID":"tF2YpvVsqEY=","TraceID":"x3yzfVUChEfvR3VJfZcUBg=="}]},{"Attributes":[{"Key":"http.request.method","Value":{"Type":"STRING","Value":"GET"}},{"Key":"http.response.status_code","Value":{"Type":"INT64","Value":200}},{"Key":"http.route","Value":{"Type":"STRING","Value":"/web/"}},{"Key":"network.protocol.name","Value":{"Type":"STRING","Value":"http"}},{"Key":"network.protocol.version","Value":{"Type":"STRING","Value":"1.1"}},{"Key":"server.address","Value":{"Type":"STRING","Value":"localhost"}},{"Key":"server.port","Value":{"Type":"INT64","Value":34400}},{"Key":"url.scheme","Value":{"Type":"STRING","Value":"http"}}],"StartTime":"2026-01-04T14:34:59.102574885Z","Time":"2026-01-04T14:35:38.099305882Z","Count":1,"Bounds":[0,5,10,25,50,75,100,250,500,750,1000,2500,5000,7500,10000],"BucketCounts":[0,0,0,0,0,0,0,0,0,0,0,1,0,0,0,0],"Min":1920,"Max":1920,"Sum":1920,"Exemplars":[{"FilteredAttributes":null,"Time":"2026-01-04T14:35:00.091005829Z","Value":1920,"SpanID":"RWLLeZXf39E=","TraceID":"vBFCVhx8Dsc91zE7v6tTBg=="}]},{"Attributes":[{"Key":"http.request.method","Value":{"Type":"STRING","Value":"POST"}},{"Key":"http.response.status_code","Value":{"Type":"INT64","Value":200}},{"Key":"http.route","Value":{"Type":"STRING","Value":"/api/"}},{"Key":"network.protocol.name","Value":{"Type":"STRING","Value":"http"}},{"Key":"network.protocol.version","Value":{"Type":"STRING","Value":"1.1"}},{"Key":"server.address","Value":{"Type":"STRING","Value":"localhost"}},{"Key":"server.port","Value":{"Type":"INT64","Value":34400}},{"Key":"url.scheme","Value":{"Type":"STRING","Value":"http"}}],"StartTime":"2026-01-04T14:34:59.102574885Z","Time":"2026-01-04T14:35:38.099305882Z","Count":1,"Bounds":[0,5,10,25,50,75,100,250,500,750,1000,2500,5000,7500,10000],"BucketCounts":[0,0,0,0,0,0,0,0,1,0,0,0,0,0,0,0],"Min":374,"Max":374,"Sum":374,"Exemplars":[{"FilteredAttributes":null,"Time":"2026-01-04T14:35:00.100790609Z","Value":374,"SpanID":"/4WVA++HxYg=","TraceID":"Td9tVtLVTcz3+PK4egcHyw=="}]},{"Attributes":[{"Key":"http.request.method","Value":{"Type":"STRING","Value":"GET"}},{"Key":"http.response.status_code","Value":{"Type":"INT64","Value":405}},{"Key":"http.route","Value":{"Type":"STRING","Value":"/dav/"}},{"Key":"network.protocol.name","Value":{"Type":"STRING","Value":"http"}},{"Key":"network.protocol.version","Value":{"Type":"STRING","Value":"1.1"}},{"Key":"server.address","Value":{"Type":"STRING","Value":"localhost"}},{"Key":"server.port","Value":{"Type":"INT64","Value":34400}},{"Key":"url.scheme","Value":{"Type":"STRING","Value":"http"}}],"StartTime":"2026-01-04T14:34:59.102574885Z","Time":"2026-01-04T14:35:38.099305882Z","Count":2,"Bounds":[0,5,10,25,50,75,100,250,500,750,1000,2500,5000,7500,10000],"BucketCounts":[0,0,0,2,0,0,0,0,0,0,0,0,0,0,0,0],"Min":18,"Max":18,"Sum":36,"Exemplars":[{"FilteredAttributes":null,"Time":"2026-01-04T14:35:31.864178927Z","Value":18,"SpanID":"0BeqLXv3oQY=","TraceID":"1ZZp5ISTCeMoGrS/s3gdaw=="}]},{"Attributes":[{"Key":"http.request.method","Value":{"Type":"STRING","Value":"_OTHER"}},{"Key":"http.response.status_code","Value":{"Type":"INT64","Value":207}},{"Key":"http.route","Value":{"Type":"STRING","Value":"/dav/"}},{"Key":"network.protocol.name","Value":{"Type":"STRING","Value":"http"}},{"Key":"network.protocol.version","Value":{"Type":"STRING","Value":"1.1"}},{"Key":"server.address","Value":{"Type":"STRING","Value":"localhost"}},{"Key":"server.port","Value":{"Type":"INT64","Value":34400}},{"Key":"url.scheme","Value":{"Type":"STRING","Value":"http"}}],"StartTime":"2026-01-04T14:34:59.102574885Z","Time":"2026-01-04T14:35:38.099305882Z","Count":1,"Bounds":[0,5,10,25,50,75,100,250,500,750,1000,2500,5000,7500,10000],"BucketCounts":[0,0,0,0,0,0,0,0,0,0,0,1,0,0,0,0],"Min":1318,"Max":1318,"Sum":1318,"Exemplars":[{"FilteredAttributes":null,"Time":"2026-01-04T14:35:10.12187007Z","Value":1318,"SpanID":"dnjXs0vBk2U=","TraceID":"34Vdj5jA5RpKfjWxilmd6w=="}]},{"Attributes":[{"Key":"http.request.method","Value":{"Type":"STRING","Value":"GET"}},{"Key":"http.response.status_code","Value":{"Type":"INT64","Value":200}},{"Key":"http.route","Value":{"Type":"STRING","Value":"/dav/"}},{"Key":"network.protocol.name","Value":{"Type":"STRING","Value":"http"}},{"Key":"network.protocol.version","Value":{"Type":"STRING","Value":"1.1"}},{"Key":"server.address","Value":{"Type":"STRING","Value":"localhost"}},{"Key":"server.port","Value":{"Type":"INT64","Value":34400}},{"Key":"url.scheme","Value":{"Type":"STRING","Value":"http"}}],"StartTime":"2026-01-04T14:34:59.102574885Z","Time":"2026-01-04T14:35:38.099305882Z","Count":1,"Bounds":[0,5,10,25,50,75,100,250,500,750,1000,2500,5000,7500,10000],"BucketCounts":[1,0,0,0,0,0,0,0,0,0,0,0,0,0,0,0],"Min":0,"Max":0,"Sum":0,"Exemplars":[{"FilteredAttributes":null,"Time":"2026-01-04T14:35:31.861745879Z","Value":0,"SpanID":"Nwr6MtDb/Fc=","TraceID":"CpjIicxYlR3l9gwLzcPjxw=="}]}],"Temporality":"CumulativeTemporality"}},{"Name":"http.server.request.duration","Description":"Duration of HTTP server requests.","Unit":"s","Data":{"DataPoints":[{"Attributes":[{"Key":"http.request.method","Value":{"Type":"STRING","Value":"GET"}},{"Key":"http.response.status_code","Value":{"Type":"INT64","Value":200}},{"Key":"http.route","Value":{"Type":"STRING","Value":"/web/"}},{"Key":"network.protocol.name","Value":{"Type":"STRING","Value":"http"}},{"Key":"network.protocol.version","Value":{"Type":"STRING","Value":"1.1"}},{"Key":"server.address","Value":{"Type":"STRING","Value":"localhost"}},{"Key":"server.port","Value":{"Type":"INT64","Value":34400}},{"Key":"url.scheme","Value":{"Type":"STRING","Value":"http"}}],"StartTime":"2026-01-04T14:34:59.102583194Z","Time":"2026-01-04T14:35:38.099315444Z","Count":1,"Bounds":[0.005,0.01,0.025,0.05,0.075,0.1,0.25,0.5,0.75,1,2.5,5,7.5,10],"BucketCounts":[1,0,0,0,0,0,0,0,0,0,0,0,0,0,0],"Min":0.0009576550000000001,"Max":0.0009576550000000001,"Sum":0.0009576550000000001,"Exemplars":[{"FilteredAttributes":null,"Time":"2026-01-04T14:35:00.091011746Z","Value":0.0009576550000000001,"SpanID":"RWLLeZXf39E=","TraceID":"vBFCVhx8Dsc91zE7v6tTBg=="}]},{"Attributes":[{"Key":"http.request.method","Value":{"Type":"STRING","Value":"POST"}},{"Key":"http.response.status_code","Value":{"Type":"INT64","Value":200}},{"Key":"http.route","Value":{"Type":"STRING","Value":"/api/"}},{"Key":"network.protocol.name","Value":{"Type":"STRING","Value":"http"}},{"Key":"network.protocol.version","Value":{"Type":"STRING","Value":"1.1"}},{"Key":"server.address","Value":{"Type":"STRING","Value":"localhost"}},{"Key":"server.port","Value":{"Type":"INT64","Value":34400}},{"Key":"url.scheme","Value":{"Type":"STRING","Value":"http"}}],"StartTime":"2026-01-04T14:34:59.102583194Z","Time":"2026-01-04T14:35:38.099315444Z","Count":1,"Bounds":[0.005,0.01,0.025,0.05,0.075,0.1,0.25,0.5,0.75,1,2.5,5,7.5,10],"BucketCounts":[1,0,0,0,0,0,0,0,0,0,0,0,0,0,0],"Min":0.000270237,"Max":0.000270237,"Sum":0.000270237,"Exemplars":[{"FilteredAttributes":null,"Time":"2026-01-04T14:35:00.100823751Z","Value":0.000270237,"SpanID":"/4WVA++HxYg=","TraceID":"Td9tVtLVTcz3+PK4egcHyw=="}]},{"Attributes":[{"Key":"http.request.method","Value":{"Type":"STRING","Value":"GET"}},{"Key":"http.response.status_code","Value":{"Type":"INT64","Value":405}},{"Key":"http.route","Value":{"Type":"STRING","Value":"/dav/"}},{"Key":"network.protocol.name","Value":{"Type":"STRING","Value":"http"}},{"Key":"network.protocol.version","Value":{"Type":"STRING","Value":"1.1"}},{"Key":"server.address","Value":{"Type":"STRING","Value":"localhost"}},{"Key":"server.port","Value":{"Type":"INT64","Value":34400}},{"Key":"url.scheme","Value":{"Type":"STRING","Value":"http"}}],"StartTime":"2026-01-04T14:34:59.102583194Z","Time":"2026-01-04T14:35:38.099315444Z","Count":2,"Bounds":[0.005,0.01,0.025,0.05,0.075,0.1,0.25,0.5,0.75,1,2.5,5,7.5,10],"BucketCounts":[2,0,0,0,0,0,0,0,0,0,0,0,0,0,0],"Min":0.00009578000000000001,"Max":0.000158283,"Sum":0.000254063,"Exemplars":[{"FilteredAttributes":null,"Time":"2026-01-04T14:35:31.864181321Z","Value":0.00009578000000000001,"SpanID":"0BeqLXv3oQY=","TraceID":"1ZZp5ISTCeMoGrS/s3gdaw=="}]},{"Attributes":[{"Key":"http.request.method","Value":{"Type":"STRING","Value":"_OTHER"}},{"Key":"http.response.status_code","Value":{"Type":"INT64","Value":207}},{"Key":"http.route","Value":{"Type":"STRING","Value":"/dav/"}},{"Key":"network.protocol.name","Value":{"Type":"STRING","Value":"http"}},{"Key":"network.protocol.version","Value":{"Type":"STRING","Value":"1.1"}},{"Key":"server.address","Value":{"Type":"STRING","Value":"localhost"}},{"Key":"server.port","Value":{"Type":"INT64","Value":34400}},{"Key":"url.scheme","Value":{"Type":"STRING","Value":"http"}}],"StartTime":"2026-01-04T14:34:59.102583194Z","Time":"2026-01-04T14:35:38.099315444Z","Count":1,"Bounds":[0.005,0.01,0.025,0.05,0.075,0.1,0.25,0.5,0.75,1,2.5,5,7.5,10],"BucketCounts":[1,0,0,0,0,0,0,0,0,0,0,0,0,0,0],"Min":0.001155172,"Max":0.001155172,"Sum":0.001155172,"Exemplars":[{"FilteredAttributes":null,"Time":"2026-01-04T14:35:10.121873583Z","Value":0.001155172,"SpanID":"dnjXs0vBk2U=","TraceID":"34Vdj5jA5RpKfjWxilmd6w=="}]},{"Attributes":[{"Key":"http.request.method","Value":{"Type":"STRING","Value":"GET"}},{"Key":"http.response.status_code","Value":{"Type":"INT64","Value":200}},{"Key":"http.route","Value":{"Type":"STRING","Value":"/dav/"}},{"Key":"network.protocol.name","Value":{"Type":"STRING","Value":"http"}},{"Key":"network.protocol.version","Value":{"Type":"STRING","Value":"1.1"}},{"Key":"server.address","Value":{"Type":"STRING","Value":"localhost"}},{"Key":"server.port","Value":{"Type":"INT64","Value":34400}},{"Key":"url.scheme","Value":{"Type":"STRING","Value":"http"}}],"StartTime":"2026-01-04T14:34:59.102583194Z","Time":"2026-01-04T14:35:38.099315444Z","Count":1,"Bounds":[0.005,0.01,0.025,0.05,0.075,0.1,0.25,0.5,0.75,1,2.5,5,7.5,10],"BucketCounts":[0,0,0,0,0,0,0,0,0,0,0,0,0,0,1],"Min":21.739216915,"Max":21.739216915,"Sum":21.739216915,"Exemplars":[{"FilteredAttributes":null,"Time":"2026-01-04T14:35:31.861752135Z","Value":21.739216915,"SpanID":"Nwr6MtDb/Fc=","TraceID":"CpjIicxYlR3l9gwLzcPjxw=="}]},{"Attributes":[{"Key":"http.request.method","Value":{"Type":"STRING","Value":"GET"}},{"Key":"http.response.status_code","Value":{"Type":"INT64","Value":200}},{"Key":"http.route","Value":{"Type":"STRING","Value":"/m3u/"}},{"Key":"network.protocol.name","Value":{"Type":"STRING","Value":"http"}},{"Key":"network.protocol.version","Value":{"Type":"STRING","Value":"1.1"}},{"Key":"server.address","Value":{"Type":"STRING","Value":"localhost"}},{"Key":"server.port","Value":{"Type":"INT64","Value":34400}},{"Key":"url.scheme","Value":{"Type":"STRING","Value":"http"}}],"StartTime":"2026-01-04T14:34:59.102583194Z","Time":"2026-01-04T14:35:38.099315444Z","Count":1,"Bounds":[0.005,0.01,0.025,0.05,0.075,0.1,0.25,0.5,0.75,1,2.5,5,7.5,10],"BucketCounts":[1,0,0,0,0,0,0,0,0,0,0,0,0,0,0],"Min":0.00023685400000000002,"Max":0.00023685400000000002,"Sum":0.00023685400000000002,"Exemplars":[{"FilteredAttributes":null,"Time":"2026-01-04T14:35:31.864822309Z","Value":0.00023685400000000002,"SpanID":"m6yD7iOFnx8=","TraceID":"/83ouML4Xszkl7t8aUBi/Q=="}]},{"Attributes":[{"Key":"http.request.method","Value":{"Type":"STRING","Value":"GET"}},{"Key":"http.response.status_code","Value":{"Type":"INT64","Value":302}},{"Key":"http.route","Value":{"Type":"STRING","Value":"/stream/"}},{"Key":"network.protocol.name","Value":{"Type":"STRING","Value":"http"}},{"Key":"network.protocol.version","Value":{"Type":"STRING","Value":"1.1"}},{"Key":"server.address","Value":{"Type":"STRING","Value":"localhost"}},{"Key":"server.port","Value":{"Type":"INT64","Value":34400}},{"Key":"url.scheme","Value":{"Type":"STRING","Value":"http"}}],"StartTime":"2026-01-04T14:34:59.102583194Z","Time":"2026-01-04T14:35:38.099315444Z","Count":1,"Bounds":[0.005,0.01,0.025,0.05,0.075,0.1,0.25,0.5,0.75,1,2.5,5,7.5,10],"BucketCounts":[1,0,0,0,0,0,0,0,0,0,0,0,0,0,0],"Min":0.000144399,"Max":0.000144399,"Sum":0.000144399,"Exemplars":[{"FilteredAttributes":null,"Time":"2026-01-04T14:35:31.865397535Z","Value":0.000144399,"SpanID":"tF2YpvVsqEY=","TraceID":"x3yzfVUChEfvR3VJfZcUBg=="}]}],"Temporality":"CumulativeTemporality"}}]}]}
{"Resource":[{"Key":"service.name","Value":{"Type":"STRING","Value":"unknown_service:xteve"}},{"Key":"telemetry.sdk.language","Value":{"Type":"STRING","Value":"go"}},{"Key":"telemetry.sdk.name","Value":{"Type":"STRING","Value":"opentelemetry"}},{"Key":"telemetry.sdk.version","Value":{"Type":"STRING","Value":"1.39.0"}}],"ScopeMetrics":[{"Scope":{"Name":"go.opentelemetry.io/contrib/instrumentation/net/http/otelhttp","Version":"0.64.0","SchemaURL":"","Attributes":null},"Metrics":[{"Name":"http.client.request.body.size","Description":"Size of HTTP client request bodies.","Unit":"By","Data":{"DataPoints":[{"Attributes":[{"Key":"http.request.method","Value":{"Type":"STRING","Value":"GET"}},{"Key":"http.response.status_code","Value":{"Type":"INT64","Value":200}},{"Key":"network.protocol.name","Value":{"Type":"STRING","Value":"http"}},{"Key":"network.protocol.version","Value":{"Type":"STRING","Value":"1.1"}},{"Key":"server.address","Value":{"Type":"STRING","Value":"localhost"}},{"Key":"server.port","Value":{"Type":"INT64","Value":8080}},{"Key":"url.scheme","Value":{"Type":"STRING","Value":"http"}}],"StartTime":"2026-01-04T14:34:59.09830608Z","Time":"2026-01-04T14:35:41.098995298Z","Count":2,"Bounds":[0,5,10,25,50,75,100,250,500,750,1000,2500,5000,7500,10000],"BucketCounts":[2,0,0,0,0,0,0,0,0,0,0,0,0,0,0,0],"Min":0,"Max":0,"Sum":0,"Exemplars":[{"FilteredAttributes":null,"Time":"2026-01-04T14:35:10.125685589Z","Value":0,"SpanID":"4X9xeHYp36I=","TraceID":"jY1sibBnMqOo7LvbedhB2w=="}]},{"Attributes":[{"Key":"http.request.method","Value":{"Type":"STRING","Value":"HEAD"}},{"Key":"http.response.status_code","Value":{"Type":"INT64","Value":200}},{"Key":"http.route","Value":{"Type":"STRING","Value":"/dav/"}},{"Key":"network.protocol.name","Value":{"Type":"STRING","Value":"http"}},{"Key":"network.protocol.version","Value":{"Type":"STRING","Value":"1.1"}},{"Key":"server.address","Value":{"Type":"STRING","Value":"localhost"}},{"Key":"server.port","Value":{"Type":"INT64","Value":8080}},{"Key":"url.scheme","Value":{"Type":"STRING","Value":"http"}}],"StartTime":"2026-01-04T14:34:59.09830608Z","Time":"2026-01-04T14:35:41.098995298Z","Count":1,"Bounds":[0,5,10,25,50,75,100,250,500,750,1000,2500,5000,7500,10000],"BucketCounts":[1,0,0,0,0,0,0,0,0,0,0,0,0,0,0,0],"Min":0,"Max":0,"Sum":0,"Exemplars":[{"FilteredAttributes":null,"Time":"2026-01-04T14:35:10.121678885Z","Value":0,"SpanID":"iMZEw0LTSbo=","TraceID":"34Vdj5jA5RpKfjWxilmd6w=="}]},{"Attributes":[{"Key":"http.request.method","Value":{"Type":"STRING","Value":"GET"}},{"Key":"http.response.status_code","Value":{"Type":"INT64","Value":200}},{"Key":"http.route","Value":{"Type":"STRING","Value":"/dav/"}},{"Key":"network.protocol.name","Value":{"Type":"STRING","Value":"http"}},{"Key":"network.protocol.version","Value":{"Type":"STRING","Value":"1.1"}},{"Key":"server.address","Value":{"Type":"STRING","Value":"localhost"}},{"Key":"server.port","Value":{"Type":"INT64","Value":8080}},{"Key":"url.scheme","Value":{"Type":"STRING","Value":"http"}}],"StartTime":"2026-01-04T14:34:59.09830608Z","Time":"2026-01-04T14:35:41.098995298Z","Count":1,"Bounds":[0,5,10,25,50,75,100,250,500,750,1000,2500,5000,7500,10000],"BucketCounts":[1,0,0,0,0,0,0,0,0,0,0,0,0,0,0,0],"Min":0,"Max":0,"Sum":0,"Exemplars":[{"FilteredAttributes":null,"Time":"2026-01-04T14:35:21.269152449Z","Value":0,"SpanID":"ouBaQFw88qU=","TraceID":"CpjIicxYlR3l9gwLzcPjxw=="}]}],"Temporality":"CumulativeTemporality"}},{"Name":"http.client.request.duration","Description":"Duration of HTTP client requests.","Unit":"s","Data":{"DataPoints":[{"Attributes":[{"Key":"http.request.method","Value":{"Type":"STRING","Value":"GET"}},{"Key":"http.response.status_code","Value":{"Type":"INT64","Value":200}},{"Key":"network.protocol.name","Value":{"Type":"STRING","Value":"http"}},{"Key":"network.protocol.version","Value":{"Type":"STRING","Value":"1.1"}},{"Key":"server.address","Value":{"Type":"STRING","Value":"localhost"}},{"Key":"server.port","Value":{"Type":"INT64","Value":8080}},{"Key":"url.scheme","Value":{"Type":"STRING","Value":"http"}}],"StartTime":"2026-01-04T14:34:59.098321501Z","Time":"2026-01-04T14:35:41.099021406Z","Count":2,"Bounds":[0.005,0.01,0.025,0.05,0.075,0.1,0.25,0.5,0.75,1,2.5,5,7.5,10],"BucketCounts":[2,0,0,0,0,0,0,0,0,0,0,0,0,0,0],"Min":0.0011447229999999998,"Max":0.001567234,"Sum":0.002711957,"Exemplars":[{"FilteredAttributes":null,"Time":"2026-01-04T14:35:10.125687718Z","Value":0.001567234,"SpanID":"4X9xeHYp36I=","TraceID":"jY1sibBnMqOo7LvbedhB2w=="}]},{"Attributes":[{"Key":"http.request.method","Value":{"Type":"STRING","Value":"HEAD"}},{"Key":"http.response.status_code","Value":{"Type":"INT64","Value":200}},{"Key":"http.route","Value":{"Type":"STRING","Value":"/dav/"}},{"Key":"network.protocol.name","Value":{"Type":"STRING","Value":"http"}},{"Key":"network.protocol.version","Value":{"Type":"STRING","Value":"1.1"}},{"Key":"server.address","Value":{"Type":"STRING","Value":"localhost"}},{"Key":"server.port","Value":{"Type":"INT64","Value":8080}},{"Key":"url.scheme","Value":{"Type":"STRING","Value":"http"}}],"StartTime":"2026-01-04T14:34:59.098321501Z","Time":"2026-01-04T14:35:41.099021406Z","Count":1,"Bounds":[0.005,0.01,0.025,0.05,0.075,0.1,0.25,0.5,0.75,1,2.5,5,7.5,10],"BucketCounts":[1,0,0,0,0,0,0,0,0,0,0,0,0,0,0],"Min":0.000534118,"Max":0.000534118,"Sum":0.000534118,"Exemplars":[{"FilteredAttributes":null,"Time":"2026-01-04T14:35:10.121684173Z","Value":0.000534118,"SpanID":"iMZEw0LTSbo=","TraceID":"34Vdj5jA5RpKfjWxilmd6w=="}]},{"Attributes":[{"Key":"http.request.method","Value":{"Type":"STRING","Value":"GET"}},{"Key":"http.response.status_code","Value":{"Type":"INT64","Value":200}},{"Key":"http.route","Value":{"Type":"STRING","Value":"/dav/"}},{"Key":"network.protocol.name","Value":{"Type":"STRING","Value":"http"}},{"Key":"network.protocol.version","Value":{"Type":"STRING","Value":"1.1"}},{"Key":"server.address","Value":{"Type":"STRING","Value":"localhost"}},{"Key":"server.port","Value":{"Type":"INT64","Value":8080}},{"Key":"url.scheme","Value":{"Type":"STRING","Value":"http"}}],"StartTime":"2026-01-04T14:34:59.098321501Z","Time":"2026-01-04T14:35:41.099021406Z","Count":1,"Bounds":[0.005,0.01,0.025,0.05,0.075,0.1,0.25,0.5,0.75,1,2.5,5,7.5,10],"BucketCounts":[0,0,0,0,0,0,0,0,0,0,0,0,0,0,1],"Min":11.145195777000001,"Max":11.145195777000001,"Sum":11.145195777000001,"Exemplars":[{"FilteredAttributes":null,"Time":"2026-01-04T14:35:21.269157987Z","Value":11.145195777000001,"SpanID":"ouBaQFw88qU=","TraceID":"CpjIicxYlR3l9gwLzcPjxw=="}]}],"Temporality":"CumulativeTemporality"}},{"Name":"http.server.request.body.size","Description":"Size of HTTP server request bodies.","Unit":"By","Data":{"DataPoints":[{"Attributes":[{"Key":"http.request.method","Value":{"Type":"STRING","Value":"GET"}},{"Key":"http.response.status_code","Value":{"Type":"INT64","Value":200}},{"Key":"http.route","Value":{"Type":"STRING","Value":"/m3u/"}},{"Key":"network.protocol.name","Value":{"Type":"STRING","Value":"http"}},{"Key":"network.protocol.version","Value":{"Type":"STRING","Value":"1.1"}},{"Key":"server.address","Value":{"Type":"STRING","Value":"localhost"}},{"Key":"server.port","Value":{"Type":"INT64","Value":34400}},{"Key":"url.scheme","Value":{"Type":"STRING","Value":"http"}}],"StartTime":"2026-01-04T14:34:59.102560844Z","Time":"2026-01-04T14:35:41.099030057Z","Count":1,"Bounds":[0,5,10,25,50,75,100,250,500,750,1000,2500,5000,7500,10000],"BucketCounts":[1,0,0,0,0,0,0,0,0,0,0,0,0,0,0,0],"Min":0,"Max":0,"Sum":0,"Exemplars":[{"FilteredAttributes":null,"Time":"2026-01-04T14:35:31.864812353Z","Value":0,"SpanID":"m6yD7iOFnx8=","TraceID":"/83ouML4Xszkl7t8aUBi/Q=="}]},{"Attributes":[{"Key":"http.request.method","Value":{"Type":"STRING","Value":"GET"}},{"Key":"http.response.status_code","Value":{"Type":"INT64","Value":302}},{"Key":"http.route","Value":{"Type":"STRING","Value":"/stream/"}},{"Key":"network.protocol.name","Value":{"Type":"STRING","Value":"http"}},{"Key":"network.protocol.version","Value":{"Type":"STRING","Value":"1.1"}},{"Key":"server.address","Value":{"Type":"STRING","Value":"localhost"}},{"Key":"server.port","Value":{"Type":"INT64","Value":34400}},{"Key":"url.scheme","Value":{"Type":"STRING","Value":"http"}}],"StartTime":"2026-01-04T14:34:59.102560844Z","Time":"2026-01-04T14:35:41.099030057Z","Count":1,"Bounds":[0,5,10,25,50,75,100,250,500,750,1000,2500,5000,7500,10000],"BucketCounts":[1,0,0,0,0,0,0,0,0,0,0,0,0,0,0,0],"Min":0,"Max":0,"Sum":0,"Exemplars":[{"FilteredAttributes":null,"Time":"2026-01-04T14:35:31.865390801Z","Value":0,"SpanID":"tF2YpvVsqEY=","TraceID":"x3yzfVUChEfvR3VJfZcUBg=="}]},{"Attributes":[{"Key":"http.request.method","Value":{"Type":"STRING","Value":"GET"}},{"Key":"http.response.status_code","Value":{"Type":"INT64","Value":200}},{"Key":"http.route","Value":{"Type":"STRING","Value":"/web/"}},{"Key":"network.protocol.name","Value":{"Type":"STRING","Value":"http"}},{"Key":"network.protocol.version","Value":{"Type":"STRING","Value":"1.1"}},{"Key":"server.address","Value":{"Type":"STRING","Value":"localhost"}},{"Key":"server.port","Value":{"Type":"INT64","Value":34400}},{"Key":"url.scheme","Value":{"Type":"STRING","Value":"http"}}],"StartTime":"2026-01-04T14:34:59.102560844Z","Time":"2026-01-04T14:35:41.099030057Z","Count":1,"Bounds":[0,5,10,25,50,75,100,250,500,750,1000,2500,5000,7500,10000],"BucketCounts":[1,0,0,0,0,0,0,0,0,0,0,0,0,0,0,0],"Min":0,"Max":0,"Sum":0,"Exemplars":[{"FilteredAttributes":null,"Time":"2026-01-04T14:35:00.090999452Z","Value":0,"SpanID":"RWLLeZXf39E=","TraceID":"vBFCVhx8Dsc91zE7v6tTBg=="}]},{"Attributes":[{"Key":"http.request.method","Value":{"Type":"STRING","Value":"POST"}},{"Key":"http.response.status_code","Value":{"Type":"INT64","Value":200}},{"Key":"http.route","Value":{"Type":"STRING","Value":"/api/"}},{"Key":"network.protocol.name","Value":{"Type":"STRING","Value":"http"}},{"Key":"network.protocol.version","Value":{"Type":"STRING","Value":"1.1"}},{"Key":"server.address","Value":{"Type":"STRING","Value":"localhost"}},{"Key":"server.port","Value":{"Type":"INT64","Value":34400}},{"Key":"url.scheme","Value":{"Type":"STRING","Value":"http"}}],"StartTime":"2026-01-04T14:34:59.102560844Z","Time":"2026-01-04T14:35:41.099030057Z","Count":1,"Bounds":[0,5,10,25,50,75,100,250,500,750,1000,2500,5000,7500,10000],"BucketCounts":[0,0,0,0,0,1,0,0,0,0,0,0,0,0,0,0],"Min":55,"Max":55,"Sum":55,"Exemplars":[{"FilteredAttributes":null,"Time":"2026-01-04T14:35:00.100781751Z","Value":55,"SpanID":"/4WVA++HxYg=","TraceID":"Td9tVtLVTcz3+PK4egcHyw=="}]},{"Attributes":[{"Key":"http.request.method","Value":{"Type":"STRING","Value":"GET"}},{"Key":"http.response.status_code","Value":{"Type":"INT64","Value":405}},{"Key":"http.route","Value":{"Type":"STRING","Value":"/dav/"}},{"Key":"network.protocol.name","Value":{"Type":"STRING","Value":"http"}},{"Key":"network.protocol.version","Value":{"Type":"STRING","Value":"1.1"}},{"Key":"server.address","Value":{"Type":"STRING","Value":"localhost"}},{"Key":"server.port","Value":{"Type":"INT64","Value":34400}},{"Key":"url.scheme","Value":{"Type":"STRING","Value":"http"}}],"StartTime":"2026-01-04T14:34:59.102560844Z","Time":"2026-01-04T14:35:41.099030057Z","Count":2,"Bounds":[0,5,10,25,50,75,100,250,500,750,1000,2500,5000,7500,10000],"BucketCounts":[2,0,0,0,0,0,0,0,0,0,0,0,0,0,0,0],"Min":0,"Max":0,"Sum":0,"Exemplars":[{"FilteredAttributes":null,"Time":"2026-01-04T14:35:31.864176218Z","Value":0,"SpanID":"0BeqLXv3oQY=","TraceID":"1ZZp5ISTCeMoGrS/s3gdaw=="}]},{"Attributes":[{"Key":"http.request.method","Value":{"Type":"STRING","Value":"_OTHER"}},{"Key":"http.response.status_code","Value":{"Type":"INT64","Value":207}},{"Key":"http.route","Value":{"Type":"STRING","Value":"/dav/"}},{"Key":"network.protocol.name","Value":{"Type":"STRING","Value":"http"}},{"Key":"network.protocol.version","Value":{"Type":"STRING","Value":"1.1"}},{"Key":"server.address","Value":{"Type":"STRING","Value":"localhost"}},{"Key":"server.port","Value":{"Type":"INT64","Value":34400}},{"Key":"url.scheme","Value":{"Type":"STRING","Value":"http"}}],"StartTime":"2026-01-04T14:34:59.102560844Z","Time":"2026-01-04T14:35:41.099030057Z","Count":1,"Bounds":[0,5,10,25,50,75,100,250,500,750,1000,2500,5000,7500,10000],"BucketCounts":[1,0,0,0,0,0,0,0,0,0,0,0,0,0,0,0],"Min":0,"Max":0,"Sum":0,"Exemplars":[{"FilteredAttributes":null,"Time":"2026-01-04T14:35:10.121867675Z","Value":0,"SpanID":"dnjXs0vBk2U=","TraceID":"34Vdj5jA5RpKfjWxilmd6w=="}]},{"Attributes":[{"Key":"http.request.method","Value":{"Type":"STRING","Value":"GET"}},{"Key":"http.response.status_code","Value":{"Type":"INT64","Value":200}},{"Key":"http.route","Value":{"Type":"STRING","Value":"/dav/"}},{"Key":"network.protocol.name","Value":{"Type":"STRING","Value":"http"}},{"Key":"network.protocol.version","Value":{"Type":"STRING","Value":"1.1"}},{"Key":"server.address","Value":{"Type":"STRING","Value":"localhost"}},{"Key":"server.port","Value":{"Type":"INT64","Value":34400}},{"Key":"url.scheme","Value":{"Type":"STRING","Value":"http"}}],"StartTime":"2026-01-04T14:34:59.102560844Z","Time":"2026-01-04T14:35:41.099030057Z","Count":1,"Bounds":[0,5,10,25,50,75,100,250,500,750,1000,2500,5000,7500,10000],"BucketCounts":[1,0,0,0,0,0,0,0,0,0,0,0,0,0,0,0],"Min":0,"Max":0,"Sum":0,"Exemplars":[{"FilteredAttributes":null,"Time":"2026-01-04T14:35:31.861728487Z","Value":0,"SpanID":"Nwr6MtDb/Fc=","TraceID":"CpjIicxYlR3l9gwLzcPjxw=="}]}],"Temporality":"CumulativeTemporality"}},{"Name":"http.server.response.body.size","Description":"Size of HTTP server response bodies.","Unit":"By","Data":{"DataPoints":[{"Attributes":[{"Key":"http.request.method","Value":{"Type":"STRING","Value":"GET"}},{"Key":"http.response.status_code","Value":{"Type":"INT64","Value":200}},{"Key":"http.route","Value":{"Type":"STRING","Value":"/web/"}},{"Key":"network.protocol.name","Value":{"Type":"STRING","Value":"http"}},{"Key":"network.protocol.version","Value":{"Type":"STRING","Value":"1.1"}},{"Key":"server.address","Value":{"Type":"STRING","Value":"localhost"}},{"Key":"server.port","Value":{"Type":"INT64","Value":34400}},{"Key":"url.scheme","Value":{"Type":"STRING","Value":"http"}}],"StartTime":"2026-01-04T14:34:59.102574885Z","Time":"2026-01-04T14:35:41.099046112Z","Count":1,"Bounds":[0,5,10,25,50,75,100,250,500,750,1000,2500,5000,7500,10000],"BucketCounts":[0,0,0,0,0,0,0,0,0,0,0,1,0,0,0,0],"Min":1920,"Max":1920,"Sum":1920,"Exemplars":[{"FilteredAttributes":null,"Time":"2026-01-04T14:35:00.091005829Z","Value":1920,"SpanID":"RWLLeZXf39E=","TraceID":"vBFCVhx8Dsc91zE7v6tTBg=="}]},{"Attributes":[{"Key":"http.request.method","Value":{"Type":"STRING","Value":"POST"}},{"Key":"http.response.status_code","Value":{"Type":"INT64","Value":200}},{"Key":"http.route","Value":{"Type":"STRING","Value":"/api/"}},{"Key":"network.protocol.name","Value":{"Type":"STRING","Value":"http"}},{"Key":"network.protocol.version","Value":{"Type":"STRING","Value":"1.1"}},{"Key":"server.address","Value":{"Type":"STRING","Value":"localhost"}},{"Key":"server.port","Value":{"Type":"INT64","Value":34400}},{"Key":"url.scheme","Value":{"Type":"STRING","Value":"http"}}],"StartTime":"2026-01-04T14:34:59.102574885Z","Time":"2026-01-04T14:35:41.099046112Z","Count":1,"Bounds":[0,5,10,25,50,75,100,250,500,750,1000,2500,5000,7500,10000],"BucketCounts":[0,0,0,0,0,0,0,0,1,0,0,0,0,0,0,0],"Min":374,"Max":374,"Sum":374,"Exemplars":[{"FilteredAttributes":null,"Time":"2026-01-04T14:35:00.100790609Z","Value":374,"SpanID":"/4WVA++HxYg=","TraceID":"Td9tVtLVTcz3+PK4egcHyw=="}]},{"Attributes":[{"Key":"http.request.method","Value":{"Type":"STRING","Value":"GET"}},{"Key":"http.response.status_code","Value":{"Type":"INT64","Value":405}},{"Key":"http.route","Value":{"Type":"STRING","Value":"/dav/"}},{"Key":"network.protocol.name","Value":{"Type":"STRING","Value":"http"}},{"Key":"network.protocol.version","Value":{"Type":"STRING","Value":"1.1"}},{"Key":"server.address","Value":{"Type":"STRING","Value":"localhost"}},{"Key":"server.port","Value":{"Type":"INT64","Value":34400}},{"Key":"url.scheme","Value":{"Type":"STRING","Value":"http"}}],"StartTime":"2026-01-04T14:34:59.102574885Z","Time":"2026-01-04T14:35:41.099046112Z","Count":2,"Bounds":[0,5,10,25,50,75,100,250,500,750,1000,2500,5000,7500,10000],"BucketCounts":[0,0,0,2,0,0,0,0,0,0,0,0,0,0,0,0],"Min":18,"Max":18,"Sum":36,"Exemplars":[{"FilteredAttributes":null,"Time":"2026-01-04T14:35:31.864178927Z","Value":18,"SpanID":"0BeqLXv3oQY=","TraceID":"1ZZp5ISTCeMoGrS/s3gdaw=="}]},{"Attributes":[{"Key":"http.request.method","Value":{"Type":"STRING","Value":"_OTHER"}},{"Key":"http.response.status_code","Value":{"Type":"INT64","Value":207}},{"Key":"http.route","Value":{"Type":"STRING","Value":"/dav/"}},{"Key":"network.protocol.name","Value":{"Type":"STRING","Value":"http"}},{"Key":"network.protocol.version","Value":{"Type":"STRING","Value":"1.1"}},{"Key":"server.address","Value":{"Type":"STRING","Value":"localhost"}},{"Key":"server.port","Value":{"Type":"INT64","Value":34400}},{"Key":"url.scheme","Value":{"Type":"STRING","Value":"http"}}],"StartTime":"2026-01-04T14:34:59.102574885Z","Time":"2026-01-04T14:35:41.099046112Z","Count":1,"Bounds":[0,5,10,25,50,75,100,250,500,750,1000,2500,5000,7500,10000],"BucketCounts":[0,0,0,0,0,0,0,0,0,0,0,1,0,0,0,0],"Min":1318,"Max":1318,"Sum":1318,"Exemplars":[{"FilteredAttributes":null,"Time":"2026-01-04T14:35:10.12187007Z","Value":1318,"SpanID":"dnjXs0vBk2U=","TraceID":"34Vdj5jA5RpKfjWxilmd6w=="}]},{"Attributes":[{"Key":"http.request.method","Value":{"Type":"STRING","Value":"GET"}},{"Key":"http.response.status_code","Value":{"Type":"INT64","Value":200}},{"Key":"http.route","Value":{"Type":"STRING","Value":"/dav/"}},{"Key":"network.protocol.name","Value":{"Type":"STRING","Value":"http"}},{"Key":"network.protocol.version","Value":{"Type":"STRING","Value":"1.1"}},{"Key":"server.address","Value":{"Type":"STRING","Value":"localhost"}},{"Key":"server.port","Value":{"Type":"INT64","Value":34400}},{"Key":"url.scheme","Value":{"Type":"STRING","Value":"http"}}],"StartTime":"2026-01-04T14:34:59.102574885Z","Time":"2026-01-04T14:35:41.099046112Z","Count":1,"Bounds":[0,5,10,25,50,75,100,250,500,750,1000,2500,5000,7500,10000],"BucketCounts":[1,0,0,0,0,0,0,0,0,0,0,0,0,0,0,0],"Min":0,"Max":0,"Sum":0,"Exemplars":[{"FilteredAttributes":null,"Time":"2026-01-04T14:35:31.861745879Z","Value":0,"SpanID":"Nwr6MtDb/Fc=","TraceID":"CpjIicxYlR3l9gwLzcPjxw=="}]},{"Attributes":[{"Key":"http.request.method","Value":{"Type":"STRING","Value":"GET"}},{"Key":"http.response.status_code","Value":{"Type":"INT64","Value":200}},{"Key":"http.route","Value":{"Type":"STRING","Value":"/m3u/"}},{"Key":"network.protocol.name","Value":{"Type":"STRING","Value":"http"}},{"Key":"network.protocol.version","Value":{"Type":"STRING","Value":"1.1"}},{"Key":"server.address","Value":{"Type":"STRING","Value":"localhost"}},{"Key":"server.port","Value":{"Type":"INT64","Value":34400}},{"Key":"url.scheme","Value":{"Type":"STRING","Value":"http"}}],"StartTime":"2026-01-04T14:34:59.102574885Z","Time":"2026-01-04T14:35:41.099046112Z","Count":1,"Bounds":[0,5,10,25,50,75,100,250,500,750,1000,2500,5000,7500,10000],"BucketCounts":[0,0,0,0,0,0,0,0,0,0,0,1,0,0,0,0],"Min":1580,"Max":1580,"Sum":1580,"Exemplars":[{"FilteredAttributes":null,"Time":"2026-01-04T14:35:31.864818398Z","Value":1580,"SpanID":"m6yD7iOFnx8=","TraceID":"/83ouML4Xszkl7t8aUBi/Q=="}]},{"Attributes":[{"Key":"http.request.method","Value":{"Type":"STRING","Value":"GET"}},{"Key":"http.response.status_code","Value":{"Type":"INT64","Value":302}},{"Key":"http.route","Value":{"Type":"STRING","Value":"/stream/"}},{"Key":"network.protocol.name","Value":{"Type":"STRING","Value":"http"}},{"Key":"network.protocol.version","Value":{"Type":"STRING","Value":"1.1"}},{"Key":"server.address","Value":{"Type":"STRING","Value":"localhost"}},{"Key":"server.port","Value":{"Type":"INT64","Value":34400}},{"Key":"url.scheme","Value":{"Type":"STRING","Value":"http"}}],"StartTime":"2026-01-04T14:34:59.102574885Z","Time":"2026-01-04T14:35:41.099046112Z","Count":1,"Bounds":[0,5,10,25,50,75,100,250,500,750,1000,2500,5000,7500,10000],"BucketCounts":[0,0,0,0,0,1,0,0,0,0,0,0,0,0,0,0],"Min":62,"Max":62,"Sum":62,"Exemplars":[{"FilteredAttributes":null,"Time":"2026-01-04T14:35:31.865393981Z","Value":62,"SpanID":"tF2YpvVsqEY=","TraceID":"x3yzfVUChEfvR3VJfZcUBg=="}]}],"Temporality":"CumulativeTemporality"}},{"Name":"http.server.request.duration","Description":"Duration of HTTP server requests.","Unit":"s","Data":{"DataPoints":[{"Attributes":[{"Key":"http.request.method","Value":{"Type":"STRING","Value":"GET"}},{"Key":"http.response.status_code","Value":{"Type":"INT64","Value":200}},{"Key":"http.route","Value":{"Type":"STRING","Value":"/web/"}},{"Key":"network.protocol.name","Value":{"Type":"STRING","Value":"http"}},{"Key":"network.protocol.version","Value":{"Type":"STRING","Value":"1.1"}},{"Key":"server.address","Value":{"Type":"STRING","Value":"localhost"}},{"Key":"server.port","Value":{"Type":"INT64","Value":34400}},{"Key":"url.scheme","Value":{"Type":"STRING","Value":"http"}}],"StartTime":"2026-01-04T14:34:59.102583194Z","Time":"2026-01-04T14:35:41.099071472Z","Count":1,"Bounds":[0.005,0.01,0.025,0.05,0.075,0.1,0.25,0.5,0.75,1,2.5,5,7.5,10],"BucketCounts":[1,0,0,0,0,0,0,0,0,0,0,0,0,0,0],"Min":0.0009576550000000001,"Max":0.0009576550000000001,"Sum":0.0009576550000000001,"Exemplars":[{"FilteredAttributes":null,"Time":"2026-01-04T14:35:00.091011746Z","Value":0.0009576550000000001,"SpanID":"RWLLeZXf39E=","TraceID":"vBFCVhx8Dsc91zE7v6tTBg=="}]},{"Attributes":[{"Key":"http.request.method","Value":{"Type":"STRING","Value":"POST"}},{"Key":"http.response.status_code","Value":{"Type":"INT64","Value":200}},{"Key":"http.route","Value":{"Type":"STRING","Value":"/api/"}},{"Key":"network.protocol.name","Value":{"Type":"STRING","Value":"http"}},{"Key":"network.protocol.version","Value":{"Type":"STRING","Value":"1.1"}},{"Key":"server.address","Value":{"Type":"STRING","Value":"localhost"}},{"Key":"server.port","Value":{"Type":"INT64","Value":34400}},{"Key":"url.scheme","Value":{"Type":"STRING","Value":"http"}}],"StartTime":"2026-01-04T14:34:59.102583194Z","Time":"2026-01-04T14:35:41.099071472Z","Count":1,"Bounds":[0.005,0.01,0.025,0.05,0.075,0.1,0.25,0.5,0.75,1,2.5,5,7.5,10],"BucketCounts":[1,0,0,0,0,0,0,0,0,0,0,0,0,0,0],"Min":0.000270237,"Max":0.000270237,"Sum":0.000270237,"Exemplars":[{"FilteredAttributes":null,"Time":"2026-01-04T14:35:00.100823751Z","Value":0.000270237,"SpanID":"/4WVA++HxYg=","TraceID":"Td9tVtLVTcz3+PK4egcHyw=="}]},{"Attributes":[{"Key":"http.request.method","Value":{"Type":"STRING","Value":"GET"}},{"Key":"http.response.status_code","Value":{"Type":"INT64","Value":405}},{"Key":"http.route","Value":{"Type":"STRING","Value":"/dav/"}},{"Key":"network.protocol.name","Value":{"Type":"STRING","Value":"http"}},{"Key":"network.protocol.version","Value":{"Type":"STRING","Value":"1.1"}},{"Key":"server.address","Value":{"Type":"STRING","Value":"localhost"}},{"Key":"server.port","Value":{"Type":"INT64","Value":34400}},{"Key":"url.scheme","Value":{"Type":"STRING","Value":"http"}}],"StartTime":"2026-01-04T14:34:59.102583194Z","Time":"2026-01-04T14:35:41.099071472Z","Count":2,"Bounds":[0.005,0.01,0.025,0.05,0.075,0.1,0.25,0.5,0.75,1,2.5,5,7.5,10],"BucketCounts":[2,0,0,0,0,0,0,0,0,0,0,0,0,0,0],"Min":0.00009578000000000001,"Max":0.000158283,"Sum":0.000254063,"Exemplars":[{"FilteredAttributes":null,"Time":"2026-01-04T14:35:31.864181321Z","Value":0.00009578000000000001,"SpanID":"0BeqLXv3oQY=","TraceID":"1ZZp5ISTCeMoGrS/s3gdaw=="}]},{"Attributes":[{"Key":"http.request.method","Value":{"Type":"STRING","Value":"_OTHER"}},{"Key":"http.response.status_code","Value":{"Type":"INT64","Value":207}},{"Key":"http.route","Value":{"Type":"STRING","Value":"/dav/"}},{"Key":"network.protocol.name","Value":{"Type":"STRING","Value":"http"}},{"Key":"network.protocol.version","Value":{"Type":"STRING","Value":"1.1"}},{"Key":"server.address","Value":{"Type":"STRING","Value":"localhost"}},{"Key":"server.port","Value":{"Type":"INT64","Value":34400}},{"Key":"url.scheme","Value":{"Type":"STRING","Value":"http"}}],"StartTime":"2026-01-04T14:34:59.102583194Z","Time":"2026-01-04T14:35:41.099071472Z","Count":1,"Bounds":[0.005,0.01,0.025,0.05,0.075,0.1,0.25,0.5,0.75,1,2.5,5,7.5,10],"BucketCounts":[1,0,0,0,0,0,0,0,0,0,0,0,0,0,0],"Min":0.001155172,"Max":0.001155172,"Sum":0.001155172,"Exemplars":[{"FilteredAttributes":null,"Time":"2026-01-04T14:35:10.121873583Z","Value":0.001155172,"SpanID":"dnjXs0vBk2U=","TraceID":"34Vdj5jA5RpKfjWxilmd6w=="}]},{"Attributes":[{"Key":"http.request.method","Value":{"Type":"STRING","Value":"GET"}},{"Key":"http.response.status_code","Value":{"Type":"INT64","Value":200}},{"Key":"http.route","Value":{"Type":"STRING","Value":"/dav/"}},{"Key":"network.protocol.name","Value":{"Type":"STRING","Value":"http"}},{"Key":"network.protocol.version","Value":{"Type":"STRING","Value":"1.1"}},{"Key":"server.address","Value":{"Type":"STRING","Value":"localhost"}},{"Key":"server.port","Value":{"Type":"INT64","Value":34400}},{"Key":"url.scheme","Value":{"Type":"STRING","Value":"http"}}],"StartTime":"2026-01-04T14:34:59.102583194Z","Time":"2026-01-04T14:35:41.099071472Z","Count":1,"Bounds":[0.005,0.01,0.025,0.05,0.075,0.1,0.25,0.5,0.75,1,2.5,5,7.5,10],"BucketCounts":[0,0,0,0,0,0,0,0,0,0,0,0,0,0,1],"Min":21.739216915,"Max":21.739216915,"Sum":21.739216915,"Exemplars":[{"FilteredAttributes":null,"Time":"2026-01-04T14:35:31.861752135Z","Value":21.739216915,"SpanID":"Nwr6MtDb/Fc=","TraceID":"CpjIicxYlR3l9gwLzcPjxw=="}]},{"Attributes":[{"Key":"http.request.method","Value":{"Type":"STRING","Value":"GET"}},{"Key":"http.response.status_code","Value":{"Type":"INT64","Value":200}},{"Key":"http.route","Value":{"Type":"STRING","Value":"/m3u/"}},{"Key":"network.protocol.name","Value":{"Type":"STRING","Value":"http"}},{"Key":"network.protocol.version","Value":{"Type":"STRING","Value":"1.1"}},{"Key":"server.address","Value":{"Type":"STRING","Value":"localhost"}},{"Key":"server.port","Value":{"Type":"INT64","Value":34400}},{"Key":"url.scheme","Value":{"Type":"STRING","Value":"http"}}],"StartTime":"2026-01-04T14:34:59.102583194Z","Time":"2026-01-04T14:35:41.099071472Z","Count":1,"Bounds":[0.005,0.01,0.025,0.05,0.075,0.1,0.25,0.5,0.75,1,2.5,5,7.5,10],"BucketCounts":[1,0,0,0,0,0,0,0,0,0,0,0,0,0,0],"Min":0.00023685400000000002,"Max":0.00023685400000000002,"Sum":0.00023685400000000002,"Exemplars":[{"FilteredAttributes":null,"Time":"2026-01-04T14:35:31.864822309Z","Value":0.00023685400000000002,"SpanID":"m6yD7iOFnx8=","TraceID":"/83ouML4Xszkl7t8aUBi/Q=="}]},{"Attributes":[{"Key":"http.request.method","Value":{"Type":"STRING","Value":"GET"}},{"Key":"http.response.status_code","Value":{"Type":"INT64","Value":302}},{"Key":"http.route","Value":{"Type":"STRING","Value":"/stream/"}},{"Key":"network.protocol.name","Value":{"Type":"STRING","Value":"http"}},{"Key":"network.protocol.version","Value":{"Type":"STRING","Value":"1.1"}},{"Key":"server.address","Value":{"Type":"STRING","Value":"localhost"}},{"Key":"server.port","Value":{"Type":"INT64","Value":34400}},{"Key":"url.scheme","Value":{"Type":"STRING","Value":"http"}}],"StartTime":"2026-01-04T14:34:59.102583194Z","Time":"2026-01-04T14:35:41.099071472Z","Count":1,"Bounds":[0.005,0.01,0.025,0.05,0.075,0.1,0.25,0.5,0.75,1,2.5,5,7.5,10],"BucketCounts":[1,0,0,0,0,0,0,0,0,0,0,0,0,0,0],"Min":0.000144399,"Max":0.000144399,"Sum":0.000144399,"Exemplars":[{"FilteredAttributes":null,"Time":"2026-01-04T14:35:31.865397535Z","Value":0.000144399,"SpanID":"tF2YpvVsqEY=","TraceID":"x3yzfVUChEfvR3VJfZcUBg=="}]}],"Temporality":"CumulativeTemporality"}}]}]}
{"Resource":[{"Key":"service.name","Value":{"Type":"STRING","Value":"unknown_service:xteve"}},{"Key":"telemetry.sdk.language","Value":{"Type":"STRING","Value":"go"}},{"Key":"telemetry.sdk.name","Value":{"Type":"STRING","Value":"opentelemetry"}},{"Key":"telemetry.sdk.version","Value":{"Type":"STRING","Value":"1.39.0"}}],"ScopeMetrics":[{"Scope":{"Name":"go.opentelemetry.io/contrib/instrumentation/net/http/otelhttp","Version":"0.64.0","SchemaURL":"","Attributes":null},"Metrics":[{"Name":"http.client.request.body.size","Description":"Size of HTTP client request bodies.","Unit":"By","Data":{"DataPoints":[{"Attributes":[{"Key":"http.request.method","Value":{"Type":"STRING","Value":"GET"}},{"Key":"http.response.status_code","Value":{"Type":"INT64","Value":200}},{"Key":"network.protocol.name","Value":{"Type":"STRING","Value":"http"}},{"Key":"network.protocol.version","Value":{"Type":"STRING","Value":"1.1"}},{"Key":"server.address","Value":{"Type":"STRING","Value":"localhost"}},{"Key":"server.port","Value":{"Type":"INT64","Value":8080}},{"Key":"url.scheme","Value":{"Type":"STRING","Value":"http"}}],"StartTime":"2026-01-04T14:34:59.09830608Z","Time":"2026-01-04T14:35:44.099297594Z","Count":3,"Bounds":[0,5,10,25,50,75,100,250,500,750,1000,2500,5000,7500,10000],"BucketCounts":[3,0,0,0,0,0,0,0,0,0,0,0,0,0,0,0],"Min":0,"Max":0,"Sum":0,"Exemplars":[{"FilteredAttributes":null,"Time":"2026-01-04T14:35:42.484780262Z","Value":0,"SpanID":"6UTVwTJx9vg=","TraceID":"3yZje7lRoBr5nYjVxs+bCQ=="}]},{"Attributes":[{"Key":"http.request.method","Value":{"Type":"STRING","Value":"HEAD"}},{"Key":"http.response.status_code","Value":{"Type":"INT64","Value":200}},{"Key":"http.route","Value":{"Type":"STRING","Value":"/dav/"}},{"Key":"network.protocol.name","Value":{"Type":"STRING","Value":"http"}},{"Key":"network.protocol.version","Value":{"Type":"STRING","Value":"1.1"}},{"Key":"server.address","Value":{"Type":"STRING","Value":"localhost"}},{"Key":"server.port","Value":{"Type":"INT64","Value":8080}},{"Key":"url.scheme","Value":{"Type":"STRING","Value":"http"}}],"StartTime":"2026-01-04T14:34:59.09830608Z","Time":"2026-01-04T14:35:44.099297594Z","Count":2,"Bounds":[0,5,10,25,50,75,100,250,500,750,1000,2500,5000,7500,10000],"BucketCounts":[2,0,0,0,0,0,0,0,0,0,0,0,0,0,0,0],"Min":0,"Max":0,"Sum":0,"Exemplars":[{"FilteredAttributes":null,"Time":"2026-01-04T14:35:42.483321626Z","Value":0,"SpanID":"s3uyrUQJGyg=","TraceID":"Qr4zt4f6IgbIA1Soof6OIg=="}]},{"Attributes":[{"Key":"http.request.method","Value":{"Type":"STRING","Value":"GET"}},{"Key":"http.response.status_code","Value":{"Type":"INT64","Value":200}},{"Key":"http.route","Value":{"Type":"STRING","Value":"/dav/"}},{"Key":"network.protocol.name","Value":{"Type":"STRING","Value":"http"}},{"Key":"network.protocol.version","Value":{"Type":"STRING","Value":"1.1"}},{"Key":"server.address","Value":{"Type":"STRING","Value":"localhost"}},{"Key":"server.port","Value":{"Type":"INT64","Value":8080}},{"Key":"url.scheme","Value":{"Type":"STRING","Value":"http"}}],"StartTime":"2026-01-04T14:34:59.09830608Z","Time":"2026-01-04T14:35:44.099297594Z","Count":1,"Bounds":[0,5,10,25,50,75,100,250,500,750,1000,2500,5000,7500,10000],"BucketCounts":[1,0,0,0,0,0,0,0,0,0,0,0,0,0,0,0],"Min":0,"Max":0,"Sum":0,"Exemplars":[{"FilteredAttributes":null,"Time":"2026-01-04T14:35:21.269152449Z","Value":0,"SpanID":"ouBaQFw88qU=","TraceID":"CpjIicxYlR3l9gwLzcPjxw=="}]}],"Temporality":"CumulativeTemporality"}},{"Name":"http.client.request.duration","Description":"Duration of HTTP client requests.","Unit":"s","Data":{"DataPoints":[{"Attributes":[{"Key":"http.request.method","Value":{"Type":"STRING","Value":"GET"}},{"Key":"http.response.status_code","Value":{"Type":"INT64","Value":200}},{"Key":"network.protocol.name","Value":{"Type":"STRING","Value":"http"}},{"Key":"network.protocol.version","Value":{"Type":"STRING","Value":"1.1"}},{"Key":"server.address","Value":{"Type":"STRING","Value":"localhost"}},{"Key":"server.port","Value":{"Type":"INT64","Value":8080}},{"Key":"url.scheme","Value":{"Type":"STRING","Value":"http"}}],"StartTime":"2026-01-04T14:34:59.098321501Z","Time":"2026-01-04T14:35:44.099347308Z","Count":3,"Bounds":[0.005,0.01,0.025,0.05,0.075,0.1,0.25,0.5,0.75,1,2.5,5,7.5,10],"BucketCounts":[3,0,0,0,0,0,0,0,0,0,0,0,0,0,0],"Min":0.000366895,"Max":0.001567234,"Sum":0.003078852,"Exemplars":[{"FilteredAttributes":null,"Time":"2026-01-04T14:35:42.484783593Z","Value":0.000366895,"SpanID":"6UTVwTJx9vg=","TraceID":"3yZje7lRoBr5nYjVxs+bCQ=="}]},{"Attributes":[{"Key":"http.request.method","Value":{"Type":"STRING","Value":"HEAD"}},{"Key":"http.response.status_code","Value":{"Type":"INT64","Value":200}},{"Key":"http.route","Value":{"Type":"STRING","Value":"/dav/"}},{"Key":"network.protocol.name","Value":{"Type":"STRING","Value":"http"}},{"Key":"network.protocol.version","Value":{"Type":"STRING","Value":"1.1"}},{"Key":"server.address","Value":{"Type":"STRING","Value":"localhost"}},{"Key":"server.port","Value":{"Type":"INT64","Value":8080}},{"Key":"url.scheme","Value":{"Type":"STRING","Value":"http"}}],"StartTime":"2026-01-04T14:34:59.098321501Z","Time":"2026-01-04T14:35:44.099347308Z","Count":2,"Bounds":[0.005,0.01,0.025,0.05,0.075,0.1,0.25,0.5,0.75,1,2.5,5,7.5,10],"BucketCounts":[2,0,0,0,0,0,0,0,0,0,0,0,0,0,0],"Min":0.000370823,"Max":0.000534118,"Sum":0.000904941,"Exemplars":[{"FilteredAttributes":null,"Time":"2026-01-04T14:35:42.483325241Z","Value":0.000370823,"SpanID":"s3uyrUQJGyg=","TraceID":"Qr4zt4f6IgbIA1Soof6OIg=="}]},{"Attributes":[{"Key":"http.request.method","Value":{"Type":"STRING","Value":"GET"}},{"Key":"http.response.status_code","Value":{"Type":"INT64","Value":200}},{"Key":"http.route","Value":{"Type":"STRING","Value":"/dav/"}},{"Key":"network.protocol.name","Value":{"Type":"STRING","Value":"http"}},{"Key":"network.protocol.version","Value":{"Type":"STRING","Value":"1.1"}},{"Key":"server.address","Value":{"Type":"STRING","Value":"localhost"}},{"Key":"server.port","Value":{"Type":"INT64","Value":8080}},{"Key":"url.scheme","Value":{"Type":"STRING","Value":"http"}}],"StartTime":"2026-01-04T14:34:59.098321501Z","Time":"2026-01-04T14:35:44.099347308Z","Count":1,"Bounds":[0.005,0.01,0.025,0.05,0.075,0.1,0.25,0.5,0.75,1,2.5,5,7.5,10],"BucketCounts":[0,0,0,0,0,0,0,0,0,0,0,0,0,0,1],"Min":11.145195777000001,"Max":11.145195777000001,"Sum":11.145195777000001,"Exemplars":[{"FilteredAttributes":null,"Time":"2026-01-04T14:35:21.269157987Z","Value":11.145195777000001,"SpanID":"ouBaQFw88qU=","TraceID":"CpjIicxYlR3l9gwLzcPjxw=="}]}],"Temporality":"CumulativeTemporality"}},{"Name":"http.server.request.body.size","Description":"Size of HTTP server request bodies.","Unit":"By","Data":{"DataPoints":[{"Attributes":[{"Key":"http.request.method","Value":{"Type":"STRING","Value":"GET"}},{"Key":"http.response.status_code","Value":{"Type":"INT64","Value":200}},{"Key":"http.route","Value":{"Type":"STRING","Value":"/web/"}},{"Key":"network.protocol.name","Value":{"Type":"STRING","Value":"http"}},{"Key":"network.protocol.version","Value":{"Type":"STRING","Value":"1.1"}},{"Key":"server.address","Value":{"Type":"STRING","Value":"localhost"}},{"Key":"server.port","Value":{"Type":"INT64","Value":34400}},{"Key":"url.scheme","Value":{"Type":"STRING","Value":"http"}}],"StartTime":"2026-01-04T14:34:59.102560844Z","Time":"2026-01-04T14:35:44.099354115Z","Count":1,"Bounds":[0,5,10,25,50,75,100,250,500,750,1000,2500,5000,7500,10000],"BucketCounts":[1,0,0,0,0,0,0,0,0,0,0,0,0,0,0,0],"Min":0,"Max":0,"Sum":0,"Exemplars":[{"FilteredAttributes":null,"Time":"2026-01-04T14:35:00.090999452Z","Value":0,"SpanID":"RWLLeZXf39E=","TraceID":"vBFCVhx8Dsc91zE7v6tTBg=="}]},{"Attributes":[{"Key":"http.request.method","Value":{"Type":"STRING","Value":"POST"}},{"Key":"http.response.status_code","Value":{"Type":"INT64","Value":200}},{"Key":"http.route","Value":{"Type":"STRING","Value":"/api/"}},{"Key":"network.protocol.name","Value":{"Type":"STRING","Value":"http"}},{"Key":"network.protocol.version","Value":{"Type":"STRING","Value":"1.1"}},{"Key":"server.address","Value":{"Type":"STRING","Value":"localhost"}},{"Key":"server.port","Value":{"Type":"INT64","Value":34400}},{"Key":"url.scheme","Value":{"Type":"STRING","Value":"http"}}],"StartTime":"2026-01-04T14:34:59.102560844Z","Time":"2026-01-04T14:35:44.099354115Z","Count":1,"Bounds":[0,5,10,25,50,75,100,250,500,750,1000,2500,5000,7500,10000],"BucketCounts":[0,0,0,0,0,1,0,0,0,0,0,0,0,0,0,0],"Min":55,"Max":55,"Sum":55,"Exemplars":[{"FilteredAttributes":null,"Time":"2026-01-04T14:35:00.100781751Z","Value":55,"SpanID":"/4WVA++HxYg=","TraceID":"Td9tVtLVTcz3+PK4egcHyw=="}]},{"Attributes":[{"Key":"http.request.method","Value":{"Type":"STRING","Value":"GET"}},{"Key":"http.response.status_code","Value":{"Type":"INT64","Value":405}},{"Key":"http.route","Value":{"Type":"STRING","Value":"/dav/"}},{"Key":"network.protocol.name","Value":{"Type":"STRING","Value":"http"}},{"Key":"network.protocol.version","Value":{"Type":"STRING","Value":"1.1"}},{"Key":"server.address","Value":{"Type":"STRING","Value":"localhost"}},{"Key":"server.port","Value":{"Type":"INT64","Value":34400}},{"Key":"url.scheme","Value":{"Type":"STRING","Value":"http"}}],"StartTime":"2026-01-04T14:34:59.102560844Z","Time":"2026-01-04T14:35:44.099354115Z","Count":3,"Bounds":[0,5,10,25,50,75,100,250,500,750,1000,2500,5000,7500,10000],"BucketCounts":[3,0,0,0,0,0,0,0,0,0,0,0,0,0,0,0],"Min":0,"Max":0,"Sum":0,"Exemplars":[{"FilteredAttributes":null,"Time":"2026-01-04T14:35:42.482195783Z","Value":0,"SpanID":"+QC7PBABIA0=","TraceID":"gtDDVnkWkoJgzpRKGJ7hkw=="}]},{"Attributes":[{"Key":"http.request.method","Value":{"Type":"STRING","Value":"_OTHER"}},{"Key":"http.response.status_code","Value":{"Type":"INT64","Value":207}},{"Key":"http.route","Value":{"Type":"STRING","Value":"/dav/"}},{"Key":"network.protocol.name","Value":{"Type":"STRING","Value":"http"}},{"Key":"network.protocol.version","Value":{"Type":"STRING","Value":"1.1"}},{"Key":"server.address","Value":{"Type":"STRING","Value":"localhost"}},{"Key":"server.port","Value":{"Type":"INT64","Value":34400}},{"Key":"url.scheme","Value":{"Type":"STRING","Value":"http"}}],"StartTime":"2026-01-04T14:34:59.102560844Z","Time":"2026-01-04T14:35:44.099354115Z","Count":2,"Bounds":[0,5,10,25,50,75,100,250,500,750,1000,2500,5000,7500,10000],"BucketCounts":[2,0,0,0,0,0,0,0,0,0,0,0,0,0,0,0],"Min":0,"Max":0,"Sum":0,"Exemplars":[{"FilteredAttributes":null,"Time":"2026-01-04T14:35:42.483511111Z","Value":0,"SpanID":"+QZJmeUl/SI=","TraceID":"Qr4zt4f6IgbIA1Soof6OIg=="}]},{"Attributes":[{"Key":"http.request.method","Value":{"Type":"STRING","Value":"GET"}},{"Key":"http.response.status_code","Value":{"Type":"INT64","Value":200}},{"Key":"http.route","Value":{"Type":"STRING","Value":"/dav/"}},{"Key":"network.protocol.name","Value":{"Type":"STRING","Value":"http"}},{"Key":"network.protocol.version","Value":{"Type":"STRING","Value":"1.1"}},{"Key":"server.address","Value":{"Type":"STRING","Value":"localhost"}},{"Key":"server.port","Value":{"Type":"INT64","Value":34400}},{"Key":"url.scheme","Value":{"Type":"STRING","Value":"http"}}],"StartTime":"2026-01-04T14:34:59.102560844Z","Time":"2026-01-04T14:35:44.099354115Z","Count":1,"Bounds":[0,5,10,25,50,75,100,250,500,750,1000,2500,5000,7500,10000],"BucketCounts":[1,0,0,0,0,0,0,0,0,0,0,0,0,0,0,0],"Min":0,"Max":0,"Sum":0,"Exemplars":[{"FilteredAttributes":null,"Time":"2026-01-04T14:35:31.861728487Z","Value":0,"SpanID":"Nwr6MtDb/Fc=","TraceID":"CpjIicxYlR3l9gwLzcPjxw=="}]},{"Attributes":[{"Key":"http.request.method","Value":{"Type":"STRING","Value":"GET"}},{"Key":"http.response.status_code","Value":{"Type":"INT64","Value":200}},{"Key":"http.route","Value":{"Type":"STRING","Value":"/m3u/"}},{"Key":"network.protocol.name","Value":{"Type":"STRING","Value":"http"}},{"Key":"network.protocol.version","Value":{"Type":"STRING","Value":"1.1"}},{"Key":"server.address","Value":{"Type":"STRING","Value":"localhost"}},{"Key":"server.port","Value":{"Type":"INT64","Value":34400}},{"Key":"url.scheme","Value":{"Type":"STRING","Value":"http"}}],"StartTime":"2026-01-04T14:34:59.102560844Z","Time":"2026-01-04T14:35:44.099354115Z","Count":1,"Bounds":[0,5,10,25,50,75,100,250,500,750,1000,2500,5000,7500,10000],"BucketCounts":[1,0,0,0,0,0,0,0,0,0,0,0,0,0,0,0],"Min":0,"Max":0,"Sum":0,"Exemplars":[{"FilteredAttributes":null,"Time":"2026-01-04T14:35:31.864812353Z","Value":0,"SpanID":"m6yD7iOFnx8=","TraceID":"/83ouML4Xszkl7t8aUBi/Q=="}]},{"Attributes":[{"Key":"http.request.method","Value":{"Type":"STRING","Value":"GET"}},{"Key":"http.response.status_code","Value":{"Type":"INT64","Value":302}},{"Key":"http.route","Value":{"Type":"STRING","Value":"/stream/"}},{"Key":"network.protocol.name","Value":{"Type":"STRING","Value":"http"}},{"Key":"network.protocol.version","Value":{"Type":"STRING","Value":"1.1"}},{"Key":"server.address","Value":{"Type":"STRING","Value":"localhost"}},{"Key":"server.port","Value":{"Type":"INT64","Value":34400}},{"Key":"url.scheme","Value":{"Type":"STRING","Value":"http"}}],"StartTime":"2026-01-04T14:34:59.102560844Z","Time":"2026-01-04T14:35:44.099354115Z","Count":1,"Bounds":[0,5,10,25,50,75,100,250,500,750,1000,2500,5000,7500,10000],"BucketCounts":[1,0,0,0,0,0,0,0,0,0,0,0,0,0,0,0],"Min":0,"Max":0,"Sum":0,"Exemplars":[{"FilteredAttributes":null,"Time":"2026-01-04T14:35:31.865390801Z","Value":0,"SpanID":"tF2YpvVsqEY=","TraceID":"x3yzfVUChEfvR3VJfZcUBg=="}]}],"Temporality":"CumulativeTemporality"}},{"Name":"http.server.response.body.size","Description":"Size of HTTP server response bodies.","Unit":"By","Data":{"DataPoints":[{"Attributes":[{"Key":"http.request.method","Value":{"Type":"STRING","Value":"_OTHER"}},{"Key":"http.response.status_code","Value":{"Type":"INT64","Value":207}},{"Key":"http.route","Value":{"Type":"STRING","Value":"/dav/"}},{"Key":"network.protocol.name","Value":{"Type":"STRING","Value":"http"}},{"Key":"network.protocol.version","Value":{"Type":"STRING","Value":"1.1"}},{"Key":"server.address","Value":{"Type":"STRING","Value":"localhost"}},{"Key":"server.port","Value":{"Type":"INT64","Value":34400}},{"Key":"url.scheme","Value":{"Type":"STRING","Value":"http"}}],"StartTime":"2026-01-04T14:34:59.102574885Z","Time":"2026-01-04T14:35:44.099383269Z","Count":2,"Bounds":[0,5,10,25,50,75,100,250,500,750,1000,2500,5000,7500,10000],"BucketCounts":[0,0,0,0,0,0,0,0,0,1,0,1,0,0,0,0],"Min":727,"Max":1318,"Sum":2045,"Exemplars":[{"FilteredAttributes":null,"Time":"2026-01-04T14:35:42.483512355Z","Value":727,"SpanID":"+QZJmeUl/SI=","TraceID":"Qr4zt4f6IgbIA1Soof6OIg=="},{"FilteredAttributes":null,"Time":"2026-01-04T14:35:10.12187007Z","Value":1318,"SpanID":"dnjXs0vBk2U=","TraceID":"34Vdj5jA5RpKfjWxilmd6w=="}]},{"Attributes":[{"Key":"http.request.method","Value":{"Type":"STRING","Value":"GET"}},{"Key":"http.response.status_code","Value":{"Type":"INT64","Value":200}},{"Key":"http.route","Value":{"Type":"STRING","Value":"/dav/"}},{"Key":"network.protocol.name","Value":{"Type":"STRING","Value":"http"}},{"Key":"network.protocol.version","Value":{"Type":"STRING","Value":"1.1"}},{"Key":"server.address","Value":{"Type":"STRING","Value":"localhost"}},{"Key":"server.port","Value":{"Type":"INT64","Value":34400}},{"Key":"url.scheme","Value":{"Type":"STRING","Value":"http"}}],"StartTime":"2026-01-04T14:34:59.102574885Z","Time":"2026-01-04T14:35:44.099383269Z","Count":1,"Bounds":[0,5,10,25,50,75,100,250,500,750,1000,2500,5000,7500,10000],"BucketCounts":[1,0,0,0,0,0,0,0,0,0,0,0,0,0,0,0],"Min":0,"Max":0,"Sum":0,"Exemplars":[{"FilteredAttributes":null,"Time":"2026-01-04T14:35:31.861745879Z","Value":0,"SpanID":"Nwr6MtDb/Fc=","TraceID":"CpjIicxYlR3l9gwLzcPjxw=="}]},{"Attributes":[{"Key":"http.request.method","Value":{"Type":"STRING","Value":"GET"}},{"Key":"http.response.status_code","Value":{"Type":"INT64","Value":200}},{"Key":"http.route","Value":{"Type":"STRING","Value":"/m3u/"}},{"Key":"network.protocol.name","Value":{"Type":"STRING","Value":"http"}},{"Key":"network.protocol.version","Value":{"Type":"STRING","Value":"1.1"}},{"Key":"server.address","Value":{"Type":"STRING","Value":"localhost"}},{"Key":"server.port","Value":{"Type":"INT64","Value":34400}},{"Key":"url.scheme","Value":{"Type":"STRING","Value":"http"}}],"StartTime":"2026-01-04T14:34:59.102574885Z","Time":"2026-01-04T14:35:44.099383269Z","Count":1,"Bounds":[0,5,10,25,50,75,100,250,500,750,1000,2500,5000,7500,10000],"BucketCounts":[0,0,0,0,0,0,0,0,0,0,0,1,0,0,0,0],"Min":1580,"Max":1580,"Sum":1580,"Exemplars":[{"FilteredAttributes":null,"Time":"2026-01-04T14:35:31.864818398Z","Value":1580,"SpanID":"m6yD7iOFnx8=","TraceID":"/83ouML4Xszkl7t8aUBi/Q=="}]},{"Attributes":[{"Key":"http.request.method","Value":{"Type":"STRING","Value":"GET"}},{"Key":"http.response.status_code","Value":{"Type":"INT64","Value":302}},{"Key":"http.route","Value":{"Type":"STRING","Value":"/stream/"}},{"Key":"network.protocol.name","Value":{"Type":"STRING","Value":"http"}},{"Key":"network.protocol.version","Value":{"Type":"STRING","Value":"1.1"}},{"Key":"server.address","Value":{"Type":"STRING","Value":"localhost"}},{"Key":"server.port","Value":{"Type":"INT64","Value":34400}},{"Key":"url.scheme","Value":{"Type":"STRING","Value":"http"}}],"StartTime":"2026-01-04T14:34:59.102574885Z","Time":"2026-01-04T14:35:44.099383269Z","Count":1,"Bounds":[0,5,10,25,50,75,100,250,500,750,1000,2500,5000,7500,10000],"BucketCounts":[0,0,0,0,0,1,0,0,0,0,0,0,0,0,0,0],"Min":62,"Max":62,"Sum":62,"Exemplars":[{"FilteredAttributes":null,"Time":"2026-01-04T14:35:31.865393981Z","Value":62,"SpanID":"tF2YpvVsqEY=","TraceID":"x3yzfVUChEfvR3VJfZcUBg=="}]},{"Attributes":[{"Key":"http.request.method","Value":{"Type":"STRING","Value":"GET"}},{"Key":"http.response.status_code","Value":{"Type":"INT64","Value":200}},{"Key":"http.route","Value":{"Type":"STRING","Value":"/web/"}},{"Key":"network.protocol.name","Value":{"Type":"STRING","Value":"http"}},{"Key":"network.protocol.version","Value":{"Type":"STRING","Value":"1.1"}},{"Key":"server.address","Value":{"Type":"STRING","Value":"localhost"}},{"Key":"server.port","Value":{"Type":"INT64","Value":34400}},{"Key":"url.scheme","Value":{"Type":"STRING","Value":"http"}}],"StartTime":"2026-01-04T14:34:59.102574885Z","Time":"2026-01-04T14:35:44.099383269Z","Count":1,"Bounds":[0,5,10,25,50,75,100,250,500,750,1000,2500,5000,7500,10000],"BucketCounts":[0,0,0,0,0,0,0,0,0,0,0,1,0,0,0,0],"Min":1920,"Max":1920,"Sum":1920,"Exemplars":[{"FilteredAttributes":null,"Time":"2026-01-04T14:35:00.091005829Z","Value":1920,"SpanID":"RWLLeZXf39E=","TraceID":"vBFCVhx8Dsc91zE7v6tTBg=="}]},{"Attributes":[{"Key":"http.request.method","Value":{"Type":"STRING","Value":"POST"}},{"Key":"http.response.status_code","Value":{"Type":"INT64","Value":200}},{"Key":"http.route","Value":{"Type":"STRING","Value":"/api/"}},{"Key":"network.protocol.name","Value":{"Type":"STRING","Value":"http"}},{"Key":"network.protocol.version","Value":{"Type":"STRING","Value":"1.1"}},{"Key":"server.address","Value":{"Type":"STRING","Value":"localhost"}},{"Key":"server.port","Value":{"Type":"INT64","Value":34400}},{"Key":"url.scheme","Value":{"Type":"STRING","Value":"http"}}],"StartTime":"2026-01-04T14:34:59.102574885Z","Time":"2026-01-04T14:35:44.099383269Z","Count":1,"Bounds":[0,5,10,25,50,75,100,250,500,750,1000,2500,5000,7500,10000],"BucketCounts":[0,0,0,0,0,0,0,0,1,0,0,0,0,0,0,0],"Min":374,"Max":374,"Sum":374,"Exemplars":[{"FilteredAttributes":null,"Time":"2026-01-04T14:35:00.100790609Z","Value":374,"SpanID":"/4WVA++HxYg=","TraceID":"Td9tVtLVTcz3+PK4egcHyw=="}]},{"Attributes":[{"Key":"http.request.method","Value":{"Type":"STRING","Value":"GET"}},{"Key":"http.response.status_code","Value":{"Type":"INT64","Value":405}},{"Key":"http.route","Value":{"Type":"STRING","Value":"/dav/"}},{"Key":"network.protocol.name","Value":{"Type":"STRING","Value":"http"}},{"Key":"network.protocol.version","Value":{"Type":"STRING","Value":"1.1"}},{"Key":"server.address","Value":{"Type":"STRING","Value":"localhost"}},{"Key":"server.port","Value":{"Type":"INT64","Value":34400}},{"Key":"url.scheme","Value":{"Type":"STRING","Value":"http"}}],"StartTime":"2026-01-04T14:34:59.102574885Z","Time":"2026-01-04T14:35:44.099383269Z","Count":3,"Bounds":[0,5,10,25,50,75,100,250,500,750,1000,2500,5000,7500,10000],"BucketCounts":[0,0,0,3,0,0,0,0,0,0,0,0,0,0,0,0],"Min":18,"Max":18,"Sum":54,"Exemplars":[{"FilteredAttributes":null,"Time":"2026-01-04T14:35:42.482198031Z","Value":18,"SpanID":"+QC7PBABIA0=","TraceID":"gtDDVnkWkoJgzpRKGJ7hkw=="}]}],"Temporality":"CumulativeTemporality"}},{"Name":"http.server.request.duration","Description":"Duration of HTTP server requests.","Unit":"s","Data":{"DataPoints":[{"Attributes":[{"Key":"http.request.method","Value":{"Type":"STRING","Value":"GET"}},{"Key":"http.response.status_code","Value":{"Type":"INT64","Value":405}},{"Key":"http.route","Value":{"Type":"STRING","Value":"/dav/"}},{"Key":"network.protocol.name","Value":{"Type":"STRING","Value":"http"}},{"Key":"network.protocol.version","Value":{"Type":"STRING","Value":"1.1"}},{"Key":"server.address","Value":{"Type":"STRING","Value":"localhost"}},{"Key":"server.port","Value":{"Type":"INT64","Value":34400}},{"Key":"url.scheme","Value":{"Type":"STRING","Value":"http"}}],"StartTime":"2026-01-04T14:34:59.102583194Z","Time":"2026-01-04T14:35:44.099394469Z","Count":3,"Bounds":[0.005,0.01,0.025,0.05,0.075,0.1,0.25,0.5,0.75,1,2.5,5,7.5,10],"BucketCounts":[3,0,0,0,0,0,0,0,0,0,0,0,0,0,0],"Min":0.000067941,"Max":0.000158283,"Sum":0.00032200400000000003,"Exemplars":[{"FilteredAttributes":null,"Time":"2026-01-04T14:35:42.482201046Z","Value":0.000067941,"SpanID":"+QC7PBABIA0=","TraceID":"gtDDVnkWkoJgzpRKGJ7hkw=="}]},{"Attributes":[{"Key":"http.request.method","Value":{"Type":"STRING","Value":"_OTHER"}},{"Key":"http.response.status_code","Value":{"Type":"INT64","Value":207}},{"Key":"http.route","Value":{"Type":"STRING","Value":"/dav/"}},{"Key":"network.protocol.name","Value":{"Type":"STRING","Value":"http"}},{"Key":"network.protocol.version","Value":{"Type":"STRING","Value":"1.1"}},{"Key":"server.address","Value":{"Type":"STRING","Value":"localhost"}},{"Key":"server.port","Value":{"Type":"INT64","Value":34400}},{"Key":"url.scheme","Value":{"Type":"STRING","Value":"http"}}],"StartTime":"2026-01-04T14:34:59.102583194Z","Time":"2026-01-04T14:35:44.099394469Z","Count":2,"Bounds":[0.005,0.01,0.025,0.05,0.075,0.1,0.25,0.5,0.75,1,2.5,5,7.5,10],"BucketCounts":[2,0,0,0,0,0,0,0,0,0,0,0,0,0,0],"Min":0.0007535920000000001,"Max":0.001155172,"Sum":0.0019087640000000003,"Exemplars":[{"FilteredAttributes":null,"Time":"2026-01-04T14:35:42.483514404Z","Value":0.0007535920000000001,"SpanID":"+QZJmeUl/SI=","TraceID":"Qr4zt4f6IgbIA1Soof6OIg=="}]},{"Attributes":[{"Key":"http.request.method","Value":{"Type":"STRING","Value":"GET"}},{"Key":"http.response.status_code","Value":{"Type":"INT64","Value":200}},{"Key":"http.route","Value":{"Type":"STRING","Value":"/dav/"}},{"Key":"network.protocol.name","Value":{"Type":"STRING","Value":"http"}},{"Key":"network.protocol.version","Value":{"Type":"STRING","Value":"1.1"}},{"Key":"server.address","Value":{"Type":"STRING","Value":"localhost"}},{"Key":"server.port","Value":{"Type":"INT64","Value":34400}},{"Key":"url.scheme","Value":{"Type":"STRING","Value":"http"}}],"StartTime":"2026-01-04T14:34:59.102583194Z","Time":"2026-01-04T14:35:44.099394469Z","Count":1,"Bounds":[0.005,0.01,0.025,0.05,0.075,0.1,0.25,0.5,0.75,1,2.5,5,7.5,10],"BucketCounts":[0,0,0,0,0,0,0,0,0,0,0,0,0,0,1],"Min":21.739216915,"Max":21.739216915,"Sum":21.739216915,"Exemplars":[{"FilteredAttributes":null,"Time":"2026-01-04T14:35:31.861752135Z","Value":21.739216915,"SpanID":"Nwr6MtDb/Fc=","TraceID":"CpjIicxYlR3l9gwLzcPjxw=="}]},{"Attributes":[{"Key":"http.request.method","Value":{"Type":"STRING","Value":"GET"}},{"Key":"http.response.status_code","Value":{"Type":"INT64","Value":200}},{"Key":"http.route","Value":{"Type":"STRING","Value":"/m3u/"}},{"Key":"network.protocol.name","Value":{"Type":"STRING","Value":"http"}},{"Key":"network.protocol.version","Value":{"Type":"STRING","Value":"1.1"}},{"Key":"server.address","Value":{"Type":"STRING","Value":"localhost"}},{"Key":"server.port","Value":{"Type":"INT64","Value":34400}},{"Key":"url.scheme","Value":{"Type":"STRING","Value":"http"}}],"StartTime":"2026-01-04T14:34:59.102583194Z","Time":"2026-01-04T14:35:44.099394469Z","Count":1,"Bounds":[0.005,0.01,0.025,0.05,0.075,0.1,0.25,0.5,0.75,1,2.5,5,7.5,10],"BucketCounts":[1,0,0,0,0,0,0,0,0,0,0,0,0,0,0],"Min":0.00023685400000000002,"Max":0.00023685400000000002,"Sum":0.00023685400000000002,"Exemplars":[{"FilteredAttributes":null,"Time":"2026-01-04T14:35:31.864822309Z","Value":0.00023685400000000002,"SpanID":"m6yD7iOFnx8=","TraceID":"/83ouML4Xszkl7t8aUBi/Q=="}]},{"Attributes":[{"Key":"http.request.method","Value":{"Type":"STRING","Value":"GET"}},{"Key":"http.response.status_code","Value":{"Type":"INT64","Value":302}},{"Key":"http.route","Value":{"Type":"STRING","Value":"/stream/"}},{"Key":"network.protocol.name","Value":{"Type":"STRING","Value":"http"}},{"Key":"network.protocol.version","Value":{"Type":"STRING","Value":"1.1"}},{"Key":"server.address","Value":{"Type":"STRING","Value":"localhost"}},{"Key":"server.port","Value":{"Type":"INT64","Value":34400}},{"Key":"url.scheme","Value":{"Type":"STRING","Value":"http"}}],"StartTime":"2026-01-04T14:34:59.102583194Z","Time":"2026-01-04T14:35:44.099394469Z","Count":1,"Bounds":[0.005,0.01,0.025,0.05,0.075,0.1,0.25,0.5,0.75,1,2.5,5,7.5,10],"BucketCounts":[1,0,0,0,0,0,0,0,0,0,0,0,0,0,0],"Min":0.000144399,"Max":0.000144399,"Sum":0.000144399,"Exemplars":[{"FilteredAttributes":null,"Time":"2026-01-04T14:35:31.865397535Z","Value":0.000144399,"SpanID":"tF2YpvVsqEY=","TraceID":"x3yzfVUChEfvR3VJfZcUBg=="}]},{"Attributes":[{"Key":"http.request.method","Value":{"Type":"STRING","Value":"GET"}},{"Key":"http.response.status_code","Value":{"Type":"INT64","Value":200}},{"Key":"http.route","Value":{"Type":"STRING","Value":"/web/"}},{"Key":"network.protocol.name","Value":{"Type":"STRING","Value":"http"}},{"Key":"network.protocol.version","Value":{"Type":"STRING","Value":"1.1"}},{"Key":"server.address","Value":{"Type":"STRING","Value":"localhost"}},{"Key":"server.port","Value":{"Type":"INT64","Value":34400}},{"Key":"url.scheme","Value":{"Type":"STRING","Value":"http"}}],"StartTime":"2026-01-04T14:34:59.102583194Z","Time":"2026-01-04T14:35:44.099394469Z","Count":1,"Bounds":[0.005,0.01,0.025,0.05,0.075,0.1,0.25,0.5,0.75,1,2.5,5,7.5,10],"BucketCounts":[1,0,0,0,0,0,0,0,0,0,0,0,0,0,0],"Min":0.0009576550000000001,"Max":0.0009576550000000001,"Sum":0.0009576550000000001,"Exemplars":[{"FilteredAttributes":null,"Time":"2026-01-04T14:35:00.091011746Z","Value":0.0009576550000000001,"SpanID":"RWLLeZXf39E=","TraceID":"vBFCVhx8Dsc91zE7v6tTBg=="}]},{"Attributes":[{"Key":"http.request.method","Value":{"Type":"STRING","Value":"POST"}},{"Key":"http.response.status_code","Value":{"Type":"INT64","Value":200}},{"Key":"http.route","Value":{"Type":"STRING","Value":"/api/"}},{"Key":"network.protocol.name","Value":{"Type":"STRING","Value":"http"}},{"Key":"network.protocol.version","Value":{"Type":"STRING","Value":"1.1"}},{"Key":"server.address","Value":{"Type":"STRING","Value":"localhost"}},{"Key":"server.port","Value":{"Type":"INT64","Value":34400}},{"Key":"url.scheme","Value":{"Type":"STRING","Value":"http"}}],"StartTime":"2026-01-04T14:34:59.102583194Z","Time":"2026-01-04T14:35:44.099394469Z","Count":1,"Bounds":[0.005,0.01,0.025,0.05,0.075,0.1,0.25,0.5,0.75,1,2.5,5,7.5,10],"BucketCounts":[1,0,0,0,0,0,0,0,0,0,0,0,0,0,0],"Min":0.000270237,"Max":0.000270237,"Sum":0.000270237,"Exemplars":[{"FilteredAttributes":null,"Time":"2026-01-04T14:35:00.100823751Z","Value":0.000270237,"SpanID":"/4WVA++HxYg=","TraceID":"Td9tVtLVTcz3+PK4egcHyw=="}]}],"Temporality":"CumulativeTemporality"}}]}]}
{"Resource":[{"Key":"service.name","Value":{"Type":"STRING","Value":"unknown_service:xteve"}},{"Key":"telemetry.sdk.language","Value":{"Type":"STRING","Value":"go"}},{"Key":"telemetry.sdk.name","Value":{"Type":"STRING","Value":"opentelemetry"}},{"Key":"telemetry.sdk.version","Value":{"Type":"STRING","Value":"1.39.0"}}],"ScopeMetrics":[{"Scope":{"Name":"go.opentelemetry.io/contrib/instrumentation/net/http/otelhttp","Version":"0.64.0","SchemaURL":"","Attributes":null},"Metrics":[{"Name":"http.client.request.body.size","Description":"Size of HTTP client request bodies.","Unit":"By","Data":{"DataPoints":[{"Attributes":[{"Key":"http.request.method","Value":{"Type":"STRING","Value":"GET"}},{"Key":"http.response.status_code","Value":{"Type":"INT64","Value":200}},{"Key":"network.protocol.name","Value":{"Type":"STRING","Value":"http"}},{"Key":"network.protocol.version","Value":{"Type":"STRING","Value":"1.1"}},{"Key":"server.address","Value":{"Type":"STRING","Value":"localhost"}},{"Key":"server.port","Value":{"Type":"INT64","Value":8080}},{"Key":"url.scheme","Value":{"Type":"STRING","Value":"http"}}],"StartTime":"2026-01-04T14:34:59.09830608Z","Time":"2026-01-04T14:35:47.098814914Z","Count":3,"Bounds":[0,5,10,25,50,75,100,250,500,750,1000,2500,5000,7500,10000],"BucketCounts":[3,0,0,0,0,0,0,0,0,0,0,0,0,0,0,0],"Min":0,"Max":0,"Sum":0,"Exemplars":[{"FilteredAttributes":null,"Time":"2026-01-04T14:35:42.484780262Z","Value":0,"SpanID":"6UTVwTJx9vg=","TraceID":"3yZje7lRoBr5nYjVxs+bCQ=="}]},{"Attributes":[{"Key":"http.request.method","Value":{"Type":"STRING","Value":"HEAD"}},{"Key":"http.response.status_code","Value":{"Type":"INT64","Value":200}},{"Key":"http.route","Value":{"Type":"STRING","Value":"/dav/"}},{"Key":"network.protocol.name","Value":{"Type":"STRING","Value":"http"}},{"Key":"network.protocol.version","Value":{"Type":"STRING","Value":"1.1"}},{"Key":"server.address","Value":{"Type":"STRING","Value":"localhost"}},{"Key":"server.port","Value":{"Type":"INT64","Value":8080}},{"Key":"url.scheme","Value":{"Type":"STRING","Value":"http"}}],"StartTime":"2026-01-04T14:34:59.09830608Z","Time":"2026-01-04T14:35:47.098814914Z","Count":2,"Bounds":[0,5,10,25,50,75,100,250,500,750,1000,2500,5000,7500,10000],"BucketCounts":[2,0,0,0,0,0,0,0,0,0,0,0,0,0,0,0],"Min":0,"Max":0,"Sum":0,"Exemplars":[{"FilteredAttributes":null,"Time":"2026-01-04T14:35:42.483321626Z","Value":0,"SpanID":"s3uyrUQJGyg=","TraceID":"Qr4zt4f6IgbIA1Soof6OIg=="}]},{"Attributes":[{"Key":"http.request.method","Value":{"Type":"STRING","Value":"GET"}},{"Key":"http.response.status_code","Value":{"Type":"INT64","Value":200}},{"Key":"http.route","Value":{"Type":"STRING","Value":"/dav/"}},{"Key":"network.protocol.name","Value":{"Type":"STRING","Value":"http"}},{"Key":"network.protocol.version","Value":{"Type":"STRING","Value":"1.1"}},{"Key":"server.address","Value":{"Type":"STRING","Value":"localhost"}},{"Key":"server.port","Value":{"Type":"INT64","Value":8080}},{"Key":"url.scheme","Value":{"Type":"STRING","Value":"http"}}],"StartTime":"2026-01-04T14:34:59.09830608Z","Time":"2026-01-04T14:35:47.098814914Z","Count":1,"Bounds":[0,5,10,25,50,75,100,250,500,750,1000,2500,5000,7500,10000],"BucketCounts":[1,0,0,0,0,0,0,0,0,0,0,0,0,0,0,0],"Min":0,"Max":0,"Sum":0,"Exemplars":[{"FilteredAttributes":null,"Time":"2026-01-04T14:35:21.269152449Z","Value":0,"SpanID":"ouBaQFw88qU=","TraceID":"CpjIicxYlR3l9gwLzcPjxw=="}]}],"Temporality":"CumulativeTemporality"}},{"Name":"http.client.request.duration","Description":"Duration of HTTP client requests.","Unit":"s","Data":{"DataPoints":[{"Attributes":[{"Key":"http.request.method","Value":{"Type":"STRING","Value":"GET"}},{"Key":"http.response.status_code","Value":{"Type":"INT64","Value":200}},{"Key":"network.protocol.name","Value":{"Type":"STRING","Value":"http"}},{"Key":"network.protocol.version","Value":{"Type":"STRING","Value":"1.1"}},{"Key":"server.address","Value":{"Type":"STRING","Value":"localhost"}},{"Key":"server.port","Value":{"Type":"INT64","Value":8080}},{"Key":"url.scheme","Value":{"Type":"STRING","Value":"http"}}],"StartTime":"2026-01-04T14:34:59.098321501Z","Time":"2026-01-04T14:35:47.098846774Z","Count":3,"Bounds":[0.005,0.01,0.025,0.05,0.075,0.1,0.25,0.5,0.75,1,2.5,5,7.5,10],"BucketCounts":[3,0,0,0,0,0,0,0,0,0,0,0,0,0,0],"Min":0.000366895,"Max":0.001567234,"Sum":0.003078852,"Exemplars":[{"FilteredAttributes":null,"Time":"2026-01-04T14:35:42.484783593Z","Value":0.000366895,"SpanID":"6UTVwTJx9vg=","TraceID":"3yZje7lRoBr5nYjVxs+bCQ=="}]},{"Attributes":[{"Key":"http.request.method","Value":{"Type":"STRING","Value":"HEAD"}},{"Key":"http.response.status_code","Value":{"Type":"INT64","Value":200}},{"Key":"http.route","Value":{"Type":"STRING","Value":"/dav/"}},{"Key":"network.protocol.name","Value":{"Type":"STRING","Value":"http"}},{"Key":"network.protocol.version","Value":{"Type":"STRING","Value":"1.1"}},{"Key":"server.address","Value":{"Type":"STRING","Value":"localhost"}},{"Key":"server.port","Value":{"Type":"INT64","Value":8080}},{"Key":"url.scheme","Value":{"Type":"STRING","Value":"http"}}],"StartTime":"2026-01-04T14:34:59.098321501Z","Time":"2026-01-04T14:35:47.098846774Z","Count":2,"Bounds":[0.005,0.01,0.025,0.05,0.075,0.1,0.25,0.5,0.75,1,2.5,5,7.5,10],"BucketCounts":[2,0,0,0,0,0,0,0,0,0,0,0,0,0,0],"Min":0.000370823,"Max":0.000534118,"Sum":0.000904941,"Exemplars":[{"FilteredAttributes":null,"Time":"2026-01-04T14:35:42.483325241Z","Value":0.000370823,"SpanID":"s3uyrUQJGyg=","TraceID":"Qr4zt4f6IgbIA1Soof6OIg=="}]},{"Attributes":[{"Key":"http.request.method","Value":{"Type":"STRING","Value":"GET"}},{"Key":"http.response.status_code","Value":{"Type":"INT64","Value":200}},{"Key":"http.route","Value":{"Type":"STRING","Value":"/dav/"}},{"Key":"network.protocol.name","Value":{"Type":"STRING","Value":"http"}},{"Key":"network.protocol.version","Value":{"Type":"STRING","Value":"1.1"}},{"Key":"server.address","Value":{"Type":"STRING","Value":"localhost"}},{"Key":"server.port","Value":{"Type":"INT64","Value":8080}},{"Key":"url.scheme","Value":{"Type":"STRING","Value":"http"}}],"StartTime":"2026-01-04T14:34:59.098321501Z","Time":"2026-01-04T14:35:47.098846774Z","Count":1,"Bounds":[0.005,0.01,0.025,0.05,0.075,0.1,0.25,0.5,0.75,1,2.5,5,7.5,10],"BucketCounts":[0,0,0,0,0,0,0,0,0,0,0,0,0,0,1],"Min":11.145195777000001,"Max":11.145195777000001,"Sum":11.145195777000001,"Exemplars":[{"FilteredAttributes":null,"Time":"2026-01-04T14:35:21.269157987Z","Value":11.145195777000001,"SpanID":"ouBaQFw88qU=","TraceID":"CpjIicxYlR3l9gwLzcPjxw=="}]}],"Temporality":"CumulativeTemporality"}},{"Name":"http.server.request.body.size","Description":"Size of HTTP server request bodies.","Unit":"By","Data":{"DataPoints":[{"Attributes":[{"Key":"http.request.method","Value":{"Type":"STRING","Value":"GET"}},{"Key":"http.response.status_code","Value":{"Type":"INT64","Value":405}},{"Key":"http.route","Value":{"Type":"STRING","Value":"/dav/"}},{"Key":"network.protocol.name","Value":{"Type":"STRING","Value":"http"}},{"Key":"network.protocol.version","Value":{"Type":"STRING","Value":"1.1"}},{"Key":"server.address","Value":{"Type":"STRING","Value":"localhost"}},{"Key":"server.port","Value":{"Type":"INT64","Value":34400}},{"Key":"url.scheme","Value":{"Type":"STRING","Value":"http"}}],"StartTime":"2026-01-04T14:34:59.102560844Z","Time":"2026-01-04T14:35:47.098854489Z","Count":3,"Bounds":[0,5,10,25,50,75,100,250,500,750,1000,2500,5000,7500,10000],"BucketCounts":[3,0,0,0,0,0,0,0,0,0,0,0,0,0,0,0],"Min":0,"Max":0,"Sum":0,"Exemplars":[{"FilteredAttributes":null,"Time":"2026-01-04T14:35:42.482195783Z","Value":0,"SpanID":"+QC7PBABIA0=","TraceID":"gtDDVnkWkoJgzpRKGJ7hkw=="}]},{"Attributes":[{"Key":"http.request.method","Value":{"Type":"STRING","Value":"_OTHER"}},{"Key":"http.response.status_code","Value":{"Type":"INT64","Value":207}},{"Key":"http.route","Value":{"Type":"STRING","Value":"/dav/"}},{"Key":"network.protocol.name","Value":{"Type":"STRING","Value":"http"}},{"Key":"network.protocol.version","Value":{"Type":"STRING","Value":"1.1"}},{"Key":"server.address","Value":{"Type":"STRING","Value":"localhost"}},{"Key":"server.port","Value":{"Type":"INT64","Value":34400}},{"Key":"url.scheme","Value":{"Type":"STRING","Value":"http"}}],"StartTime":"2026-01-04T14:34:59.102560844Z","Time":"2026-01-04T14:35:47.098854489Z","Count":2,"Bounds":[0,5,10,25,50,75,100,250,500,750,1000,2500,5000,7500,10000],"BucketCounts":[2,0,0,0,0,0,0,0,0,0,0,0,0,0,0,0],"Min":0,"Max":0,"Sum":0,"Exemplars":[{"FilteredAttributes":null,"Time":"2026-01-04T14:35:42.483511111Z","Value":0,"SpanID":"+QZJmeUl/SI=","TraceID":"Qr4zt4f6IgbIA1Soof6OIg=="}]},{"Attributes":[{"Key":"http.request.method","Value":{"Type":"STRING","Value":"GET"}},{"Key":"http.response.status_code","Value":{"Type":"INT64","Value":200}},{"Key":"http.route","Value":{"Type":"STRING","Value":"/dav/"}},{"Key":"network.protocol.name","Value":{"Type":"STRING","Value":"http"}},{"Key":"network.protocol.version","Value":{"Type":"STRING","Value":"1.1"}},{"Key":"server.address","Value":{"Type":"STRING","Value":"localhost"}},{"Key":"server.port","Value":{"Type":"INT64","Value":34400}},{"Key":"url.scheme","Value":{"Type":"STRING","Value":"http"}}],"StartTime":"2026-01-04T14:34:59.102560844Z","Time":"2026-01-04T14:35:47.098854489Z","Count":1,"Bounds":[0,5,10,25,50,75,100,250,500,750,1000,2500,5000,7500,10000],"BucketCounts":[1,0,0,0,0,0,0,0,0,0,0,0,0,0,0,0],"Min":0,"Max":0,"Sum":0,"Exemplars":[{"FilteredAttributes":null,"Time":"2026-01-04T14:35:31.861728487Z","Value":0,"SpanID":"Nwr6MtDb/Fc=","TraceID":"CpjIicxYlR3l9gwLzcPjxw=="}]},{"Attributes":[{"Key":"http.request.method","Value":{"Type":"STRING","Value":"GET"}},{"Key":"http.response.status_code","Value":{"Type":"INT64","Value":200}},{"Key":"http.route","Value":{"Type":"STRING","Value":"/m3u/"}},{"Key":"network.protocol.name","Value":{"Type":"STRING","Value":"http"}},{"Key":"network.protocol.version","Value":{"Type":"STRING","Value":"1.1"}},{"Key":"server.address","Value":{"Type":"STRING","Value":"localhost"}},{"Key":"server.port","Value":{"Type":"INT64","Value":34400}},{"Key":"url.scheme","Value":{"Type":"STRING","Value":"http"}}],"StartTime":"2026-01-04T14:34:59.102560844Z","Time":"2026-01-04T14:35:47.098854489Z","Count":1,"Bounds":[0,5,10,25,50,75,100,250,500,750,1000,2500,5000,7500,10000],"BucketCounts":[1,0,0,0,0,0,0,0,0,0,0,0,0,0,0,0],"Min":0,"Max":0,"Sum":0,"Exemplars":[{"FilteredAttributes":null,"Time":"2026-01-04T14:35:31.864812353Z","Value":0,"SpanID":"m6yD7iOFnx8=","TraceID":"/83ouML4Xszkl7t8aUBi/Q=="}]},{"Attributes":[{"Key":"http.request.method","Value":{"Type":"STRING","Value":"GET"}},{"Key":"http.response.status_code","Value":{"Type":"INT64","Value":302}},{"Key":"http.route","Value":{"Type":"STRING","Value":"/stream/"}},{"Key":"network.protocol.name","Value":{"Type":"STRING","Value":"http"}},{"Key":"network.protocol.version","Value":{"Type":"STRING","Value":"1.1"}},{"Key":"server.address","Value":{"Type":"STRING","Value":"localhost"}},{"Key":"server.port","Value":{"Type":"INT64","Value":34400}},{"Key":"url.scheme","Value":{"Type":"STRING","Value":"http"}}],"StartTime":"2026-01-04T14:34:59.102560844Z","Time":"2026-01-04T14:35:47.098854489Z","Count":1,"Bounds":[0,5,10,25,50,75,100,250,500,750,1000,2500,5000,7500,10000],"BucketCounts":[1,0,0,0,0,0,0,0,0,0,0,0,0,0,0,0],"Min":0,"Max":0,"Sum":0,"Exemplars":[{"FilteredAttributes":null,"Time":"2026-01-04T14:35:31.865390801Z","Value":0,"SpanID":"tF2YpvVsqEY=","TraceID":"x3yzfVUChEfvR3VJfZcUBg=="}]},{"Attributes":[{"Key":"http.request.method","Value":{"Type":"STRING","Value":"GET"}},{"Key":"http.response.status_code","Value":{"Type":"INT64","Value":200}},{"Key":"http.route","Value":{"Type":"STRING","Value":"/web/"}},{"Key":"network.protocol.name","Value":{"Type":"STRING","Value":"http"}},{"Key":"network.protocol.version","Value":{"Type":"STRING","Value":"1.1"}},{"Key":"server.address","Value":{"Type":"STRING","Value":"localhost"}},{"Key":"server.port","Value":{"Type":"INT64","Value":34400}},{"Key":"url.scheme","Value":{"Type":"STRING","Value":"http"}}],"StartTime":"2026-01-04T14:34:59.102560844Z","Time":"2026-01-04T14:35:47.098854489Z","Count":1,"Bounds":[0,5,10,25,50,75,100,250,500,750,1000,2500,5000,7500,10000],"BucketCounts":[1,0,0,0,0,0,0,0,0,0,0,0,0,0,0,0],"Min":0,"Max":0,"Sum":0,"Exemplars":[{"FilteredAttributes":null,"Time":"2026-01-04T14:35:00.090999452Z","Value":0,"SpanID":"RWLLeZXf39E=","TraceID":"vBFCVhx8Dsc91zE7v6tTBg=="}]},{"Attributes":[{"Key":"http.request.method","Value":{"Type":"STRING","Value":"POST"}},{"Key":"http.response.status_code","Value":{"Type":"INT64","Value":200}},{"Key":"http.route","Value":{"Type":"STRING","Value":"/api/"}},{"Key":"network.protocol.name","Value":{"Type":"STRING","Value":"http"}},{"Key":"network.protocol.version","Value":{"Type":"STRING","Value":"1.1"}},{"Key":"server.address","Value":{"Type":"STRING","Value":"localhost"}},{"Key":"server.port","Value":{"Type":"INT64","Value":34400}},{"Key":"url.scheme","Value":{"Type":"STRING","Value":"http"}}],"StartTime":"2026-01-04T14:34:59.102560844Z","Time":"2026-01-04T14:35:47.098854489Z","Count":1,"Bounds":[0,5,10,25,50,75,100,250,500,750,1000,2500,5000,7500,10000],"BucketCounts":[0,0,0,0,0,1,0,0,0,0,0,0,0,0,0,0],"Min":55,"Max":55,"Sum":55,"Exemplars":[{"FilteredAttributes":null,"Time":"2026-01-04T14:35:00.100781751Z","Value":55,"SpanID":"/4WVA++HxYg=","TraceID":"Td9tVtLVTcz3+PK4egcHyw=="}]}],"Temporality":"CumulativeTemporality"}},{"Name":"http.server.response.body.size","Description":"Size of HTTP server response bodies.","Unit":"By","Data":{"DataPoints":[{"Attributes":[{"Key":"http.request.method","Value":{"Type":"STRING","Value":"GET"}},{"Key":"http.response.status_code","Value":{"Type":"INT64","Value":200}},{"Key":"http.route","Value":{"Type":"STRING","Value":"/web/"}},{"Key":"network.protocol.name","Value":{"Type":"STRING","Value":"http"}},{"Key":"network.protocol.version","Value":{"Type":"STRING","Value":"1.1"}},{"Key":"server.address","Value":{"Type":"STRING","Value":"localhost"}},{"Key":"server.port","Value":{"Type":"INT64","Value":34400}},{"Key":"url.scheme","Value":{"Type":"STRING","Value":"http"}}],"StartTime":"2026-01-04T14:34:59.102574885Z","Time":"2026-01-04T14:35:47.098871833Z","Count":1,"Bounds":[0,5,10,25,50,75,100,250,500,750,1000,2500,5000,7500,10000],"BucketCounts":[0,0,0,0,0,0,0,0,0,0,0,1,0,0,0,0],"Min":1920,"Max":1920,"Sum":1920,"Exemplars":[{"FilteredAttributes":null,"Time":"2026-01-04T14:35:00.091005829Z","Value":1920,"SpanID":"RWLLeZXf39E=","TraceID":"vBFCVhx8Dsc91zE7v6tTBg=="}]},{"Attributes":[{"Key":"http.request.method","Value":{"Type":"STRING","Value":"POST"}},{"Key":"http.response.status_code","Value":{"Type":"INT64","Value":200}},{"Key":"http.route","Value":{"Type":"STRING","Value":"/api/"}},{"Key":"network.protocol.name","Value":{"Type":"STRING","Value":"http"}},{"Key":"network.protocol.version","Value":{"Type":"STRING","Value":"1.1"}},{"Key":"server.address","Value":{"Type":"STRING","Value":"localhost"}},{"Key":"server.port","Value":{"Type":"INT64","Value":34400}},{"Key":"url.scheme","Value":{"Type":"STRING","Value":"http"}}],"StartTime":"2026-01-04T14:34:59.102574885Z","Time":"2026-01-04T14:35:47.098871833Z","Count":1,"Bounds":[0,5,10,25,50,75,100,250,500,750,1000,2500,5000,7500,10000],"BucketCounts":[0,0,0,0,0,0,0,0,1,0,0,0,0,0,0,0],"Min":374,"Max":374,"Sum":374,"Exemplars":[{"FilteredAttributes":null,"Time":"2026-01-04T14:35:00.100790609Z","Value":374,"SpanID":"/4WVA++HxYg=","TraceID":"Td9tVtLVTcz3+PK4egcHyw=="}]},{"Attributes":[{"Key":"http.request.method","Value":{"Type":"STRING","Value":"GET"}},{"Key":"http.response.status_code","Value":{"Type":"INT64","Value":405}},{"Key":"http.route","Value":{"Type":"STRING","Value":"/dav/"}},{"Key":"network.protocol.name","Value":{"Type":"STRING","Value":"http"}},{"Key":"network.protocol.version","Value":{"Type":"STRING","Value":"1.1"}},{"Key":"server.address","Value":{"Type":"STRING","Value":"localhost"}},{"Key":"server.port","Value":{"Type":"INT64","Value":34400}},{"Key":"url.scheme","Value":{"Type":"STRING","Value":"http"}}],"StartTime":"2026-01-04T14:34:59.102574885Z","Time":"2026-01-04T14:35:47.098871833Z","Count":3,"Bounds":[0,5,10,25,50,75,100,250,500,750,1000,2500,5000,7500,10000],"BucketCounts":[0,0,0,3,0,0,0,0,0,0,0,0,0,0,0,0],"Min":18,"Max":18,"Sum":54,"Exemplars":[{"FilteredAttributes":null,"Time":"2026-01-04T14:35:42.482198031Z","Value":18,"SpanID":"+QC7PBABIA0=","TraceID":"gtDDVnkWkoJgzpRKGJ7hkw=="}]},{"Attributes":[{"Key":"http.request.method","Value":{"Type":"STRING","Value":"_OTHER"}},{"Key":"http.response.status_code","Value":{"Type":"INT64","Value":207}},{"Key":"http.route","Value":{"Type":"STRING","Value":"/dav/"}},{"Key":"network.protocol.name","Value":{"Type":"STRING","Value":"http"}},{"Key":"network.protocol.version","Value":{"Type":"STRING","Value":"1.1"}},{"Key":"server.address","Value":{"Type":"STRING","Value":"localhost"}},{"Key":"server.port","Value":{"Type":"INT64","Value":34400}},{"Key":"url.scheme","Value":{"Type":"STRING","Value":"http"}}],"StartTime":"2026-01-04T14:34:59.102574885Z","Time":"2026-01-04T14:35:47.098871833Z","Count":2,"Bounds":[0,5,10,25,50,75,100,250,500,750,1000,2500,5000,7500,10000],"BucketCounts":[0,0,0,0,0,0,0,0,0,1,0,1,0,0,0,0],"Min":727,"Max":1318,"Sum":2045,"Exemplars":[{"FilteredAttributes":null,"Time":"2026-01-04T14:35:42.483512355Z","Value":727,"SpanID":"+QZJmeUl/SI=","TraceID":"Qr4zt4f6IgbIA1Soof6OIg=="},{"FilteredAttributes":null,"Time":"2026-01-04T14:35:10.12187007Z","Value":1318,"SpanID":"dnjXs0vBk2U=","TraceID":"34Vdj5jA5RpKfjWxilmd6w=="}]},{"Attributes":[{"Key":"http.request.method","Value":{"Type":"STRING","Value":"GET"}},{"Key":"http.response.status_code","Value":{"Type":"INT64","Value":200}},{"Key":"http.route","Value":{"Type":"STRING","Value":"/dav/"}},{"Key":"network.protocol.name","Value":{"Type":"STRING","Value":"http"}},{"Key":"network.protocol.version","Value":{"Type":"STRING","Value":"1.1"}},{"Key":"server.address","Value":{"Type":"STRING","Value":"localhost"}},{"Key":"server.port","Value":{"Type":"INT64","Value":34400}},{"Key":"url.scheme","Value":{"Type":"STRING","Value":"http"}}],"StartTime":"2026-01-04T14:34:59.102574885Z","Time":"2026-01-04T14:35:47.098871833Z","Count":1,"Bounds":[0,5,10,25,50,75,100,250,500,750,1000,2500,5000,7500,10000],"BucketCounts":[1,0,0,0,0,0,0,0,0,0,0,0,0,0,0,0],"Min":0,"Max":0,"Sum":0,"Exemplars":[{"FilteredAttributes":null,"Time":"2026-01-04T14:35:31.861745879Z","Value":0,"SpanID":"Nwr6MtDb/Fc=","TraceID":"CpjIicxYlR3l9gwLzcPjxw=="}]},{"Attributes":[{"Key":"http.request.method","Value":{"Type":"STRING","Value":"GET"}},{"Key":"http.response.status_code","Value":{"Type":"INT64","Value":200}},{"Key":"http.route","Value":{"Type":"STRING","Value":"/m3u/"}},{"Key":"network.protocol.name","Value":{"Type":"STRING","Value":"http"}},{"Key":"network.protocol.version","Value":{"Type":"STRING","Value":"1.1"}},{"Key":"server.address","Value":{"Type":"STRING","Value":"localhost"}},{"Key":"server.port","Value":{"Type":"INT64","Value":34400}},{"Key":"url.scheme","Value":{"Type":"STRING","Value":"http"}}],"StartTime":"2026-01-04T14:34:59.102574885Z","Time":"2026-01-04T14:35:47.098871833Z","Count":1,"Bounds":[0,5,10,25,50,75,100,250,500,750,1000,2500,5000,7500,10000],"BucketCounts":[0,0,0,0,0,0,0,0,0,0,0,1,0,0,0,0],"Min":1580,"Max":1580,"Sum":1580,"Exemplars":[{"FilteredAttributes":null,"Time":"2026-01-04T14:35:31.864818398Z","Value":1580,"SpanID":"m6yD7iOFnx8=","TraceID":"/83ouML4Xszkl7t8aUBi/Q=="}]},{"Attributes":[{"Key":"http.request.method","Value":{"Type":"STRING","Value":"GET"}},{"Key":"http.response.status_code","Value":{"Type":"INT64","Value":302}},{"Key":"http.route","Value":{"Type":"STRING","Value":"/stream/"}},{"Key":"network.protocol.name","Value":{"Type":"STRING","Value":"http"}},{"Key":"network.protocol.version","Value":{"Type":"STRING","Value":"1.1"}},{"Key":"server.address","Value":{"Type":"STRING","Value":"localhost"}},{"Key":"server.port","Value":{"Type":"INT64","Value":34400}},{"Key":"url.scheme","Value":{"Type":"STRING","Value":"http"}}],"StartTime":"2026-01-04T14:34:59.102574885Z","Time":"2026-01-04T14:35:47.098871833Z","Count":1,"Bounds":[0,5,10,25,50,75,100,250,500,750,1000,2500,5000,7500,10000],"BucketCounts":[0,0,0,0,0,1,0,0,0,0,0,0,0,0,0,0],"Min":62,"Max":62,"Sum":62,"Exemplars":[{"FilteredAttributes":null,"Time":"2026-01-04T14:35:31.865393981Z","Value":62,"SpanID":"tF2YpvVsqEY=","TraceID":"x3yzfVUChEfvR3VJfZcUBg=="}]}],"Temporality":"CumulativeTemporality"}},{"Name":"http.server.request.duration","Description":"Duration of HTTP server requests.","Unit":"s","Data":{"DataPoints":[{"Attributes":[{"Key":"http.request.method","Value":{"Type":"STRING","Value":"GET"}},{"Key":"http.response.status_code","Value":{"Type":"INT64","Value":200}},{"Key":"http.route","Value":{"Type":"STRING","Value":"/dav/"}},{"Key":"network.protocol.name","Value":{"Type":"STRING","Value":"http"}},{"Key":"network.protocol.version","Value":{"Type":"STRING","Value":"1.1"}},{"Key":"server.address","Value":{"Type":"STRING","Value":"localhost"}},{"Key":"server.port","Value":{"Type":"INT64","Value":34400}},{"Key":"url.scheme","Value":{"Type":"STRING","Value":"http"}}],"StartTime":"2026-01-04T14:34:59.102583194Z","Time":"2026-01-04T14:35:47.098882292Z","Count":1,"Bounds":[0.005,0.01,0.025,0.05,0.075,0.1,0.25,0.5,0.75,1,2.5,5,7.5,10],"BucketCounts":[0,0,0,0,0,0,0,0,0,0,0,0,0,0,1],"Min":21.739216915,"Max":21.739216915,"Sum":21.739216915,"Exemplars":[{"FilteredAttributes":null,"Time":"2026-01-04T14:35:31.861752135Z","Value":21.739216915,"SpanID":"Nwr6MtDb/Fc=","TraceID":"CpjIicxYlR3l9gwLzcPjxw=="}]},{"Attributes":[{"Key":"http.request.method","Value":{"Type":"STRING","Value":"GET"}},{"Key":"http.response.status_code","Value":{"Type":"INT64","Value":200}},{"Key":"http.route","Value":{"Type":"STRING","Value":"/m3u/"}},{"Key":"network.protocol.name","Value":{"Type":"STRING","Value":"http"}},{"Key":"network.protocol.version","Value":{"Type":"STRING","Value":"1.1"}},{"Key":"server.address","Value":{"Type":"STRING","Value":"localhost"}},{"Key":"server.port","Value":{"Type":"INT64","Value":34400}},{"Key":"url.scheme","Value":{"Type":"STRING","Value":"http"}}],"StartTime":"2026-01-04T14:34:59.102583194Z","Time":"2026-01-04T14:35:47.098882292Z","Count":1,"Bounds":[0.005,0.01,0.025,0.05,0.075,0.1,0.25,0.5,0.75,1,2.5,5,7.5,10],"BucketCounts":[1,0,0,0,0,0,0,0,0,0,0,0,0,0,0],"Min":0.00023685400000000002,"Max":0.00023685400000000002,"Sum":0.00023685400000000002,"Exemplars":[{"FilteredAttributes":null,"Time":"2026-01-04T14:35:31.864822309Z","Value":0.00023685400000000002,"SpanID":"m6yD7iOFnx8=","TraceID":"/83ouML4Xszkl7t8aUBi/Q=="}]},{"Attributes":[{"Key":"http.request.method","Value":{"Type":"STRING","Value":"GET"}},{"Key":"http.response.status_code","Value":{"Type":"INT64","Value":302}},{"Key":"http.route","Value":{"Type":"STRING","Value":"/stream/"}},{"Key":"network.protocol.name","Value":{"Type":"STRING","Value":"http"}},{"Key":"network.protocol.version","Value":{"Type":"STRING","Value":"1.1"}},{"Key":"server.address","Value":{"Type":"STRING","Value":"localhost"}},{"Key":"server.port","Value":{"Type":"INT64","Value":34400}},{"Key":"url.scheme","Value":{"Type":"STRING","Value":"http"}}],"StartTime":"2026-01-04T14:34:59.102583194Z","Time":"2026-01-04T14:35:47.098882292Z","Count":1,"Bounds":[0.005,0.01,0.025,0.05,0.075,0.1,0.25,0.5,0.75,1,2.5,5,7.5,10],"BucketCounts":[1,0,0,0,0,0,0,0,0,0,0,0,0,0,0],"Min":0.000144399,"Max":0.000144399,"Sum":0.000144399,"Exemplars":[{"FilteredAttributes":null,"Time":"2026-01-04T14:35:31.865397535Z","Value":0.000144399,"SpanID":"tF2YpvVsqEY=","TraceID":"x3yzfVUChEfvR3VJfZcUBg=="}]},{"Attributes":[{"Key":"http.request.method","Value":{"Type":"STRING","Value":"GET"}},{"Key":"http.response.status_code","Value":{"Type":"INT64","Value":200}},{"Key":"http.route","Value":{"Type":"STRING","Value":"/web/"}},{"Key":"network.protocol.name","Value":{"Type":"STRING","Value":"http"}},{"Key":"network.protocol.version","Value":{"Type":"STRING","Value":"1.1"}},{"Key":"server.address","Value":{"Type":"STRING","Value":"localhost"}},{"Key":"server.port","Value":{"Type":"INT64","Value":34400}},{"Key":"url.scheme","Value":{"Type":"STRING","Value":"http"}}],"StartTime":"2026-01-04T14:34:59.102583194Z","Time":"2026-01-04T14:35:47.098882292Z","Count":1,"Bounds":[0.005,0.01,0.025,0.05,0.075,0.1,0.25,0.5,0.75,1,2.5,5,7.5,10],"BucketCounts":[1,0,0,0,0,0,0,0,0,0,0,0,0,0,0],"Min":0.0009576550000000001,"Max":0.0009576550000000001,"Sum":0.0009576550000000001,"Exemplars":[{"FilteredAttributes":null,"Time":"2026-01-04T14:35:00.091011746Z","Value":0.0009576550000000001,"SpanID":"RWLLeZXf39E=","TraceID":"vBFCVhx8Dsc91zE7v6tTBg=="}]},{"Attributes":[{"Key":"http.request.method","Value":{"Type":"STRING","Value":"POST"}},{"Key":"http.response.status_code","Value":{"Type":"INT64","Value":200}},{"Key":"http.route","Value":{"Type":"STRING","Value":"/api/"}},{"Key":"network.protocol.name","Value":{"Type":"STRING","Value":"http"}},{"Key":"network.protocol.version","Value":{"Type":"STRING","Value":"1.1"}},{"Key":"server.address","Value":{"Type":"STRING","Value":"localhost"}},{"Key":"server.port","Value":{"Type":"INT64","Value":34400}},{"Key":"url.scheme","Value":{"Type":"STRING","Value":"http"}}],"StartTime":"2026-01-04T14:34:59.102583194Z","Time":"2026-01-04T14:35:47.098882292Z","Count":1,"Bounds":[0.005,0.01,0.025,0.05,0.075,0.1,0.25,0.5,0.75,1,2.5,5,7.5,10],"BucketCounts":[1,0,0,0,0,0,0,0,0,0,0,0,0,0,0],"Min":0.000270237,"Max":0.000270237,"Sum":0.000270237,"Exemplars":[{"FilteredAttributes":null,"Time":"2026-01-04T14:35:00.100823751Z","Value":0.000270237,"SpanID":"/4WVA++HxYg=","TraceID":"Td9tVtLVTcz3+PK4egcHyw=="}]},{"Attributes":[{"Key":"http.request.method","Value":{"Type":"STRING","Value":"GET"}},{"Key":"http.response.status_code","Value":{"Type":"INT64","Value":405}},{"Key":"http.route","Value":{"Type":"STRING","Value":"/dav/"}},{"Key":"network.protocol.name","Value":{"Type":"STRING","Value":"http"}},{"Key":"network.protocol.version","Value":{"Type":"STRING","Value":"1.1"}},{"Key":"server.address","Value":{"Type":"STRING","Value":"localhost"}},{"Key":"server.port","Value":{"Type":"INT64","Value":34400}},{"Key":"url.scheme","Value":{"Type":"STRING","Value":"http"}}],"StartTime":"2026-01-04T14:34:59.102583194Z","Time":"2026-01-04T14:35:47.098882292Z","Count":3,"Bounds":[0.005,0.01,0.025,0.05,0.075,0.1,0.25,0.5,0.75,1,2.5,5,7.5,10],"BucketCounts":[3,0,0,0,0,0,0,0,0,0,0,0,0,0,0],"Min":0.000067941,"Max":0.000158283,"Sum":0.00032200400000000003,"Exemplars":[{"FilteredAttributes":null,"Time":"2026-01-04T14:35:42.482201046Z","Value":0.000067941,"SpanID":"+QC7PBABIA0=","TraceID":"gtDDVnkWkoJgzpRKGJ7hkw=="}]},{"Attributes":[{"Key":"http.request.method","Value":{"Type":"STRING","Value":"_OTHER"}},{"Key":"http.response.status_code","Value":{"Type":"INT64","Value":207}},{"Key":"http.route","Value":{"Type":"STRING","Value":"/dav/"}},{"Key":"network.protocol.name","Value":{"Type":"STRING","Value":"http"}},{"Key":"network.protocol.version","Value":{"Type":"STRING","Value":"1.1"}},{"Key":"server.address","Value":{"Type":"STRING","Value":"localhost"}},{"Key":"server.port","Value":{"Type":"INT64","Value":34400}},{"Key":"url.scheme","Value":{"Type":"STRING","Value":"http"}}],"StartTime":"2026-01-04T14:34:59.102583194Z","Time":"2026-01-04T14:35:47.098882292Z","Count":2,"Bounds":[0.005,0.01,0.025,0.05,0.075,0.1,0.25,0.5,0.75,1,2.5,5,7.5,10],"BucketCounts":[2,0,0,0,0,0,0,0,0,0,0,0,0,0,0],"Min":0.0007535920000000001,"Max":0.001155172,"Sum":0.0019087640000000003,"Exemplars":[{"FilteredAttributes":null,"Time":"2026-01-04T14:35:42.483514404Z","Value":0.0007535920000000001,"SpanID":"+QZJmeUl/SI=","TraceID":"Qr4zt4f6IgbIA1Soof6OIg=="}]}],"Temporality":"CumulativeTemporality"}}]}]}
{"Resource":[{"Key":"service.name","Value":{"Type":"STRING","Value":"unknown_service:xteve"}},{"Key":"telemetry.sdk.language","Value":{"Type":"STRING","Value":"go"}},{"Key":"telemetry.sdk.name","Value":{"Type":"STRING","Value":"opentelemetry"}},{"Key":"telemetry.sdk.version","Value":{"Type":"STRING","Value":"1.39.0"}}],"ScopeMetrics":[{"Scope":{"Name":"go.opentelemetry.io/contrib/instrumentation/net/http/otelhttp","Version":"0.64.0","SchemaURL":"","Attributes":null},"Metrics":[{"Name":"http.client.request.body.size","Description":"Size of HTTP client request bodies.","Unit":"By","Data":{"DataPoints":[{"Attributes":[{"Key":"http.request.method","Value":{"Type":"STRING","Value":"GET"}},{"Key":"http.response.status_code","Value":{"Type":"INT64","Value":200}},{"Key":"network.protocol.name","Value":{"Type":"STRING","Value":"http"}},{"Key":"network.protocol.version","Value":{"Type":"STRING","Value":"1.1"}},{"Key":"server.address","Value":{"Type":"STRING","Value":"localhost"}},{"Key":"server.port","Value":{"Type":"INT64","Value":8080}},{"Key":"url.scheme","Value":{"Type":"STRING","Value":"http"}}],"StartTime":"2026-01-04T14:34:59.09830608Z","Time":"2026-01-04T14:35:50.099294944Z","Count":3,"Bounds":[0,5,10,25,50,75,100,250,500,750,1000,2500,5000,7500,10000],"BucketCounts":[3,0,0,0,0,0,0,0,0,0,0,0,0,0,0,0],"Min":0,"Max":0,"Sum":0,"Exemplars":[{"FilteredAttributes":null,"Time":"2026-01-04T14:35:42.484780262Z","Value":0,"SpanID":"6UTVwTJx9vg=","TraceID":"3yZje7lRoBr5nYjVxs+bCQ=="}]},{"Attributes":[{"Key":"http.request.method","Value":{"Type":"STRING","Value":"HEAD"}},{"Key":"http.response.status_code","Value":{"Type":"INT64","Value":200}},{"Key":"http.route","Value":{"Type":"STRING","Value":"/dav/"}},{"Key":"network.protocol.name","Value":{"Type":"STRING","Value":"http"}},{"Key":"network.protocol.version","Value":{"Type":"STRING","Value":"1.1"}},{"Key":"server.address","Value":{"Type":"STRING","Value":"localhost"}},{"Key":"server.port","Value":{"Type":"INT64","Value":8080}},{"Key":"url.scheme","Value":{"Type":"STRING","Value":"http"}}],"StartTime":"2026-01-04T14:34:59.09830608Z","Time":"2026-01-04T14:35:50.099294944Z","Count":2,"Bounds":[0,5,10,25,50,75,100,250,500,750,1000,2500,5000,7500,10000],"BucketCounts":[2,0,0,0,0,0,0,0,0,0,0,0,0,0,0,0],"Min":0,"Max":0,"Sum":0,"Exemplars":[{"FilteredAttributes":null,"Time":"2026-01-04T14:35:42.483321626Z","Value":0,"SpanID":"s3uyrUQJGyg=","TraceID":"Qr4zt4f6IgbIA1Soof6OIg=="}]},{"Attributes":[{"Key":"http.request.method","Value":{"Type":"STRING","Value":"GET"}},{"Key":"http.response.status_code","Value":{"Type":"INT64","Value":200}},{"Key":"http.route","Value":{"Type":"STRING","Value":"/dav/"}},{"Key":"network.protocol.name","Value":{"Type":"STRING","Value":"http"}},{"Key":"network.protocol.version","Value":{"Type":"STRING","Value":"1.1"}},{"Key":"server.address","Value":{"Type":"STRING","Value":"localhost"}},{"Key":"server.port","Value":{"Type":"INT64","Value":8080}},{"Key":"url.scheme","Value":{"Type":"STRING","Value":"http"}}],"StartTime":"2026-01-04T14:34:59.09830608Z","Time":"2026-01-04T14:35:50.099294944Z","Count":1,"Bounds":[0,5,10,25,50,75,100,250,500,750,1000,2500,5000,7500,10000],"BucketCounts":[1,0,0,0,0,0,0,0,0,0,0,0,0,0,0,0],"Min":0,"Max":0,"Sum":0,"Exemplars":[{"FilteredAttributes":null,"Time":"2026-01-04T14:35:21.269152449Z","Value":0,"SpanID":"ouBaQFw88qU=","TraceID":"CpjIicxYlR3l9gwLzcPjxw=="}]}],"Temporality":"CumulativeTemporality"}},{"Name":"http.client.request.duration","Description":"Duration of HTTP client requests.","Unit":"s","Data":{"DataPoints":[{"Attributes":[{"Key":"http.request.method","Value":{"Type":"STRING","Value":"GET"}},{"Key":"http.response.status_code","Value":{"Type":"INT64","Value":200}},{"Key":"network.protocol.name","Value":{"Type":"STRING","Value":"http"}},{"Key":"network.protocol.version","Value":{"Type":"STRING","Value":"1.1"}},{"Key":"server.address","Value":{"Type":"STRING","Value":"localhost"}},{"Key":"server.port","Value":{"Type":"INT64","Value":8080}},{"Key":"url.scheme","Value":{"Type":"STRING","Value":"http"}}],"StartTime":"2026-01-04T14:34:59.098321501Z","Time":"2026-01-04T14:35:50.099309488Z","Count":3,"Bounds":[0.005,0.01,0.025,0.05,0.075,0.1,0.25,0.5,0.75,1,2.5,5,7.5,10],"BucketCounts":[3,0,0,0,0,0,0,0,0,0,0,0,0,0,0],"Min":0.000366895,"Max":0.001567234,"Sum":0.003078852,"Exemplars":[{"FilteredAttributes":null,"Time":"2026-01-04T14:35:42.484783593Z","Value":0.000366895,"SpanID":"6UTVwTJx9vg=","TraceID":"3yZje7lRoBr5nYjVxs+bCQ=="}]},{"Attributes":[{"Key":"http.request.method","Value":{"Type":"STRING","Value":"HEAD"}},{"Key":"http.response.status_code","Value":{"Type":"INT64","Value":200}},{"Key":"http.route","Value":{"Type":"STRING","Value":"/dav/"}},{"Key":"network.protocol.name","Value":{"Type":"STRING","Value":"http"}},{"Key":"network.protocol.version","Value":{"Type":"STRING","Value":"1.1"}},{"Key":"server.address","Value":{"Type":"STRING","Value":"localhost"}},{"Key":"server.port","Value":{"Type":"INT64","Value":8080}},{"Key":"url.scheme","Value":{"Type":"STRING","Value":"http"}}],"StartTime":"2026-01-04T14:34:59.098321501Z","Time":"2026-01-04T14:35:50.099309488Z","Count":2,"Bounds":[0.005,0.01,0.025,0.05,0.075,0.1,0.25,0.5,0.75,1,2.5,5,7.5,10],"BucketCounts":[2,0,0,0,0,0,0,0,0,0,0,0,0,0,0],"Min":0.000370823,"Max":0.000534118,"Sum":0.000904941,"Exemplars":[{"FilteredAttributes":null,"Time":"2026-01-04T14:35:42.483325241Z","Value":0.000370823,"SpanID":"s3uyrUQJGyg=","TraceID":"Qr4zt4f6IgbIA1Soof6OIg=="}]},{"Attributes":[{"Key":"http.request.method","Value":{"Type":"STRING","Value":"GET"}},{"Key":"http.response.status_code","Value":{"Type":"INT64","Value":200}},{"Key":"http.route","Value":{"Type":"STRING","Value":"/dav/"}},{"Key":"network.protocol.name","Value":{"Type":"STRING","Value":"http"}},{"Key":"network.protocol.version","Value":{"Type":"STRING","Value":"1.1"}},{"Key":"server.address","Value":{"Type":"STRING","Value":"localhost"}},{"Key":"server.port","Value":{"Type":"INT64","Value":8080}},{"Key":"url.scheme","Value":{"Type":"STRING","Value":"http"}}],"StartTime":"2026-01-04T14:34:59.098321501Z","Time":"2026-01-04T14:35:50.099309488Z","Count":1,"Bounds":[0.005,0.01,0.025,0.05,0.075,0.1,0.25,0.5,0.75,1,2.5,5,7.5,10],"BucketCounts":[0,0,0,0,0,0,0,0,0,0,0,0,0,0,1],"Min":11.145195777000001,"Max":11.145195777000001,"Sum":11.145195777000001,"Exemplars":[{"FilteredAttributes":null,"Time":"2026-01-04T14:35:21.269157987Z","Value":11.145195777000001,"SpanID":"ouBaQFw88qU=","TraceID":"CpjIicxYlR3l9gwLzcPjxw=="}]}],"Temporality":"CumulativeTemporality"}},{"Name":"http.server.request.body.size","Description":"Size of HTTP server request bodies.","Unit":"By","Data":{"DataPoints":[{"Attributes":[{"Key":"http.request.method","Value":{"Type":"STRING","Value":"_OTHER"}},{"Key":"http.response.status_code","Value":{"Type":"INT64","Value":207}},{"Key":"http.route","Value":{"Type":"STRING","Value":"/dav/"}},{"Key":"network.protocol.name","Value":{"Type":"STRING","Value":"http"}},{"Key":"network.protocol.version","Value":{"Type":"STRING","Value":"1.1"}},{"Key":"server.address","Value":{"Type":"STRING","Value":"localhost"}},{"Key":"server.port","Value":{"Type":"INT64","Value":34400}},{"Key":"url.scheme","Value":{"Type":"STRING","Value":"http"}}],"StartTime":"2026-01-04T14:34:59.102560844Z","Time":"2026-01-04T14:35:50.099315085Z","Count":2,"Bounds":[0,5,10,25,50,75,100,250,500,750,1000,2500,5000,7500,10000],"BucketCounts":[2,0,0,0,0,0,0,0,0,0,0,0,0,0,0,0],"Min":0,"Max":0,"Sum":0,"Exemplars":[{"FilteredAttributes":null,"Time":"2026-01-04T14:35:42.483511111Z","Value":0,"SpanID":"+QZJmeUl/SI=","TraceID":"Qr4zt4f6IgbIA1Soof6OIg=="}]},{"Attributes":[{"Key":"http.request.method","Value":{"Type":"STRING","Value":"GET"}},{"Key":"http.response.status_code","Value":{"Type":"INT64","Value":200}},{"Key":"http.route","Value":{"Type":"STRING","Value":"/dav/"}},{"Key":"network.protocol.name","Value":{"Type":"STRING","Value":"http"}},{"Key":"network.protocol.version","Value":{"Type":"STRING","Value":"1.1"}},{"Key":"server.address","Value":{"Type":"STRING","Value":"localhost"}},{"Key":"server.port","Value":{"Type":"INT64","Value":34400}},{"Key":"url.scheme","Value":{"Type":"STRING","Value":"http"}}],"StartTime":"2026-01-04T14:34:59.102560844Z","Time":"2026-01-04T14:35:50.099315085Z","Count":1,"Bounds":[0,5,10,25,50,75,100,250,500,750,1000,2500,5000,7500,10000],"BucketCounts":[1,0,0,0,0,0,0,0,0,0,0,0,0,0,0,0],"Min":0,"Max":0,"Sum":0,"Exemplars":[{"FilteredAttributes":null,"Time":"2026-01-04T14:35:31.861728487Z","Value":0,"SpanID":"Nwr6MtDb/Fc=","TraceID":"CpjIicxYlR3l9gwLzcPjxw=="}]},{"Attributes":[{"Key":"http.request.method","Value":{"Type":"STRING","Value":"GET"}},{"Key":"http.response.status_code","Value":{"Type":"INT64","Value":200}},{"Key":"http.route","Value":{"Type":"STRING","Value":"/m3u/"}},{"Key":"network.protocol.name","Value":{"Type":"STRING","Value":"http"}},{"Key":"network.protocol.version","Value":{"Type":"STRING","Value":"1.1"}},{"Key":"server.address","Value":{"Type":"STRING","Value":"localhost"}},{"Key":"server.port","Value":{"Type":"INT64","Value":34400}},{"Key":"url.scheme","Value":{"Type":"STRING","Value":"http"}}],"StartTime":"2026-01-04T14:34:59.102560844Z","Time":"2026-01-04T14:35:50.099315085Z","Count":1,"Bounds":[0,5,10,25,50,75,100,250,500,750,1000,2500,5000,7500,10000],"BucketCounts":[1,0,0,0,0,0,0,0,0,0,0,0,0,0,0,0],"Min":0,"Max":0,"Sum":0,"Exemplars":[{"FilteredAttributes":null,"Time":"2026-01-04T14:35:31.864812353Z","Value":0,"SpanID":"m6yD7iOFnx8=","TraceID":"/83ouML4Xszkl7t8aUBi/Q=="}]},{"Attributes":[{"Key":"http.request.method","Value":{"Type":"STRING","Value":"GET"}},{"Key":"http.response.status_code","Value":{"Type":"INT64","Value":302}},{"Key":"http.route","Value":{"Type":"STRING","Value":"/stream/"}},{"Key":"network.protocol.name","Value":{"Type":"STRING","Value":"http"}},{"Key":"network.protocol.version","Value":{"Type":"STRING","Value":"1.1"}},{"Key":"server.address","Value":{"Type":"STRING","Value":"localhost"}},{"Key":"server.port","Value":{"Type":"INT64","Value":34400}},{"Key":"url.scheme","Value":{"Type":"STRING","Value":"http"}}],"StartTime":"2026-01-04T14:34:59.102560844Z","Time":"2026-01-04T14:35:50.099315085Z","Count":1,"Bounds":[0,5,10,25,50,75,100,250,500,750,1000,2500,5000,7500,10000],"BucketCounts":[1,0,0,0,0,0,0,0,0,0,0,0,0,0,0,0],"Min":0,"Max":0,"Sum":0,"Exemplars":[{"FilteredAttributes":null,"Time":"2026-01-04T14:35:31.865390801Z","Value":0,"SpanID":"tF2YpvVsqEY=","TraceID":"x3yzfVUChEfvR3VJfZcUBg=="}]},{"Attributes":[{"Key":"http.request.method","Value":{"Type":"STRING","Value":"GET"}},{"Key":"http.response.status_code","Value":{"Type":"INT64","Value":200}},{"Key":"http.route","Value":{"Type":"STRING","Value":"/web/"}},{"Key":"network.protocol.name","Value":{"Type":"STRING","Value":"http"}},{"Key":"network.protocol.version","Value":{"Type":"STRING","Value":"1.1"}},{"Key":"server.address","Value":{"Type":"STRING","Value":"localhost"}},{"Key":"server.port","Value":{"Type":"INT64","Value":34400}},{"Key":"url.scheme","Value":{"Type":"STRING","Value":"http"}}],"StartTime":"2026-01-04T14:34:59.102560844Z","Time":"2026-01-04T14:35:50.099315085Z","Count":1,"Bounds":[0,5,10,25,50,75,100,250,500,750,1000,2500,5000,7500,10000],"BucketCounts":[1,0,0,0,0,0,0,0,0,0,0,0,0,0,0,0],"Min":0,"Max":0,"Sum":0,"Exemplars":[{"FilteredAttributes":null,"Time":"2026-01-04T14:35:00.090999452Z","Value":0,"SpanID":"RWLLeZXf39E=","TraceID":"vBFCVhx8Dsc91zE7v6tTBg=="}]},{"Attributes":[{"Key":"http.request.method","Value":{"Type":"STRING","Value":"POST"}},{"Key":"http.response.status_code","Value":{"Type":"INT64","Value":200}},{"Key":"http.route","Value":{"Type":"STRING","Value":"/api/"}},{"Key":"network.protocol.name","Value":{"Type":"STRING","Value":"http"}},{"Key":"network.protocol.version","Value":{"Type":"STRING","Value":"1.1"}},{"Key":"server.address","Value":{"Type":"STRING","Value":"localhost"}},{"Key":"server.port","Value":{"Type":"INT64","Value":34400}},{"Key":"url.scheme","Value":{"Type":"STRING","Value":"http"}}],"StartTime":"2026-01-04T14:34:59.102560844Z","Time":"2026-01-04T14:35:50.099315085Z","Count":1,"Bounds":[0,5,10,25,50,75,100,250,500,750,1000,2500,5000,7500,10000],"BucketCounts":[0,0,0,0,0,1,0,0,0,0,0,0,0,0,0,0],"Min":55,"Max":55,"Sum":55,"Exemplars":[{"FilteredAttributes":null,"Time":"2026-01-04T14:35:00.100781751Z","Value":55,"SpanID":"/4WVA++HxYg=","TraceID":"Td9tVtLVTcz3+PK4egcHyw=="}]},{"Attributes":[{"Key":"http.request.method","Value":{"Type":"STRING","Value":"GET"}},{"Key":"http.response.status_code","Value":{"Type":"INT64","Value":405}},{"Key":"http.route","Value":{"Type":"STRING","Value":"/dav/"}},{"Key":"network.protocol.name","Value":{"Type":"STRING","Value":"http"}},{"Key":"network.protocol.version","Value":{"Type":"STRING","Value":"1.1"}},{"Key":"server.address","Value":{"Type":"STRING","Value":"localhost"}},{"Key":"server.port","Value":{"Type":"INT64","Value":34400}},{"Key":"url.scheme","Value":{"Type":"STRING","Value":"http"}}],"StartTime":"2026-01-04T14:34:59.102560844Z","Time":"2026-01-04T14:35:50.099315085Z","Count":3,"Bounds":[0,5,10,25,50,75,100,250,500,750,1000,2500,5000,7500,10000],"BucketCounts":[3,0,0,0,0,0,0,0,0,0,0,0,0,0,0,0],"Min":0,"Max":0,"Sum":0,"Exemplars":[{"FilteredAttributes":null,"Time":"2026-01-04T14:35:42.482195783Z","Value":0,"SpanID":"+QC7PBABIA0=","TraceID":"gtDDVnkWkoJgzpRKGJ7hkw=="}]}],"Temporality":"CumulativeTemporality"}},{"Name":"http.server.response.body.size","Description":"Size of HTTP server response bodies.","Unit":"By","Data":{"DataPoints":[{"Attributes":[{"Key":"http.request.method","Value":{"Type":"STRING","Value":"GET"}},{"Key":"http.response.status_code","Value":{"Type":"INT64","Value":405}},{"Key":"http.route","Value":{"Type":"STRING","Value":"/dav/"}},{"Key":"network.protocol.name","Value":{"Type":"STRING","Value":"http"}},{"Key":"network.protocol.version","Value":{"Type":"STRING","Value":"1.1"}},{"Key":"server.address","Value":{"Type":"STRING","Value":"localhost"}},{"Key":"server.port","Value":{"Type":"INT64","Value":34400}},{"Key":"url.scheme","Value":{"Type":"STRING","Value":"http"}}],"StartTime":"2026-01-04T14:34:59.102574885Z","Time":"2026-01-04T14:35:50.099325942Z","Count":3,"Bounds":[0,5,10,25,50,75,100,250,500,750,1000,2500,5000,7500,10000],"BucketCounts":[0,0,0,3,0,0,0,0,0,0,0,0,0,0,0,0],"Min":18,"Max":18,"Sum":54,"Exemplars":[{"FilteredAttributes":null,"Time":"2026-01-04T14:35:42.482198031Z","Value":18,"SpanID":"+QC7PBABIA0=","TraceID":"gtDDVnkWkoJgzpRKGJ7hkw=="}]},{"Attributes":[{"Key":"http.request.method","Value":{"Type":"STRING","Value":"_OTHER"}},{"Key":"http.response.status_code","Value":{"Type":"INT64","Value":207}},{"Key":"http.route","Value":{"Type":"STRING","Value":"/dav/"}},{"Key":"network.protocol.name","Value":{"Type":"STRING","Value":"http"}},{"Key":"network.protocol.version","Value":{"Type":"STRING","Value":"1.1"}},{"Key":"server.address","Value":{"Type":"STRING","Value":"localhost"}},{"Key":"server.port","Value":{"Type":"INT64","Value":34400}},{"Key":"url.scheme","Value":{"Type":"STRING","Value":"http"}}],"StartTime":"2026-01-04T14:34:59.102574885Z","Time":"2026-01-04T14:35:50.099325942Z","Count":2,"Bounds":[0,5,10,25,50,75,100,250,500,750,1000,2500,5000,7500,10000],"BucketCounts":[0,0,0,0,0,0,0,0,0,1,0,1,0,0,0,0],"Min":727,"Max":1318,"Sum":2045,"Exemplars":[{"FilteredAttributes":null,"Time":"2026-01-04T14:35:42.483512355Z","Value":727,"SpanID":"+QZJmeUl/SI=","TraceID":"Qr4zt4f6IgbIA1Soof6OIg=="},{"FilteredAttributes":null,"Time":"2026-01-04T14:35:10.12187007Z","Value":1318,"SpanID":"dnjXs0vBk2U=","TraceID":"34Vdj5jA5RpKfjWxilmd6w=="}]},{"Attributes":[{"Key":"http.request.method","Value":{"Type":"STRING","Value":"GET"}},{"Key":"http.response.status_code","Value":{"Type":"INT64","Value":200}},{"Key":"http.route","Value":{"Type":"STRING","Value":"/dav/"}},{"Key":"network.protocol.name","Value":{"Type":"STRING","Value":"http"}},{"Key":"network.protocol.version","Value":{"Type":"STRING","Value":"1.1"}},{"Key":"server.address","Value":{"Type":"STRING","Value":"localhost"}},{"Key":"server.port","Value":{"Type":"INT64","Value":34400}},{"Key":"url.scheme","Value":{"Type":"STRING","Value":"http"}}],"StartTime":"2026-01-04T14:34:59.102574885Z","Time":"2026-01-04T14:35:50.099325942Z","Count":1,"Bounds":[0,5,10,25,50,75,100,250,500,750,1000,2500,5000,7500,10000],"BucketCounts":[1,0,0,0,0,0,0,0,0,0,0,0,0,0,0,0],"Min":0,"Max":0,"Sum":0,"Exemplars":[{"FilteredAttributes":null,"Time":"2026-01-04T14:35:31.861745879Z","Value":0,"SpanID":"Nwr6MtDb/Fc=","TraceID":"CpjIicxYlR3l9gwLzcPjxw=="}]},{"Attributes":[{"Key":"http.request.method","Value":{"Type":"STRING","Value":"GET"}},{"Key":"http.response.status_code","Value":{"Type":"INT64","Value":200}},{"Key":"http.route","Value":{"Type":"STRING","Value":"/m3u/"}},{"Key":"network.protocol.name","Value":{"Type":"STRING","Value":"http"}},{"Key":"network.protocol.version","Value":{"Type":"STRING","Value":"1.1"}},{"Key":"server.address","Value":{"Type":"STRING","Value":"localhost"}},{"Key":"server.port","Value":{"Type":"INT64","Value":34400}},{"Key":"url.scheme","Value":{"Type":"STRING","Value":"http"}}],"StartTime":"2026-01-04T14:34:59.102574885Z","Time":"2026-01-04T14:35:50.099325942Z","Count":1,"Bounds":[0,5,10,25,50,75,100,250,500,750,1000,2500,5000,7500,10000],"BucketCounts":[0,0,0,0,0,0,0,0,0,0,0,1,0,0,0,0],"Min":1580,"Max":1580,"Sum":1580,"Exemplars":[{"FilteredAttributes":null,"Time":"2026-01-04T14:35:31.864818398Z","Value":1580,"SpanID":"m6yD7iOFnx8=","TraceID":"/83ouML4Xszkl7t8aUBi/Q=="}]},{"Attributes":[{"Key":"http.request.method","Value":{"Type":"STRING","Value":"GET"}},{"Key":"http.response.status_code","Value":{"Type":"INT64","Value":302}},{"Key":"http.route","Value":{"Type":"STRING","Value":"/stream/"}},{"Key":"network.protocol.name","Value":{"Type":"STRING","Value":"http"}},{"Key":"network.protocol.version","Value":{"Type":"STRING","Value":"1.1"}},{"Key":"server.address","Value":{"Type":"STRING","Value":"localhost"}},{"Key":"server.port","Value":{"Type":"INT64","Value":34400}},{"Key":"url.scheme","Value":{"Type":"STRING","Value":"http"}}],"StartTime":"2026-01-04T14:34:59.102574885Z","Time":"2026-01-04T14:35:50.099325942Z","Count":1,"Bounds":[0,5,10,25,50,75,100,250,500,750,1000,2500,5000,7500,10000],"BucketCounts":[0,0,0,0,0,1,0,0,0,0,0,0,0,0,0,0],"Min":62,"Max":62,"Sum":62,"Exemplars":[{"FilteredAttributes":null,"Time":"2026-01-04T14:35:31.865393981Z","Value":62,"SpanID":"tF2YpvVsqEY=","TraceID":"x3yzfVUChEfvR3VJfZcUBg=="}]},{"Attributes":[{"Key":"http.request.method","Value":{"Type":"STRING","Value":"GET"}},{"Key":"http.response.status_code","Value":{"Type":"INT64","Value":200}},{"Key":"http.route","Value":{"Type":"STRING","Value":"/web/"}},{"Key":"network.protocol.name","Value":{"Type":"STRING","Value":"http"}},{"Key":"network.protocol.version","Value":{"Type":"STRING","Value":"1.1"}},{"Key":"server.address","Value":{"Type":"STRING","Value":"localhost"}},{"Key":"server.port","Value":{"Type":"INT64","Value":34400}},{"Key":"url.scheme","Value":{"Type":"STRING","Value":"http"}}],"StartTime":"2026-01-04T14:34:59.102574885Z","Time":"2026-01-04T14:35:50.099325942Z","Count":1,"Bounds":[0,5,10,25,50,75,100,250,500,750,1000,2500,5000,7500,10000],"BucketCounts":[0,0,0,0,0,0,0,0,0,0,0,1,0,0,0,0],"Min":1920,"Max":1920,"Sum":1920,"Exemplars":[{"FilteredAttributes":null,"Time":"2026-01-04T14:35:00.091005829Z","Value":1920,"SpanID":"RWLLeZXf39E=","TraceID":"vBFCVhx8Dsc91zE7v6tTBg=="}]},{"Attributes":[{"Key":"http.request.method","Value":{"Type":"STRING","Value":"POST"}},{"Key":"http.response.status_code","Value":{"Type":"INT64","Value":200}},{"Key":"http.route","Value":{"Type":"STRING","Value":"/api/"}},{"Key":"network.protocol.name","Value":{"Type":"STRING","Value":"http"}},{"Key":"network.protocol.version","Value":{"Type":"STRING","Value":"1.1"}},{"Key":"server.address","Value":{"Type":"STRING","Value":"localhost"}},{"Key":"server.port","Value":{"Type":"INT64","Value":34400}},{"Key":"url.scheme","Value":{"Type":"STRING","Value":"http"}}],"StartTime":"2026-01-04T14:34:59.102574885Z","Time":"2026-01-04T14:35:50.099325942Z","Count":1,"Bounds":[0,5,10,25,50,75,100,250,500,750,1000,2500,5000,7500,10000],"BucketCounts":[0,0,0,0,0,0,0,0,1,0,0,0,0,0,0,0],"Min":374,"Max":374,"Sum":374,"Exemplars":[{"FilteredAttributes":null,"Time":"2026-01-04T14:35:00.100790609Z","Value":374,"SpanID":"/4WVA++HxYg=","TraceID":"Td9tVtLVTcz3+PK4egcHyw=="}]}],"Temporality":"CumulativeTemporality"}},{"Name":"http.server.request.duration","Description":"Duration of HTTP server requests.","Unit":"s","Data":{"DataPoints":[{"Attributes":[{"Key":"http.request.method","Value":{"Type":"STRING","Value":"GET"}},{"Key":"http.response.status_code","Value":{"Type":"INT64","Value":405}},{"Key":"http.route","Value":{"Type":"STRING","Value":"/dav/"}},{"Key":"network.protocol.name","Value":{"Type":"STRING","Value":"http"}},{"Key":"network.protocol.version","Value":{"Type":"STRING","Value":"1.1"}},{"Key":"server.address","Value":{"Type":"STRING","Value":"localhost"}},{"Key":"server.port","Value":{"Type":"INT64","Value":34400}},{"Key":"url.scheme","Value":{"Type":"STRING","Value":"http"}}],"StartTime":"2026-01-04T14:34:59.102583194Z","Time":"2026-01-04T14:35:50.09934005Z","Count":3,"Bounds":[0.005,0.01,0.025,0.05,0.075,0.1,0.25,0.5,0.75,1,2.5,5,7.5,10],"BucketCounts":[3,0,0,0,0,0,0,0,0,0,0,0,0,0,0],"Min":0.000067941,"Max":0.000158283,"Sum":0.00032200400000000003,"Exemplars":[{"FilteredAttributes":null,"Time":"2026-01-04T14:35:42.482201046Z","Value":0.000067941,"SpanID":"+QC7PBABIA0=","TraceID":"gtDDVnkWkoJgzpRKGJ7hkw=="}]},{"Attributes":[{"Key":"http.request.method","Value":{"Type":"STRING","Value":"_OTHER"}},{"Key":"http.response.status_code","Value":{"Type":"INT64","Value":207}},{"Key":"http.route","Value":{"Type":"STRING","Value":"/dav/"}},{"Key":"network.protocol.name","Value":{"Type":"STRING","Value":"http"}},{"Key":"network.protocol.version","Value":{"Type":"STRING","Value":"1.1"}},{"Key":"server.address","Value":{"Type":"STRING","Value":"localhost"}},{"Key":"server.port","Value":{"Type":"INT64","Value":34400}},{"Key":"url.scheme","Value":{"Type":"STRING","Value":"http"}}],"StartTime":"2026-01-04T14:34:59.102583194Z","Time":"2026-01-04T14:35:50.09934005Z","Count":2,"Bounds":[0.005,0.01,0.025,0.05,0.075,0.1,0.25,0.5,0.75,1,2.5,5,7.5,10],"BucketCounts":[2,0,0,0,0,0,0,0,0,0,0,0,0,0,0],"Min":0.0007535920000000001,"Max":0.001155172,"Sum":0.0019087640000000003,"Exemplars":[{"FilteredAttributes":null,"Time":"2026-01-04T14:35:42.483514404Z","Value":0.0007535920000000001,"SpanID":"+QZJmeUl/SI=","TraceID":"Qr4zt4f6IgbIA1Soof6OIg=="}]},{"Attributes":[{"Key":"http.request.method","Value":{"Type":"STRING","Value":"GET"}},{"Key":"http.response.status_code","Value":{"Type":"INT64","Value":200}},{"Key":"http.route","Value":{"Type":"STRING","Value":"/dav/"}},{"Key":"network.protocol.name","Value":{"Type":"STRING","Value":"http"}},{"Key":"network.protocol.version","Value":{"Type":"STRING","Value":"1.1"}},{"Key":"server.address","Value":{"Type":"STRING","Value":"localhost"}},{"Key":"server.port","Value":{"Type":"INT64","Value":34400}},{"Key":"url.scheme","Value":{"Type":"STRING","Value":"http"}}],"StartTime":"2026-01-04T14:34:59.102583194Z","Time":"2026-01-04T14:35:50.09934005Z","Count":1,"Bounds":[0.005,0.01,0.025,0.05,0.075,0.1,0.25,0.5,0.75,1,2.5,5,7.5,10],"BucketCounts":[0,0,0,0,0,0,0,0,0,0,0,0,0,0,1],"Min":21.739216915,"Max":21.739216915,"Sum":21.739216915,"Exemplars":[{"FilteredAttributes":null,"Time":"2026-01-04T14:35:31.861752135Z","Value":21.739216915,"SpanID":"Nwr6MtDb/Fc=","TraceID":"CpjIicxYlR3l9gwLzcPjxw=="}]},{"Attributes":[{"Key":"http.request.method","Value":{"Type":"STRING","Value":"GET"}},{"Key":"http.response.status_code","Value":{"Type":"INT64","Value":200}},{"Key":"http.route","Value":{"Type":"STRING","Value":"/m3u/"}},{"Key":"network.protocol.name","Value":{"Type":"STRING","Value":"http"}},{"Key":"network.protocol.version","Value":{"Type":"STRING","Value":"1.1"}},{"Key":"server.address","Value":{"Type":"STRING","Value":"localhost"}},{"Key":"server.port","Value":{"Type":"INT64","Value":34400}},{"Key":"url.scheme","Value":{"Type":"STRING","Value":"http"}}],"StartTime":"2026-01-04T14:34:59.102583194Z","Time":"2026-01-04T14:35:50.09934005Z","Count":1,"Bounds":[0.005,0.01,0.025,0.05,0.075,0.1,0.25,0.5,0.75,1,2.5,5,7.5,10],"BucketCounts":[1,0,0,0,0,0,0,0,0,0,0,0,0,0,0],"Min":0.00023685400000000002,"Max":0.00023685400000000002,"Sum":0.00023685400000000002,"Exemplars":[{"FilteredAttributes":null,"Time":"2026-01-04T14:35:31.864822309Z","Value":0.00023685400000000002,"SpanID":"m6yD7iOFnx8=","TraceID":"/83ouML4Xszkl7t8aUBi/Q=="}]},{"Attributes":[{"Key":"http.request.method","Value":{"Type":"STRING","Value":"GET"}},{"Key":"http.response.status_code","Value":{"Type":"INT64","Value":302}},{"Key":"http.route","Value":{"Type":"STRING","Value":"/stream/"}},{"Key":"network.protocol.name","Value":{"Type":"STRING","Value":"http"}},{"Key":"network.protocol.version","Value":{"Type":"STRING","Value":"1.1"}},{"Key":"server.address","Value":{"Type":"STRING","Value":"localhost"}},{"Key":"server.port","Value":{"Type":"INT64","Value":34400}},{"Key":"url.scheme","Value":{"Type":"STRING","Value":"http"}}],"StartTime":"2026-01-04T14:34:59.102583194Z","Time":"2026-01-04T14:35:50.09934005Z","Count":1,"Bounds":[0.005,0.01,0.025,0.05,0.075,0.1,0.25,0.5,0.75,1,2.5,5,7.5,10],"BucketCounts":[1,0,0,0,0,0,0,0,0,0,0,0,0,0,0],"Min":0.000144399,"Max":0.000144399,"Sum":0.000144399,"Exemplars":[{"FilteredAttributes":null,"Time":"2026-01-04T14:35:31.865397535Z","Value":0.000144399,"SpanID":"tF2YpvVsqEY=","TraceID":"x3yzfVUChEfvR3VJfZcUBg=="}]},{"Attributes":[{"Key":"http.request.method","Value":{"Type":"STRING","Value":"GET"}},{"Key":"http.response.status_code","Value":{"Type":"INT64","Value":200}},{"Key":"http.route","Value":{"Type":"STRING","Value":"/web/"}},{"Key":"network.protocol.name","Value":{"Type":"STRING","Value":"http"}},{"Key":"network.protocol.version","Value":{"Type":"STRING","Value":"1.1"}},{"Key":"server.address","Value":{"Type":"STRING","Value":"localhost"}},{"Key":"server.port","Value":{"Type":"INT64","Value":34400}},{"Key":"url.scheme","Value":{"Type":"STRING","Value":"http"}}],"StartTime":"2026-01-04T14:34:59.102583194Z","Time":"2026-01-04T14:35:50.09934005Z","Count":1,"Bounds":[0.005,0.01,0.025,0.05,0.075,0.1,0.25,0.5,0.75,1,2.5,5,7.5,10],"BucketCounts":[1,0,0,0,0,0,0,0,0,0,0,0,0,0,0],"Min":0.0009576550000000001,"Max":0.0009576550000000001,"Sum":0.0009576550000000001,"Exemplars":[{"FilteredAttributes":null,"Time":"2026-01-04T14:35:00.091011746Z","Value":0.0009576550000000001,"SpanID":"RWLLeZXf39E=","TraceID":"vBFCVhx8Dsc91zE7v6tTBg=="}]},{"Attributes":[{"Key":"http.request.method","Value":{"Type":"STRING","Value":"POST"}},{"Key":"http.response.status_code","Value":{"Type":"INT64","Value":200}},{"Key":"http.route","Value":{"Type":"STRING","Value":"/api/"}},{"Key":"network.protocol.name","Value":{"Type":"STRING","Value":"http"}},{"Key":"network.protocol.version","Value":{"Type":"STRING","Value":"1.1"}},{"Key":"server.address","Value":{"Type":"STRING","Value":"localhost"}},{"Key":"server.port","Value":{"Type":"INT64","Value":34400}},{"Key":"url.scheme","Value":{"Type":"STRING","Value":"http"}}],"StartTime":"2026-01-04T14:34:59.102583194Z","Time":"2026-01-04T14:35:50.09934005Z","Count":1,"Bounds":[0.005,0.01,0.025,0.05,0.075,0.1,0.25,0.5,0.75,1,2.5,5,7.5,10],"BucketCounts":[1,0,0,0,0,0,0,0,0,0,0,0,0,0,0],"Min":0.000270237,"Max":0.000270237,"Sum":0.000270237,"Exemplars":[{"FilteredAttributes":null,"Time":"2026-01-04T14:35:00.100823751Z","Value":0.000270237,"SpanID":"/4WVA++HxYg=","TraceID":"Td9tVtLVTcz3+PK4egcHyw=="}]}],"Temporality":"CumulativeTemporality"}}]}]}
{"Resource":[{"Key":"service.name","Value":{"Type":"STRING","Value":"unknown_service:xteve"}},{"Key":"telemetry.sdk.language","Value":{"Type":"STRING","Value":"go"}},{"Key":"telemetry.sdk.name","Value":{"Type":"STRING","Value":"opentelemetry"}},{"Key":"telemetry.sdk.version","Value":{"Type":"STRING","Value":"1.39.0"}}],"ScopeMetrics":[{"Scope":{"Name":"go.opentelemetry.io/contrib/instrumentation/net/http/otelhttp","Version":"0.64.0","SchemaURL":"","Attributes":null},"Metrics":[{"Name":"http.client.request.body.size","Description":"Size of HTTP client request bodies.","Unit":"By","Data":{"DataPoints":[{"Attributes":[{"Key":"http.request.method","Value":{"Type":"STRING","Value":"GET"}},{"Key":"http.response.status_code","Value":{"Type":"INT64","Value":200}},{"Key":"network.protocol.name","Value":{"Type":"STRING","Value":"http"}},{"Key":"network.protocol.version","Value":{"Type":"STRING","Value":"1.1"}},{"Key":"server.address","Value":{"Type":"STRING","Value":"localhost"}},{"Key":"server.port","Value":{"Type":"INT64","Value":8080}},{"Key":"url.scheme","Value":{"Type":"STRING","Value":"http"}}],"StartTime":"2026-01-04T14:34:59.09830608Z","Time":"2026-01-04T14:35:53.098914163Z","Count":3,"Bounds":[0,5,10,25,50,75,100,250,500,750,1000,2500,5000,7500,10000],"BucketCounts":[3,0,0,0,0,0,0,0,0,0,0,0,0,0,0,0],"Min":0,"Max":0,"Sum":0,"Exemplars":[{"FilteredAttributes":null,"Time":"2026-01-04T14:35:42.484780262Z","Value":0,"SpanID":"6UTVwTJx9vg=","TraceID":"3yZje7lRoBr5nYjVxs+bCQ=="}]},{"Attributes":[{"Key":"http.request.method","Value":{"Type":"STRING","Value":"HEAD"}},{"Key":"http.response.status_code","Value":{"Type":"INT64","Value":200}},{"Key":"http.route","Value":{"Type":"STRING","Value":"/dav/"}},{"Key":"network.protocol.name","Value":{"Type":"STRING","Value":"http"}},{"Key":"network.protocol.version","Value":{"Type":"STRING","Value":"1.1"}},{"Key":"server.address","Value":{"Type":"STRING","Value":"localhost"}},{"Key":"server.port","Value":{"Type":"INT64","Value":8080}},{"Key":"url.scheme","Value":{"Type":"STRING","Value":"http"}}],"StartTime":"2026-01-04T14:34:59.09830608Z","Time":"2026-01-04T14:35:53.098914163Z","Count":2,"Bounds":[0,5,10,25,50,75,100,250,500,750,1000,2500,5000,7500,10000],"BucketCounts":[2,0,0,0,0,0,0,0,0,0,0,0,0,0,0,0],"Min":0,"Max":0,"Sum":0,"Exemplars":[{"FilteredAttributes":null,"Time":"2026-01-04T14:35:42.483321626Z","Value":0,"SpanID":"s3uyrUQJGyg=","TraceID":"Qr4zt4f6IgbIA1Soof6OIg=="}]},{"Attributes":[{"Key":"http.request.method","Value":{"Type":"STRING","Value":"GET"}},{"Key":"http.response.status_code","Value":{"Type":"INT64","Value":200}},{"Key":"http.route","Value":{"Type":"STRING","Value":"/dav/"}},{"Key":"network.protocol.name","Value":{"Type":"STRING","Value":"http"}},{"Key":"network.protocol.version","Value":{"Type":"STRING","Value":"1.1"}},{"Key":"server.address","Value":{"Type":"STRING","Value":"localhost"}},{"Key":"server.port","Value":{"Type":"INT64","Value":8080}},{"Key":"url.scheme","Value":{"Type":"STRING","Value":"http"}}],"StartTime":"2026-01-04T14:34:59.09830608Z","Time":"2026-01-04T14:35:53.098914163Z","Count":1,"Bounds":[0,5,10,25,50,75,100,250,500,750,1000,2500,5000,7500,10000],"BucketCounts":[1,0,0,0,0,0,0,0,0,0,0,0,0,0,0,0],"Min":0,"Max":0,"Sum":0,"Exemplars":[{"FilteredAttributes":null,"Time":"2026-01-04T14:35:21.269152449Z","Value":0,"SpanID":"ouBaQFw88qU=","TraceID":"CpjIicxYlR3l9gwLzcPjxw=="}]}],"Temporality":"CumulativeTemporality"}},{"Name":"http.client.request.duration","Description":"Duration of HTTP client requests.","Unit":"s","Data":{"DataPoints":[{"Attributes":[{"Key":"http.request.method","Value":{"Type":"STRING","Value":"GET"}},{"Key":"http.response.status_code","Value":{"Type":"INT64","Value":200}},{"Key":"network.protocol.name","Value":{"Type":"STRING","Value":"http"}},{"Key":"network.protocol.version","Value":{"Type":"STRING","Value":"1.1"}},{"Key":"server.address","Value":{"Type":"STRING","Value":"localhost"}},{"Key":"server.port","Value":{"Type":"INT64","Value":8080}},{"Key":"url.scheme","Value":{"Type":"STRING","Value":"http"}}],"StartTime":"2026-01-04T14:34:59.098321501Z","Time":"2026-01-04T14:35:53.098935876Z","Count":3,"Bounds":[0.005,0.01,0.025,0.05,0.075,0.1,0.25,0.5,0.75,1,2.5,5,7.5,10],"BucketCounts":[3,0,0,0,0,0,0,0,0,0,0,0,0,0,0],"Min":0.000366895,"Max":0.001567234,"Sum":0.003078852,"Exemplars":[{"FilteredAttributes":null,"Time":"2026-01-04T14:35:42.484783593Z","Value":0.000366895,"SpanID":"6UTVwTJx9vg=","TraceID":"3yZje7lRoBr5nYjVxs+bCQ=="}]},{"Attributes":[{"Key":"http.request.method","Value":{"Type":"STRING","Value":"HEAD"}},{"Key":"http.response.status_code","Value":{"Type":"INT64","Value":200}},{"Key":"http.route","Value":{"Type":"STRING","Value":"/dav/"}},{"Key":"network.protocol.name","Value":{"Type":"STRING","Value":"http"}},{"Key":"network.protocol.version","Value":{"Type":"STRING","Value":"1.1"}},{"Key":"server.address","Value":{"Type":"STRING","Value":"localhost"}},{"Key":"server.port","Value":{"Type":"INT64","Value":8080}},{"Key":"url.scheme","Value":{"Type":"STRING","Value":"http"}}],"StartTime":"2026-01-04T14:34:59.098321501Z","Time":"2026-01-04T14:35:53.098935876Z","Count":2,"Bounds":[0.005,0.01,0.025,0.05,0.075,0.1,0.25,0.5,0.75,1,2.5,5,7.5,10],"BucketCounts":[2,0,0,0,0,0,0,0,0,0,0,0,0,0,0],"Min":0.000370823,"Max":0.000534118,"Sum":0.000904941,"Exemplars":[{"FilteredAttributes":null,"Time":"2026-01-04T14:35:42.483325241Z","Value":0.000370823,"SpanID":"s3uyrUQJGyg=","TraceID":"Qr4zt4f6IgbIA1Soof6OIg=="}]},{"Attributes":[{"Key":"http.request.method","Value":{"Type":"STRING","Value":"GET"}},{"Key":"http.response.status_code","Value":{"Type":"INT64","Value":200}},{"Key":"http.route","Value":{"Type":"STRING","Value":"/dav/"}},{"Key":"network.protocol.name","Value":{"Type":"STRING","Value":"http"}},{"Key":"network.protocol.version","Value":{"Type":"STRING","Value":"1.1"}},{"Key":"server.address","Value":{"Type":"STRING","Value":"localhost"}},{"Key":"server.port","Value":{"Type":"INT64","Value":8080}},{"Key":"url.scheme","Value":{"Type":"STRING","Value":"http"}}],"StartTime":"2026-01-04T14:34:59.098321501Z","Time":"2026-01-04T14:35:53.098935876Z","Count":1,"Bounds":[0.005,0.01,0.025,0.05,0.075,0.1,0.25,0.5,0.75,1,2.5,5,7.5,10],"BucketCounts":[0,0,0,0,0,0,0,0,0,0,0,0,0,0,1],"Min":11.145195777000001,"Max":11.145195777000001,"Sum":11.145195777000001,"Exemplars":[{"FilteredAttributes":null,"Time":"2026-01-04T14:35:21.269157987Z","Value":11.145195777000001,"SpanID":"ouBaQFw88qU=","TraceID":"CpjIicxYlR3l9gwLzcPjxw=="}]}],"Temporality":"CumulativeTemporality"}},{"Name":"http.server.request.body.size","Description":"Size of HTTP server request bodies.","Unit":"By","Data":{"DataPoints":[{"Attributes":[{"Key":"http.request.method","Value":{"Type":"STRING","Value":"GET"}},{"Key":"http.response.status_code","Value":{"Type":"INT64","Value":200}},{"Key":"http.route","Value":{"Type":"STRING","Value":"/dav/"}},{"Key":"network.protocol.name","Value":{"Type":"STRING","Value":"http"}},{"Key":"network.protocol.version","Value":{"Type":"STRING","Value":"1.1"}},{"Key":"server.address","Value":{"Type":"STRING","Value":"localhost"}},{"Key":"server.port","Value":{"Type":"INT64","Value":34400}},{"Key":"url.scheme","Value":{"Type":"STRING","Value":"http"}}],"StartTime":"2026-01-04T14:34:59.102560844Z","Time":"2026-01-04T14:35:53.098941631Z","Count":1,"Bounds":[0,5,10,25,50,75,100,250,500,750,1000,2500,5000,7500,10000],"BucketCounts":[1,0,0,0,0,0,0,0,0,0,0,0,0,0,0,0],"Min":0,"Max":0,"Sum":0,"Exemplars":[{"FilteredAttributes":null,"Time":"2026-01-04T14:35:31.861728487Z","Value":0,"SpanID":"Nwr6MtDb/Fc=","TraceID":"CpjIicxYlR3l9gwLzcPjxw=="}]},{"Attributes":[{"Key":"http.request.method","Value":{"Type":"STRING","Value":"GET"}},{"Key":"http.response.status_code","Value":{"Type":"INT64","Value":200}},{"Key":"http.route","Value":{"Type":"STRING","Value":"/m3u/"}},{"Key":"network.protocol.name","Value":{"Type":"STRING","Value":"http"}},{"Key":"network.protocol.version","Value":{"Type":"STRING","Value":"1.1"}},{"Key":"server.address","Value":{"Type":"STRING","Value":"localhost"}},{"Key":"server.port","Value":{"Type":"INT64","Value":34400}},{"Key":"url.scheme","Value":{"Type":"STRING","Value":"http"}}],"StartTime":"2026-01-04T14:34:59.102560844Z","Time":"2026-01-04T14:35:53.098941631Z","Count":1,"Bounds":[0,5,10,25,50,75,100,250,500,750,1000,2500,5000,7500,10000],"BucketCounts":[1,0,0,0,0,0,0,0,0,0,0,0,0,0,0,0],"Min":0,"Max":0,"Sum":0,"Exemplars":[{"FilteredAttributes":null,"Time":"2026-01-04T14:35:31.864812353Z","Value":0,"SpanID":"m6yD7iOFnx8=","TraceID":"/83ouML4Xszkl7t8aUBi/Q=="}]},{"Attributes":[{"Key":"http.request.method","Value":{"Type":"STRING","Value":"GET"}},{"Key":"http.response.status_code","Value":{"Type":"INT64","Value":302}},{"Key":"http.route","Value":{"Type":"STRING","Value":"/stream/"}},{"Key":"network.protocol.name","Value":{"Type":"STRING","Value":"http"}},{"Key":"network.protocol.version","Value":{"Type":"STRING","Value":"1.1"}},{"Key":"server.address","Value":{"Type":"STRING","Value":"localhost"}},{"Key":"server.port","Value":{"Type":"INT64","Value":34400}},{"Key":"url.scheme","Value":{"Type":"STRING","Value":"http"}}],"StartTime":"2026-01-04T14:34:59.102560844Z","Time":"2026-01-04T14:35:53.098941631Z","Count":1,"Bounds":[0,5,10,25,50,75,100,250,500,750,1000,2500,5000,7500,10000],"BucketCounts":[1,0,0,0,0,0,0,0,0,0,0,0,0,0,0,0],"Min":0,"Max":0,"Sum":0,"Exemplars":[{"FilteredAttributes":null,"Time":"2026-01-04T14:35:31.865390801Z","Value":0,"SpanID":"tF2YpvVsqEY=","TraceID":"x3yzfVUChEfvR3VJfZcUBg=="}]},{"Attributes":[{"Key":"http.request.method","Value":{"Type":"STRING","Value":"GET"}},{"Key":"http.response.status_code","Value":{"Type":"INT64","Value":200}},{"Key":"http.route","Value":{"Type":"STRING","Value":"/web/"}},{"Key":"network.protocol.name","Value":{"Type":"STRING","Value":"http"}},{"Key":"network.protocol.version","Value":{"Type":"STRING","Value":"1.1"}},{"Key":"server.address","Value":{"Type":"STRING","Value":"localhost"}},{"Key":"server.port","Value":{"Type":"INT64","Value":34400}},{"Key":"url.scheme","Value":{"Type":"STRING","Value":"http"}}],"StartTime":"2026-01-04T14:34:59.102560844Z","Time":"2026-01-04T14:35:53.098941631Z","Count":1,"Bounds":[0,5,10,25,50,75,100,250,500,750,1000,2500,5000,7500,10000],"BucketCounts":[1,0,0,0,0,0,0,0,0,0,0,0,0,0,0,0],"Min":0,"Max":0,"Sum":0,"Exemplars":[{"FilteredAttributes":null,"Time":"2026-01-04T14:35:00.090999452Z","Value":0,"SpanID":"RWLLeZXf39E=","TraceID":"vBFCVhx8Dsc91zE7v6tTBg=="}]},{"Attributes":[{"Key":"http.request.method","Value":{"Type":"STRING","Value":"POST"}},{"Key":"http.response.status_code","Value":{"Type":"INT64","Value":200}},{"Key":"http.route","Value":{"Type":"STRING","Value":"/api/"}},{"Key":"network.protocol.name","Value":{"Type":"STRING","Value":"http"}},{"Key":"network.protocol.version","Value":{"Type":"STRING","Value":"1.1"}},{"Key":"server.address","Value":{"Type":"STRING","Value":"localhost"}},{"Key":"server.port","Value":{"Type":"INT64","Value":34400}},{"Key":"url.scheme","Value":{"Type":"STRING","Value":"http"}}],"StartTime":"2026-01-04T14:34:59.102560844Z","Time":"2026-01-04T14:35:53.098941631Z","Count":1,"Bounds":[0,5,10,25,50,75,100,250,500,750,1000,2500,5000,7500,10000],"BucketCounts":[0,0,0,0,0,1,0,0,0,0,0,0,0,0,0,0],"Min":55,"Max":55,"Sum":55,"Exemplars":[{"FilteredAttributes":null,"Time":"2026-01-04T14:35:00.100781751Z","Value":55,"SpanID":"/4WVA++HxYg=","TraceID":"Td9tVtLVTcz3+PK4egcHyw=="}]},{"Attributes":[{"Key":"http.request.method","Value":{"Type":"STRING","Value":"GET"}},{"Key":"http.response.status_code","Value":{"Type":"INT64","Value":405}},{"Key":"http.route","Value":{"Type":"STRING","Value":"/dav/"}},{"Key":"network.protocol.name","Value":{"Type":"STRING","Value":"http"}},{"Key":"network.protocol.version","Value":{"Type":"STRING","Value":"1.1"}},{"Key":"server.address","Value":{"Type":"STRING","Value":"localhost"}},{"Key":"server.port","Value":{"Type":"INT64","Value":34400}},{"Key":"url.scheme","Value":{"Type":"STRING","Value":"http"}}],"StartTime":"2026-01-04T14:34:59.102560844Z","Time":"2026-01-04T14:35:53.098941631Z","Count":3,"Bounds":[0,5,10,25,50,75,100,250,500,750,1000,2500,5000,7500,10000],"BucketCounts":[3,0,0,0,0,0,0,0,0,0,0,0,0,0,0,0],"Min":0,"Max":0,"Sum":0,"Exemplars":[{"FilteredAttributes":null,"Time":"2026-01-04T14:35:42.482195783Z","Value":0,"SpanID":"+QC7PBABIA0=","TraceID":"gtDDVnkWkoJgzpRKGJ7hkw=="}]},{"Attributes":[{"Key":"http.request.method","Value":{"Type":"STRING","Value":"_OTHER"}},{"Key":"http.response.status_code","Value":{"Type":"INT64","Value":207}},{"Key":"http.route","Value":{"Type":"STRING","Value":"/dav/"}},{"Key":"network.protocol.name","Value":{"Type":"STRING","Value":"http"}},{"Key":"network.protocol.version","Value":{"Type":"STRING","Value":"1.1"}},{"Key":"server.address","Value":{"Type":"STRING","Value":"localhost"}},{"Key":"server.port","Value":{"Type":"INT64","Value":34400}},{"Key":"url.scheme","Value":{"Type":"STRING","Value":"http"}}],"StartTime":"2026-01-04T14:34:59.102560844Z","Time":"2026-01-04T14:35:53.098941631Z","Count":2,"Bounds":[0,5,10,25,50,75,100,250,500,750,1000,2500,5000,7500,10000],"BucketCounts":[2,0,0,0,0,0,0,0,0,0,0,0,0,0,0,0],"Min":0,"Max":0,"Sum":0,"Exemplars":[{"FilteredAttributes":null,"Time":"2026-01-04T14:35:42.483511111Z","Value":0,"SpanID":"+QZJmeUl/SI=","TraceID":"Qr4zt4f6IgbIA1Soof6OIg=="}]}],"Temporality":"CumulativeTemporality"}},{"Name":"http.server.response.body.size","Description":"Size of HTTP server response bodies.","Unit":"By","Data":{"DataPoints":[{"Attributes":[{"Key":"http.request.method","Value":{"Type":"STRING","Value":"GET"}},{"Key":"http.response.status_code","Value":{"Type":"INT64","Value":200}},{"Key":"http.route","Value":{"Type":"STRING","Value":"/dav/"}},{"Key":"network.protocol.name","Value":{"Type":"STRING","Value":"http"}},{"Key":"network.protocol.version","Value":{"Type":"STRING","Value":"1.1"}},{"Key":"server.address","Value":{"Type":"STRING","Value":"localhost"}},{"Key":"server.port","Value":{"Type":"INT64","Value":34400}},{"Key":"url.scheme","Value":{"Type":"STRING","Value":"http"}}],"StartTime":"2026-01-04T14:34:59.102574885Z","Time":"2026-01-04T14:35:53.098950967Z","Count":1,"Bounds":[0,5,10,25,50,75,100,250,500,750,1000,2500,5000,7500,10000],"BucketCounts":[1,0,0,0,0,0,0,0,0,0,0,0,0,0,0,0],"Min":0,"Max":0,"Sum":0,"Exemplars":[{"FilteredAttributes":null,"Time":"2026-01-04T14:35:31.861745879Z","Value":0,"SpanID":"Nwr6MtDb/Fc=","TraceID":"CpjIicxYlR3l9gwLzcPjxw=="}]},{"Attributes":[{"Key":"http.request.method","Value":{"Type":"STRING","Value":"GET"}},{"Key":"http.response.status_code","Value":{"Type":"INT64","Value":200}},{"Key":"http.route","Value":{"Type":"STRING","Value":"/m3u/"}},{"Key":"network.protocol.name","Value":{"Type":"STRING","Value":"http"}},{"Key":"network.protocol.version","Value":{"Type":"STRING","Value":"1.1"}},{"Key":"server.address","Value":{"Type":"STRING","Value":"localhost"}},{"Key":"server.port","Value":{"Type":"INT64","Value":34400}},{"Key":"url.scheme","Value":{"Type":"STRING","Value":"http"}}],"StartTime":"2026-01-04T14:34:59.102574885Z","Time":"2026-01-04T14:35:53.098950967Z","Count":1,"Bounds":[0,5,10,25,50,75,100,250,500,750,1000,2500,5000,7500,10000],"BucketCounts":[0,0,0,0,0,0,0,0,0,0,0,1,0,0,0,0],"Min":1580,"Max":1580,"Sum":1580,"Exemplars":[{"FilteredAttributes":null,"Time":"2026-01-04T14:35:31.864818398Z","Value":1580,"SpanID":"m6yD7iOFnx8=","TraceID":"/83ouML4Xszkl7t8aUBi/Q=="}]},{"Attributes":[{"Key":"http.request.method","Value":{"Type":"STRING","Value":"GET"}},{"Key":"http.response.status_code","Value":{"Type":"INT64","Value":302}},{"Key":"http.route","Value":{"Type":"STRING","Value":"/stream/"}},{"Key":"network.protocol.name","Value":{"Type":"STRING","Value":"http"}},{"Key":"network.protocol.version","Value":{"Type":"STRING","Value":"1.1"}},{"Key":"server.address","Value":{"Type":"STRING","Value":"localhost"}},{"Key":"server.port","Value":{"Type":"INT64","Value":34400}},{"Key":"url.scheme","Value":{"Type":"STRING","Value":"http"}}],"StartTime":"2026-01-04T14:34:59.102574885Z","Time":"2026-01-04T14:35:53.098950967Z","Count":1,"Bounds":[0,5,10,25,50,75,100,250,500,750,1000,2500,5000,7500,10000],"BucketCounts":[0,0,0,0,0,1,0,0,0,0,0,0,0,0,0,0],"Min":62,"Max":62,"Sum":62,"Exemplars":[{"FilteredAttributes":null,"Time":"2026-01-04T14:35:31.865393981Z","Value":62,"SpanID":"tF2YpvVsqEY=","TraceID":"x3yzfVUChEfvR3VJfZcUBg=="}]},{"Attributes":[{"Key":"http.request.method","Value":{"Type":"STRING","Value":"GET"}},{"Key":"http.response.status_code","Value":{"Type":"INT64","Value":200}},{"Key":"http.route","Value":{"Type":"STRING","Value":"/web/"}},{"Key":"network.protocol.name","Value":{"Type":"STRING","Value":"http"}},{"Key":"network.protocol.version","Value":{"Type":"STRING","Value":"1.1"}},{"Key":"server.address","Value":{"Type":"STRING","Value":"localhost"}},{"Key":"server.port","Value":{"Type":"INT64","Value":34400}},{"Key":"url.scheme","Value":{"Type":"STRING","Value":"http"}}],"StartTime":"2026-01-04T14:34:59.102574885Z","Time":"2026-01-04T14:35:53.098950967Z","Count":1,"Bounds":[0,5,10,25,50,75,100,250,500,750,1000,2500,5000,7500,10000],"BucketCounts":[0,0,0,0,0,0,0,0,0,0,0,1,0,0,0,0],"Min":1920,"Max":1920,"Sum":1920,"Exemplars":[{"FilteredAttributes":null,"Time":"2026-01-04T14:35:00.091005829Z","Value":1920,"SpanID":"RWLLeZXf39E=","TraceID":"vBFCVhx8Dsc91zE7v6tTBg=="}]},{"Attributes":[{"Key":"http.request.method","Value":{"Type":"STRING","Value":"POST"}},{"Key":"http.response.status_code","Value":{"Type":"INT64","Value":200}},{"Key":"http.route","Value":{"Type":"STRING","Value":"/api/"}},{"Key":"network.protocol.name","Value":{"Type":"STRING","Value":"http"}},{"Key":"network.protocol.version","Value":{"Type":"STRING","Value":"1.1"}},{"Key":"server.address","Value":{"Type":"STRING","Value":"localhost"}},{"Key":"server.port","Value":{"Type":"INT64","Value":34400}},{"Key":"url.scheme","Value":{"Type":"STRING","Value":"http"}}],"StartTime":"2026-01-04T14:34:59.102574885Z","Time":"2026-01-04T14:35:53.098950967Z","Count":1,"Bounds":[0,5,10,25,50,75,100,250,500,750,1000,2500,5000,7500,10000],"BucketCounts":[0,0,0,0,0,0,0,0,1,0,0,0,0,0,0,0],"Min":374,"Max":374,"Sum":374,"Exemplars":[{"FilteredAttributes":null,"Time":"2026-01-04T14:35:00.100790609Z","Value":374,"SpanID":"/4WVA++HxYg=","TraceID":"Td9tVtLVTcz3+PK4egcHyw=="}]},{"Attributes":[{"Key":"http.request.method","Value":{"Type":"STRING","Value":"GET"}},{"Key":"http.response.status_code","Value":{"Type":"INT64","Value":405}},{"Key":"http.route","Value":{"Type":"STRING","Value":"/dav/"}},{"Key":"network.protocol.name","Value":{"Type":"STRING","Value":"http"}},{"Key":"network.protocol.version","Value":{"Type":"STRING","Value":"1.1"}},{"Key":"server.address","Value":{"Type":"STRING","Value":"localhost"}},{"Key":"server.port","Value":{"Type":"INT64","Value":34400}},{"Key":"url.scheme","Value":{"Type":"STRING","Value":"http"}}],"StartTime":"2026-01-04T14:34:59.102574885Z","Time":"2026-01-04T14:35:53.098950967Z","Count":3,"Bounds":[0,5,10,25,50,75,100,250,500,750,1000,2500,5000,7500,10000],"BucketCounts":[0,0,0,3,0,0,0,0,0,0,0,0,0,0,0,0],"Min":18,"Max":18,"Sum":54,"Exemplars":[{"FilteredAttributes":null,"Time":"2026-01-04T14:35:42.482198031Z","Value":18,"SpanID":"+QC7PBABIA0=","TraceID":"gtDDVnkWkoJgzpRKGJ7hkw=="}]},{"Attributes":[{"Key":"http.request.method","Value":{"Type":"STRING","Value":"_OTHER"}},{"Key":"http.response.status_code","Value":{"Type":"INT64","Value":207}},{"Key":"http.route","Value":{"Type":"STRING","Value":"/dav/"}},{"Key":"network.protocol.name","Value":{"Type":"STRING","Value":"http"}},{"Key":"network.protocol.version","Value":{"Type":"STRING","Value":"1.1"}},{"Key":"server.address","Value":{"Type":"STRING","Value":"localhost"}},{"Key":"server.port","Value":{"Type":"INT64","Value":34400}},{"Key":"url.scheme","Value":{"Type":"STRING","Value":"http"}}],"StartTime":"2026-01-04T14:34:59.102574885Z","Time":"2026-01-04T14:35:53.098950967Z","Count":2,"Bounds":[0,5,10,25,50,75,100,250,500,750,1000,2500,5000,7500,10000],"BucketCounts":[0,0,0,0,0,0,0,0,0,1,0,1,0,0,0,0],"Min":727,"Max":1318,"Sum":2045,"Exemplars":[{"FilteredAttributes":null,"Time":"2026-01-04T14:35:42.483512355Z","Value":727,"SpanID":"+QZJmeUl/SI=","TraceID":"Qr4zt4f6IgbIA1Soof6OIg=="},{"FilteredAttributes":null,"Time":"2026-01-04T14:35:10.12187007Z","Value":1318,"SpanID":"dnjXs0vBk2U=","TraceID":"34Vdj5jA5RpKfjWxilmd6w=="}]}],"Temporality":"CumulativeTemporality"}},{"Name":"http.server.request.duration","Description":"Duration of HTTP server requests.","Unit":"s","Data":{"DataPoints":[{"Attributes":[{"Key":"http.request.method","Value":{"Type":"STRING","Value":"GET"}},{"Key":"http.response.status_code","Value":{"Type":"INT64","Value":200}},{"Key":"http.route","Value":{"Type":"STRING","Value":"/m3u/"}},{"Key":"network.protocol.name","Value":{"Type":"STRING","Value":"http"}},{"Key":"network.protocol.version","Value":{"Type":"STRING","Value":"1.1"}},{"Key":"server.address","Value":{"Type":"STRING","Value":"localhost"}},{"Key":"server.port","Value":{"Type":"INT64","Value":34400}},{"Key":"url.scheme","Value":{"Type":"STRING","Value":"http"}}],"StartTime":"2026-01-04T14:34:59.102583194Z","Time":"2026-01-04T14:35:53.09895868Z","Count":1,"Bounds":[0.005,0.01,0.025,0.05,0.075,0.1,0.25,0.5,0.75,1,2.5,5,7.5,10],"BucketCounts":[1,0,0,0,0,0,0,0,0,0,0,0,0,0,0],"Min":0.00023685400000000002,"Max":0.00023685400000000002,"Sum":0.00023685400000000002,"Exemplars":[{"FilteredAttributes":null,"Time":"2026-01-04T14:35:31.864822309Z","Value":0.00023685400000000002,"SpanID":"m6yD7iOFnx8=","TraceID":"/83ouML4Xszkl7t8aUBi/Q=="}]},{"Attributes":[{"Key":"http.request.method","Value":{"Type":"STRING","Value":"GET"}},{"Key":"http.response.status_code","Value":{"Type":"INT64","Value":302}},{"Key":"http.route","Value":{"Type":"STRING","Value":"/stream/"}},{"Key":"network.protocol.name","Value":{"Type":"STRING","Value":"http"}},{"Key":"network.protocol.version","Value":{"Type":"STRING","Value":"1.1"}},{"Key":"server.address","Value":{"Type":"STRING","Value":"localhost"}},{"Key":"server.port","Value":{"Type":"INT64","Value":34400}},{"Key":"url.scheme","Value":{"Type":"STRING","Value":"http"}}],"StartTime":"2026-01-04T14:34:59.102583194Z","Time":"2026-01-04T14:35:53.09895868Z","Count":1,"Bounds":[0.005,0.01,0.025,0.05,0.075,0.1,0.25,0.5,0.75,1,2.5,5,7.5,10],"BucketCounts":[1,0,0,0,0,0,0,0,0,0,0,0,0,0,0],"Min":0.000144399,"Max":0.000144399,"Sum":0.000144399,"Exemplars":[{"FilteredAttributes":null,"Time":"2026-01-04T14:35:31.865397535Z","Value":0.000144399,"SpanID":"tF2YpvVsqEY=","TraceID":"x3yzfVUChEfvR3VJfZcUBg=="}]},{"Attributes":[{"Key":"http.request.method","Value":{"Type":"STRING","Value":"GET"}},{"Key":"http.response.status_code","Value":{"Type":"INT64","Value":200}},{"Key":"http.route","Value":{"Type":"STRING","Value":"/web/"}},{"Key":"network.protocol.name","Value":{"Type":"STRING","Value":"http"}},{"Key":"network.protocol.version","Value":{"Type":"STRING","Value":"1.1"}},{"Key":"server.address","Value":{"Type":"STRING","Value":"localhost"}},{"Key":"server.port","Value":{"Type":"INT64","Value":34400}},{"Key":"url.scheme","Value":{"Type":"STRING","Value":"http"}}],"StartTime":"2026-01-04T14:34:59.102583194Z","Time":"2026-01-04T14:35:53.09895868Z","Count":1,"Bounds":[0.005,0.01,0.025,0.05,0.075,0.1,0.25,0.5,0.75,1,2.5,5,7.5,10],"BucketCounts":[1,0,0,0,0,0,0,0,0,0,0,0,0,0,0],"Min":0.0009576550000000001,"Max":0.0009576550000000001,"Sum":0.0009576550000000001,"Exemplars":[{"FilteredAttributes":null,"Time":"2026-01-04T14:35:00.091011746Z","Value":0.0009576550000000001,"SpanID":"RWLLeZXf39E=","TraceID":"vBFCVhx8Dsc91zE7v6tTBg=="}]},{"Attributes":[{"Key":"http.request.method","Value":{"Type":"STRING","Value":"POST"}},{"Key":"http.response.status_code","Value":{"Type":"INT64","Value":200}},{"Key":"http.route","Value":{"Type":"STRING","Value":"/api/"}},{"Key":"network.protocol.name","Value":{"Type":"STRING","Value":"http"}},{"Key":"network.protocol.version","Value":{"Type":"STRING","Value":"1.1"}},{"Key":"server.address","Value":{"Type":"STRING","Value":"localhost"}},{"Key":"server.port","Value":{"Type":"INT64","Value":34400}},{"Key":"url.scheme","Value":{"Type":"STRING","Value":"http"}}],"StartTime":"2026-01-04T14:34:59.102583194Z","Time":"2026-01-04T14:35:53.09895868Z","Count":1,"Bounds":[0.005,0.01,0.025,0.05,0.075,0.1,0.25,0.5,0.75,1,2.5,5,7.5,10],"BucketCounts":[1,0,0,0,0,0,0,0,0,0,0,0,0,0,0],"Min":0.000270237,"Max":0.000270237,"Sum":0.000270237,"Exemplars":[{"FilteredAttributes":null,"Time":"2026-01-04T14:35:00.100823751Z","Value":0.000270237,"SpanID":"/4WVA++HxYg=","TraceID":"Td9tVtLVTcz3+PK4egcHyw=="}]},{"Attributes":[{"Key":"http.request.method","Value":{"Type":"STRING","Value":"GET"}},{"Key":"http.response.status_code","Value":{"Type":"INT64","Value":405}},{"Key":"http.route","Value":{"Type":"STRING","Value":"/dav/"}},{"Key":"network.protocol.name","Value":{"Type":"STRING","Value":"http"}},{"Key":"network.protocol.version","Value":{"Type":"STRING","Value":"1.1"}},{"Key":"server.address","Value":{"Type":"STRING","Value":"localhost"}},{"Key":"server.port","Value":{"Type":"INT64","Value":34400}},{"Key":"url.scheme","Value":{"Type":"STRING","Value":"http"}}],"StartTime":"2026-01-04T14:34:59.102583194Z","Time":"2026-01-04T14:35:53.09895868Z","Count":3,"Bounds":[0.005,0.01,0.025,0.05,0.075,0.1,0.25,0.5,0.75,1,2.5,5,7.5,10],"BucketCounts":[3,0,0,0,0,0,0,0,0,0,0,0,0,0,0],"Min":0.000067941,"Max":0.000158283,"Sum":0.00032200400000000003,"Exemplars":[{"FilteredAttributes":null,"Time":"2026-01-04T14:35:42.482201046Z","Value":0.000067941,"SpanID":"+QC7PBABIA0=","TraceID":"gtDDVnkWkoJgzpRKGJ7hkw=="}]},{"Attributes":[{"Key":"http.request.method","Value":{"Type":"STRING","Value":"_OTHER"}},{"Key":"http.response.status_code","Value":{"Type":"INT64","Value":207}},{"Key":"http.route","Value":{"Type":"STRING","Value":"/dav/"}},{"Key":"network.protocol.name","Value":{"Type":"STRING","Value":"http"}},{"Key":"network.protocol.version","Value":{"Type":"STRING","Value":"1.1"}},{"Key":"server.address","Value":{"Type":"STRING","Value":"localhost"}},{"Key":"server.port","Value":{"Type":"INT64","Value":34400}},{"Key":"url.scheme","Value":{"Type":"STRING","Value":"http"}}],"StartTime":"2026-01-04T14:34:59.102583194Z","Time":"2026-01-04T14:35:53.09895868Z","Count":2,"Bounds":[0.005,0.01,0.025,0.05,0.075,0.1,0.25,0.5,0.75,1,2.5,5,7.5,10],"BucketCounts":[2,0,0,0,0,0,0,0,0,0,0,0,0,0,0],"Min":0.0007535920000000001,"Max":0.001155172,"Sum":0.0019087640000000003,"Exemplars":[{"FilteredAttributes":null,"Time":"2026-01-04T14:35:42.483514404Z","Value":0.0007535920000000001,"SpanID":"+QZJmeUl/SI=","TraceID":"Qr4zt4f6IgbIA1Soof6OIg=="}]},{"Attributes":[{"Key":"http.request.method","Value":{"Type":"STRING","Value":"GET"}},{"Key":"http.response.status_code","Value":{"Type":"INT64","Value":200}},{"Key":"http.route","Value":{"Type":"STRING","Value":"/dav/"}},{"Key":"network.protocol.name","Value":{"Type":"STRING","Value":"http"}},{"Key":"network.protocol.version","Value":{"Type":"STRING","Value":"1.1"}},{"Key":"server.address","Value":{"Type":"STRING","Value":"localhost"}},{"Key":"server.port","Value":{"Type":"INT64","Value":34400}},{"Key":"url.scheme","Value":{"Type":"STRING","Value":"http"}}],"StartTime":"2026-01-04T14:34:59.102583194Z","Time":"2026-01-04T14:35:53.09895868Z","Count":1,"Bounds":[0.005,0.01,0.025,0.05,0.075,0.1,0.25,0.5,0.75,1,2.5,5,7.5,10],"BucketCounts":[0,0,0,0,0,0,0,0,0,0,0,0,0,0,1],"Min":21.739216915,"Max":21.739216915,"Sum":21.739216915,"Exemplars":[{"FilteredAttributes":null,"Time":"2026-01-04T14:35:31.861752135Z","Value":21.739216915,"SpanID":"Nwr6MtDb/Fc=","TraceID":"CpjIicxYlR3l9gwLzcPjxw=="}]}],"Temporality":"CumulativeTemporality"}}]}]}
{"Resource":[{"Key":"service.name","Value":{"Type":"STRING","Value":"unknown_service:xteve"}},{"Key":"telemetry.sdk.language","Value":{"Type":"STRING","Value":"go"}},{"Key":"telemetry.sdk.name","Value":{"Type":"STRING","Value":"opentelemetry"}},{"Key":"telemetry.sdk.version","Value":{"Type":"STRING","Value":"1.39.0"}}],"ScopeMetrics":[{"Scope":{"Name":"go.opentelemetry.io/contrib/instrumentation/net/http/otelhttp","Version":"0.64.0","SchemaURL":"","Attributes":null},"Metrics":[{"Name":"http.client.request.body.size","Description":"Size of HTTP client request bodies.","Unit":"By","Data":{"DataPoints":[{"Attributes":[{"Key":"http.request.method","Value":{"Type":"STRING","Value":"GET"}},{"Key":"http.response.status_code","Value":{"Type":"INT64","Value":200}},{"Key":"network.protocol.name","Value":{"Type":"STRING","Value":"http"}},{"Key":"network.protocol.version","Value":{"Type":"STRING","Value":"1.1"}},{"Key":"server.address","Value":{"Type":"STRING","Value":"localhost"}},{"Key":"server.port","Value":{"Type":"INT64","Value":8080}},{"Key":"url.scheme","Value":{"Type":"STRING","Value":"http"}}],"StartTime":"2026-01-04T14:34:59.09830608Z","Time":"2026-01-04T14:35:56.09907088Z","Count":3,"Bounds":[0,5,10,25,50,75,100,250,500,750,1000,2500,5000,7500,10000],"BucketCounts":[3,0,0,0,0,0,0,0,0,0,0,0,0,0,0,0],"Min":0,"Max":0,"Sum":0,"Exemplars":[{"FilteredAttributes":null,"Time":"2026-01-04T14:35:42.484780262Z","Value":0,"SpanID":"6UTVwTJx9vg=","TraceID":"3yZje7lRoBr5nYjVxs+bCQ=="}]},{"Attributes":[{"Key":"http.request.method","Value":{"Type":"STRING","Value":"HEAD"}},{"Key":"http.response.status_code","Value":{"Type":"INT64","Value":200}},{"Key":"http.route","Value":{"Type":"STRING","Value":"/dav/"}},{"Key":"network.protocol.name","Value":{"Type":"STRING","Value":"http"}},{"Key":"network.protocol.version","Value":{"Type":"STRING","Value":"1.1"}},{"Key":"server.address","Value":{"Type":"STRING","Value":"localhost"}},{"Key":"server.port","Value":{"Type":"INT64","Value":8080}},{"Key":"url.scheme","Value":{"Type":"STRING","Value":"http"}}],"StartTime":"2026-01-04T14:34:59.09830608Z","Time":"2026-01-04T14:35:56.09907088Z","Count":2,"Bounds":[0,5,10,25,50,75,100,250,500,750,1000,2500,5000,7500,10000],"BucketCounts":[2,0,0,0,0,0,0,0,0,0,0,0,0,0,0,0],"Min":0,"Max":0,"Sum":0,"Exemplars":[{"FilteredAttributes":null,"Time":"2026-01-04T14:35:42.483321626Z","Value":0,"SpanID":"s3uyrUQJGyg=","TraceID":"Qr4zt4f6IgbIA1Soof6OIg=="}]},{"Attributes":[{"Key":"http.request.method","Value":{"Type":"STRING","Value":"GET"}},{"Key":"http.response.status_code","Value":{"Type":"INT64","Value":200}},{"Key":"http.route","Value":{"Type":"STRING","Value":"/dav/"}},{"Key":"network.protocol.name","Value":{"Type":"STRING","Value":"http"}},{"Key":"network.protocol.version","Value":{"Type":"STRING","Value":"1.1"}},{"Key":"server.address","Value":{"Type":"STRING","Value":"localhost"}},{"Key":"server.port","Value":{"Type":"INT64","Value":8080}},{"Key":"url.scheme","Value":{"Type":"STRING","Value":"http"}}],"StartTime":"2026-01-04T14:34:59.09830608Z","Time":"2026-01-04T14:35:56.09907088Z","Count":2,"Bounds":[0,5,10,25,50,75,100,250,500,750,1000,2500,5000,7500,10000],"BucketCounts":[2,0,0,0,0,0,0,0,0,0,0,0,0,0,0,0],"Min":0,"Max":0,"Sum":0,"Exemplars":[{"FilteredAttributes":null,"Time":"2026-01-04T14:35:53.457168164Z","Value":0,"SpanID":"HsWbdPvJIzE=","TraceID":"bENSGG6t+1opGHBK0rxGGQ=="}]}],"Temporality":"CumulativeTemporality"}},{"Name":"http.client.request.duration","Description":"Duration of HTTP client requests.","Unit":"s","Data":{"DataPoints":[{"Attributes":[{"Key":"http.request.method","Value":{"Type":"STRING","Value":"HEAD"}},{"Key":"http.response.status_code","Value":{"Type":"INT64","Value":200}},{"Key":"http.route","Value":{"Type":"STRING","Value":"/dav/"}},{"Key":"network.protocol.name","Value":{"Type":"STRING","Value":"http"}},{"Key":"network.protocol.version","Value":{"Type":"STRING","Value":"1.1"}},{"Key":"server.address","Value":{"Type":"STRING","Value":"localhost"}},{"Key":"server.port","Value":{"Type":"INT64","Value":8080}},{"Key":"url.scheme","Value":{"Type":"STRING","Value":"http"}}],"StartTime":"2026-01-04T14:34:59.098321501Z","Time":"2026-01-04T14:35:56.099091727Z","Count":2,"Bounds":[0.005,0.01,0.025,0.05,0.075,0.1,0.25,0.5,0.75,1,2.5,5,7.5,10],"BucketCounts":[2,0,0,0,0,0,0,0,0,0,0,0,0,0,0],"Min":0.000370823,"Max":0.000534118,"Sum":0.000904941,"Exemplars":[{"FilteredAttributes":null,"Time":"2026-01-04T14:35:42.483325241Z","Value":0.000370823,"SpanID":"s3uyrUQJGyg=","TraceID":"Qr4zt4f6IgbIA1Soof6OIg=="}]},{"Attributes":[{"Key":"http.request.method","Value":{"Type":"STRING","Value":"GET"}},{"Key":"http.response.status_code","Value":{"Type":"INT64","Value":200}},{"Key":"http.route","Value":{"Type":"STRING","Value":"/dav/"}},{"Key":"network.protocol.name","Value":{"Type":"STRING","Value":"http"}},{"Key":"network.protocol.version","Value":{"Type":"STRING","Value":"1.1"}},{"Key":"server.address","Value":{"Type":"STRING","Value":"localhost"}},{"Key":"server.port","Value":{"Type":"INT64","Value":8080}},{"Key":"url.scheme","Value":{"Type":"STRING","Value":"http"}}],"StartTime":"2026-01-04T14:34:59.098321501Z","Time":"2026-01-04T14:35:56.099091727Z","Count":2,"Bounds":[0.005,0.01,0.025,0.05,0.075,0.1,0.25,0.5,0.75,1,2.5,5,7.5,10],"BucketCounts":[0,0,0,0,0,0,0,0,0,0,0,0,0,0,2],"Min":10.972918935,"Max":11.145195777000001,"Sum":22.118114712,"Exemplars":[{"FilteredAttributes":null,"Time":"2026-01-04T14:35:53.457172033Z","Value":10.972918935,"SpanID":"HsWbdPvJIzE=","TraceID":"bENSGG6t+1opGHBK0rxGGQ=="}]},{"Attributes":[{"Key":"http.request.method","Value":{"Type":"STRING","Value":"GET"}},{"Key":"http.response.status_code","Value":{"Type":"INT64","Value":200}},{"Key":"network.protocol.name","Value":{"Type":"STRING","Value":"http"}},{"Key":"network.protocol.version","Value":{"Type":"STRING","Value":"1.1"}},{"Key":"server.address","Value":{"Type":"STRING","Value":"localhost"}},{"Key":"server.port","Value":{"Type":"INT64","Value":8080}},{"Key":"url.scheme","Value":{"Type":"STRING","Value":"http"}}],"StartTime":"2026-01-04T14:34:59.098321501Z","Time":"2026-01-04T14:35:56.099091727Z","Count":3,"Bounds":[0.005,0.01,0.025,0.05,0.075,0.1,0.25,0.5,0.75,1,2.5,5,7.5,10],"BucketCounts":[3,0,0,0,0,0,0,0,0,0,0,0,0,0,0],"Min":0.000366895,"Max":0.001567234,"Sum":0.003078852,"Exemplars":[{"FilteredAttributes":null,"Time":"2026-01-04T14:35:42.484783593Z","Value":0.000366895,"SpanID":"6UTVwTJx9vg=","TraceID":"3yZje7lRoBr5nYjVxs+bCQ=="}]}],"Temporality":"CumulativeTemporality"}},{"Name":"http.server.request.body.size","Description":"Size of HTTP server request bodies.","Unit":"By","Data":{"DataPoints":[{"Attributes":[{"Key":"http.request.method","Value":{"Type":"STRING","Value":"GET"}},{"Key":"http.response.status_code","Value":{"Type":"INT64","Value":200}},{"Key":"http.route","Value":{"Type":"STRING","Value":"/web/"}},{"Key":"network.protocol.name","Value":{"Type":"STRING","Value":"http"}},{"Key":"network.protocol.version","Value":{"Type":"STRING","Value":"1.1"}},{"Key":"server.address","Value":{"Type":"STRING","Value":"localhost"}},{"Key":"server.port","Value":{"Type":"INT64","Value":34400}},{"Key":"url.scheme","Value":{"Type":"STRING","Value":"http"}}],"StartTime":"2026-01-04T14:34:59.102560844Z","Time":"2026-01-04T14:35:56.099099996Z","Count":1,"Bounds":[0,5,10,25,50,75,100,250,500,750,1000,2500,5000,7500,10000],"BucketCounts":[1,0,0,0,0,0,0,0,0,0,0,0,0,0,0,0],"Min":0,"Max":0,"Sum":0,"Exemplars":[{"FilteredAttributes":null,"Time":"2026-01-04T14:35:00.090999452Z","Value":0,"SpanID":"RWLLeZXf39E=","TraceID":"vBFCVhx8Dsc91zE7v6tTBg=="}]},{"Attributes":[{"Key":"http.request.method","Value":{"Type":"STRING","Value":"POST"}},{"Key":"http.response.status_code","Value":{"Type":"INT64","Value":200}},{"Key":"http.route","Value":{"Type":"STRING","Value":"/api/"}},{"Key":"network.protocol.name","Value":{"Type":"STRING","Value":"http"}},{"Key":"network.protocol.version","Value":{"Type":"STRING","Value":"1.1"}},{"Key":"server.address","Value":{"Type":"STRING","Value":"localhost"}},{"Key":"server.port","Value":{"Type":"INT64","Value":34400}},{"Key":"url.scheme","Value":{"Type":"STRING","Value":"http"}}],"StartTime":"2026-01-04T14:34:59.102560844Z","Time":"2026-01-04T14:35:56.099099996Z","Count":1,"Bounds":[0,5,10,25,50,75,100,250,500,750,1000,2500,5000,7500,10000],"BucketCounts":[0,0,0,0,0,1,0,0,0,0,0,0,0,0,0,0],"Min":55,"Max":55,"Sum":55,"Exemplars":[{"FilteredAttributes":null,"Time":"2026-01-04T14:35:00.100781751Z","Value":55,"SpanID":"/4WVA++HxYg=","TraceID":"Td9tVtLVTcz3+PK4egcHyw=="}]},{"Attributes":[{"Key":"http.request.method","Value":{"Type":"STRING","Value":"GET"}},{"Key":"http.response.status_code","Value":{"Type":"INT64","Value":405}},{"Key":"http.route","Value":{"Type":"STRING","Value":"/dav/"}},{"Key":"network.protocol.name","Value":{"Type":"STRING","Value":"http"}},{"Key":"network.protocol.version","Value":{"Type":"STRING","Value":"1.1"}},{"Key":"server.address","Value":{"Type":"STRING","Value":"localhost"}},{"Key":"server.port","Value":{"Type":"INT64","Value":34400}},{"Key":"url.scheme","Value":{"Type":"STRING","Value":"http"}}],"StartTime":"2026-01-04T14:34:59.102560844Z","Time":"2026-01-04T14:35:56.099099996Z","Count":3,"Bounds":[0,5,10,25,50,75,100,250,500,750,1000,2500,5000,7500,10000],"BucketCounts":[3,0,0,0,0,0,0,0,0,0,0,0,0,0,0,0],"Min":0,"Max":0,"Sum":0,"Exemplars":[{"FilteredAttributes":null,"Time":"2026-01-04T14:35:42.482195783Z","Value":0,"SpanID":"+QC7PBABIA0=","TraceID":"gtDDVnkWkoJgzpRKGJ7hkw=="}]},{"Attributes":[{"Key":"http.request.method","Value":{"Type":"STRING","Value":"_OTHER"}},{"Key":"http.response.status_code","Value":{"Type":"INT64","Value":207}},{"Key":"http.route","Value":{"Type":"STRING","Value":"/dav/"}},{"Key":"network.protocol.name","Value":{"Type":"STRING","Value":"http"}},{"Key":"network.protocol.version","Value":{"Type":"STRING","Value":"1.1"}},{"Key":"server.address","Value":{"Type":"STRING","Value":"localhost"}},{"Key":"server.port","Value":{"Type":"INT64","Value":34400}},{"Key":"url.scheme","Value":{"Type":"STRING","Value":"http"}}],"StartTime":"2026-01-04T14:34:59.102560844Z","Time":"2026-01-04T14:35:56.099099996Z","Count":2,"Bounds":[0,5,10,25,50,75,100,250,500,750,1000,2500,5000,7500,10000],"BucketCounts":[2,0,0,0,0,0,0,0,0,0,0,0,0,0,0,0],"Min":0,"Max":0,"Sum":0,"Exemplars":[{"FilteredAttributes":null,"Time":"2026-01-04T14:35:42.483511111Z","Value":0,"SpanID":"+QZJmeUl/SI=","TraceID":"Qr4zt4f6IgbIA1Soof6OIg=="}]},{"Attributes":[{"Key":"http.request.method","Value":{"Type":"STRING","Value":"GET"}},{"Key":"http.response.status_code","Value":{"Type":"INT64","Value":200}},{"Key":"http.route","Value":{"Type":"STRING","Value":"/dav/"}},{"Key":"network.protocol.name","Value":{"Type":"STRING","Value":"http"}},{"Key":"network.protocol.version","Value":{"Type":"STRING","Value":"1.1"}},{"Key":"server.address","Value":{"Type":"STRING","Value":"localhost"}},{"Key":"server.port","Value":{"Type":"INT64","Value":34400}},{"Key":"url.scheme","Value":{"Type":"STRING","Value":"http"}}],"StartTime":"2026-01-04T14:34:59.102560844Z","Time":"2026-01-04T14:35:56.099099996Z","Count":1,"Bounds":[0,5,10,25,50,75,100,250,500,750,1000,2500,5000,7500,10000],"BucketCounts":[1,0,0,0,0,0,0,0,0,0,0,0,0,0,0,0],"Min":0,"Max":0,"Sum":0,"Exemplars":[{"FilteredAttributes":null,"Time":"2026-01-04T14:35:31.861728487Z","Value":0,"SpanID":"Nwr6MtDb/Fc=","TraceID":"CpjIicxYlR3l9gwLzcPjxw=="}]},{"Attributes":[{"Key":"http.request.method","Value":{"Type":"STRING","Value":"GET"}},{"Key":"http.response.status_code","Value":{"Type":"INT64","Value":200}},{"Key":"http.route","Value":{"Type":"STRING","Value":"/m3u/"}},{"Key":"network.protocol.name","Value":{"Type":"STRING","Value":"http"}},{"Key":"network.protocol.version","Value":{"Type":"STRING","Value":"1.1"}},{"Key":"server.address","Value":{"Type":"STRING","Value":"localhost"}},{"Key":"server.port","Value":{"Type":"INT64","Value":34400}},{"Key":"url.scheme","Value":{"Type":"STRING","Value":"http"}}],"StartTime":"2026-01-04T14:34:59.102560844Z","Time":"2026-01-04T14:35:56.099099996Z","Count":1,"Bounds":[0,5,10,25,50,75,100,250,500,750,1000,2500,5000,7500,10000],"BucketCounts":[1,0,0,0,0,0,0,0,0,0,0,0,0,0,0,0],"Min":0,"Max":0,"Sum":0,"Exemplars":[{"FilteredAttributes":null,"Time":"2026-01-04T14:35:31.864812353Z","Value":0,"SpanID":"m6yD7iOFnx8=","TraceID":"/83ouML4Xszkl7t8aUBi/Q=="}]},{"Attributes":[{"Key":"http.request.method","Value":{"Type":"STRING","Value":"GET"}},{"Key":"http.response.status_code","Value":{"Type":"INT64","Value":302}},{"Key":"http.route","Value":{"Type":"STRING","Value":"/stream/"}},{"Key":"network.protocol.name","Value":{"Type":"STRING","Value":"http"}},{"Key":"network.protocol.version","Value":{"Type":"STRING","Value":"1.1"}},{"Key":"server.address","Value":{"Type":"STRING","Value":"localhost"}},{"Key":"server.port","Value":{"Type":"INT64","Value":34400}},{"Key":"url.scheme","Value":{"Type":"STRING","Value":"http"}}],"StartTime":"2026-01-04T14:34:59.102560844Z","Time":"2026-01-04T14:35:56.099099996Z","Count":1,"Bounds":[0,5,10,25,50,75,100,250,500,750,1000,2500,5000,7500,10000],"BucketCounts":[1,0,0,0,0,0,0,0,0,0,0,0,0,0,0,0],"Min":0,"Max":0,"Sum":0,"Exemplars":[{"FilteredAttributes":null,"Time":"2026-01-04T14:35:31.865390801Z","Value":0,"SpanID":"tF2YpvVsqEY=","TraceID":"x3yzfVUChEfvR3VJfZcUBg=="}]}],"Temporality":"CumulativeTemporality"}},{"Name":"http.server.response.body.size","Description":"Size of HTTP server response bodies.","Unit":"By","Data":{"DataPoints":[{"Attributes":[{"Key":"http.request.method","Value":{"Type":"STRING","Value":"GET"}},{"Key":"http.response.status_code","Value":{"Type":"INT64","Value":302}},{"Key":"http.route","Value":{"Type":"STRING","Value":"/stream/"}},{"Key":"network.protocol.name","Value":{"Type":"STRING","Value":"http"}},{"Key":"network.protocol.version","Value":{"Type":"STRING","Value":"1.1"}},{"Key":"server.address","Value":{"Type":"STRING","Value":"localhost"}},{"Key":"server.port","Value":{"Type":"INT64","Value":34400}},{"Key":"url.scheme","Value":{"Type":"STRING","Value":"http"}}],"StartTime":"2026-01-04T14:34:59.102574885Z","Time":"2026-01-04T14:35:56.099145587Z","Count":1,"Bounds":[0,5,10,25,50,75,100,250,500,750,1000,2500,5000,7500,10000],"BucketCounts":[0,0,0,0,0,1,0,0,0,0,0,0,0,0,0,0],"Min":62,"Max":62,"Sum":62,"Exemplars":[{"FilteredAttributes":null,"Time":"2026-01-04T14:35:31.865393981Z","Value":62,"SpanID":"tF2YpvVsqEY=","TraceID":"x3yzfVUChEfvR3VJfZcUBg=="}]},{"Attributes":[{"Key":"http.request.method","Value":{"Type":"STRING","Value":"GET"}},{"Key":"http.response.status_code","Value":{"Type":"INT64","Value":200}},{"Key":"http.route","Value":{"Type":"STRING","Value":"/web/"}},{"Key":"network.protocol.name","Value":{"Type":"STRING","Value":"http"}},{"Key":"network.protocol.version","Value":{"Type":"STRING","Value":"1.1"}},{"Key":"server.address","Value":{"Type":"STRING","Value":"localhost"}},{"Key":"server.port","Value":{"Type":"INT64","Value":34400}},{"Key":"url.scheme","Value":{"Type":"STRING","Value":"http"}}],"StartTime":"2026-01-04T14:34:59.102574885Z","Time":"2026-01-04T14:35:56.099145587Z","Count":1,"Bounds":[0,5,10,25,50,75,100,250,500,750,1000,2500,5000,7500,10000],"BucketCounts":[0,0,0,0,0,0,0,0,0,0,0,1,0,0,0,0],"Min":1920,"Max":1920,"Sum":1920,"Exemplars":[{"FilteredAttributes":null,"Time":"2026-01-04T14:35:00.091005829Z","Value":1920,"SpanID":"RWLLeZXf39E=","TraceID":"vBFCVhx8Dsc91zE7v6tTBg=="}]},{"Attributes":[{"Key":"http.request.method","Value":{"Type":"STRING","Value":"POST"}},{"Key":"http.response.status_code","Value":{"Type":"INT64","Value":200}},{"Key":"http.route","Value":{"Type":"STRING","Value":"/api/"}},{"Key":"network.protocol.name","Value":{"Type":"STRING","Value":"http"}},{"Key":"network.protocol.version","Value":{"Type":"STRING","Value":"1.1"}},{"Key":"server.address","Value":{"Type":"STRING","Value":"localhost"}},{"Key":"server.port","Value":{"Type":"INT64","Value":34400}},{"Key":"url.scheme","Value":{"Type":"STRING","Value":"http"}}],"StartTime":"2026-01-04T14:34:59.102574885Z","Time":"2026-01-04T14:35:56.099145587Z","Count":1,"Bounds":[0,5,10,25,50,75,100,250,500,750,1000,2500,5000,7500,10000],"BucketCounts":[0,0,0,0,0,0,0,0,1,0,0,0,0,0,0,0],"Min":374,"Max":374,"Sum":374,"Exemplars":[{"FilteredAttributes":null,"Time":"2026-01-04T14:35:00.100790609Z","Value":374,"SpanID":"/4WVA++HxYg=","TraceID":"Td9tVtLVTcz3+PK4egcHyw=="}]},{"Attributes":[{"Key":"http.request.method","Value":{"Type":"STRING","Value":"GET"}},{"Key":"http.response.status_code","Value":{"Type":"INT64","Value":405}},{"Key":"http.route","Value":{"Type":"STRING","Value":"/dav/"}},{"Key":"network.protocol.name","Value":{"Type":"STRING","Value":"http"}},{"Key":"network.protocol.version","Value":{"Type":"STRING","Value":"1.1"}},{"Key":"server.address","Value":{"Type":"STRING","Value":"localhost"}},{"Key":"server.port","Value":{"Type":"INT64","Value":34400}},{"Key":"url.scheme","Value":{"Type":"STRING","Value":"http"}}],"StartTime":"2026-01-04T14:34:59.102574885Z","Time":"2026-01-04T14:35:56.099145587Z","Count":3,"Bounds":[0,5,10,25,50,75,100,250,500,750,1000,2500,5000,7500,10000],"BucketCounts":[0,0,0,3,0,0,0,0,0,0,0,0,0,0,0,0],"Min":18,"Max":18,"Sum":54,"Exemplars":[{"FilteredAttributes":null,"Time":"2026-01-04T14:35:42.482198031Z","Value":18,"SpanID":"+QC7PBABIA0=","TraceID":"gtDDVnkWkoJgzpRKGJ7hkw=="}]},{"Attributes":[{"Key":"http.request.method","Value":{"Type":"STRING","Value":"_OTHER"}},{"Key":"http.response.status_code","Value":{"Type":"INT64","Value":207}},{"Key":"http.route","Value":{"Type":"STRING","Value":"/dav/"}},{"Key":"network.protocol.name","Value":{"Type":"STRING","Value":"http"}},{"Key":"network.protocol.version","Value":{"Type":"STRING","Value":"1.1"}},{"Key":"server.address","Value":{"Type":"STRING","Value":"localhost"}},{"Key":"server.port","Value":{"Type":"INT64","Value":34400}},{"Key":"url.scheme","Value":{"Type":"STRING","Value":"http"}}],"StartTime":"2026-01-04T14:34:59.102574885Z","Time":"2026-01-04T14:35:56.099145587Z","Count":2,"Bounds":[0,5,10,25,50,75,100,250,500,750,1000,2500,5000,7500,10000],"BucketCounts":[0,0,0,0,0,0,0,0,0,1,0,1,0,0,0,0],"Min":727,"Max":1318,"Sum":2045,"Exemplars":[{"FilteredAttributes":null,"Time":"2026-01-04T14:35:42.483512355Z","Value":727,"SpanID":"+QZJmeUl/SI=","TraceID":"Qr4zt4f6IgbIA1Soof6OIg=="},{"FilteredAttributes":null,"Time":"2026-01-04T14:35:10.12187007Z","Value":1318,"SpanID":"dnjXs0vBk2U=","TraceID":"34Vdj5jA5RpKfjWxilmd6w=="}]},{"Attributes":[{"Key":"http.request.method","Value":{"Type":"STRING","Value":"GET"}},{"Key":"http.response.status_code","Value":{"Type":"INT64","Value":200}},{"Key":"http.route","Value":{"Type":"STRING","Value":"/dav/"}},{"Key":"network.protocol.name","Value":{"Type":"STRING","Value":"http"}},{"Key":"network.protocol.version","Value":{"Type":"STRING","Value":"1.1"}},{"Key":"server.address","Value":{"Type":"STRING","Value":"localhost"}},{"Key":"server.port","Value":{"Type":"INT64","Value":34400}},{"Key":"url.scheme","Value":{"Type":"STRING","Value":"http"}}],"StartTime":"2026-01-04T14:34:59.102574885Z","Time":"2026-01-04T14:35:56.099145587Z","Count":1,"Bounds":[0,5,10,25,50,75,100,250,500,750,1000,2500,5000,7500,10000],"BucketCounts":[1,0,0,0,0,0,0,0,0,0,0,0,0,0,0,0],"Min":0,"Max":0,"Sum":0,"Exemplars":[{"FilteredAttributes":null,"Time":"2026-01-04T14:35:31.861745879Z","Value":0,"SpanID":"Nwr6MtDb/Fc=","TraceID":"CpjIicxYlR3l9gwLzcPjxw=="}]},{"Attributes":[{"Key":"http.request.method","Value":{"Type":"STRING","Value":"GET"}},{"Key":"http.response.status_code","Value":{"Type":"INT64","Value":200}},{"Key":"http.route","Value":{"Type":"STRING","Value":"/m3u/"}},{"Key":"network.protocol.name","Value":{"Type":"STRING","Value":"http"}},{"Key":"network.protocol.version","Value":{"Type":"STRING","Value":"1.1"}},{"Key":"server.address","Value":{"Type":"STRING","Value":"localhost"}},{"Key":"server.port","Value":{"Type":"INT64","Value":34400}},{"Key":"url.scheme","Value":{"Type":"STRING","Value":"http"}}],"StartTime":"2026-01-04T14:34:59.102574885Z","Time":"2026-01-04T14:35:56.099145587Z","Count":1,"Bounds":[0,5,10,25,50,75,100,250,500,750,1000,2500,5000,7500,10000],"BucketCounts":[0,0,0,0,0,0,0,0,0,0,0,1,0,0,0,0],"Min":1580,"Max":1580,"Sum":1580,"Exemplars":[{"FilteredAttributes":null,"Time":"2026-01-04T14:35:31.864818398Z","Value":1580,"SpanID":"m6yD7iOFnx8=","TraceID":"/83ouML4Xszkl7t8aUBi/Q=="}]}],"Temporality":"CumulativeTemporality"}},{"Name":"http.server.request.duration","Description":"Duration of HTTP server requests.","Unit":"s","Data":{"DataPoints":[{"Attributes":[{"Key":"http.request.method","Value":{"Type":"STRING","Value":"GET"}},{"Key":"http.response.status_code","Value":{"Type":"INT64","Value":200}},{"Key":"http.route","Value":{"Type":"STRING","Value":"/m3u/"}},{"Key":"network.protocol.name","Value":{"Type":"STRING","Value":"http"}},{"Key":"network.protocol.version","Value":{"Type":"STRING","Value":"1.1"}},{"Key":"server.address","Value":{"Type":"STRING","Value":"localhost"}},{"Key":"server.port","Value":{"Type":"INT64","Value":34400}},{"Key":"url.scheme","Value":{"Type":"STRING","Value":"http"}}],"StartTime":"2026-01-04T14:34:59.102583194Z","Time":"2026-01-04T14:35:56.099156334Z","Count":1,"Bounds":[0.005,0.01,0.025,0.05,0.075,0.1,0.25,0.5,0.75,1,2.5,5,7.5,10],"BucketCounts":[1,0,0,0,0,0,0,0,0,0,0,0,0,0,0],"Min":0.00023685400000000002,"Max":0.00023685400000000002,"Sum":0.00023685400000000002,"Exemplars":[{"FilteredAttributes":null,"Time":"2026-01-04T14:35:31.864822309Z","Value":0.00023685400000000002,"SpanID":"m6yD7iOFnx8=","TraceID":"/83ouML4Xszkl7t8aUBi/Q=="}]},{"Attributes":[{"Key":"http.request.method","Value":{"Type":"STRING","Value":"GET"}},{"Key":"http.response.status_code","Value":{"Type":"INT64","Value":302}},{"Key":"http.route","Value":{"Type":"STRING","Value":"/stream/"}},{"Key":"network.protocol.name","Value":{"Type":"STRING","Value":"http"}},{"Key":"network.protocol.version","Value":{"Type":"STRING","Value":"1.1"}},{"Key":"server.address","Value":{"Type":"STRING","Value":"localhost"}},{"Key":"server.port","Value":{"Type":"INT64","Value":34400}},{"Key":"url.scheme","Value":{"Type":"STRING","Value":"http"}}],"StartTime":"2026-01-04T14:34:59.102583194Z","Time":"2026-01-04T14:35:56.099156334Z","Count":1,"Bounds":[0.005,0.01,0.025,0.05,0.075,0.1,0.25,0.5,0.75,1,2.5,5,7.5,10],"BucketCounts":[1,0,0,0,0,0,0,0,0,0,0,0,0,0,0],"Min":0.000144399,"Max":0.000144399,"Sum":0.000144399,"Exemplars":[{"FilteredAttributes":null,"Time":"2026-01-04T14:35:31.865397535Z","Value":0.000144399,"SpanID":"tF2YpvVsqEY=","TraceID":"x3yzfVUChEfvR3VJfZcUBg=="}]},{"Attributes":[{"Key":"http.request.method","Value":{"Type":"STRING","Value":"GET"}},{"Key":"http.response.status_code","Value":{"Type":"INT64","Value":200}},{"Key":"http.route","Value":{"Type":"STRING","Value":"/web/"}},{"Key":"network.protocol.name","Value":{"Type":"STRING","Value":"http"}},{"Key":"network.protocol.version","Value":{"Type":"STRING","Value":"1.1"}},{"Key":"server.address","Value":{"Type":"STRING","Value":"localhost"}},{"Key":"server.port","Value":{"Type":"INT64","Value":34400}},{"Key":"url.scheme","Value":{"Type":"STRING","Value":"http"}}],"StartTime":"2026-01-04T14:34:59.102583194Z","Time":"2026-01-04T14:35:56.099156334Z","Count":1,"Bounds":[0.005,0.01,0.025,0.05,0.075,0.1,0.25,0.5,0.75,1,2.5,5,7.5,10],"BucketCounts":[1,0,0,0,0,0,0,0,0,0,0,0,0,0,0],"Min":0.0009576550000000001,"Max":0.0009576550000000001,"Sum":0.0009576550000000001,"Exemplars":[{"FilteredAttributes":null,"Time":"2026-01-04T14:35:00.091011746Z","Value":0.0009576550000000001,"SpanID":"RWLLeZXf39E=","TraceID":"vBFCVhx8Dsc91zE7v6tTBg=="}]},{"Attributes":[{"Key":"http.request.method","Value":{"Type":"STRING","Value":"POST"}},{"Key":"http.response.status_code","Value":{"Type":"INT64","Value":200}},{"Key":"http.route","Value":{"Type":"STRING","Value":"/api/"}},{"Key":"network.protocol.name","Value":{"Type":"STRING","Value":"http"}},{"Key":"network.protocol.version","Value":{"Type":"STRING","Value":"1.1"}},{"Key":"server.address","Value":{"Type":"STRING","Value":"localhost"}},{"Key":"server.port","Value":{"Type":"INT64","Value":34400}},{"Key":"url.scheme","Value":{"Type":"STRING","Value":"http"}}],"StartTime":"2026-01-04T14:34:59.102583194Z","Time":"2026-01-04T14:35:56.099156334Z","Count":1,"Bounds":[0.005,0.01,0.025,0.05,0.075,0.1,0.25,0.5,0.75,1,2.5,5,7.5,10],"BucketCounts":[1,0,0,0,0,0,0,0,0,0,0,0,0,0,0],"Min":0.000270237,"Max":0.000270237,"Sum":0.000270237,"Exemplars":[{"FilteredAttributes":null,"Time":"2026-01-04T14:35:00.100823751Z","Value":0.000270237,"SpanID":"/4WVA++HxYg=","TraceID":"Td9tVtLVTcz3+PK4egcHyw=="}]},{"Attributes":[{"Key":"http.request.method","Value":{"Type":"STRING","Value":"GET"}},{"Key":"http.response.status_code","Value":{"Type":"INT64","Value":405}},{"Key":"http.route","Value":{"Type":"STRING","Value":"/dav/"}},{"Key":"network.protocol.name","Value":{"Type":"STRING","Value":"http"}},{"Key":"network.protocol.version","Value":{"Type":"STRING","Value":"1.1"}},{"Key":"server.address","Value":{"Type":"STRING","Value":"localhost"}},{"Key":"server.port","Value":{"Type":"INT64","Value":34400}},{"Key":"url.scheme","Value":{"Type":"STRING","Value":"http"}}],"StartTime":"2026-01-04T14:34:59.102583194Z","Time":"2026-01-04T14:35:56.099156334Z","Count":3,"Bounds":[0.005,0.01,0.025,0.05,0.075,0.1,0.25,0.5,0.75,1,2.5,5,7.5,10],"BucketCounts":[3,0,0,0,0,0,0,0,0,0,0,0,0,0,0],"Min":0.000067941,"Max":0.000158283,"Sum":0.00032200400000000003,"Exemplars":[{"FilteredAttributes":null,"Time":"2026-01-04T14:35:42.482201046Z","Value":0.000067941,"SpanID":"+QC7PBABIA0=","TraceID":"gtDDVnkWkoJgzpRKGJ7hkw=="}]},{"Attributes":[{"Key":"http.request.method","Value":{"Type":"STRING","Value":"_OTHER"}},{"Key":"http.response.status_code","Value":{"Type":"INT64","Value":207}},{"Key":"http.route","Value":{"Type":"STRING","Value":"/dav/"}},{"Key":"network.protocol.name","Value":{"Type":"STRING","Value":"http"}},{"Key":"network.protocol.version","Value":{"Type":"STRING","Value":"1.1"}},{"Key":"server.address","Value":{"Type":"STRING","Value":"localhost"}},{"Key":"server.port","Value":{"Type":"INT64","Value":34400}},{"Key":"url.scheme","Value":{"Type":"STRING","Value":"http"}}],"StartTime":"2026-01-04T14:34:59.102583194Z","Time":"2026-01-04T14:35:56.099156334Z","Count":2,"Bounds":[0.005,0.01,0.025,0.05,0.075,0.1,0.25,0.5,0.75,1,2.5,5,7.5,10],"BucketCounts":[2,0,0,0,0,0,0,0,0,0,0,0,0,0,0],"Min":0.0007535920000000001,"Max":0.001155172,"Sum":0.0019087640000000003,"Exemplars":[{"FilteredAttributes":null,"Time":"2026-01-04T14:35:42.483514404Z","Value":0.0007535920000000001,"SpanID":"+QZJmeUl/SI=","TraceID":"Qr4zt4f6IgbIA1Soof6OIg=="}]},{"Attributes":[{"Key":"http.request.method","Value":{"Type":"STRING","Value":"GET"}},{"Key":"http.response.status_code","Value":{"Type":"INT64","Value":200}},{"Key":"http.route","Value":{"Type":"STRING","Value":"/dav/"}},{"Key":"network.protocol.name","Value":{"Type":"STRING","Value":"http"}},{"Key":"network.protocol.version","Value":{"Type":"STRING","Value":"1.1"}},{"Key":"server.address","Value":{"Type":"STRING","Value":"localhost"}},{"Key":"server.port","Value":{"Type":"INT64","Value":34400}},{"Key":"url.scheme","Value":{"Type":"STRING","Value":"http"}}],"StartTime":"2026-01-04T14:34:59.102583194Z","Time":"2026-01-04T14:35:56.099156334Z","Count":1,"Bounds":[0.005,0.01,0.025,0.05,0.075,0.1,0.25,0.5,0.75,1,2.5,5,7.5,10],"BucketCounts":[0,0,0,0,0,0,0,0,0,0,0,0,0,0,1],"Min":21.739216915,"Max":21.739216915,"Sum":21.739216915,"Exemplars":[{"FilteredAttributes":null,"Time":"2026-01-04T14:35:31.861752135Z","Value":21.739216915,"SpanID":"Nwr6MtDb/Fc=","TraceID":"CpjIicxYlR3l9gwLzcPjxw=="}]}],"Temporality":"CumulativeTemporality"}}]}]}
{"Resource":[{"Key":"service.name","Value":{"Type":"STRING","Value":"unknown_service:xteve"}},{"Key":"telemetry.sdk.language","Value":{"Type":"STRING","Value":"go"}},{"Key":"telemetry.sdk.name","Value":{"Type":"STRING","Value":"opentelemetry"}},{"Key":"telemetry.sdk.version","Value":{"Type":"STRING","Value":"1.39.0"}}],"ScopeMetrics":[{"Scope":{"Name":"go.opentelemetry.io/contrib/instrumentation/net/http/otelhttp","Version":"0.64.0","SchemaURL":"","Attributes":null},"Metrics":[{"Name":"http.client.request.body.size","Description":"Size of HTTP client request bodies.","Unit":"By","Data":{"DataPoints":[{"Attributes":[{"Key":"http.request.method","Value":{"Type":"STRING","Value":"GET"}},{"Key":"http.response.status_code","Value":{"Type":"INT64","Value":200}},{"Key":"network.protocol.name","Value":{"Type":"STRING","Value":"http"}},{"Key":"network.protocol.version","Value":{"Type":"STRING","Value":"1.1"}},{"Key":"server.address","Value":{"Type":"STRING","Value":"localhost"}},{"Key":"server.port","Value":{"Type":"INT64","Value":8080}},{"Key":"url.scheme","Value":{"Type":"STRING","Value":"http"}}],"StartTime":"2026-01-04T14:34:59.09830608Z","Time":"2026-01-04T14:35:59.098367902Z","Count":3,"Bounds":[0,5,10,25,50,75,100,250,500,750,1000,2500,5000,7500,10000],"BucketCounts":[3,0,0,0,0,0,0,0,0,0,0,0,0,0,0,0],"Min":0,"Max":0,"Sum":0,"Exemplars":[{"FilteredAttributes":null,"Time":"2026-01-04T14:35:42.484780262Z","Value":0,"SpanID":"6UTVwTJx9vg=","TraceID":"3yZje7lRoBr5nYjVxs+bCQ=="}]},{"Attributes":[{"Key":"http.request.method","Value":{"Type":"STRING","Value":"HEAD"}},{"Key":"http.response.status_code","Value":{"Type":"INT64","Value":200}},{"Key":"http.route","Value":{"Type":"STRING","Value":"/dav/"}},{"Key":"network.protocol.name","Value":{"Type":"STRING","Value":"http"}},{"Key":"network.protocol.version","Value":{"Type":"STRING","Value":"1.1"}},{"Key":"server.address","Value":{"Type":"STRING","Value":"localhost"}},{"Key":"server.port","Value":{"Type":"INT64","Value":8080}},{"Key":"url.scheme","Value":{"Type":"STRING","Value":"http"}}],"StartTime":"2026-01-04T14:34:59.09830608Z","Time":"2026-01-04T14:35:59.098367902Z","Count":2,"Bounds":[0,5,10,25,50,75,100,250,500,750,1000,2500,5000,7500,10000],"BucketCounts":[2,0,0,0,0,0,0,0,0,0,0,0,0,0,0,0],"Min":0,"Max":0,"Sum":0,"Exemplars":[{"FilteredAttributes":null,"Time":"2026-01-04T14:35:42.483321626Z","Value":0,"SpanID":"s3uyrUQJGyg=","TraceID":"Qr4zt4f6IgbIA1Soof6OIg=="}]},{"Attributes":[{"Key":"http.request.method","Value":{"Type":"STRING","Value":"GET"}},{"Key":"http.response.status_code","Value":{"Type":"INT64","Value":200}},{"Key":"http.route","Value":{"Type":"STRING","Value":"/dav/"}},{"Key":"network.protocol.name","Value":{"Type":"STRING","Value":"http"}},{"Key":"network.protocol.version","Value":{"Type":"STRING","Value":"1.1"}},{"Key":"server.address","Value":{"Type":"STRING","Value":"localhost"}},{"Key":"server.port","Value":{"Type":"INT64","Value":8080}},{"Key":"url.scheme","Value":{"Type":"STRING","Value":"http"}}],"StartTime":"2026-01-04T14:34:59.09830608Z","Time":"2026-01-04T14:35:59.098367902Z","Count":2,"Bounds":[0,5,10,25,50,75,100,250,500,750,1000,2500,5000,7500,10000],"BucketCounts":[2,0,0,0,0,0,0,0,0,0,0,0,0,0,0,0],"Min":0,"Max":0,"Sum":0,"Exemplars":[{"FilteredAttributes":null,"Time":"2026-01-04T14:35:53.457168164Z","Value":0,"SpanID":"HsWbdPvJIzE=","TraceID":"bENSGG6t+1opGHBK0rxGGQ=="}]}],"Temporality":"CumulativeTemporality"}},{"Name":"http.client.request.duration","Description":"Duration of HTTP client requests.","Unit":"s","Data":{"DataPoints":[{"Attributes":[{"Key":"http.request.method","Value":{"Type":"STRING","Value":"GET"}},{"Key":"http.response.status_code","Value":{"Type":"INT64","Value":200}},{"Key":"network.protocol.name","Value":{"Type":"STRING","Value":"http"}},{"Key":"network.protocol.version","Value":{"Type":"STRING","Value":"1.1"}},{"Key":"server.address","Value":{"Type":"STRING","Value":"localhost"}},{"Key":"server.port","Value":{"Type":"INT64","Value":8080}},{"Key":"url.scheme","Value":{"Type":"STRING","Value":"http"}}],"StartTime":"2026-01-04T14:34:59.098321501Z","Time":"2026-01-04T14:35:59.098388775Z","Count":3,"Bounds":[0.005,0.01,0.025,0.05,0.075,0.1,0.25,0.5,0.75,1,2.5,5,7.5,10],"BucketCounts":[3,0,0,0,0,0,0,0,0,0,0,0,0,0,0],"Min":0.000366895,"Max":0.001567234,"Sum":0.003078852,"Exemplars":[{"FilteredAttributes":null,"Time":"2026-01-04T14:35:42.484783593Z","Value":0.000366895,"SpanID":"6UTVwTJx9vg=","TraceID":"3yZje7lRoBr5nYjVxs+bCQ=="}]},{"Attributes":[{"Key":"http.request.method","Value":{"Type":"STRING","Value":"HEAD"}},{"Key":"http.response.status_code","Value":{"Type":"INT64","Value":200}},{"Key":"http.route","Value":{"Type":"STRING","Value":"/dav/"}},{"Key":"network.protocol.name","Value":{"Type":"STRING","Value":"http"}},{"Key":"network.protocol.version","Value":{"Type":"STRING","Value":"1.1"}},{"Key":"server.address","Value":{"Type":"STRING","Value":"localhost"}},{"Key":"server.port","Value":{"Type":"INT64","Value":8080}},{"Key":"url.scheme","Value":{"Type":"STRING","Value":"http"}}],"StartTime":"2026-01-04T14:34:59.098321501Z","Time":"2026-01-04T14:35:59.098388775Z","Count":2,"Bounds":[0.005,0.01,0.025,0.05,0.075,0.1,0.25,0.5,0.75,1,2.5,5,7.5,10],"BucketCounts":[2,0,0,0,0,0,0,0,0,0,0,0,0,0,0],"Min":0.000370823,"Max":0.000534118,"Sum":0.000904941,"Exemplars":[{"FilteredAttributes":null,"Time":"2026-01-04T14:35:42.483325241Z","Value":0.000370823,"SpanID":"s3uyrUQJGyg=","TraceID":"Qr4zt4f6IgbIA1Soof6OIg=="}]},{"Attributes":[{"Key":"http.request.method","Value":{"Type":"STRING","Value":"GET"}},{"Key":"http.response.status_code","Value":{"Type":"INT64","Value":200}},{"Key":"http.route","Value":{"Type":"STRING","Value":"/dav/"}},{"Key":"network.protocol.name","Value":{"Type":"STRING","Value":"http"}},{"Key":"network.protocol.version","Value":{"Type":"STRING","Value":"1.1"}},{"Key":"server.address","Value":{"Type":"STRING","Value":"localhost"}},{"Key":"server.port","Value":{"Type":"INT64","Value":8080}},{"Key":"url.scheme","Value":{"Type":"STRING","Value":"http"}}],"StartTime":"2026-01-04T14:34:59.098321501Z","Time":"2026-01-04T14:35:59.098388775Z","Count":2,"Bounds":[0.005,0.01,0.025,0.05,0.075,0.1,0.25,0.5,0.75,1,2.5,5,7.5,10],"BucketCounts":[0,0,0,0,0,0,0,0,0,0,0,0,0,0,2],"Min":10.972918935,"Max":11.145195777000001,"Sum":22.118114712,"Exemplars":[{"FilteredAttributes":null,"Time":"2026-01-04T14:35:53.457172033Z","Value":10.972918935,"SpanID":"HsWbdPvJIzE=","TraceID":"bENSGG6t+1opGHBK0rxGGQ=="}]}],"Temporality":"CumulativeTemporality"}},{"Name":"http.server.request.body.size","Description":"Size of HTTP server request bodies.","Unit":"By","Data":{"DataPoints":[{"Attributes":[{"Key":"http.request.method","Value":{"Type":"STRING","Value":"GET"}},{"Key":"http.response.status_code","Value":{"Type":"INT64","Value":405}},{"Key":"http.route","Value":{"Type":"STRING","Value":"/dav/"}},{"Key":"network.protocol.name","Value":{"Type":"STRING","Value":"http"}},{"Key":"network.protocol.version","Value":{"Type":"STRING","Value":"1.1"}},{"Key":"server.address","Value":{"Type":"STRING","Value":"localhost"}},{"Key":"server.port","Value":{"Type":"INT64","Value":34400}},{"Key":"url.scheme","Value":{"Type":"STRING","Value":"http"}}],"StartTime":"2026-01-04T14:34:59.102560844Z","Time":"2026-01-04T14:35:59.098395048Z","Count":3,"Bounds":[0,5,10,25,50,75,100,250,500,750,1000,2500,5000,7500,10000],"BucketCounts":[3,0,0,0,0,0,0,0,0,0,0,0,0,0,0,0],"Min":0,"Max":0,"Sum":0,"Exemplars":[{"FilteredAttributes":null,"Time":"2026-01-04T14:35:42.482195783Z","Value":0,"SpanID":"+QC7PBABIA0=","TraceID":"gtDDVnkWkoJgzpRKGJ7hkw=="}]},{"Attributes":[{"Key":"http.request.method","Value":{"Type":"STRING","Value":"_OTHER"}},{"Key":"http.response.status_code","Value":{"Type":"INT64","Value":207}},{"Key":"http.route","Value":{"Type":"STRING","Value":"/dav/"}},{"Key":"network.protocol.name","Value":{"Type":"STRING","Value":"http"}},{"Key":"network.protocol.version","Value":{"Type":"STRING","Value":"1.1"}},{"Key":"server.address","Value":{"Type":"STRING","Value":"localhost"}},{"Key":"server.port","Value":{"Type":"INT64","Value":34400}},{"Key":"url.scheme","Value":{"Type":"STRING","Value":"http"}}],"StartTime":"2026-01-04T14:34:59.102560844Z","Time":"2026-01-04T14:35:59.098395048Z","Count":2,"Bounds":[0,5,10,25,50,75,100,250,500,750,1000,2500,5000,7500,10000],"BucketCounts":[2,0,0,0,0,0,0,0,0,0,0,0,0,0,0,0],"Min":0,"Max":0,"Sum":0,"Exemplars":[{"FilteredAttributes":null,"Time":"2026-01-04T14:35:42.483511111Z","Value":0,"SpanID":"+QZJmeUl/SI=","TraceID":"Qr4zt4f6IgbIA1Soof6OIg=="}]},{"Attributes":[{"Key":"http.request.method","Value":{"Type":"STRING","Value":"GET"}},{"Key":"http.response.status_code","Value":{"Type":"INT64","Value":200}},{"Key":"http.route","Value":{"Type":"STRING","Value":"/dav/"}},{"Key":"network.protocol.name","Value":{"Type":"STRING","Value":"http"}},{"Key":"network.protocol.version","Value":{"Type":"STRING","Value":"1.1"}},{"Key":"server.address","Value":{"Type":"STRING","Value":"localhost"}},{"Key":"server.port","Value":{"Type":"INT64","Value":34400}},{"Key":"url.scheme","Value":{"Type":"STRING","Value":"http"}}],"StartTime":"2026-01-04T14:34:59.102560844Z","Time":"2026-01-04T14:35:59.098395048Z","Count":1,"Bounds":[0,5,10,25,50,75,100,250,500,750,1000,2500,5000,7500,10000],"BucketCounts":[1,0,0,0,0,0,0,0,0,0,0,0,0,0,0,0],"Min":0,"Max":0,"Sum":0,"Exemplars":[{"FilteredAttributes":null,"Time":"2026-01-04T14:35:31.861728487Z","Value":0,"SpanID":"Nwr6MtDb/Fc=","TraceID":"CpjIicxYlR3l9gwLzcPjxw=="}]},{"Attributes":[{"Key":"http.request.method","Value":{"Type":"STRING","Value":"GET"}},{"Key":"http.response.status_code","Value":{"Type":"INT64","Value":200}},{"Key":"http.route","Value":{"Type":"STRING","Value":"/m3u/"}},{"Key":"network.protocol.name","Value":{"Type":"STRING","Value":"http"}},{"Key":"network.protocol.version","Value":{"Type":"STRING","Value":"1.1"}},{"Key":"server.address","Value":{"Type":"STRING","Value":"localhost"}},{"Key":"server.port","Value":{"Type":"INT64","Value":34400}},{"Key":"url.scheme","Value":{"Type":"STRING","Value":"http"}}],"StartTime":"2026-01-04T14:34:59.102560844Z","Time":"2026-01-04T14:35:59.098395048Z","Count":1,"Bounds":[0,5,10,25,50,75,100,250,500,750,1000,2500,5000,7500,10000],"BucketCounts":[1,0,0,0,0,0,0,0,0,0,0,0,0,0,0,0],"Min":0,"Max":0,"Sum":0,"Exemplars":[{"FilteredAttributes":null,"Time":"2026-01-04T14:35:31.864812353Z","Value":0,"SpanID":"m6yD7iOFnx8=","TraceID":"/83ouML4Xszkl7t8aUBi/Q=="}]},{"Attributes":[{"Key":"http.request.method","Value":{"Type":"STRING","Value":"GET"}},{"Key":"http.response.status_code","Value":{"Type":"INT64","Value":302}},{"Key":"http.route","Value":{"Type":"STRING","Value":"/stream/"}},{"Key":"network.protocol.name","Value":{"Type":"STRING","Value":"http"}},{"Key":"network.protocol.version","Value":{"Type":"STRING","Value":"1.1"}},{"Key":"server.address","Value":{"Type":"STRING","Value":"localhost"}},{"Key":"server.port","Value":{"Type":"INT64","Value":34400}},{"Key":"url.scheme","Value":{"Type":"STRING","Value":"http"}}],"StartTime":"2026-01-04T14:34:59.102560844Z","Time":"2026-01-04T14:35:59.098395048Z","Count":1,"Bounds":[0,5,10,25,50,75,100,250,500,750,1000,2500,5000,7500,10000],"BucketCounts":[1,0,0,0,0,0,0,0,0,0,0,0,0,0,0,0],"Min":0,"Max":0,"Sum":0,"Exemplars":[{"FilteredAttributes":null,"Time":"2026-01-04T14:35:31.865390801Z","Value":0,"SpanID":"tF2YpvVsqEY=","TraceID":"x3yzfVUChEfvR3VJfZcUBg=="}]},{"Attributes":[{"Key":"http.request.method","Value":{"Type":"STRING","Value":"GET"}},{"Key":"http.response.status_code","Value":{"Type":"INT64","Value":200}},{"Key":"http.route","Value":{"Type":"STRING","Value":"/web/"}},{"Key":"network.protocol.name","Value":{"Type":"STRING","Value":"http"}},{"Key":"network.protocol.version","Value":{"Type":"STRING","Value":"1.1"}},{"Key":"server.address","Value":{"Type":"STRING","Value":"localhost"}},{"Key":"server.port","Value":{"Type":"INT64","Value":34400}},{"Key":"url.scheme","Value":{"Type":"STRING","Value":"http"}}],"StartTime":"2026-01-04T14:34:59.102560844Z","Time":"2026-01-04T14:35:59.098395048Z","Count":1,"Bounds":[0,5,10,25,50,75,100,250,500,750,1000,2500,5000,7500,10000],"BucketCounts":[1,0,0,0,0,0,0,0,0,0,0,0,0,0,0,0],"Min":0,"Max":0,"Sum":0,"Exemplars":[{"FilteredAttributes":null,"Time":"2026-01-04T14:35:00.090999452Z","Value":0,"SpanID":"RWLLeZXf39E=","TraceID":"vBFCVhx8Dsc91zE7v6tTBg=="}]},{"Attributes":[{"Key":"http.request.method","Value":{"Type":"STRING","Value":"POST"}},{"Key":"http.response.status_code","Value":{"Type":"INT64","Value":200}},{"Key":"http.route","Value":{"Type":"STRING","Value":"/api/"}},{"Key":"network.protocol.name","Value":{"Type":"STRING","Value":"http"}},{"Key":"network.protocol.version","Value":{"Type":"STRING","Value":"1.1"}},{"Key":"server.address","Value":{"Type":"STRING","Value":"localhost"}},{"Key":"server.port","Value":{"Type":"INT64","Value":34400}},{"Key":"url.scheme","Value":{"Type":"STRING","Value":"http"}}],"StartTime":"2026-01-04T14:34:59.102560844Z","Time":"2026-01-04T14:35:59.098395048Z","Count":1,"Bounds":[0,5,10,25,50,75,100,250,500,750,1000,2500,5000,7500,10000],"BucketCounts":[0,0,0,0,0,1,0,0,0,0,0,0,0,0,0,0],"Min":55,"Max":55,"Sum":55,"Exemplars":[{"FilteredAttributes":null,"Time":"2026-01-04T14:35:00.100781751Z","Value":55,"SpanID":"/4WVA++HxYg=","TraceID":"Td9tVtLVTcz3+PK4egcHyw=="}]}],"Temporality":"CumulativeTemporality"}},{"Name":"http.server.response.body.size","Description":"Size of HTTP server response bodies.","Unit":"By","Data":{"DataPoints":[{"Attributes":[{"Key":"http.request.method","Value":{"Type":"STRING","Value":"POST"}},{"Key":"http.response.status_code","Value":{"Type":"INT64","Value":200}},{"Key":"http.route","Value":{"Type":"STRING","Value":"/api/"}},{"Key":"network.protocol.name","Value":{"Type":"STRING","Value":"http"}},{"Key":"network.protocol.version","Value":{"Type":"STRING","Value":"1.1"}},{"Key":"server.address","Value":{"Type":"STRING","Value":"localhost"}},{"Key":"server.port","Value":{"Type":"INT64","Value":34400}},{"Key":"url.scheme","Value":{"Type":"STRING","Value":"http"}}],"StartTime":"2026-01-04T14:34:59.102574885Z","Time":"2026-01-04T14:35:59.098409353Z","Count":1,"Bounds":[0,5,10,25,50,75,100,250,500,750,1000,2500,5000,7500,10000],"BucketCounts":[0,0,0,0,0,0,0,0,1,0,0,0,0,0,0,0],"Min":374,"Max":374,"Sum":374,"Exemplars":[{"FilteredAttributes":null,"Time":"2026-01-04T14:35:00.100790609Z","Value":374,"SpanID":"/4WVA++HxYg=","TraceID":"Td9tVtLVTcz3+PK4egcHyw=="}]},{"Attributes":[{"Key":"http.request.method","Value":{"Type":"STRING","Value":"GET"}},{"Key":"http.response.status_code","Value":{"Type":"INT64","Value":405}},{"Key":"http.route","Value":{"Type":"STRING","Value":"/dav/"}},{"Key":"network.protocol.name","Value":{"Type":"STRING","Value":"http"}},{"Key":"network.protocol.version","Value":{"Type":"STRING","Value":"1.1"}},{"Key":"server.address","Value":{"Type":"STRING","Value":"localhost"}},{"Key":"server.port","Value":{"Type":"INT64","Value":34400}},{"Key":"url.scheme","Value":{"Type":"STRING","Value":"http"}}],"StartTime":"2026-01-04T14:34:59.102574885Z","Time":"2026-01-04T14:35:59.098409353Z","Count":3,"Bounds":[0,5,10,25,50,75,100,250,500,750,1000,2500,5000,7500,10000],"BucketCounts":[0,0,0,3,0,0,0,0,0,0,0,0,0,0,0,0],"Min":18,"Max":18,"Sum":54,"Exemplars":[{"FilteredAttributes":null,"Time":"2026-01-04T14:35:42.482198031Z","Value":18,"SpanID":"+QC7PBABIA0=","TraceID":"gtDDVnkWkoJgzpRKGJ7hkw=="}]},{"Attributes":[{"Key":"http.request.method","Value":{"Type":"STRING","Value":"_OTHER"}},{"Key":"http.response.status_code","Value":{"Type":"INT64","Value":207}},{"Key":"http.route","Value":{"Type":"STRING","Value":"/dav/"}},{"Key":"network.protocol.name","Value":{"Type":"STRING","Value":"http"}},{"Key":"network.protocol.version","Value":{"Type":"STRING","Value":"1.1"}},{"Key":"server.address","Value":{"Type":"STRING","Value":"localhost"}},{"Key":"server.port","Value":{"Type":"INT64","Value":34400}},{"Key":"url.scheme","Value":{"Type":"STRING","Value":"http"}}],"StartTime":"2026-01-04T14:34:59.102574885Z","Time":"2026-01-04T14:35:59.098409353Z","Count":2,"Bounds":[0,5,10,25,50,75,100,250,500,750,1000,2500,5000,7500,10000],"BucketCounts":[0,0,0,0,0,0,0,0,0,1,0,1,0,0,0,0],"Min":727,"Max":1318,"Sum":2045,"Exemplars":[{"FilteredAttributes":null,"Time":"2026-01-04T14:35:42.483512355Z","Value":727,"SpanID":"+QZJmeUl/SI=","TraceID":"Qr4zt4f6IgbIA1Soof6OIg=="},{"FilteredAttributes":null,"Time":"2026-01-04T14:35:10.12187007Z","Value":1318,"SpanID":"dnjXs0vBk2U=","TraceID":"34Vdj5jA5RpKfjWxilmd6w=="}]},{"Attributes":[{"Key":"http.request.method","Value":{"Type":"STRING","Value":"GET"}},{"Key":"http.response.status_code","Value":{"Type":"INT64","Value":200}},{"Key":"http.route","Value":{"Type":"STRING","Value":"/dav/"}},{"Key":"network.protocol.name","Value":{"Type":"STRING","Value":"http"}},{"Key":"network.protocol.version","Value":{"Type":"STRING","Value":"1.1"}},{"Key":"server.address","Value":{"Type":"STRING","Value":"localhost"}},{"Key":"server.port","Value":{"Type":"INT64","Value":34400}},{"Key":"url.scheme","Value":{"Type":"STRING","Value":"http"}}],"StartTime":"2026-01-04T14:34:59.102574885Z","Time":"2026-01-04T14:35:59.098409353Z","Count":1,"Bounds":[0,5,10,25,50,75,100,250,500,750,1000,2500,5000,7500,10000],"BucketCounts":[1,0,0,0,0,0,0,0,0,0,0,0,0,0,0,0],"Min":0,"Max":0,"Sum":0,"Exemplars":[{"FilteredAttributes":null,"Time":"2026-01-04T14:35:31.861745879Z","Value":0,"SpanID":"Nwr6MtDb/Fc=","TraceID":"CpjIicxYlR3l9gwLzcPjxw=="}]},{"Attributes":[{"Key":"http.request.method","Value":{"Type":"STRING","Value":"GET"}},{"Key":"http.response.status_code","Value":{"Type":"INT64","Value":200}},{"Key":"http.route","Value":{"Type":"STRING","Value":"/m3u/"}},{"Key":"network.protocol.name","Value":{"Type":"STRING","Value":"http"}},{"Key":"network.protocol.version","Value":{"Type":"STRING","Value":"1.1"}},{"Key":"server.address","Value":{"Type":"STRING","Value":"localhost"}},{"Key":"server.port","Value":{"Type":"INT64","Value":34400}},{"Key":"url.scheme","Value":{"Type":"STRING","Value":"http"}}],"StartTime":"2026-01-04T14:34:59.102574885Z","Time":"2026-01-04T14:35:59.098409353Z","Count":1,"Bounds":[0,5,10,25,50,75,100,250,500,750,1000,2500,5000,7500,10000],"BucketCounts":[0,0,0,0,0,0,0,0,0,0,0,1,0,0,0,0],"Min":1580,"Max":1580,"Sum":1580,"Exemplars":[{"FilteredAttributes":null,"Time":"2026-01-04T14:35:31.864818398Z","Value":1580,"SpanID":"m6yD7iOFnx8=","TraceID":"/83ouML4Xszkl7t8aUBi/Q=="}]},{"Attributes":[{"Key":"http.request.method","Value":{"Type":"STRING","Value":"GET"}},{"Key":"http.response.status_code","Value":{"Type":"INT64","Value":302}},{"Key":"http.route","Value":{"Type":"STRING","Value":"/stream/"}},{"Key":"network.protocol.name","Value":{"Type":"STRING","Value":"http"}},{"Key":"network.protocol.version","Value":{"Type":"STRING","Value":"1.1"}},{"Key":"server.address","Value":{"Type":"STRING","Value":"localhost"}},{"Key":"server.port","Value":{"Type":"INT64","Value":34400}},{"Key":"url.scheme","Value":{"Type":"STRING","Value":"http"}}],"StartTime":"2026-01-04T14:34:59.102574885Z","Time":"2026-01-04T14:35:59.098409353Z","Count":1,"Bounds":[0,5,10,25,50,75,100,250,500,750,1000,2500,5000,7500,10000],"BucketCounts":[0,0,0,0,0,1,0,0,0,0,0,0,0,0,0,0],"Min":62,"Max":62,"Sum":62,"Exemplars":[{"FilteredAttributes":null,"Time":"2026-01-04T14:35:31.865393981Z","Value":62,"SpanID":"tF2YpvVsqEY=","TraceID":"x3yzfVUChEfvR3VJfZcUBg=="}]},{"Attributes":[{"Key":"http.request.method","Value":{"Type":"STRING","Value":"GET"}},{"Key":"http.response.status_code","Value":{"Type":"INT64","Value":200}},{"Key":"http.route","Value":{"Type":"STRING","Value":"/web/"}},{"Key":"network.protocol.name","Value":{"Type":"STRING","Value":"http"}},{"Key":"network.protocol.version","Value":{"Type":"STRING","Value":"1.1"}},{"Key":"server.address","Value":{"Type":"STRING","Value":"localhost"}},{"Key":"server.port","Value":{"Type":"INT64","Value":34400}},{"Key":"url.scheme","Value":{"Type":"STRING","Value":"http"}}],"StartTime":"2026-01-04T14:34:59.102574885Z","Time":"2026-01-04T14:35:59.098409353Z","Count":1,"Bounds":[0,5,10,25,50,75,100,250,500,750,1000,2500,5000,7500,10000],"BucketCounts":[0,0,0,0,0,0,0,0,0,0,0,1,0,0,0,0],"Min":1920,"Max":1920,"Sum":1920,"Exemplars":[{"FilteredAttributes":null,"Time":"2026-01-04T14:35:00.091005829Z","Value":1920,"SpanID":"RWLLeZXf39E=","TraceID":"vBFCVhx8Dsc91zE7v6tTBg=="}]}],"Temporality":"CumulativeTemporality"}},{"Name":"http.server.request.duration","Description":"Duration of HTTP server requests.","Unit":"s","Data":{"DataPoints":[{"Attributes":[{"Key":"http.request.method","Value":{"Type":"STRING","Value":"POST"}},{"Key":"http.response.status_code","Value":{"Type":"INT64","Value":200}},{"Key":"http.route","Value":{"Type":"STRING","Value":"/api/"}},{"Key":"network.protocol.name","Value":{"Type":"STRING","Value":"http"}},{"Key":"network.protocol.version","Value":{"Type":"STRING","Value":"1.1"}},{"Key":"server.address","Value":{"Type":"STRING","Value":"localhost"}},{"Key":"server.port","Value":{"Type":"INT64","Value":34400}},{"Key":"url.scheme","Value":{"Type":"STRING","Value":"http"}}],"StartTime":"2026-01-04T14:34:59.102583194Z","Time":"2026-01-04T14:35:59.098419674Z","Count":1,"Bounds":[0.005,0.01,0.025,0.05,0.075,0.1,0.25,0.5,0.75,1,2.5,5,7.5,10],"BucketCounts":[1,0,0,0,0,0,0,0,0,0,0,0,0,0,0],"Min":0.000270237,"Max":0.000270237,"Sum":0.000270237,"Exemplars":[{"FilteredAttributes":null,"Time":"2026-01-04T14:35:00.100823751Z","Value":0.000270237,"SpanID":"/4WVA++HxYg=","TraceID":"Td9tVtLVTcz3+PK4egcHyw=="}]},{"Attributes":[{"Key":"http.request.method","Value":{"Type":"STRING","Value":"GET"}},{"Key":"http.response.status_code","Value":{"Type":"INT64","Value":405}},{"Key":"http.route","Value":{"Type":"STRING","Value":"/dav/"}},{"Key":"network.protocol.name","Value":{"Type":"STRING","Value":"http"}},{"Key":"network.protocol.version","Value":{"Type":"STRING","Value":"1.1"}},{"Key":"server.address","Value":{"Type":"STRING","Value":"localhost"}},{"Key":"server.port","Value":{"Type":"INT64","Value":34400}},{"Key":"url.scheme","Value":{"Type":"STRING","Value":"http"}}],"StartTime":"2026-01-04T14:34:59.102583194Z","Time":"2026-01-04T14:35:59.098419674Z","Count":3,"Bounds":[0.005,0.01,0.025,0.05,0.075,0.1,0.25,0.5,0.75,1,2.5,5,7.5,10],"BucketCounts":[3,0,0,0,0,0,0,0,0,0,0,0,0,0,0],"Min":0.000067941,"Max":0.000158283,"Sum":0.00032200400000000003,"Exemplars":[{"FilteredAttributes":null,"Time":"2026-01-04T14:35:42.482201046Z","Value":0.000067941,"SpanID":"+QC7PBABIA0=","TraceID":"gtDDVnkWkoJgzpRKGJ7hkw=="}]},{"Attributes":[{"Key":"http.request.method","Value":{"Type":"STRING","Value":"_OTHER"}},{"Key":"http.response.status_code","Value":{"Type":"INT64","Value":207}},{"Key":"http.route","Value":{"Type":"STRING","Value":"/dav/"}},{"Key":"network.protocol.name","Value":{"Type":"STRING","Value":"http"}},{"Key":"network.protocol.version","Value":{"Type":"STRING","Value":"1.1"}},{"Key":"server.address","Value":{"Type":"STRING","Value":"localhost"}},{"Key":"server.port","Value":{"Type":"INT64","Value":34400}},{"Key":"url.scheme","Value":{"Type":"STRING","Value":"http"}}],"StartTime":"2026-01-04T14:34:59.102583194Z","Time":"2026-01-04T14:35:59.098419674Z","Count":2,"Bounds":[0.005,0.01,0.025,0.05,0.075,0.1,0.25,0.5,0.75,1,2.5,5,7.5,10],"BucketCounts":[2,0,0,0,0,0,0,0,0,0,0,0,0,0,0],"Min":0.0007535920000000001,"Max":0.001155172,"Sum":0.0019087640000000003,"Exemplars":[{"FilteredAttributes":null,"Time":"2026-01-04T14:35:42.483514404Z","Value":0.0007535920000000001,"SpanID":"+QZJmeUl/SI=","TraceID":"Qr4zt4f6IgbIA1Soof6OIg=="}]},{"Attributes":[{"Key":"http.request.method","Value":{"Type":"STRING","Value":"GET"}},{"Key":"http.response.status_code","Value":{"Type":"INT64","Value":200}},{"Key":"http.route","Value":{"Type":"STRING","Value":"/dav/"}},{"Key":"network.protocol.name","Value":{"Type":"STRING","Value":"http"}},{"Key":"network.protocol.version","Value":{"Type":"STRING","Value":"1.1"}},{"Key":"server.address","Value":{"Type":"STRING","Value":"localhost"}},{"Key":"server.port","Value":{"Type":"INT64","Value":34400}},{"Key":"url.scheme","Value":{"Type":"STRING","Value":"http"}}],"StartTime":"2026-01-04T14:34:59.102583194Z","Time":"2026-01-04T14:35:59.098419674Z","Count":1,"Bounds":[0.005,0.01,0.025,0.05,0.075,0.1,0.25,0.5,0.75,1,2.5,5,7.5,10],"BucketCounts":[0,0,0,0,0,0,0,0,0,0,0,0,0,0,1],"Min":21.739216915,"Max":21.739216915,"Sum":21.739216915,"Exemplars":[{"FilteredAttributes":null,"Time":"2026-01-04T14:35:31.861752135Z","Value":21.739216915,"SpanID":"Nwr6MtDb/Fc=","TraceID":"CpjIicxYlR3l9gwLzcPjxw=="}]},{"Attributes":[{"Key":"http.request.method","Value":{"Type":"STRING","Value":"GET"}},{"Key":"http.response.status_code","Value":{"Type":"INT64","Value":200}},{"Key":"http.route","Value":{"Type":"STRING","Value":"/m3u/"}},{"Key":"network.protocol.name","Value":{"Type":"STRING","Value":"http"}},{"Key":"network.protocol.version","Value":{"Type":"STRING","Value":"1.1"}},{"Key":"server.address","Value":{"Type":"STRING","Value":"localhost"}},{"Key":"server.port","Value":{"Type":"INT64","Value":34400}},{"Key":"url.scheme","Value":{"Type":"STRING","Value":"http"}}],"StartTime":"2026-01-04T14:34:59.102583194Z","Time":"2026-01-04T14:35:59.098419674Z","Count":1,"Bounds":[0.005,0.01,0.025,0.05,0.075,0.1,0.25,0.5,0.75,1,2.5,5,7.5,10],"BucketCounts":[1,0,0,0,0,0,0,0,0,0,0,0,0,0,0],"Min":0.00023685400000000002,"Max":0.00023685400000000002,"Sum":0.00023685400000000002,"Exemplars":[{"FilteredAttributes":null,"Time":"2026-01-04T14:35:31.864822309Z","Value":0.00023685400000000002,"SpanID":"m6yD7iOFnx8=","TraceID":"/83ouML4Xszkl7t8aUBi/Q=="}]},{"Attributes":[{"Key":"http.request.method","Value":{"Type":"STRING","Value":"GET"}},{"Key":"http.response.status_code","Value":{"Type":"INT64","Value":302}},{"Key":"http.route","Value":{"Type":"STRING","Value":"/stream/"}},{"Key":"network.protocol.name","Value":{"Type":"STRING","Value":"http"}},{"Key":"network.protocol.version","Value":{"Type":"STRING","Value":"1.1"}},{"Key":"server.address","Value":{"Type":"STRING","Value":"localhost"}},{"Key":"server.port","Value":{"Type":"INT64","Value":34400}},{"Key":"url.scheme","Value":{"Type":"STRING","Value":"http"}}],"StartTime":"2026-01-04T14:34:59.102583194Z","Time":"2026-01-04T14:35:59.098419674Z","Count":1,"Bounds":[0.005,0.01,0.025,0.05,0.075,0.1,0.25,0.5,0.75,1,2.5,5,7.5,10],"BucketCounts":[1,0,0,0,0,0,0,0,0,0,0,0,0,0,0],"Min":0.000144399,"Max":0.000144399,"Sum":0.000144399,"Exemplars":[{"FilteredAttributes":null,"Time":"2026-01-04T14:35:31.865397535Z","Value":0.000144399,"SpanID":"tF2YpvVsqEY=","TraceID":"x3yzfVUChEfvR3VJfZcUBg=="}]},{"Attributes":[{"Key":"http.request.method","Value":{"Type":"STRING","Value":"GET"}},{"Key":"http.response.status_code","Value":{"Type":"INT64","Value":200}},{"Key":"http.route","Value":{"Type":"STRING","Value":"/web/"}},{"Key":"network.protocol.name","Value":{"Type":"STRING","Value":"http"}},{"Key":"network.protocol.version","Value":{"Type":"STRING","Value":"1.1"}},{"Key":"server.address","Value":{"Type":"STRING","Value":"localhost"}},{"Key":"server.port","Value":{"Type":"INT64","Value":34400}},{"Key":"url.scheme","Value":{"Type":"STRING","Value":"http"}}],"StartTime":"2026-01-04T14:34:59.102583194Z","Time":"2026-01-04T14:35:59.098419674Z","Count":1,"Bounds":[0.005,0.01,0.025,0.05,0.075,0.1,0.25,0.5,0.75,1,2.5,5,7.5,10],"BucketCounts":[1,0,0,0,0,0,0,0,0,0,0,0,0,0,0],"Min":0.0009576550000000001,"Max":0.0009576550000000001,"Sum":0.0009576550000000001,"Exemplars":[{"FilteredAttributes":null,"Time":"2026-01-04T14:35:00.091011746Z","Value":0.0009576550000000001,"SpanID":"RWLLeZXf39E=","TraceID":"vBFCVhx8Dsc91zE7v6tTBg=="}]}],"Temporality":"CumulativeTemporality"}}]}]}
{"Resource":[{"Key":"service.name","Value":{"Type":"STRING","Value":"unknown_service:xteve"}},{"Key":"telemetry.sdk.language","Value":{"Type":"STRING","Value":"go"}},{"Key":"telemetry.sdk.name","Value":{"Type":"STRING","Value":"opentelemetry"}},{"Key":"telemetry.sdk.version","Value":{"Type":"STRING","Value":"1.39.0"}}],"ScopeMetrics":[{"Scope":{"Name":"go.opentelemetry.io/contrib/instrumentation/net/http/otelhttp","Version":"0.64.0","SchemaURL":"","Attributes":null},"Metrics":[{"Name":"http.client.request.body.size","Description":"Size of HTTP client request bodies.","Unit":"By","Data":{"DataPoints":[{"Attributes":[{"Key":"http.request.method","Value":{"Type":"STRING","Value":"GET"}},{"Key":"http.response.status_code","Value":{"Type":"INT64","Value":200}},{"Key":"network.protocol.name","Value":{"Type":"STRING","Value":"http"}},{"Key":"network.protocol.version","Value":{"Type":"STRING","Value":"1.1"}},{"Key":"server.address","Value":{"Type":"STRING","Value":"localhost"}},{"Key":"server.port","Value":{"Type":"INT64","Value":8080}},{"Key":"url.scheme","Value":{"Type":"STRING","Value":"http"}}],"StartTime":"2026-01-04T14:34:59.09830608Z","Time":"2026-01-04T14:36:02.09938169Z","Count":3,"Bounds":[0,5,10,25,50,75,100,250,500,750,1000,2500,5000,7500,10000],"BucketCounts":[3,0,0,0,0,0,0,0,0,0,0,0,0,0,0,0],"Min":0,"Max":0,"Sum":0,"Exemplars":[{"FilteredAttributes":null,"Time":"2026-01-04T14:35:42.484780262Z","Value":0,"SpanID":"6UTVwTJx9vg=","TraceID":"3yZje7lRoBr5nYjVxs+bCQ=="}]},{"Attributes":[{"Key":"http.request.method","Value":{"Type":"STRING","Value":"HEAD"}},{"Key":"http.response.status_code","Value":{"Type":"INT64","Value":200}},{"Key":"http.route","Value":{"Type":"STRING","Value":"/dav/"}},{"Key":"network.protocol.name","Value":{"Type":"STRING","Value":"http"}},{"Key":"network.protocol.version","Value":{"Type":"STRING","Value":"1.1"}},{"Key":"server.address","Value":{"Type":"STRING","Value":"localhost"}},{"Key":"server.port","Value":{"Type":"INT64","Value":8080}},{"Key":"url.scheme","Value":{"Type":"STRING","Value":"http"}}],"StartTime":"2026-01-04T14:34:59.09830608Z","Time":"2026-01-04T14:36:02.09938169Z","Count":2,"Bounds":[0,5,10,25,50,75,100,250,500,750,1000,2500,5000,7500,10000],"BucketCounts":[2,0,0,0,0,0,0,0,0,0,0,0,0,0,0,0],"Min":0,"Max":0,"Sum":0,"Exemplars":[{"FilteredAttributes":null,"Time":"2026-01-04T14:35:42.483321626Z","Value":0,"SpanID":"s3uyrUQJGyg=","TraceID":"Qr4zt4f6IgbIA1Soof6OIg=="}]},{"Attributes":[{"Key":"http.request.method","Value":{"Type":"STRING","Value":"GET"}},{"Key":"http.response.status_code","Value":{"Type":"INT64","Value":200}},{"Key":"http.route","Value":{"Type":"STRING","Value":"/dav/"}},{"Key":"network.protocol.name","Value":{"Type":"STRING","Value":"http"}},{"Key":"network.protocol.version","Value":{"Type":"STRING","Value":"1.1"}},{"Key":"server.address","Value":{"Type":"STRING","Value":"localhost"}},{"Key":"server.port","Value":{"Type":"INT64","Value":8080}},{"Key":"url.scheme","Value":{"Type":"STRING","Value":"http"}}],"StartTime":"2026-01-04T14:34:59.09830608Z","Time":"2026-01-04T14:36:02.09938169Z","Count":2,"Bounds":[0,5,10,25,50,75,100,250,500,750,1000,2500,5000,7500,10000],"BucketCounts":[2,0,0,0,0,0,0,0,0,0,0,0,0,0,0,0],"Min":0,"Max":0,"Sum":0,"Exemplars":[{"FilteredAttributes":null,"Time":"2026-01-04T14:35:53.457168164Z","Value":0,"SpanID":"HsWbdPvJIzE=","TraceID":"bENSGG6t+1opGHBK0rxGGQ=="}]}],"Temporality":"CumulativeTemporality"}},{"Name":"http.client.request.duration","Description":"Duration of HTTP client requests.","Unit":"s","Data":{"DataPoints":[{"Attributes":[{"Key":"http.request.method","Value":{"Type":"STRING","Value":"GET"}},{"Key":"http.response.status_code","Value":{"Type":"INT64","Value":200}},{"Key":"network.protocol.name","Value":{"Type":"STRING","Value":"http"}},{"Key":"network.protocol.version","Value":{"Type":"STRING","Value":"1.1"}},{"Key":"server.address","Value":{"Type":"STRING","Value":"localhost"}},{"Key":"server.port","Value":{"Type":"INT64","Value":8080}},{"Key":"url.scheme","Value":{"Type":"STRING","Value":"http"}}],"StartTime":"2026-01-04T14:34:59.098321501Z","Time":"2026-01-04T14:36:02.099398645Z","Count":3,"Bounds":[0.005,0.01,0.025,0.05,0.075,0.1,0.25,0.5,0.75,1,2.5,5,7.5,10],"BucketCounts":[3,0,0,0,0,0,0,0,0,0,0,0,0,0,0],"Min":0.000366895,"Max":0.001567234,"Sum":0.003078852,"Exemplars":[{"FilteredAttributes":null,"Time":"2026-01-04T14:35:42.484783593Z","Value":0.000366895,"SpanID":"6UTVwTJx9vg=","TraceID":"3yZje7lRoBr5nYjVxs+bCQ=="}]},{"Attributes":[{"Key":"http.request.method","Value":{"Type":"STRING","Value":"HEAD"}},{"Key":"http.response.status_code","Value":{"Type":"INT64","Value":200}},{"Key":"http.route","Value":{"Type":"STRING","Value":"/dav/"}},{"Key":"network.protocol.name","Value":{"Type":"STRING","Value":"http"}},{"Key":"network.protocol.version","Value":{"Type":"STRING","Value":"1.1"}},{"Key":"server.address","Value":{"Type":"STRING","Value":"localhost"}},{"Key":"server.port","Value":{"Type":"INT64","Value":8080}},{"Key":"url.scheme","Value":{"Type":"STRING","Value":"http"}}],"StartTime":"2026-01-04T14:34:59.098321501Z","Time":"2026-01-04T14:36:02.099398645Z","Count":2,"Bounds":[0.005,0.01,0.025,0.05,0.075,0.1,0.25,0.5,0.75,1,2.5,5,7.5,10],"BucketCounts":[2,0,0,0,0,0,0,0,0,0,0,0,0,0,0],"Min":0.000370823,"Max":0.000534118,"Sum":0.000904941,"Exemplars":[{"FilteredAttributes":null,"Time":"2026-01-04T14:35:42.483325241Z","Value":0.000370823,"SpanID":"s3uyrUQJGyg=","TraceID":"Qr4zt4f6IgbIA1Soof6OIg=="}]},{"Attributes":[{"Key":"http.request.method","Value":{"Type":"STRING","Value":"GET"}},{"Key":"http.response.status_code","Value":{"Type":"INT64","Value":200}},{"Key":"http.route","Value":{"Type":"STRING","Value":"/dav/"}},{"Key":"network.protocol.name","Value":{"Type":"STRING","Value":"http"}},{"Key":"network.protocol.version","Value":{"Type":"STRING","Value":"1.1"}},{"Key":"server.address","Value":{"Type":"STRING","Value":"localhost"}},{"Key":"server.port","Value":{"Type":"INT64","Value":8080}},{"Key":"url.scheme","Value":{"Type":"STRING","Value":"http"}}],"StartTime":"2026-01-04T14:34:59.098321501Z","Time":"2026-01-04T14:36:02.099398645Z","Count":2,"Bounds":[0.005,0.01,0.025,0.05,0.075,0.1,0.25,0.5,0.75,1,2.5,5,7.5,10],"BucketCounts":[0,0,0,0,0,0,0,0,0,0,0,0,0,0,2],"Min":10.972918935,"Max":11.145195777000001,"Sum":22.118114712,"Exemplars":[{"FilteredAttributes":null,"Time":"2026-01-04T14:35:53.457172033Z","Value":10.972918935,"SpanID":"HsWbdPvJIzE=","TraceID":"bENSGG6t+1opGHBK0rxGGQ=="}]}],"Temporality":"CumulativeTemporality"}},{"Name":"http.server.request.body.size","Description":"Size of HTTP server request bodies.","Unit":"By","Data":{"DataPoints":[{"Attributes":[{"Key":"http.request.method","Value":{"Type":"STRING","Value":"GET"}},{"Key":"http.response.status_code","Value":{"Type":"INT64","Value":405}},{"Key":"http.route","Value":{"Type":"STRING","Value":"/dav/"}},{"Key":"network.protocol.name","Value":{"Type":"STRING","Value":"http"}},{"Key":"network.protocol.version","Value":{"Type":"STRING","Value":"1.1"}},{"Key":"server.address","Value":{"Type":"STRING","Value":"localhost"}},{"Key":"server.port","Value":{"Type":"INT64","Value":34400}},{"Key":"url.scheme","Value":{"Type":"STRING","Value":"http"}}],"StartTime":"2026-01-04T14:34:59.102560844Z","Time":"2026-01-04T14:36:02.099407875Z","Count":3,"Bounds":[0,5,10,25,50,75,100,250,500,750,1000,2500,5000,7500,10000],"BucketCounts":[3,0,0,0,0,0,0,0,0,0,0,0,0,0,0,0],"Min":0,"Max":0,"Sum":0,"Exemplars":[{"FilteredAttributes":null,"Time":"2026-01-04T14:35:42.482195783Z","Value":0,"SpanID":"+QC7PBABIA0=","TraceID":"gtDDVnkWkoJgzpRKGJ7hkw=="}]},{"Attributes":[{"Key":"http.request.method","Value":{"Type":"STRING","Value":"_OTHER"}},{"Key":"http.response.status_code","Value":{"Type":"INT64","Value":207}},{"Key":"http.route","Value":{"Type":"STRING","Value":"/dav/"}},{"Key":"network.protocol.name","Value":{"Type":"STRING","Value":"http"}},{"Key":"network.protocol.version","Value":{"Type":"STRING","Value":"1.1"}},{"Key":"server.address","Value":{"Type":"STRING","Value":"localhost"}},{"Key":"server.port","Value":{"Type":"INT64","Value":34400}},{"Key":"url.scheme","Value":{"Type":"STRING","Value":"http"}}],"StartTime":"2026-01-04T14:34:59.102560844Z","Time":"2026-01-04T14:36:02.099407875Z","Count":2,"Bounds":[0,5,10,25,50,75,100,250,500,750,1000,2500,5000,7500,10000],"BucketCounts":[2,0,0,0,0,0,0,0,0,0,0,0,0,0,0,0],"Min":0,"Max":0,"Sum":0,"Exemplars":[{"FilteredAttributes":null,"Time":"2026-01-04T14:35:42.483511111Z","Value":0,"SpanID":"+QZJmeUl/SI=","TraceID":"Qr4zt4f6IgbIA1Soof6OIg=="}]},{"Attributes":[{"Key":"http.request.method","Value":{"Type":"STRING","Value":"GET"}},{"Key":"http.response.status_code","Value":{"Type":"INT64","Value":200}},{"Key":"http.route","Value":{"Type":"STRING","Value":"/dav/"}},{"Key":"network.protocol.name","Value":{"Type":"STRING","Value":"http"}},{"Key":"network.protocol.version","Value":{"Type":"STRING","Value":"1.1"}},{"Key":"server.address","Value":{"Type":"STRING","Value":"localhost"}},{"Key":"server.port","Value":{"Type":"INT64","Value":34400}},{"Key":"url.scheme","Value":{"Type":"STRING","Value":"http"}}],"StartTime":"2026-01-04T14:34:59.102560844Z","Time":"2026-01-04T14:36:02.099407875Z","Count":1,"Bounds":[0,5,10,25,50,75,100,250,500,750,1000,2500,5000,7500,10000],"BucketCounts":[1,0,0,0,0,0,0,0,0,0,0,0,0,0,0,0],"Min":0,"Max":0,"Sum":0,"Exemplars":[{"FilteredAttributes":null,"Time":"2026-01-04T14:35:31.861728487Z","Value":0,"SpanID":"Nwr6MtDb/Fc=","TraceID":"CpjIicxYlR3l9gwLzcPjxw=="}]},{"Attributes":[{"Key":"http.request.method","Value":{"Type":"STRING","Value":"GET"}},{"Key":"http.response.status_code","Value":{"Type":"INT64","Value":200}},{"Key":"http.route","Value":{"Type":"STRING","Value":"/m3u/"}},{"Key":"network.protocol.name","Value":{"Type":"STRING","Value":"http"}},{"Key":"network.protocol.version","Value":{"Type":"STRING","Value":"1.1"}},{"Key":"server.address","Value":{"Type":"STRING","Value":"localhost"}},{"Key":"server.port","Value":{"Type":"INT64","Value":34400}},{"Key":"url.scheme","Value":{"Type":"STRING","Value":"http"}}],"StartTime":"2026-01-04T14:34:59.102560844Z","Time":"2026-01-04T14:36:02.099407875Z","Count":1,"Bounds":[0,5,10,25,50,75,100,250,500,750,1000,2500,5000,7500,10000],"BucketCounts":[1,0,0,0,0,0,0,0,0,0,0,0,0,0,0,0],"Min":0,"Max":0,"Sum":0,"Exemplars":[{"FilteredAttributes":null,"Time":"2026-01-04T14:35:31.864812353Z","Value":0,"SpanID":"m6yD7iOFnx8=","TraceID":"/83ouML4Xszkl7t8aUBi/Q=="}]},{"Attributes":[{"Key":"http.request.method","Value":{"Type":"STRING","Value":"GET"}},{"Key":"http.response.status_code","Value":{"Type":"INT64","Value":302}},{"Key":"http.route","Value":{"Type":"STRING","Value":"/stream/"}},{"Key":"network.protocol.name","Value":{"Type":"STRING","Value":"http"}},{"Key":"network.protocol.version","Value":{"Type":"STRING","Value":"1.1"}},{"Key":"server.address","Value":{"Type":"STRING","Value":"localhost"}},{"Key":"server.port","Value":{"Type":"INT64","Value":34400}},{"Key":"url.scheme","Value":{"Type":"STRING","Value":"http"}}],"StartTime":"2026-01-04T14:34:59.102560844Z","Time":"2026-01-04T14:36:02.099407875Z","Count":1,"Bounds":[0,5,10,25,50,75,100,250,500,750,1000,2500,5000,7500,10000],"BucketCounts":[1,0,0,0,0,0,0,0,0,0,0,0,0,0,0,0],"Min":0,"Max":0,"Sum":0,"Exemplars":[{"FilteredAttributes":null,"Time":"2026-01-04T14:35:31.865390801Z","Value":0,"SpanID":"tF2YpvVsqEY=","TraceID":"x3yzfVUChEfvR3VJfZcUBg=="}]},{"Attributes":[{"Key":"http.request.method","Value":{"Type":"STRING","Value":"GET"}},{"Key":"http.response.status_code","Value":{"Type":"INT64","Value":200}},{"Key":"http.route","Value":{"Type":"STRING","Value":"/web/"}},{"Key":"network.protocol.name","Value":{"Type":"STRING","Value":"http"}},{"Key":"network.protocol.version","Value":{"Type":"STRING","Value":"1.1"}},{"Key":"server.address","Value":{"Type":"STRING","Value":"localhost"}},{"Key":"server.port","Value":{"Type":"INT64","Value":34400}},{"Key":"url.scheme","Value":{"Type":"STRING","Value":"http"}}],"StartTime":"2026-01-04T14:34:59.102560844Z","Time":"2026-01-04T14:36:02.099407875Z","Count":1,"Bounds":[0,5,10,25,50,75,100,250,500,750,1000,2500,5000,7500,10000],"BucketCounts":[1,0,0,0,0,0,0,0,0,0,0,0,0,0,0,0],"Min":0,"Max":0,"Sum":0,"Exemplars":[{"FilteredAttributes":null,"Time":"2026-01-04T14:35:00.090999452Z","Value":0,"SpanID":"RWLLeZXf39E=","TraceID":"vBFCVhx8Dsc91zE7v6tTBg=="}]},{"Attributes":[{"Key":"http.request.method","Value":{"Type":"STRING","Value":"POST"}},{"Key":"http.response.status_code","Value":{"Type":"INT64","Value":200}},{"Key":"http.route","Value":{"Type":"STRING","Value":"/api/"}},{"Key":"network.protocol.name","Value":{"Type":"STRING","Value":"http"}},{"Key":"network.protocol.version","Value":{"Type":"STRING","Value":"1.1"}},{"Key":"server.address","Value":{"Type":"STRING","Value":"localhost"}},{"Key":"server.port","Value":{"Type":"INT64","Value":34400}},{"Key":"url.scheme","Value":{"Type":"STRING","Value":"http"}}],"StartTime":"2026-01-04T14:34:59.102560844Z","Time":"2026-01-04T14:36:02.099407875Z","Count":1,"Bounds":[0,5,10,25,50,75,100,250,500,750,1000,2500,5000,7500,10000],"BucketCounts":[0,0,0,0,0,1,0,0,0,0,0,0,0,0,0,0],"Min":55,"Max":55,"Sum":55,"Exemplars":[{"FilteredAttributes":null,"Time":"2026-01-04T14:35:00.100781751Z","Value":55,"SpanID":"/4WVA++HxYg=","TraceID":"Td9tVtLVTcz3+PK4egcHyw=="}]}],"Temporality":"CumulativeTemporality"}},{"Name":"http.server.response.body.size","Description":"Size of HTTP server response bodies.","Unit":"By","Data":{"DataPoints":[{"Attributes":[{"Key":"http.request.method","Value":{"Type":"STRING","Value":"GET"}},{"Key":"http.response.status_code","Value":{"Type":"INT64","Value":302}},{"Key":"http.route","Value":{"Type":"STRING","Value":"/stream/"}},{"Key":"network.protocol.name","Value":{"Type":"STRING","Value":"http"}},{"Key":"network.protocol.version","Value":{"Type":"STRING","Value":"1.1"}},{"Key":"server.address","Value":{"Type":"STRING","Value":"localhost"}},{"Key":"server.port","Value":{"Type":"INT64","Value":34400}},{"Key":"url.scheme","Value":{"Type":"STRING","Value":"http"}}],"StartTime":"2026-01-04T14:34:59.102574885Z","Time":"2026-01-04T14:36:02.099915598Z","Count":1,"Bounds":[0,5,10,25,50,75,100,250,500,750,1000,2500,5000,7500,10000],"BucketCounts":[0,0,0,0,0,1,0,0,0,0,0,0,0,0,0,0],"Min":62,"Max":62,"Sum":62,"Exemplars":[{"FilteredAttributes":null,"Time":"2026-01-04T14:35:31.865393981Z","Value":62,"SpanID":"tF2YpvVsqEY=","TraceID":"x3yzfVUChEfvR3VJfZcUBg=="}]},{"Attributes":[{"Key":"http.request.method","Value":{"Type":"STRING","Value":"GET"}},{"Key":"http.response.status_code","Value":{"Type":"INT64","Value":200}},{"Key":"http.route","Value":{"Type":"STRING","Value":"/web/"}},{"Key":"network.protocol.name","Value":{"Type":"STRING","Value":"http"}},{"Key":"network.protocol.version","Value":{"Type":"STRING","Value":"1.1"}},{"Key":"server.address","Value":{"Type":"STRING","Value":"localhost"}},{"Key":"server.port","Value":{"Type":"INT64","Value":34400}},{"Key":"url.scheme","Value":{"Type":"STRING","Value":"http"}}],"StartTime":"2026-01-04T14:34:59.102574885Z","Time":"2026-01-04T14:36:02.099915598Z","Count":1,"Bounds":[0,5,10,25,50,75,100,250,500,750,1000,2500,5000,7500,10000],"BucketCounts":[0,0,0,0,0,0,0,0,0,0,0,1,0,0,0,0],"Min":1920,"Max":1920,"Sum":1920,"Exemplars":[{"FilteredAttributes":null,"Time":"2026-01-04T14:35:00.091005829Z","Value":1920,"SpanID":"RWLLeZXf39E=","TraceID":"vBFCVhx8Dsc91zE7v6tTBg=="}]},{"Attributes":[{"Key":"http.request.method","Value":{"Type":"STRING","Value":"POST"}},{"Key":"http.response.status_code","Value":{"Type":"INT64","Value":200}},{"Key":"http.route","Value":{"Type":"STRING","Value":"/api/"}},{"Key":"network.protocol.name","Value":{"Type":"STRING","Value":"http"}},{"Key":"network.protocol.version","Value":{"Type":"STRING","Value":"1.1"}},{"Key":"server.address","Value":{"Type":"STRING","Value":"localhost"}},{"Key":"server.port","Value":{"Type":"INT64","Value":34400}},{"Key":"url.scheme","Value":{"Type":"STRING","Value":"http"}}],"StartTime":"2026-01-04T14:34:59.102574885Z","Time":"2026-01-04T14:36:02.099915598Z","Count":1,"Bounds":[0,5,10,25,50,75,100,250,500,750,1000,2500,5000,7500,10000],"BucketCounts":[0,0,0,0,0,0,0,0,1,0,0,0,0,0,0,0],"Min":374,"Max":374,"Sum":374,"Exemplars":[{"FilteredAttributes":null,"Time":"2026-01-04T14:35:00.100790609Z","Value":374,"SpanID":"/4WVA++HxYg=","TraceID":"Td9tVtLVTcz3+PK4egcHyw=="}]},{"Attributes":[{"Key":"http.request.method","Value":{"Type":"STRING","Value":"GET"}},{"Key":"http.response.status_code","Value":{"Type":"INT64","Value":405}},{"Key":"http.route","Value":{"Type":"STRING","Value":"/dav/"}},{"Key":"network.protocol.name","Value":{"Type":"STRING","Value":"http"}},{"Key":"network.protocol.version","Value":{"Type":"STRING","Value":"1.1"}},{"Key":"server.address","Value":{"Type":"STRING","Value":"localhost"}},{"Key":"server.port","Value":{"Type":"INT64","Value":34400}},{"Key":"url.scheme","Value":{"Type":"STRING","Value":"http"}}],"StartTime":"2026-01-04T14:34:59.102574885Z","Time":"2026-01-04T14:36:02.099915598Z","Count":3,"Bounds":[0,5,10,25,50,75,100,250,500,750,1000,2500,5000,7500,10000],"BucketCounts":[0,0,0,3,0,0,0,0,0,0,0,0,0,0,0,0],"Min":18,"Max":18,"Sum":54,"Exemplars":[{"FilteredAttributes":null,"Time":"2026-01-04T14:35:42.482198031Z","Value":18,"SpanID":"+QC7PBABIA0=","TraceID":"gtDDVnkWkoJgzpRKGJ7hkw=="}]},{"Attributes":[{"Key":"http.request.method","Value":{"Type":"STRING","Value":"_OTHER"}},{"Key":"http.response.status_code","Value":{"Type":"INT64","Value":207}},{"Key":"http.route","Value":{"Type":"STRING","Value":"/dav/"}},{"Key":"network.protocol.name","Value":{"Type":"STRING","Value":"http"}},{"Key":"network.protocol.version","Value":{"Type":"STRING","Value":"1.1"}},{"Key":"server.address","Value":{"Type":"STRING","Value":"localhost"}},{"Key":"server.port","Value":{"Type":"INT64","Value":34400}},{"Key":"url.scheme","Value":{"Type":"STRING","Value":"http"}}],"StartTime":"2026-01-04T14:34:59.102574885Z","Time":"2026-01-04T14:36:02.099915598Z","Count":2,"Bounds":[0,5,10,25,50,75,100,250,500,750,1000,2500,5000,7500,10000],"BucketCounts":[0,0,0,0,0,0,0,0,0,1,0,1,0,0,0,0],"Min":727,"Max":1318,"Sum":2045,"Exemplars":[{"FilteredAttributes":null,"Time":"2026-01-04T14:35:42.483512355Z","Value":727,"SpanID":"+QZJmeUl/SI=","TraceID":"Qr4zt4f6IgbIA1Soof6OIg=="},{"FilteredAttributes":null,"Time":"2026-01-04T14:35:10.12187007Z","Value":1318,"SpanID":"dnjXs0vBk2U=","TraceID":"34Vdj5jA5RpKfjWxilmd6w=="}]},{"Attributes":[{"Key":"http.request.method","Value":{"Type":"STRING","Value":"GET"}},{"Key":"http.response.status_code","Value":{"Type":"INT64","Value":200}},{"Key":"http.route","Value":{"Type":"STRING","Value":"/dav/"}},{"Key":"network.protocol.name","Value":{"Type":"STRING","Value":"http"}},{"Key":"network.protocol.version","Value":{"Type":"STRING","Value":"1.1"}},{"Key":"server.address","Value":{"Type":"STRING","Value":"localhost"}},{"Key":"server.port","Value":{"Type":"INT64","Value":34400}},{"Key":"url.scheme","Value":{"Type":"STRING","Value":"http"}}],"StartTime":"2026-01-04T14:34:59.102574885Z","Time":"2026-01-04T14:36:02.099915598Z","Count":1,"Bounds":[0,5,10,25,50,75,100,250,500,750,1000,2500,5000,7500,10000],"BucketCounts":[1,0,0,0,0,0,0,0,0,0,0,0,0,0,0,0],"Min":0,"Max":0,"Sum":0,"Exemplars":[{"FilteredAttributes":null,"Time":"2026-01-04T14:35:31.861745879Z","Value":0,"SpanID":"Nwr6MtDb/Fc=","TraceID":"CpjIicxYlR3l9gwLzcPjxw=="}]},{"Attributes":[{"Key":"http.request.method","Value":{"Type":"STRING","Value":"GET"}},{"Key":"http.response.status_code","Value":{"Type":"INT64","Value":200}},{"Key":"http.route","Value":{"Type":"STRING","Value":"/m3u/"}},{"Key":"network.protocol.name","Value":{"Type":"STRING","Value":"http"}},{"Key":"network.protocol.version","Value":{"Type":"STRING","Value":"1.1"}},{"Key":"server.address","Value":{"Type":"STRING","Value":"localhost"}},{"Key":"server.port","Value":{"Type":"INT64","Value":34400}},{"Key":"url.scheme","Value":{"Type":"STRING","Value":"http"}}],"StartTime":"2026-01-04T14:34:59.102574885Z","Time":"2026-01-04T14:36:02.099915598Z","Count":1,"Bounds":[0,5,10,25,50,75,100,250,500,750,1000,2500,5000,7500,10000],"BucketCounts":[0,0,0,0,0,0,0,0,0,0,0,1,0,0,0,0],"Min":1580,"Max":1580,"Sum":1580,"Exemplars":[{"FilteredAttributes":null,"Time":"2026-01-04T14:35:31.864818398Z","Value":1580,"SpanID":"m6yD7iOFnx8=","TraceID":"/83ouML4Xszkl7t8aUBi/Q=="}]}],"Temporality":"CumulativeTemporality"}},{"Name":"http.server.request.duration","Description":"Duration of HTTP server requests.","Unit":"s","Data":{"DataPoints":[{"Attributes":[{"Key":"http.request.method","Value":{"Type":"STRING","Value":"GET"}},{"Key":"http.response.status_code","Value":{"Type":"INT64","Value":405}},{"Key":"http.route","Value":{"Type":"STRING","Value":"/dav/"}},{"Key":"network.protocol.name","Value":{"Type":"STRING","Value":"http"}},{"Key":"network.protocol.version","Value":{"Type":"STRING","Value":"1.1"}},{"Key":"server.address","Value":{"Type":"STRING","Value":"localhost"}},{"Key":"server.port","Value":{"Type":"INT64","Value":34400}},{"Key":"url.scheme","Value":{"Type":"STRING","Value":"http"}}],"StartTime":"2026-01-04T14:34:59.102583194Z","Time":"2026-01-04T14:36:02.099944666Z","Count":3,"Bounds":[0.005,0.01,0.025,0.05,0.075,0.1,0.25,0.5,0.75,1,2.5,5,7.5,10],"BucketCounts":[3,0,0,0,0,0,0,0,0,0,0,0,0,0,0],"Min":0.000067941,"Max":0.000158283,"Sum":0.00032200400000000003,"Exemplars":[{"FilteredAttributes":null,"Time":"2026-01-04T14:35:42.482201046Z","Value":0.000067941,"SpanID":"+QC7PBABIA0=","TraceID":"gtDDVnkWkoJgzpRKGJ7hkw=="}]},{"Attributes":[{"Key":"http.request.method","Value":{"Type":"STRING","Value":"_OTHER"}},{"Key":"http.response.status_code","Value":{"Type":"INT64","Value":207}},{"Key":"http.route","Value":{"Type":"STRING","Value":"/dav/"}},{"Key":"network.protocol.name","Value":{"Type":"STRING","Value":"http"}},{"Key":"network.protocol.version","Value":{"Type":"STRING","Value":"1.1"}},{"Key":"server.address","Value":{"Type":"STRING","Value":"localhost"}},{"Key":"server.port","Value":{"Type":"INT64","Value":34400}},{"Key":"url.scheme","Value":{"Type":"STRING","Value":"http"}}],"StartTime":"2026-01-04T14:34:59.102583194Z","Time":"2026-01-04T14:36:02.099944666Z","Count":2,"Bounds":[0.005,0.01,0.025,0.05,0.075,0.1,0.25,0.5,0.75,1,2.5,5,7.5,10],"BucketCounts":[2,0,0,0,0,0,0,0,0,0,0,0,0,0,0],"Min":0.0007535920000000001,"Max":0.001155172,"Sum":0.0019087640000000003,"Exemplars":[{"FilteredAttributes":null,"Time":"2026-01-04T14:35:42.483514404Z","Value":0.0007535920000000001,"SpanID":"+QZJmeUl/SI=","TraceID":"Qr4zt4f6IgbIA1Soof6OIg=="}]},{"Attributes":[{"Key":"http.request.method","Value":{"Type":"STRING","Value":"GET"}},{"Key":"http.response.status_code","Value":{"Type":"INT64","Value":200}},{"Key":"http.route","Value":{"Type":"STRING","Value":"/dav/"}},{"Key":"network.protocol.name","Value":{"Type":"STRING","Value":"http"}},{"Key":"network.protocol.version","Value":{"Type":"STRING","Value":"1.1"}},{"Key":"server.address","Value":{"Type":"STRING","Value":"localhost"}},{"Key":"server.port","Value":{"Type":"INT64","Value":34400}},{"Key":"url.scheme","Value":{"Type":"STRING","Value":"http"}}],"StartTime":"2026-01-04T14:34:59.102583194Z","Time":"2026-01-04T14:36:02.099944666Z","Count":1,"Bounds":[0.005,0.01,0.025,0.05,0.075,0.1,0.25,0.5,0.75,1,2.5,5,7.5,10],"BucketCounts":[0,0,0,0,0,0,0,0,0,0,0,0,0,0,1],"Min":21.739216915,"Max":21.739216915,"Sum":21.739216915,"Exemplars":[{"FilteredAttributes":null,"Time":"2026-01-04T14:35:31.861752135Z","Value":21.739216915,"SpanID":"Nwr6MtDb/Fc=","TraceID":"CpjIicxYlR3l9gwLzcPjxw=="}]},{"Attributes":[{"Key":"http.request.method","Value":{"Type":"STRING","Value":"GET"}},{"Key":"http.response.status_code","Value":{"Type":"INT64","Value":200}},{"Key":"http.route","Value":{"Type":"STRING","Value":"/m3u/"}},{"Key":"network.protocol.name","Value":{"Type":"STRING","Value":"http"}},{"Key":"network.protocol.version","Value":{"Type":"STRING","Value":"1.1"}},{"Key":"server.address","Value":{"Type":"STRING","Value":"localhost"}},{"Key":"server.port","Value":{"Type":"INT64","Value":34400}},{"Key":"url.scheme","Value":{"Type":"STRING","Value":"http"}}],"StartTime":"2026-01-04T14:34:59.102583194Z","Time":"2026-01-04T14:36:02.099944666Z","Count":1,"Bounds":[0.005,0.01,0.025,0.05,0.075,0.1,0.25,0.5,0.75,1,2.5,5,7.5,10],"BucketCounts":[1,0,0,0,0,0,0,0,0,0,0,0,0,0,0],"Min":0.00023685400000000002,"Max":0.00023685400000000002,"Sum":0.00023685400000000002,"Exemplars":[{"FilteredAttributes":null,"Time":"2026-01-04T14:35:31.864822309Z","Value":0.00023685400000000002,"SpanID":"m6yD7iOFnx8=","TraceID":"/83ouML4Xszkl7t8aUBi/Q=="}]},{"Attributes":[{"Key":"http.request.method","Value":{"Type":"STRING","Value":"GET"}},{"Key":"http.response.status_code","Value":{"Type":"INT64","Value":302}},{"Key":"http.route","Value":{"Type":"STRING","Value":"/stream/"}},{"Key":"network.protocol.name","Value":{"Type":"STRING","Value":"http"}},{"Key":"network.protocol.version","Value":{"Type":"STRING","Value":"1.1"}},{"Key":"server.address","Value":{"Type":"STRING","Value":"localhost"}},{"Key":"server.port","Value":{"Type":"INT64","Value":34400}},{"Key":"url.scheme","Value":{"Type":"STRING","Value":"http"}}],"StartTime":"2026-01-04T14:34:59.102583194Z","Time":"2026-01-04T14:36:02.099944666Z","Count":1,"Bounds":[0.005,0.01,0.025,0.05,0.075,0.1,0.25,0.5,0.75,1,2.5,5,7.5,10],"BucketCounts":[1,0,0,0,0,0,0,0,0,0,0,0,0,0,0],"Min":0.000144399,"Max":0.000144399,"Sum":0.000144399,"Exemplars":[{"FilteredAttributes":null,"Time":"2026-01-04T14:35:31.865397535Z","Value":0.000144399,"SpanID":"tF2YpvVsqEY=","TraceID":"x3yzfVUChEfvR3VJfZcUBg=="}]},{"Attributes":[{"Key":"http.request.method","Value":{"Type":"STRING","Value":"GET"}},{"Key":"http.response.status_code","Value":{"Type":"INT64","Value":200}},{"Key":"http.route","Value":{"Type":"STRING","Value":"/web/"}},{"Key":"network.protocol.name","Value":{"Type":"STRING","Value":"http"}},{"Key":"network.protocol.version","Value":{"Type":"STRING","Value":"1.1"}},{"Key":"server.address","Value":{"Type":"STRING","Value":"localhost"}},{"Key":"server.port","Value":{"Type":"INT64","Value":34400}},{"Key":"url.scheme","Value":{"Type":"STRING","Value":"http"}}],"StartTime":"2026-01-04T14:34:59.102583194Z","Time":"2026-01-04T14:36:02.099944666Z","Count":1,"Bounds":[0.005,0.01,0.025,0.05,0.075,0.1,0.25,0.5,0.75,1,2.5,5,7.5,10],"BucketCounts":[1,0,0,0,0,0,0,0,0,0,0,0,0,0,0],"Min":0.0009576550000000001,"Max":0.0009576550000000001,"Sum":0.0009576550000000001,"Exemplars":[{"FilteredAttributes":null,"Time":"2026-01-04T14:35:00.091011746Z","Value":0.0009576550000000001,"SpanID":"RWLLeZXf39E=","TraceID":"vBFCVhx8Dsc91zE7v6tTBg=="}]},{"Attributes":[{"Key":"http.request.method","Value":{"Type":"STRING","Value":"POST"}},{"Key":"http.response.status_code","Value":{"Type":"INT64","Value":200}},{"Key":"http.route","Value":{"Type":"STRING","Value":"/api/"}},{"Key":"network.protocol.name","Value":{"Type":"STRING","Value":"http"}},{"Key":"network.protocol.version","Value":{"Type":"STRING","Value":"1.1"}},{"Key":"server.address","Value":{"Type":"STRING","Value":"localhost"}},{"Key":"server.port","Value":{"Type":"INT64","Value":34400}},{"Key":"url.scheme","Value":{"Type":"STRING","Value":"http"}}],"StartTime":"2026-01-04T14:34:59.102583194Z","Time":"2026-01-04T14:36:02.099944666Z","Count":1,"Bounds":[0.005,0.01,0.025,0.05,0.075,0.1,0.25,0.5,0.75,1,2.5,5,7.5,10],"BucketCounts":[1,0,0,0,0,0,0,0,0,0,0,0,0,0,0],"Min":0.000270237,"Max":0.000270237,"Sum":0.000270237,"Exemplars":[{"FilteredAttributes":null,"Time":"2026-01-04T14:35:00.100823751Z","Value":0.000270237,"SpanID":"/4WVA++HxYg=","TraceID":"Td9tVtLVTcz3+PK4egcHyw=="}]}],"Temporality":"CumulativeTemporality"}}]}]}

-----------------------------------------
Printing traces:
2026/01/04 14:37:04 E2E test failed: WebDAV no metadata test failed: failed to read file data: unexpected EOF
exit status 1
